Defaulting to user installation because normal site-packages is not writeable
Collecting pycuda
  Using cached pycuda-2025.1.tar.gz (1.7 MB)
  Installing build dependencies: started
  Installing build dependencies: finished with status 'done'
  Getting requirements to build wheel: started
  Getting requirements to build wheel: finished with status 'done'
  Preparing metadata (pyproject.toml): started
  Preparing metadata (pyproject.toml): finished with status 'done'
Collecting pytools>=2011.2 (from pycuda)
  Using cached pytools-2025.1.2-py3-none-any.whl.metadata (3.0 kB)
Collecting platformdirs>=2.2.0 (from pycuda)
  Using cached platformdirs-4.3.7-py3-none-any.whl.metadata (11 kB)
Requirement already satisfied: mako in /usr/lib/python3/dist-packages (from pycuda) (1.1.3)
Collecting typing-extensions>=4.5 (from pytools>=2011.2->pycuda)
  Using cached typing_extensions-4.13.0-py3-none-any.whl.metadata (3.0 kB)
Using cached platformdirs-4.3.7-py3-none-any.whl (18 kB)
Using cached pytools-2025.1.2-py3-none-any.whl (92 kB)
Using cached typing_extensions-4.13.0-py3-none-any.whl (45 kB)
Building wheels for collected packages: pycuda
  Building wheel for pycuda (pyproject.toml): started
  Building wheel for pycuda (pyproject.toml): still running...
  Building wheel for pycuda (pyproject.toml): finished with status 'error'
  error: subprocess-exited-with-error
  
  × Building wheel for pycuda (pyproject.toml) did not run successfully.
  │ exit code: 1
  ╰─> [9566 lines of output]
      ***************************************************************
      *** WARNING: nvcc not in path.
      *** May need to set CUDA_INC_DIR for installation to succeed.
      ***************************************************************
      *************************************************************
      *** I have detected that you have not run configure.py.
      *************************************************************
      *** Additionally, no global config files were found.
      *** I will go ahead with the default configuration.
      *** In all likelihood, this will not work out.
      ***
      *** See README_SETUP.txt for more information.
      ***
      *** If the build does fail, just re-run configure.py with the
      *** correct arguments, and then retry. Good luck!
      *************************************************************
      *** HIT Ctrl-C NOW IF THIS IS NOT WHAT YOU WANT
      *************************************************************
      Continuing in 10 seconds...
      Continuing in 9 seconds...
      Continuing in 8 seconds...
      Continuing in 7 seconds...
      Continuing in 6 seconds...
      Continuing in 5 seconds...
      Continuing in 4 seconds...
      Continuing in 3 seconds...
      Continuing in 2 seconds...
      Continuing in 1 seconds...
      /tmp/pip-build-env-fkcjx5ad/overlay/local/lib/python3.10/dist-packages/setuptools/_distutils/dist.py:289: UserWarning: Unknown distribution option: 'test_requires'
        warnings.warn(msg)
      /tmp/pip-build-env-fkcjx5ad/overlay/local/lib/python3.10/dist-packages/setuptools/dist.py:759: SetuptoolsDeprecationWarning: License classifiers are deprecated.
      !!
      
              ********************************************************************************
              Please consider removing the following classifiers in favor of a SPDX license expression:
      
              License :: OSI Approved :: MIT License
      
              See https://packaging.python.org/en/latest/guides/writing-pyproject-toml/#license for details.
              ********************************************************************************
      
      !!
        self._finalize_license_expression()
      
      running bdist_wheel
      running build
      running build_py
      creating build/lib.linux-aarch64-cpython-310/pycuda
      copying pycuda/_mymako.py -> build/lib.linux-aarch64-cpython-310/pycuda
      copying pycuda/curandom.py -> build/lib.linux-aarch64-cpython-310/pycuda
      copying pycuda/debug.py -> build/lib.linux-aarch64-cpython-310/pycuda
      copying pycuda/compiler.py -> build/lib.linux-aarch64-cpython-310/pycuda
      copying pycuda/characterize.py -> build/lib.linux-aarch64-cpython-310/pycuda
      copying pycuda/cumath.py -> build/lib.linux-aarch64-cpython-310/pycuda
      copying pycuda/reduction.py -> build/lib.linux-aarch64-cpython-310/pycuda
      copying pycuda/tools.py -> build/lib.linux-aarch64-cpython-310/pycuda
      copying pycuda/autoinit.py -> build/lib.linux-aarch64-cpython-310/pycuda
      copying pycuda/elementwise.py -> build/lib.linux-aarch64-cpython-310/pycuda
      copying pycuda/scan.py -> build/lib.linux-aarch64-cpython-310/pycuda
      copying pycuda/gpuarray.py -> build/lib.linux-aarch64-cpython-310/pycuda
      copying pycuda/_cluda.py -> build/lib.linux-aarch64-cpython-310/pycuda
      copying pycuda/driver.py -> build/lib.linux-aarch64-cpython-310/pycuda
      copying pycuda/autoprimaryctx.py -> build/lib.linux-aarch64-cpython-310/pycuda
      copying pycuda/__init__.py -> build/lib.linux-aarch64-cpython-310/pycuda
      creating build/lib.linux-aarch64-cpython-310/pycuda/gl
      copying pycuda/gl/autoinit.py -> build/lib.linux-aarch64-cpython-310/pycuda/gl
      copying pycuda/gl/__init__.py -> build/lib.linux-aarch64-cpython-310/pycuda/gl
      creating build/lib.linux-aarch64-cpython-310/pycuda/sparse
      copying pycuda/sparse/coordinate.py -> build/lib.linux-aarch64-cpython-310/pycuda/sparse
      copying pycuda/sparse/cg.py -> build/lib.linux-aarch64-cpython-310/pycuda/sparse
      copying pycuda/sparse/packeted.py -> build/lib.linux-aarch64-cpython-310/pycuda/sparse
      copying pycuda/sparse/operator.py -> build/lib.linux-aarch64-cpython-310/pycuda/sparse
      copying pycuda/sparse/pkt_build.py -> build/lib.linux-aarch64-cpython-310/pycuda/sparse
      copying pycuda/sparse/__init__.py -> build/lib.linux-aarch64-cpython-310/pycuda/sparse
      copying pycuda/sparse/inner.py -> build/lib.linux-aarch64-cpython-310/pycuda/sparse
      creating build/lib.linux-aarch64-cpython-310/pycuda/compyte
      copying pycuda/compyte/dtypes.py -> build/lib.linux-aarch64-cpython-310/pycuda/compyte
      copying pycuda/compyte/array.py -> build/lib.linux-aarch64-cpython-310/pycuda/compyte
      copying pycuda/compyte/__init__.py -> build/lib.linux-aarch64-cpython-310/pycuda/compyte
      running egg_info
      writing pycuda.egg-info/PKG-INFO
      writing dependency_links to pycuda.egg-info/dependency_links.txt
      writing requirements to pycuda.egg-info/requires.txt
      writing top-level names to pycuda.egg-info/top_level.txt
      reading manifest file 'pycuda.egg-info/SOURCES.txt'
      reading manifest template 'MANIFEST.in'
      warning: no files found matching 'doc/source/*.rst'
      warning: no files found matching 'doc/source/conf.py'
      warning: no files found matching 'doc/source/_static/*.css'
      warning: no files found matching 'doc/source/_templates/*.html'
      warning: no files found matching '*.cpp' under directory 'bpl-subset/bpl_subset/boost'
      warning: no files found matching '*.html' under directory 'bpl-subset/bpl_subset/boost'
      warning: no files found matching '*.inl' under directory 'bpl-subset/bpl_subset/boost'
      warning: no files found matching '*.txt' under directory 'bpl-subset/bpl_subset/boost'
      warning: no files found matching '*.h' under directory 'bpl-subset/bpl_subset/libs'
      warning: no files found matching '*.ipp' under directory 'bpl-subset/bpl_subset/libs'
      warning: no files found matching '*.pl' under directory 'bpl-subset/bpl_subset/libs'
      adding license file 'LICENSE'
      writing manifest file 'pycuda.egg-info/SOURCES.txt'
      /tmp/pip-build-env-fkcjx5ad/overlay/local/lib/python3.10/dist-packages/setuptools/command/build_py.py:212: _Warning: Package 'pycuda.cuda' is absent from the `packages` configuration.
      !!
      
              ********************************************************************************
              ############################
              # Package would be ignored #
              ############################
              Python recognizes 'pycuda.cuda' as an importable package[^1],
              but it is absent from setuptools' `packages` configuration.
      
              This leads to an ambiguous overall configuration. If you want to distribute this
              package, please make sure that 'pycuda.cuda' is explicitly added
              to the `packages` configuration field.
      
              Alternatively, you can also rely on setuptools' discovery methods
              (for example by using `find_namespace_packages(...)`/`find_namespace:`
              instead of `find_packages(...)`/`find:`).
      
              You can read more about "package discovery" on setuptools documentation page:
      
              - https://setuptools.pypa.io/en/latest/userguide/package_discovery.html
      
              If you don't want 'pycuda.cuda' to be distributed and are
              already explicitly excluding 'pycuda.cuda' via
              `find_namespace_packages(...)/find_namespace` or `find_packages(...)/find`,
              you can try to use `exclude_package_data`, or `include-package-data=False` in
              combination with a more fine grained `package-data` configuration.
      
              You can read more about "package data files" on setuptools documentation page:
      
              - https://setuptools.pypa.io/en/latest/userguide/datafiles.html
      
      
              [^1]: For Python, any directory (with suitable naming) can be imported,
                    even if it does not contain any `.py` files.
                    On the other hand, currently there is no concept of package data
                    directory, all directories are treated like packages.
              ********************************************************************************
      
      !!
        check.warn(importable)
      creating build/lib.linux-aarch64-cpython-310/pycuda/cuda
      copying pycuda/cuda/pycuda-complex-impl.hpp -> build/lib.linux-aarch64-cpython-310/pycuda/cuda
      copying pycuda/cuda/pycuda-complex.hpp -> build/lib.linux-aarch64-cpython-310/pycuda/cuda
      copying pycuda/cuda/pycuda-helpers.hpp -> build/lib.linux-aarch64-cpython-310/pycuda/cuda
      copying pycuda/sparse/pkt_build_cython.pyx -> build/lib.linux-aarch64-cpython-310/pycuda/sparse
      running build_ext
      building '_driver' extension
      creating build/temp.linux-aarch64-cpython-310/bpl-subset/bpl_subset/libs/python/src/converter
      creating build/temp.linux-aarch64-cpython-310/bpl-subset/bpl_subset/libs/python/src/object
      creating build/temp.linux-aarch64-cpython-310/bpl-subset/bpl_subset/libs/smart_ptr/src
      creating build/temp.linux-aarch64-cpython-310/bpl-subset/bpl_subset/libs/system/src
      creating build/temp.linux-aarch64-cpython-310/bpl-subset/bpl_subset/libs/thread/src/pthread
      creating build/temp.linux-aarch64-cpython-310/src/cpp
      creating build/temp.linux-aarch64-cpython-310/src/wrapper
      aarch64-linux-gnu-g++ -Wno-unused-result -Wsign-compare -fwrapv -Wall -O3 -DNDEBUG -fPIC -DBOOST_ALL_NO_LIB=1 -DBOOST_THREAD_BUILD_DLL=1 -DBOOST_MULTI_INDEX_DISABLE_SERIALIZATION=1 -DBOOST_PYTHON_SOURCE=1 -Dboost=pycudaboost -DBOOST_THREAD_DONT_USE_CHRONO=1 -DPYGPU_PACKAGE=pycuda -DPYGPU_PYCUDA=1 -DHAVE_CURAND=1 -Isrc/cpp -Ibpl-subset/bpl_subset -I/tmp/pip-build-env-fkcjx5ad/overlay/local/lib/python3.10/dist-packages/numpy/_core/include -I/usr/include/python3.10 -c bpl-subset/bpl_subset/libs/python/src/converter/arg_to_python_base.cpp -o build/temp.linux-aarch64-cpython-310/bpl-subset/bpl_subset/libs/python/src/converter/arg_to_python_base.o
      In file included from bpl-subset/bpl_subset/boost/python/handle.hpp:10,
                       from bpl-subset/bpl_subset/boost/python/converter/arg_to_python_base.hpp:7,
                       from bpl-subset/bpl_subset/libs/python/src/converter/arg_to_python_base.cpp:6:
      bpl-subset/bpl_subset/boost/python/cast.hpp: In function ‘void pycudaboost::python::detail::assert_castable(pycudaboost::type<Target>*)’:
      bpl-subset/bpl_subset/boost/python/cast.hpp:73:20: warning: typedef ‘must_be_a_complete_type’ locally defined but not used [-Wunused-local-typedefs]
         73 |       typedef char must_be_a_complete_type[sizeof(T)];
            |                    ^~~~~~~~~~~~~~~~~~~~~~~
      In file included from bpl-subset/bpl_subset/boost/bind/mem_fn.hpp:25,
                       from bpl-subset/bpl_subset/boost/mem_fn.hpp:22,
                       from bpl-subset/bpl_subset/boost/function/detail/prologue.hpp:18,
                       from bpl-subset/bpl_subset/boost/function/function_template.hpp:13,
                       from bpl-subset/bpl_subset/boost/function/detail/maybe_include.hpp:13,
                       from bpl-subset/bpl_subset/boost/function/function0.hpp:11,
                       from bpl-subset/bpl_subset/boost/python/errors.hpp:13,
                       from bpl-subset/bpl_subset/boost/python/handle.hpp:11,
                       from bpl-subset/bpl_subset/boost/python/converter/arg_to_python_base.hpp:7,
                       from bpl-subset/bpl_subset/libs/python/src/converter/arg_to_python_base.cpp:6:
      bpl-subset/bpl_subset/boost/get_pointer.hpp: At global scope:
      bpl-subset/bpl_subset/boost/get_pointer.hpp:25:40: warning: ‘template<class> class std::auto_ptr’ is deprecated: use 'std::unique_ptr' instead [-Wdeprecated-declarations]
         25 | template<class T> T * get_pointer(std::auto_ptr<T> const& p)
            |                                        ^~~~~~~~
      In file included from /usr/include/c++/11/memory:76,
                       from bpl-subset/bpl_subset/boost/function/function_base.hpp:16,
                       from bpl-subset/bpl_subset/boost/function/detail/prologue.hpp:17,
                       from bpl-subset/bpl_subset/boost/function/function_template.hpp:13,
                       from bpl-subset/bpl_subset/boost/function/detail/maybe_include.hpp:13,
                       from bpl-subset/bpl_subset/boost/function/function0.hpp:11,
                       from bpl-subset/bpl_subset/boost/python/errors.hpp:13,
                       from bpl-subset/bpl_subset/boost/python/handle.hpp:11,
                       from bpl-subset/bpl_subset/boost/python/converter/arg_to_python_base.hpp:7,
                       from bpl-subset/bpl_subset/libs/python/src/converter/arg_to_python_base.cpp:6:
      /usr/include/c++/11/bits/unique_ptr.h:57:28: note: declared here
         57 |   template<typename> class auto_ptr;
            |                            ^~~~~~~~
      aarch64-linux-gnu-g++ -Wno-unused-result -Wsign-compare -fwrapv -Wall -O3 -DNDEBUG -fPIC -DBOOST_ALL_NO_LIB=1 -DBOOST_THREAD_BUILD_DLL=1 -DBOOST_MULTI_INDEX_DISABLE_SERIALIZATION=1 -DBOOST_PYTHON_SOURCE=1 -Dboost=pycudaboost -DBOOST_THREAD_DONT_USE_CHRONO=1 -DPYGPU_PACKAGE=pycuda -DPYGPU_PYCUDA=1 -DHAVE_CURAND=1 -Isrc/cpp -Ibpl-subset/bpl_subset -I/tmp/pip-build-env-fkcjx5ad/overlay/local/lib/python3.10/dist-packages/numpy/_core/include -I/usr/include/python3.10 -c bpl-subset/bpl_subset/libs/python/src/converter/builtin_converters.cpp -o build/temp.linux-aarch64-cpython-310/bpl-subset/bpl_subset/libs/python/src/converter/builtin_converters.o
      In file included from bpl-subset/bpl_subset/boost/python/handle.hpp:10,
                       from bpl-subset/bpl_subset/libs/python/src/converter/builtin_converters.cpp:6:
      bpl-subset/bpl_subset/boost/python/cast.hpp: In function ‘void pycudaboost::python::detail::assert_castable(pycudaboost::type<Target>*)’:
      bpl-subset/bpl_subset/boost/python/cast.hpp:73:20: warning: typedef ‘must_be_a_complete_type’ locally defined but not used [-Wunused-local-typedefs]
         73 |       typedef char must_be_a_complete_type[sizeof(T)];
            |                    ^~~~~~~~~~~~~~~~~~~~~~~
      In file included from bpl-subset/bpl_subset/boost/bind/mem_fn.hpp:25,
                       from bpl-subset/bpl_subset/boost/mem_fn.hpp:22,
                       from bpl-subset/bpl_subset/boost/function/detail/prologue.hpp:18,
                       from bpl-subset/bpl_subset/boost/function/function_template.hpp:13,
                       from bpl-subset/bpl_subset/boost/function/detail/maybe_include.hpp:13,
                       from bpl-subset/bpl_subset/boost/function/function0.hpp:11,
                       from bpl-subset/bpl_subset/boost/python/errors.hpp:13,
                       from bpl-subset/bpl_subset/boost/python/handle.hpp:11,
                       from bpl-subset/bpl_subset/libs/python/src/converter/builtin_converters.cpp:6:
      bpl-subset/bpl_subset/boost/get_pointer.hpp: At global scope:
      bpl-subset/bpl_subset/boost/get_pointer.hpp:25:40: warning: ‘template<class> class std::auto_ptr’ is deprecated: use 'std::unique_ptr' instead [-Wdeprecated-declarations]
         25 | template<class T> T * get_pointer(std::auto_ptr<T> const& p)
            |                                        ^~~~~~~~
      In file included from /usr/include/c++/11/memory:76,
                       from bpl-subset/bpl_subset/boost/function/function_base.hpp:16,
                       from bpl-subset/bpl_subset/boost/function/detail/prologue.hpp:17,
                       from bpl-subset/bpl_subset/boost/function/function_template.hpp:13,
                       from bpl-subset/bpl_subset/boost/function/detail/maybe_include.hpp:13,
                       from bpl-subset/bpl_subset/boost/function/function0.hpp:11,
                       from bpl-subset/bpl_subset/boost/python/errors.hpp:13,
                       from bpl-subset/bpl_subset/boost/python/handle.hpp:11,
                       from bpl-subset/bpl_subset/libs/python/src/converter/builtin_converters.cpp:6:
      /usr/include/c++/11/bits/unique_ptr.h:57:28: note: declared here
         57 |   template<typename> class auto_ptr;
            |                            ^~~~~~~~
      aarch64-linux-gnu-g++ -Wno-unused-result -Wsign-compare -fwrapv -Wall -O3 -DNDEBUG -fPIC -DBOOST_ALL_NO_LIB=1 -DBOOST_THREAD_BUILD_DLL=1 -DBOOST_MULTI_INDEX_DISABLE_SERIALIZATION=1 -DBOOST_PYTHON_SOURCE=1 -Dboost=pycudaboost -DBOOST_THREAD_DONT_USE_CHRONO=1 -DPYGPU_PACKAGE=pycuda -DPYGPU_PYCUDA=1 -DHAVE_CURAND=1 -Isrc/cpp -Ibpl-subset/bpl_subset -I/tmp/pip-build-env-fkcjx5ad/overlay/local/lib/python3.10/dist-packages/numpy/_core/include -I/usr/include/python3.10 -c bpl-subset/bpl_subset/libs/python/src/converter/from_python.cpp -o build/temp.linux-aarch64-cpython-310/bpl-subset/bpl_subset/libs/python/src/converter/from_python.o
      In file included from bpl-subset/bpl_subset/boost/python/handle.hpp:10,
                       from bpl-subset/bpl_subset/libs/python/src/converter/from_python.cpp:12:
      bpl-subset/bpl_subset/boost/python/cast.hpp: In function ‘void pycudaboost::python::detail::assert_castable(pycudaboost::type<Target>*)’:
      bpl-subset/bpl_subset/boost/python/cast.hpp:73:20: warning: typedef ‘must_be_a_complete_type’ locally defined but not used [-Wunused-local-typedefs]
         73 |       typedef char must_be_a_complete_type[sizeof(T)];
            |                    ^~~~~~~~~~~~~~~~~~~~~~~
      In file included from bpl-subset/bpl_subset/boost/bind/mem_fn.hpp:25,
                       from bpl-subset/bpl_subset/boost/mem_fn.hpp:22,
                       from bpl-subset/bpl_subset/boost/function/detail/prologue.hpp:18,
                       from bpl-subset/bpl_subset/boost/function/function_template.hpp:13,
                       from bpl-subset/bpl_subset/boost/function/detail/maybe_include.hpp:13,
                       from bpl-subset/bpl_subset/boost/function/function0.hpp:11,
                       from bpl-subset/bpl_subset/boost/python/errors.hpp:13,
                       from bpl-subset/bpl_subset/boost/python/handle.hpp:11,
                       from bpl-subset/bpl_subset/libs/python/src/converter/from_python.cpp:12:
      bpl-subset/bpl_subset/boost/get_pointer.hpp: At global scope:
      bpl-subset/bpl_subset/boost/get_pointer.hpp:25:40: warning: ‘template<class> class std::auto_ptr’ is deprecated: use 'std::unique_ptr' instead [-Wdeprecated-declarations]
         25 | template<class T> T * get_pointer(std::auto_ptr<T> const& p)
            |                                        ^~~~~~~~
      In file included from /usr/include/c++/11/memory:76,
                       from bpl-subset/bpl_subset/boost/function/function_base.hpp:16,
                       from bpl-subset/bpl_subset/boost/function/detail/prologue.hpp:17,
                       from bpl-subset/bpl_subset/boost/function/function_template.hpp:13,
                       from bpl-subset/bpl_subset/boost/function/detail/maybe_include.hpp:13,
                       from bpl-subset/bpl_subset/boost/function/function0.hpp:11,
                       from bpl-subset/bpl_subset/boost/python/errors.hpp:13,
                       from bpl-subset/bpl_subset/boost/python/handle.hpp:11,
                       from bpl-subset/bpl_subset/libs/python/src/converter/from_python.cpp:12:
      /usr/include/c++/11/bits/unique_ptr.h:57:28: note: declared here
         57 |   template<typename> class auto_ptr;
            |                            ^~~~~~~~
      aarch64-linux-gnu-g++ -Wno-unused-result -Wsign-compare -fwrapv -Wall -O3 -DNDEBUG -fPIC -DBOOST_ALL_NO_LIB=1 -DBOOST_THREAD_BUILD_DLL=1 -DBOOST_MULTI_INDEX_DISABLE_SERIALIZATION=1 -DBOOST_PYTHON_SOURCE=1 -Dboost=pycudaboost -DBOOST_THREAD_DONT_USE_CHRONO=1 -DPYGPU_PACKAGE=pycuda -DPYGPU_PYCUDA=1 -DHAVE_CURAND=1 -Isrc/cpp -Ibpl-subset/bpl_subset -I/tmp/pip-build-env-fkcjx5ad/overlay/local/lib/python3.10/dist-packages/numpy/_core/include -I/usr/include/python3.10 -c bpl-subset/bpl_subset/libs/python/src/converter/registry.cpp -o build/temp.linux-aarch64-cpython-310/bpl-subset/bpl_subset/libs/python/src/converter/registry.o
      In file included from bpl-subset/bpl_subset/boost/python/handle.hpp:10,
                       from bpl-subset/bpl_subset/boost/python/converter/builtin_converters.hpp:9,
                       from bpl-subset/bpl_subset/libs/python/src/converter/registry.cpp:7:
      bpl-subset/bpl_subset/boost/python/cast.hpp: In function ‘void pycudaboost::python::detail::assert_castable(pycudaboost::type<Target>*)’:
      bpl-subset/bpl_subset/boost/python/cast.hpp:73:20: warning: typedef ‘must_be_a_complete_type’ locally defined but not used [-Wunused-local-typedefs]
         73 |       typedef char must_be_a_complete_type[sizeof(T)];
            |                    ^~~~~~~~~~~~~~~~~~~~~~~
      In file included from bpl-subset/bpl_subset/boost/bind/mem_fn.hpp:25,
                       from bpl-subset/bpl_subset/boost/mem_fn.hpp:22,
                       from bpl-subset/bpl_subset/boost/function/detail/prologue.hpp:18,
                       from bpl-subset/bpl_subset/boost/function/function_template.hpp:13,
                       from bpl-subset/bpl_subset/boost/function/detail/maybe_include.hpp:13,
                       from bpl-subset/bpl_subset/boost/function/function0.hpp:11,
                       from bpl-subset/bpl_subset/boost/python/errors.hpp:13,
                       from bpl-subset/bpl_subset/boost/python/handle.hpp:11,
                       from bpl-subset/bpl_subset/boost/python/converter/builtin_converters.hpp:9,
                       from bpl-subset/bpl_subset/libs/python/src/converter/registry.cpp:7:
      bpl-subset/bpl_subset/boost/get_pointer.hpp: At global scope:
      bpl-subset/bpl_subset/boost/get_pointer.hpp:25:40: warning: ‘template<class> class std::auto_ptr’ is deprecated: use 'std::unique_ptr' instead [-Wdeprecated-declarations]
         25 | template<class T> T * get_pointer(std::auto_ptr<T> const& p)
            |                                        ^~~~~~~~
      In file included from /usr/include/c++/11/memory:76,
                       from bpl-subset/bpl_subset/boost/function/function_base.hpp:16,
                       from bpl-subset/bpl_subset/boost/function/detail/prologue.hpp:17,
                       from bpl-subset/bpl_subset/boost/function/function_template.hpp:13,
                       from bpl-subset/bpl_subset/boost/function/detail/maybe_include.hpp:13,
                       from bpl-subset/bpl_subset/boost/function/function0.hpp:11,
                       from bpl-subset/bpl_subset/boost/python/errors.hpp:13,
                       from bpl-subset/bpl_subset/boost/python/handle.hpp:11,
                       from bpl-subset/bpl_subset/boost/python/converter/builtin_converters.hpp:9,
                       from bpl-subset/bpl_subset/libs/python/src/converter/registry.cpp:7:
      /usr/include/c++/11/bits/unique_ptr.h:57:28: note: declared here
         57 |   template<typename> class auto_ptr;
            |                            ^~~~~~~~
      aarch64-linux-gnu-g++ -Wno-unused-result -Wsign-compare -fwrapv -Wall -O3 -DNDEBUG -fPIC -DBOOST_ALL_NO_LIB=1 -DBOOST_THREAD_BUILD_DLL=1 -DBOOST_MULTI_INDEX_DISABLE_SERIALIZATION=1 -DBOOST_PYTHON_SOURCE=1 -Dboost=pycudaboost -DBOOST_THREAD_DONT_USE_CHRONO=1 -DPYGPU_PACKAGE=pycuda -DPYGPU_PYCUDA=1 -DHAVE_CURAND=1 -Isrc/cpp -Ibpl-subset/bpl_subset -I/tmp/pip-build-env-fkcjx5ad/overlay/local/lib/python3.10/dist-packages/numpy/_core/include -I/usr/include/python3.10 -c bpl-subset/bpl_subset/libs/python/src/converter/type_id.cpp -o build/temp.linux-aarch64-cpython-310/bpl-subset/bpl_subset/libs/python/src/converter/type_id.o
      aarch64-linux-gnu-g++ -Wno-unused-result -Wsign-compare -fwrapv -Wall -O3 -DNDEBUG -fPIC -DBOOST_ALL_NO_LIB=1 -DBOOST_THREAD_BUILD_DLL=1 -DBOOST_MULTI_INDEX_DISABLE_SERIALIZATION=1 -DBOOST_PYTHON_SOURCE=1 -Dboost=pycudaboost -DBOOST_THREAD_DONT_USE_CHRONO=1 -DPYGPU_PACKAGE=pycuda -DPYGPU_PYCUDA=1 -DHAVE_CURAND=1 -Isrc/cpp -Ibpl-subset/bpl_subset -I/tmp/pip-build-env-fkcjx5ad/overlay/local/lib/python3.10/dist-packages/numpy/_core/include -I/usr/include/python3.10 -c bpl-subset/bpl_subset/libs/python/src/dict.cpp -o build/temp.linux-aarch64-cpython-310/bpl-subset/bpl_subset/libs/python/src/dict.o
      In file included from bpl-subset/bpl_subset/boost/python/object/pointer_holder.hpp:11,
                       from bpl-subset/bpl_subset/boost/python/to_python_indirect.hpp:10,
                       from bpl-subset/bpl_subset/boost/python/converter/arg_to_python.hpp:10,
                       from bpl-subset/bpl_subset/boost/python/call.hpp:15,
                       from bpl-subset/bpl_subset/boost/python/object_core.hpp:14,
                       from bpl-subset/bpl_subset/boost/python/object.hpp:9,
                       from bpl-subset/bpl_subset/boost/python/dict.hpp:10,
                       from bpl-subset/bpl_subset/libs/python/src/dict.cpp:4:
      bpl-subset/bpl_subset/boost/get_pointer.hpp:25:40: warning: ‘template<class> class std::auto_ptr’ is deprecated: use 'std::unique_ptr' instead [-Wdeprecated-declarations]
         25 | template<class T> T * get_pointer(std::auto_ptr<T> const& p)
            |                                        ^~~~~~~~
      In file included from /usr/include/c++/11/memory:76,
                       from bpl-subset/bpl_subset/boost/config/no_tr1/memory.hpp:21,
                       from bpl-subset/bpl_subset/boost/get_pointer.hpp:12,
                       from bpl-subset/bpl_subset/boost/python/object/pointer_holder.hpp:11,
                       from bpl-subset/bpl_subset/boost/python/to_python_indirect.hpp:10,
                       from bpl-subset/bpl_subset/boost/python/converter/arg_to_python.hpp:10,
                       from bpl-subset/bpl_subset/boost/python/call.hpp:15,
                       from bpl-subset/bpl_subset/boost/python/object_core.hpp:14,
                       from bpl-subset/bpl_subset/boost/python/object.hpp:9,
                       from bpl-subset/bpl_subset/boost/python/dict.hpp:10,
                       from bpl-subset/bpl_subset/libs/python/src/dict.cpp:4:
      /usr/include/c++/11/bits/unique_ptr.h:57:28: note: declared here
         57 |   template<typename> class auto_ptr;
            |                            ^~~~~~~~
      In file included from bpl-subset/bpl_subset/boost/python/detail/is_xxx.hpp:8,
                       from bpl-subset/bpl_subset/boost/python/detail/is_auto_ptr.hpp:9,
                       from bpl-subset/bpl_subset/boost/python/detail/copy_ctor_mutates_rhs.hpp:8,
                       from bpl-subset/bpl_subset/boost/python/detail/value_arg.hpp:7,
                       from bpl-subset/bpl_subset/boost/python/object/forward.hpp:13,
                       from bpl-subset/bpl_subset/boost/python/object/pointer_holder.hpp:16,
                       from bpl-subset/bpl_subset/boost/python/to_python_indirect.hpp:10,
                       from bpl-subset/bpl_subset/boost/python/converter/arg_to_python.hpp:10,
                       from bpl-subset/bpl_subset/boost/python/call.hpp:15,
                       from bpl-subset/bpl_subset/boost/python/object_core.hpp:14,
                       from bpl-subset/bpl_subset/boost/python/object.hpp:9,
                       from bpl-subset/bpl_subset/boost/python/dict.hpp:10,
                       from bpl-subset/bpl_subset/libs/python/src/dict.cpp:4:
      bpl-subset/bpl_subset/boost/python/detail/is_auto_ptr.hpp:17:40: warning: ‘template<class> class std::auto_ptr’ is deprecated: use 'std::unique_ptr' instead [-Wdeprecated-declarations]
         17 | BOOST_PYTHON_IS_XXX_DEF(auto_ptr, std::auto_ptr, 1)
            |                                        ^~~~~~~~
      bpl-subset/bpl_subset/boost/detail/is_xxx.hpp:53:4: note: in definition of macro ‘BOOST_DETAIL_IS_XXX_DEF’
         53 |    qualified_name< BOOST_PP_ENUM_PARAMS_Z(1, nargs, T) >        \
            |    ^~~~~~~~~~~~~~
      bpl-subset/bpl_subset/boost/python/detail/is_auto_ptr.hpp:17:1: note: in expansion of macro ‘BOOST_PYTHON_IS_XXX_DEF’
         17 | BOOST_PYTHON_IS_XXX_DEF(auto_ptr, std::auto_ptr, 1)
            | ^~~~~~~~~~~~~~~~~~~~~~~
      In file included from /usr/include/c++/11/memory:76,
                       from bpl-subset/bpl_subset/boost/config/no_tr1/memory.hpp:21,
                       from bpl-subset/bpl_subset/boost/get_pointer.hpp:12,
                       from bpl-subset/bpl_subset/boost/python/object/pointer_holder.hpp:11,
                       from bpl-subset/bpl_subset/boost/python/to_python_indirect.hpp:10,
                       from bpl-subset/bpl_subset/boost/python/converter/arg_to_python.hpp:10,
                       from bpl-subset/bpl_subset/boost/python/call.hpp:15,
                       from bpl-subset/bpl_subset/boost/python/object_core.hpp:14,
                       from bpl-subset/bpl_subset/boost/python/object.hpp:9,
                       from bpl-subset/bpl_subset/boost/python/dict.hpp:10,
                       from bpl-subset/bpl_subset/libs/python/src/dict.cpp:4:
      /usr/include/c++/11/bits/unique_ptr.h:57:28: note: declared here
         57 |   template<typename> class auto_ptr;
            |                            ^~~~~~~~
      In file included from bpl-subset/bpl_subset/boost/mpl/aux_/na_assert.hpp:23,
                       from bpl-subset/bpl_subset/boost/mpl/arg.hpp:25,
                       from bpl-subset/bpl_subset/boost/mpl/placeholders.hpp:24,
                       from bpl-subset/bpl_subset/boost/mpl/apply.hpp:24,
                       from bpl-subset/bpl_subset/boost/python/object/pointer_holder.hpp:27,
                       from bpl-subset/bpl_subset/boost/python/to_python_indirect.hpp:10,
                       from bpl-subset/bpl_subset/boost/python/converter/arg_to_python.hpp:10,
                       from bpl-subset/bpl_subset/boost/python/call.hpp:15,
                       from bpl-subset/bpl_subset/boost/python/object_core.hpp:14,
                       from bpl-subset/bpl_subset/boost/python/object.hpp:9,
                       from bpl-subset/bpl_subset/boost/python/dict.hpp:10,
                       from bpl-subset/bpl_subset/libs/python/src/dict.cpp:4:
      bpl-subset/bpl_subset/boost/mpl/assert.hpp:154:21: warning: unnecessary parentheses in declaration of ‘assert_arg’ [-Wparentheses]
        154 | failed ************ (Pred::************
            |                     ^~~~~~~~~~~~~~~~~~~
        155 |       assert_arg( void (*)(Pred), typename assert_arg_pred<Pred>::type )
            |       ~~~~~~~~~~~~~~~~~~~~~~~~~~~~~~~~~~~~~~~~~~~~~~~~~~~~~~~~~~~~~~~~~~
        156 |     );
            |     ~
      bpl-subset/bpl_subset/boost/mpl/assert.hpp:154:21: note: remove parentheses
        154 | failed ************ (Pred::************
            |                     ^~~~~~~~~~~~~~~~~~~
            |                     -
        155 |       assert_arg( void (*)(Pred), typename assert_arg_pred<Pred>::type )
            |       ~~~~~~~~~~~~~~~~~~~~~~~~~~~~~~~~~~~~~~~~~~~~~~~~~~~~~~~~~~~~~~~~~~
        156 |     );
            |     ~
            |     -
      bpl-subset/bpl_subset/boost/mpl/assert.hpp:159:21: warning: unnecessary parentheses in declaration of ‘assert_not_arg’ [-Wparentheses]
        159 | failed ************ (boost::mpl::not_<Pred>::************
            |                     ^~~~~~~~~~~~~~~~~~~~~~~~~~~~~~~~~~~~~
        160 |       assert_not_arg( void (*)(Pred), typename assert_arg_pred_not<Pred>::type )
            |       ~~~~~~~~~~~~~~~~~~~~~~~~~~~~~~~~~~~~~~~~~~~~~~~~~~~~~~~~~~~~~~~~~~~~~~~~~~
        161 |     );
            |     ~
      bpl-subset/bpl_subset/boost/mpl/assert.hpp:159:21: note: remove parentheses
        159 | failed ************ (boost::mpl::not_<Pred>::************
            |                     ^~~~~~~~~~~~~~~~~~~~~~~~~~~~~~~~~~~~~
            |                     -
        160 |       assert_not_arg( void (*)(Pred), typename assert_arg_pred_not<Pred>::type )
            |       ~~~~~~~~~~~~~~~~~~~~~~~~~~~~~~~~~~~~~~~~~~~~~~~~~~~~~~~~~~~~~~~~~~~~~~~~~~
        161 |     );
            |     ~
            |     -
      In file included from bpl-subset/bpl_subset/boost/python/refcount.hpp:9,
                       from bpl-subset/bpl_subset/boost/python/to_python_indirect.hpp:19,
                       from bpl-subset/bpl_subset/boost/python/converter/arg_to_python.hpp:10,
                       from bpl-subset/bpl_subset/boost/python/call.hpp:15,
                       from bpl-subset/bpl_subset/boost/python/object_core.hpp:14,
                       from bpl-subset/bpl_subset/boost/python/object.hpp:9,
                       from bpl-subset/bpl_subset/boost/python/dict.hpp:10,
                       from bpl-subset/bpl_subset/libs/python/src/dict.cpp:4:
      bpl-subset/bpl_subset/boost/python/cast.hpp: In function ‘void pycudaboost::python::detail::assert_castable(pycudaboost::type<T>*)’:
      bpl-subset/bpl_subset/boost/python/cast.hpp:73:20: warning: typedef ‘must_be_a_complete_type’ locally defined but not used [-Wunused-local-typedefs]
         73 |       typedef char must_be_a_complete_type[sizeof(T)];
            |                    ^~~~~~~~~~~~~~~~~~~~~~~
      In file included from bpl-subset/bpl_subset/boost/python/converter/arg_to_python.hpp:10,
                       from bpl-subset/bpl_subset/boost/python/call.hpp:15,
                       from bpl-subset/bpl_subset/boost/python/object_core.hpp:14,
                       from bpl-subset/bpl_subset/boost/python/object.hpp:9,
                       from bpl-subset/bpl_subset/boost/python/dict.hpp:10,
                       from bpl-subset/bpl_subset/libs/python/src/dict.cpp:4:
      bpl-subset/bpl_subset/boost/python/to_python_indirect.hpp: In static member function ‘static PyObject* pycudaboost::python::detail::make_owning_holder::execute(T*)’:
      bpl-subset/bpl_subset/boost/python/to_python_indirect.hpp:90:24: warning: ‘template<class> class std::auto_ptr’ is deprecated: use 'std::unique_ptr' instead [-Wdeprecated-declarations]
         90 |           typedef std::auto_ptr<T> smart_pointer;
            |                        ^~~~~~~~
      In file included from /usr/include/c++/11/memory:76,
                       from bpl-subset/bpl_subset/boost/config/no_tr1/memory.hpp:21,
                       from bpl-subset/bpl_subset/boost/get_pointer.hpp:12,
                       from bpl-subset/bpl_subset/boost/python/object/pointer_holder.hpp:11,
                       from bpl-subset/bpl_subset/boost/python/to_python_indirect.hpp:10,
                       from bpl-subset/bpl_subset/boost/python/converter/arg_to_python.hpp:10,
                       from bpl-subset/bpl_subset/boost/python/call.hpp:15,
                       from bpl-subset/bpl_subset/boost/python/object_core.hpp:14,
                       from bpl-subset/bpl_subset/boost/python/object.hpp:9,
                       from bpl-subset/bpl_subset/boost/python/dict.hpp:10,
                       from bpl-subset/bpl_subset/libs/python/src/dict.cpp:4:
      /usr/include/c++/11/bits/unique_ptr.h:57:28: note: declared here
         57 |   template<typename> class auto_ptr;
            |                            ^~~~~~~~
      In file included from bpl-subset/bpl_subset/boost/smart_ptr/shared_ptr.hpp:32,
                       from bpl-subset/bpl_subset/boost/shared_ptr.hpp:17,
                       from bpl-subset/bpl_subset/boost/python/converter/shared_ptr_to_python.hpp:10,
                       from bpl-subset/bpl_subset/boost/python/converter/arg_to_python.hpp:15,
                       from bpl-subset/bpl_subset/boost/python/call.hpp:15,
                       from bpl-subset/bpl_subset/boost/python/object_core.hpp:14,
                       from bpl-subset/bpl_subset/boost/python/object.hpp:9,
                       from bpl-subset/bpl_subset/boost/python/dict.hpp:10,
                       from bpl-subset/bpl_subset/libs/python/src/dict.cpp:4:
      bpl-subset/bpl_subset/boost/smart_ptr/detail/shared_count.hpp: At global scope:
      bpl-subset/bpl_subset/boost/smart_ptr/detail/shared_count.hpp:284:33: warning: ‘template<class> class std::auto_ptr’ is deprecated: use 'std::unique_ptr' instead [-Wdeprecated-declarations]
        284 |     explicit shared_count( std::auto_ptr<Y> & r ): pi_( new sp_counted_impl_p<Y>( r.get() ) )
            |                                 ^~~~~~~~
      In file included from /usr/include/c++/11/memory:76,
                       from bpl-subset/bpl_subset/boost/config/no_tr1/memory.hpp:21,
                       from bpl-subset/bpl_subset/boost/get_pointer.hpp:12,
                       from bpl-subset/bpl_subset/boost/python/object/pointer_holder.hpp:11,
                       from bpl-subset/bpl_subset/boost/python/to_python_indirect.hpp:10,
                       from bpl-subset/bpl_subset/boost/python/converter/arg_to_python.hpp:10,
                       from bpl-subset/bpl_subset/boost/python/call.hpp:15,
                       from bpl-subset/bpl_subset/boost/python/object_core.hpp:14,
                       from bpl-subset/bpl_subset/boost/python/object.hpp:9,
                       from bpl-subset/bpl_subset/boost/python/dict.hpp:10,
                       from bpl-subset/bpl_subset/libs/python/src/dict.cpp:4:
      /usr/include/c++/11/bits/unique_ptr.h:57:28: note: declared here
         57 |   template<typename> class auto_ptr;
            |                            ^~~~~~~~
      In file included from bpl-subset/bpl_subset/boost/shared_ptr.hpp:17,
                       from bpl-subset/bpl_subset/boost/python/converter/shared_ptr_to_python.hpp:10,
                       from bpl-subset/bpl_subset/boost/python/converter/arg_to_python.hpp:15,
                       from bpl-subset/bpl_subset/boost/python/call.hpp:15,
                       from bpl-subset/bpl_subset/boost/python/object_core.hpp:14,
                       from bpl-subset/bpl_subset/boost/python/object.hpp:9,
                       from bpl-subset/bpl_subset/boost/python/dict.hpp:10,
                       from bpl-subset/bpl_subset/libs/python/src/dict.cpp:4:
      bpl-subset/bpl_subset/boost/smart_ptr/shared_ptr.hpp:146:65: warning: ‘template<class> class std::auto_ptr’ is deprecated: use 'std::unique_ptr' instead [-Wdeprecated-declarations]
        146 | template< class T, class R > struct sp_enable_if_auto_ptr< std::auto_ptr< T >, R >
            |                                                                 ^~~~~~~~
      In file included from /usr/include/c++/11/memory:76,
                       from bpl-subset/bpl_subset/boost/config/no_tr1/memory.hpp:21,
                       from bpl-subset/bpl_subset/boost/get_pointer.hpp:12,
                       from bpl-subset/bpl_subset/boost/python/object/pointer_holder.hpp:11,
                       from bpl-subset/bpl_subset/boost/python/to_python_indirect.hpp:10,
                       from bpl-subset/bpl_subset/boost/python/converter/arg_to_python.hpp:10,
                       from bpl-subset/bpl_subset/boost/python/call.hpp:15,
                       from bpl-subset/bpl_subset/boost/python/object_core.hpp:14,
                       from bpl-subset/bpl_subset/boost/python/object.hpp:9,
                       from bpl-subset/bpl_subset/boost/python/dict.hpp:10,
                       from bpl-subset/bpl_subset/libs/python/src/dict.cpp:4:
      /usr/include/c++/11/bits/unique_ptr.h:57:28: note: declared here
         57 |   template<typename> class auto_ptr;
            |                            ^~~~~~~~
      In file included from bpl-subset/bpl_subset/boost/shared_ptr.hpp:17,
                       from bpl-subset/bpl_subset/boost/python/converter/shared_ptr_to_python.hpp:10,
                       from bpl-subset/bpl_subset/boost/python/converter/arg_to_python.hpp:15,
                       from bpl-subset/bpl_subset/boost/python/call.hpp:15,
                       from bpl-subset/bpl_subset/boost/python/object_core.hpp:14,
                       from bpl-subset/bpl_subset/boost/python/object.hpp:9,
                       from bpl-subset/bpl_subset/boost/python/dict.hpp:10,
                       from bpl-subset/bpl_subset/libs/python/src/dict.cpp:4:
      bpl-subset/bpl_subset/boost/smart_ptr/shared_ptr.hpp:285:30: warning: ‘template<class> class std::auto_ptr’ is deprecated: use 'std::unique_ptr' instead [-Wdeprecated-declarations]
        285 |     explicit shared_ptr(std::auto_ptr<Y> & r): px(r.get()), pn()
            |                              ^~~~~~~~
      In file included from /usr/include/c++/11/memory:76,
                       from bpl-subset/bpl_subset/boost/config/no_tr1/memory.hpp:21,
                       from bpl-subset/bpl_subset/boost/get_pointer.hpp:12,
                       from bpl-subset/bpl_subset/boost/python/object/pointer_holder.hpp:11,
                       from bpl-subset/bpl_subset/boost/python/to_python_indirect.hpp:10,
                       from bpl-subset/bpl_subset/boost/python/converter/arg_to_python.hpp:10,
                       from bpl-subset/bpl_subset/boost/python/call.hpp:15,
                       from bpl-subset/bpl_subset/boost/python/object_core.hpp:14,
                       from bpl-subset/bpl_subset/boost/python/object.hpp:9,
                       from bpl-subset/bpl_subset/boost/python/dict.hpp:10,
                       from bpl-subset/bpl_subset/libs/python/src/dict.cpp:4:
      /usr/include/c++/11/bits/unique_ptr.h:57:28: note: declared here
         57 |   template<typename> class auto_ptr;
            |                            ^~~~~~~~
      In file included from bpl-subset/bpl_subset/boost/shared_ptr.hpp:17,
                       from bpl-subset/bpl_subset/boost/python/converter/shared_ptr_to_python.hpp:10,
                       from bpl-subset/bpl_subset/boost/python/converter/arg_to_python.hpp:15,
                       from bpl-subset/bpl_subset/boost/python/call.hpp:15,
                       from bpl-subset/bpl_subset/boost/python/object_core.hpp:14,
                       from bpl-subset/bpl_subset/boost/python/object.hpp:9,
                       from bpl-subset/bpl_subset/boost/python/dict.hpp:10,
                       from bpl-subset/bpl_subset/libs/python/src/dict.cpp:4:
      bpl-subset/bpl_subset/boost/smart_ptr/shared_ptr.hpp:329:34: warning: ‘template<class> class std::auto_ptr’ is deprecated: use 'std::unique_ptr' instead [-Wdeprecated-declarations]
        329 |     shared_ptr & operator=( std::auto_ptr<Y> & r )
            |                                  ^~~~~~~~
      In file included from /usr/include/c++/11/memory:76,
                       from bpl-subset/bpl_subset/boost/config/no_tr1/memory.hpp:21,
                       from bpl-subset/bpl_subset/boost/get_pointer.hpp:12,
                       from bpl-subset/bpl_subset/boost/python/object/pointer_holder.hpp:11,
                       from bpl-subset/bpl_subset/boost/python/to_python_indirect.hpp:10,
                       from bpl-subset/bpl_subset/boost/python/converter/arg_to_python.hpp:10,
                       from bpl-subset/bpl_subset/boost/python/call.hpp:15,
                       from bpl-subset/bpl_subset/boost/python/object_core.hpp:14,
                       from bpl-subset/bpl_subset/boost/python/object.hpp:9,
                       from bpl-subset/bpl_subset/boost/python/dict.hpp:10,
                       from bpl-subset/bpl_subset/libs/python/src/dict.cpp:4:
      /usr/include/c++/11/bits/unique_ptr.h:57:28: note: declared here
         57 |   template<typename> class auto_ptr;
            |                            ^~~~~~~~
      In file included from bpl-subset/bpl_subset/boost/python/detail/invoke.hpp:21,
                       from bpl-subset/bpl_subset/boost/python/detail/caller.hpp:16,
                       from bpl-subset/bpl_subset/boost/python/object/function_handle.hpp:8,
                       from bpl-subset/bpl_subset/boost/python/converter/arg_to_python.hpp:19,
                       from bpl-subset/bpl_subset/boost/python/call.hpp:15,
                       from bpl-subset/bpl_subset/boost/python/object_core.hpp:14,
                       from bpl-subset/bpl_subset/boost/python/object.hpp:9,
                       from bpl-subset/bpl_subset/boost/python/dict.hpp:10,
                       from bpl-subset/bpl_subset/libs/python/src/dict.cpp:4:
      bpl-subset/bpl_subset/boost/python/to_python_value.hpp: In member function ‘PyObject* pycudaboost::python::detail::registry_to_python_value<T>::operator()(pycudaboost::python::detail::registry_to_python_value<T>::argument_type) const’:
      bpl-subset/bpl_subset/boost/python/to_python_value.hpp:150:52: warning: typedef ‘r’ locally defined but not used [-Wunused-local-typedefs]
        150 |       typedef converter::registered<argument_type> r;
            |                                                    ^
      In file included from bpl-subset/bpl_subset/boost/python/object/function_handle.hpp:10,
                       from bpl-subset/bpl_subset/boost/python/converter/arg_to_python.hpp:19,
                       from bpl-subset/bpl_subset/boost/python/call.hpp:15,
                       from bpl-subset/bpl_subset/boost/python/object_core.hpp:14,
                       from bpl-subset/bpl_subset/boost/python/object.hpp:9,
                       from bpl-subset/bpl_subset/boost/python/dict.hpp:10,
                       from bpl-subset/bpl_subset/libs/python/src/dict.cpp:4:
      bpl-subset/bpl_subset/boost/python/object/py_function.hpp: At global scope:
      bpl-subset/bpl_subset/boost/python/object/py_function.hpp:167:18: warning: ‘template<class> class std::auto_ptr’ is deprecated: use 'std::unique_ptr' instead [-Wdeprecated-declarations]
        167 |     mutable std::auto_ptr<py_function_impl_base> m_impl;
            |                  ^~~~~~~~
      In file included from /usr/include/c++/11/memory:76,
                       from bpl-subset/bpl_subset/boost/config/no_tr1/memory.hpp:21,
                       from bpl-subset/bpl_subset/boost/get_pointer.hpp:12,
                       from bpl-subset/bpl_subset/boost/python/object/pointer_holder.hpp:11,
                       from bpl-subset/bpl_subset/boost/python/to_python_indirect.hpp:10,
                       from bpl-subset/bpl_subset/boost/python/converter/arg_to_python.hpp:10,
                       from bpl-subset/bpl_subset/boost/python/call.hpp:15,
                       from bpl-subset/bpl_subset/boost/python/object_core.hpp:14,
                       from bpl-subset/bpl_subset/boost/python/object.hpp:9,
                       from bpl-subset/bpl_subset/boost/python/dict.hpp:10,
                       from bpl-subset/bpl_subset/libs/python/src/dict.cpp:4:
      /usr/include/c++/11/bits/unique_ptr.h:57:28: note: declared here
         57 |   template<typename> class auto_ptr;
            |                            ^~~~~~~~
      aarch64-linux-gnu-g++ -Wno-unused-result -Wsign-compare -fwrapv -Wall -O3 -DNDEBUG -fPIC -DBOOST_ALL_NO_LIB=1 -DBOOST_THREAD_BUILD_DLL=1 -DBOOST_MULTI_INDEX_DISABLE_SERIALIZATION=1 -DBOOST_PYTHON_SOURCE=1 -Dboost=pycudaboost -DBOOST_THREAD_DONT_USE_CHRONO=1 -DPYGPU_PACKAGE=pycuda -DPYGPU_PYCUDA=1 -DHAVE_CURAND=1 -Isrc/cpp -Ibpl-subset/bpl_subset -I/tmp/pip-build-env-fkcjx5ad/overlay/local/lib/python3.10/dist-packages/numpy/_core/include -I/usr/include/python3.10 -c bpl-subset/bpl_subset/libs/python/src/errors.cpp -o build/temp.linux-aarch64-cpython-310/bpl-subset/bpl_subset/libs/python/src/errors.o
      In file included from bpl-subset/bpl_subset/boost/bind/mem_fn.hpp:25,
                       from bpl-subset/bpl_subset/boost/mem_fn.hpp:22,
                       from bpl-subset/bpl_subset/boost/function/detail/prologue.hpp:18,
                       from bpl-subset/bpl_subset/boost/function/function_template.hpp:13,
                       from bpl-subset/bpl_subset/boost/function/detail/maybe_include.hpp:13,
                       from bpl-subset/bpl_subset/boost/function/function0.hpp:11,
                       from bpl-subset/bpl_subset/boost/python/errors.hpp:13,
                       from bpl-subset/bpl_subset/libs/python/src/errors.cpp:10:
      bpl-subset/bpl_subset/boost/get_pointer.hpp:25:40: warning: ‘template<class> class std::auto_ptr’ is deprecated: use 'std::unique_ptr' instead [-Wdeprecated-declarations]
         25 | template<class T> T * get_pointer(std::auto_ptr<T> const& p)
            |                                        ^~~~~~~~
      In file included from /usr/include/c++/11/memory:76,
                       from bpl-subset/bpl_subset/boost/function/function_base.hpp:16,
                       from bpl-subset/bpl_subset/boost/function/detail/prologue.hpp:17,
                       from bpl-subset/bpl_subset/boost/function/function_template.hpp:13,
                       from bpl-subset/bpl_subset/boost/function/detail/maybe_include.hpp:13,
                       from bpl-subset/bpl_subset/boost/function/function0.hpp:11,
                       from bpl-subset/bpl_subset/boost/python/errors.hpp:13,
                       from bpl-subset/bpl_subset/libs/python/src/errors.cpp:10:
      /usr/include/c++/11/bits/unique_ptr.h:57:28: note: declared here
         57 |   template<typename> class auto_ptr;
            |                            ^~~~~~~~
      aarch64-linux-gnu-g++ -Wno-unused-result -Wsign-compare -fwrapv -Wall -O3 -DNDEBUG -fPIC -DBOOST_ALL_NO_LIB=1 -DBOOST_THREAD_BUILD_DLL=1 -DBOOST_MULTI_INDEX_DISABLE_SERIALIZATION=1 -DBOOST_PYTHON_SOURCE=1 -Dboost=pycudaboost -DBOOST_THREAD_DONT_USE_CHRONO=1 -DPYGPU_PACKAGE=pycuda -DPYGPU_PYCUDA=1 -DHAVE_CURAND=1 -Isrc/cpp -Ibpl-subset/bpl_subset -I/tmp/pip-build-env-fkcjx5ad/overlay/local/lib/python3.10/dist-packages/numpy/_core/include -I/usr/include/python3.10 -c bpl-subset/bpl_subset/libs/python/src/exec.cpp -o build/temp.linux-aarch64-cpython-310/bpl-subset/bpl_subset/libs/python/src/exec.o
      In file included from bpl-subset/bpl_subset/boost/python/object/pointer_holder.hpp:11,
                       from bpl-subset/bpl_subset/boost/python/to_python_indirect.hpp:10,
                       from bpl-subset/bpl_subset/boost/python/converter/arg_to_python.hpp:10,
                       from bpl-subset/bpl_subset/boost/python/call.hpp:15,
                       from bpl-subset/bpl_subset/boost/python/object_core.hpp:14,
                       from bpl-subset/bpl_subset/boost/python/object.hpp:9,
                       from bpl-subset/bpl_subset/boost/python/exec.hpp:8,
                       from bpl-subset/bpl_subset/libs/python/src/exec.cpp:6:
      bpl-subset/bpl_subset/boost/get_pointer.hpp:25:40: warning: ‘template<class> class std::auto_ptr’ is deprecated: use 'std::unique_ptr' instead [-Wdeprecated-declarations]
         25 | template<class T> T * get_pointer(std::auto_ptr<T> const& p)
            |                                        ^~~~~~~~
      In file included from /usr/include/c++/11/memory:76,
                       from bpl-subset/bpl_subset/boost/config/no_tr1/memory.hpp:21,
                       from bpl-subset/bpl_subset/boost/get_pointer.hpp:12,
                       from bpl-subset/bpl_subset/boost/python/object/pointer_holder.hpp:11,
                       from bpl-subset/bpl_subset/boost/python/to_python_indirect.hpp:10,
                       from bpl-subset/bpl_subset/boost/python/converter/arg_to_python.hpp:10,
                       from bpl-subset/bpl_subset/boost/python/call.hpp:15,
                       from bpl-subset/bpl_subset/boost/python/object_core.hpp:14,
                       from bpl-subset/bpl_subset/boost/python/object.hpp:9,
                       from bpl-subset/bpl_subset/boost/python/exec.hpp:8,
                       from bpl-subset/bpl_subset/libs/python/src/exec.cpp:6:
      /usr/include/c++/11/bits/unique_ptr.h:57:28: note: declared here
         57 |   template<typename> class auto_ptr;
            |                            ^~~~~~~~
      In file included from bpl-subset/bpl_subset/boost/python/detail/is_xxx.hpp:8,
                       from bpl-subset/bpl_subset/boost/python/detail/is_auto_ptr.hpp:9,
                       from bpl-subset/bpl_subset/boost/python/detail/copy_ctor_mutates_rhs.hpp:8,
                       from bpl-subset/bpl_subset/boost/python/detail/value_arg.hpp:7,
                       from bpl-subset/bpl_subset/boost/python/object/forward.hpp:13,
                       from bpl-subset/bpl_subset/boost/python/object/pointer_holder.hpp:16,
                       from bpl-subset/bpl_subset/boost/python/to_python_indirect.hpp:10,
                       from bpl-subset/bpl_subset/boost/python/converter/arg_to_python.hpp:10,
                       from bpl-subset/bpl_subset/boost/python/call.hpp:15,
                       from bpl-subset/bpl_subset/boost/python/object_core.hpp:14,
                       from bpl-subset/bpl_subset/boost/python/object.hpp:9,
                       from bpl-subset/bpl_subset/boost/python/exec.hpp:8,
                       from bpl-subset/bpl_subset/libs/python/src/exec.cpp:6:
      bpl-subset/bpl_subset/boost/python/detail/is_auto_ptr.hpp:17:40: warning: ‘template<class> class std::auto_ptr’ is deprecated: use 'std::unique_ptr' instead [-Wdeprecated-declarations]
         17 | BOOST_PYTHON_IS_XXX_DEF(auto_ptr, std::auto_ptr, 1)
            |                                        ^~~~~~~~
      bpl-subset/bpl_subset/boost/detail/is_xxx.hpp:53:4: note: in definition of macro ‘BOOST_DETAIL_IS_XXX_DEF’
         53 |    qualified_name< BOOST_PP_ENUM_PARAMS_Z(1, nargs, T) >        \
            |    ^~~~~~~~~~~~~~
      bpl-subset/bpl_subset/boost/python/detail/is_auto_ptr.hpp:17:1: note: in expansion of macro ‘BOOST_PYTHON_IS_XXX_DEF’
         17 | BOOST_PYTHON_IS_XXX_DEF(auto_ptr, std::auto_ptr, 1)
            | ^~~~~~~~~~~~~~~~~~~~~~~
      In file included from /usr/include/c++/11/memory:76,
                       from bpl-subset/bpl_subset/boost/config/no_tr1/memory.hpp:21,
                       from bpl-subset/bpl_subset/boost/get_pointer.hpp:12,
                       from bpl-subset/bpl_subset/boost/python/object/pointer_holder.hpp:11,
                       from bpl-subset/bpl_subset/boost/python/to_python_indirect.hpp:10,
                       from bpl-subset/bpl_subset/boost/python/converter/arg_to_python.hpp:10,
                       from bpl-subset/bpl_subset/boost/python/call.hpp:15,
                       from bpl-subset/bpl_subset/boost/python/object_core.hpp:14,
                       from bpl-subset/bpl_subset/boost/python/object.hpp:9,
                       from bpl-subset/bpl_subset/boost/python/exec.hpp:8,
                       from bpl-subset/bpl_subset/libs/python/src/exec.cpp:6:
      /usr/include/c++/11/bits/unique_ptr.h:57:28: note: declared here
         57 |   template<typename> class auto_ptr;
            |                            ^~~~~~~~
      In file included from bpl-subset/bpl_subset/boost/mpl/aux_/na_assert.hpp:23,
                       from bpl-subset/bpl_subset/boost/mpl/arg.hpp:25,
                       from bpl-subset/bpl_subset/boost/mpl/placeholders.hpp:24,
                       from bpl-subset/bpl_subset/boost/mpl/apply.hpp:24,
                       from bpl-subset/bpl_subset/boost/python/object/pointer_holder.hpp:27,
                       from bpl-subset/bpl_subset/boost/python/to_python_indirect.hpp:10,
                       from bpl-subset/bpl_subset/boost/python/converter/arg_to_python.hpp:10,
                       from bpl-subset/bpl_subset/boost/python/call.hpp:15,
                       from bpl-subset/bpl_subset/boost/python/object_core.hpp:14,
                       from bpl-subset/bpl_subset/boost/python/object.hpp:9,
                       from bpl-subset/bpl_subset/boost/python/exec.hpp:8,
                       from bpl-subset/bpl_subset/libs/python/src/exec.cpp:6:
      bpl-subset/bpl_subset/boost/mpl/assert.hpp:154:21: warning: unnecessary parentheses in declaration of ‘assert_arg’ [-Wparentheses]
        154 | failed ************ (Pred::************
            |                     ^~~~~~~~~~~~~~~~~~~
        155 |       assert_arg( void (*)(Pred), typename assert_arg_pred<Pred>::type )
            |       ~~~~~~~~~~~~~~~~~~~~~~~~~~~~~~~~~~~~~~~~~~~~~~~~~~~~~~~~~~~~~~~~~~
        156 |     );
            |     ~
      bpl-subset/bpl_subset/boost/mpl/assert.hpp:154:21: note: remove parentheses
        154 | failed ************ (Pred::************
            |                     ^~~~~~~~~~~~~~~~~~~
            |                     -
        155 |       assert_arg( void (*)(Pred), typename assert_arg_pred<Pred>::type )
            |       ~~~~~~~~~~~~~~~~~~~~~~~~~~~~~~~~~~~~~~~~~~~~~~~~~~~~~~~~~~~~~~~~~~
        156 |     );
            |     ~
            |     -
      bpl-subset/bpl_subset/boost/mpl/assert.hpp:159:21: warning: unnecessary parentheses in declaration of ‘assert_not_arg’ [-Wparentheses]
        159 | failed ************ (boost::mpl::not_<Pred>::************
            |                     ^~~~~~~~~~~~~~~~~~~~~~~~~~~~~~~~~~~~~
        160 |       assert_not_arg( void (*)(Pred), typename assert_arg_pred_not<Pred>::type )
            |       ~~~~~~~~~~~~~~~~~~~~~~~~~~~~~~~~~~~~~~~~~~~~~~~~~~~~~~~~~~~~~~~~~~~~~~~~~~
        161 |     );
            |     ~
      bpl-subset/bpl_subset/boost/mpl/assert.hpp:159:21: note: remove parentheses
        159 | failed ************ (boost::mpl::not_<Pred>::************
            |                     ^~~~~~~~~~~~~~~~~~~~~~~~~~~~~~~~~~~~~
            |                     -
        160 |       assert_not_arg( void (*)(Pred), typename assert_arg_pred_not<Pred>::type )
            |       ~~~~~~~~~~~~~~~~~~~~~~~~~~~~~~~~~~~~~~~~~~~~~~~~~~~~~~~~~~~~~~~~~~~~~~~~~~
        161 |     );
            |     ~
            |     -
      In file included from bpl-subset/bpl_subset/boost/python/refcount.hpp:9,
                       from bpl-subset/bpl_subset/boost/python/to_python_indirect.hpp:19,
                       from bpl-subset/bpl_subset/boost/python/converter/arg_to_python.hpp:10,
                       from bpl-subset/bpl_subset/boost/python/call.hpp:15,
                       from bpl-subset/bpl_subset/boost/python/object_core.hpp:14,
                       from bpl-subset/bpl_subset/boost/python/object.hpp:9,
                       from bpl-subset/bpl_subset/boost/python/exec.hpp:8,
                       from bpl-subset/bpl_subset/libs/python/src/exec.cpp:6:
      bpl-subset/bpl_subset/boost/python/cast.hpp: In function ‘void pycudaboost::python::detail::assert_castable(pycudaboost::type<T>*)’:
      bpl-subset/bpl_subset/boost/python/cast.hpp:73:20: warning: typedef ‘must_be_a_complete_type’ locally defined but not used [-Wunused-local-typedefs]
         73 |       typedef char must_be_a_complete_type[sizeof(T)];
            |                    ^~~~~~~~~~~~~~~~~~~~~~~
      In file included from bpl-subset/bpl_subset/boost/python/converter/arg_to_python.hpp:10,
                       from bpl-subset/bpl_subset/boost/python/call.hpp:15,
                       from bpl-subset/bpl_subset/boost/python/object_core.hpp:14,
                       from bpl-subset/bpl_subset/boost/python/object.hpp:9,
                       from bpl-subset/bpl_subset/boost/python/exec.hpp:8,
                       from bpl-subset/bpl_subset/libs/python/src/exec.cpp:6:
      bpl-subset/bpl_subset/boost/python/to_python_indirect.hpp: In static member function ‘static PyObject* pycudaboost::python::detail::make_owning_holder::execute(T*)’:
      bpl-subset/bpl_subset/boost/python/to_python_indirect.hpp:90:24: warning: ‘template<class> class std::auto_ptr’ is deprecated: use 'std::unique_ptr' instead [-Wdeprecated-declarations]
         90 |           typedef std::auto_ptr<T> smart_pointer;
            |                        ^~~~~~~~
      In file included from /usr/include/c++/11/memory:76,
                       from bpl-subset/bpl_subset/boost/config/no_tr1/memory.hpp:21,
                       from bpl-subset/bpl_subset/boost/get_pointer.hpp:12,
                       from bpl-subset/bpl_subset/boost/python/object/pointer_holder.hpp:11,
                       from bpl-subset/bpl_subset/boost/python/to_python_indirect.hpp:10,
                       from bpl-subset/bpl_subset/boost/python/converter/arg_to_python.hpp:10,
                       from bpl-subset/bpl_subset/boost/python/call.hpp:15,
                       from bpl-subset/bpl_subset/boost/python/object_core.hpp:14,
                       from bpl-subset/bpl_subset/boost/python/object.hpp:9,
                       from bpl-subset/bpl_subset/boost/python/exec.hpp:8,
                       from bpl-subset/bpl_subset/libs/python/src/exec.cpp:6:
      /usr/include/c++/11/bits/unique_ptr.h:57:28: note: declared here
         57 |   template<typename> class auto_ptr;
            |                            ^~~~~~~~
      In file included from bpl-subset/bpl_subset/boost/smart_ptr/shared_ptr.hpp:32,
                       from bpl-subset/bpl_subset/boost/shared_ptr.hpp:17,
                       from bpl-subset/bpl_subset/boost/python/converter/shared_ptr_to_python.hpp:10,
                       from bpl-subset/bpl_subset/boost/python/converter/arg_to_python.hpp:15,
                       from bpl-subset/bpl_subset/boost/python/call.hpp:15,
                       from bpl-subset/bpl_subset/boost/python/object_core.hpp:14,
                       from bpl-subset/bpl_subset/boost/python/object.hpp:9,
                       from bpl-subset/bpl_subset/boost/python/exec.hpp:8,
                       from bpl-subset/bpl_subset/libs/python/src/exec.cpp:6:
      bpl-subset/bpl_subset/boost/smart_ptr/detail/shared_count.hpp: At global scope:
      bpl-subset/bpl_subset/boost/smart_ptr/detail/shared_count.hpp:284:33: warning: ‘template<class> class std::auto_ptr’ is deprecated: use 'std::unique_ptr' instead [-Wdeprecated-declarations]
        284 |     explicit shared_count( std::auto_ptr<Y> & r ): pi_( new sp_counted_impl_p<Y>( r.get() ) )
            |                                 ^~~~~~~~
      In file included from /usr/include/c++/11/memory:76,
                       from bpl-subset/bpl_subset/boost/config/no_tr1/memory.hpp:21,
                       from bpl-subset/bpl_subset/boost/get_pointer.hpp:12,
                       from bpl-subset/bpl_subset/boost/python/object/pointer_holder.hpp:11,
                       from bpl-subset/bpl_subset/boost/python/to_python_indirect.hpp:10,
                       from bpl-subset/bpl_subset/boost/python/converter/arg_to_python.hpp:10,
                       from bpl-subset/bpl_subset/boost/python/call.hpp:15,
                       from bpl-subset/bpl_subset/boost/python/object_core.hpp:14,
                       from bpl-subset/bpl_subset/boost/python/object.hpp:9,
                       from bpl-subset/bpl_subset/boost/python/exec.hpp:8,
                       from bpl-subset/bpl_subset/libs/python/src/exec.cpp:6:
      /usr/include/c++/11/bits/unique_ptr.h:57:28: note: declared here
         57 |   template<typename> class auto_ptr;
            |                            ^~~~~~~~
      In file included from bpl-subset/bpl_subset/boost/shared_ptr.hpp:17,
                       from bpl-subset/bpl_subset/boost/python/converter/shared_ptr_to_python.hpp:10,
                       from bpl-subset/bpl_subset/boost/python/converter/arg_to_python.hpp:15,
                       from bpl-subset/bpl_subset/boost/python/call.hpp:15,
                       from bpl-subset/bpl_subset/boost/python/object_core.hpp:14,
                       from bpl-subset/bpl_subset/boost/python/object.hpp:9,
                       from bpl-subset/bpl_subset/boost/python/exec.hpp:8,
                       from bpl-subset/bpl_subset/libs/python/src/exec.cpp:6:
      bpl-subset/bpl_subset/boost/smart_ptr/shared_ptr.hpp:146:65: warning: ‘template<class> class std::auto_ptr’ is deprecated: use 'std::unique_ptr' instead [-Wdeprecated-declarations]
        146 | template< class T, class R > struct sp_enable_if_auto_ptr< std::auto_ptr< T >, R >
            |                                                                 ^~~~~~~~
      In file included from /usr/include/c++/11/memory:76,
                       from bpl-subset/bpl_subset/boost/config/no_tr1/memory.hpp:21,
                       from bpl-subset/bpl_subset/boost/get_pointer.hpp:12,
                       from bpl-subset/bpl_subset/boost/python/object/pointer_holder.hpp:11,
                       from bpl-subset/bpl_subset/boost/python/to_python_indirect.hpp:10,
                       from bpl-subset/bpl_subset/boost/python/converter/arg_to_python.hpp:10,
                       from bpl-subset/bpl_subset/boost/python/call.hpp:15,
                       from bpl-subset/bpl_subset/boost/python/object_core.hpp:14,
                       from bpl-subset/bpl_subset/boost/python/object.hpp:9,
                       from bpl-subset/bpl_subset/boost/python/exec.hpp:8,
                       from bpl-subset/bpl_subset/libs/python/src/exec.cpp:6:
      /usr/include/c++/11/bits/unique_ptr.h:57:28: note: declared here
         57 |   template<typename> class auto_ptr;
            |                            ^~~~~~~~
      In file included from bpl-subset/bpl_subset/boost/shared_ptr.hpp:17,
                       from bpl-subset/bpl_subset/boost/python/converter/shared_ptr_to_python.hpp:10,
                       from bpl-subset/bpl_subset/boost/python/converter/arg_to_python.hpp:15,
                       from bpl-subset/bpl_subset/boost/python/call.hpp:15,
                       from bpl-subset/bpl_subset/boost/python/object_core.hpp:14,
                       from bpl-subset/bpl_subset/boost/python/object.hpp:9,
                       from bpl-subset/bpl_subset/boost/python/exec.hpp:8,
                       from bpl-subset/bpl_subset/libs/python/src/exec.cpp:6:
      bpl-subset/bpl_subset/boost/smart_ptr/shared_ptr.hpp:285:30: warning: ‘template<class> class std::auto_ptr’ is deprecated: use 'std::unique_ptr' instead [-Wdeprecated-declarations]
        285 |     explicit shared_ptr(std::auto_ptr<Y> & r): px(r.get()), pn()
            |                              ^~~~~~~~
      In file included from /usr/include/c++/11/memory:76,
                       from bpl-subset/bpl_subset/boost/config/no_tr1/memory.hpp:21,
                       from bpl-subset/bpl_subset/boost/get_pointer.hpp:12,
                       from bpl-subset/bpl_subset/boost/python/object/pointer_holder.hpp:11,
                       from bpl-subset/bpl_subset/boost/python/to_python_indirect.hpp:10,
                       from bpl-subset/bpl_subset/boost/python/converter/arg_to_python.hpp:10,
                       from bpl-subset/bpl_subset/boost/python/call.hpp:15,
                       from bpl-subset/bpl_subset/boost/python/object_core.hpp:14,
                       from bpl-subset/bpl_subset/boost/python/object.hpp:9,
                       from bpl-subset/bpl_subset/boost/python/exec.hpp:8,
                       from bpl-subset/bpl_subset/libs/python/src/exec.cpp:6:
      /usr/include/c++/11/bits/unique_ptr.h:57:28: note: declared here
         57 |   template<typename> class auto_ptr;
            |                            ^~~~~~~~
      In file included from bpl-subset/bpl_subset/boost/shared_ptr.hpp:17,
                       from bpl-subset/bpl_subset/boost/python/converter/shared_ptr_to_python.hpp:10,
                       from bpl-subset/bpl_subset/boost/python/converter/arg_to_python.hpp:15,
                       from bpl-subset/bpl_subset/boost/python/call.hpp:15,
                       from bpl-subset/bpl_subset/boost/python/object_core.hpp:14,
                       from bpl-subset/bpl_subset/boost/python/object.hpp:9,
                       from bpl-subset/bpl_subset/boost/python/exec.hpp:8,
                       from bpl-subset/bpl_subset/libs/python/src/exec.cpp:6:
      bpl-subset/bpl_subset/boost/smart_ptr/shared_ptr.hpp:329:34: warning: ‘template<class> class std::auto_ptr’ is deprecated: use 'std::unique_ptr' instead [-Wdeprecated-declarations]
        329 |     shared_ptr & operator=( std::auto_ptr<Y> & r )
            |                                  ^~~~~~~~
      In file included from /usr/include/c++/11/memory:76,
                       from bpl-subset/bpl_subset/boost/config/no_tr1/memory.hpp:21,
                       from bpl-subset/bpl_subset/boost/get_pointer.hpp:12,
                       from bpl-subset/bpl_subset/boost/python/object/pointer_holder.hpp:11,
                       from bpl-subset/bpl_subset/boost/python/to_python_indirect.hpp:10,
                       from bpl-subset/bpl_subset/boost/python/converter/arg_to_python.hpp:10,
                       from bpl-subset/bpl_subset/boost/python/call.hpp:15,
                       from bpl-subset/bpl_subset/boost/python/object_core.hpp:14,
                       from bpl-subset/bpl_subset/boost/python/object.hpp:9,
                       from bpl-subset/bpl_subset/boost/python/exec.hpp:8,
                       from bpl-subset/bpl_subset/libs/python/src/exec.cpp:6:
      /usr/include/c++/11/bits/unique_ptr.h:57:28: note: declared here
         57 |   template<typename> class auto_ptr;
            |                            ^~~~~~~~
      In file included from bpl-subset/bpl_subset/boost/python/detail/invoke.hpp:21,
                       from bpl-subset/bpl_subset/boost/python/detail/caller.hpp:16,
                       from bpl-subset/bpl_subset/boost/python/object/function_handle.hpp:8,
                       from bpl-subset/bpl_subset/boost/python/converter/arg_to_python.hpp:19,
                       from bpl-subset/bpl_subset/boost/python/call.hpp:15,
                       from bpl-subset/bpl_subset/boost/python/object_core.hpp:14,
                       from bpl-subset/bpl_subset/boost/python/object.hpp:9,
                       from bpl-subset/bpl_subset/boost/python/exec.hpp:8,
                       from bpl-subset/bpl_subset/libs/python/src/exec.cpp:6:
      bpl-subset/bpl_subset/boost/python/to_python_value.hpp: In member function ‘PyObject* pycudaboost::python::detail::registry_to_python_value<T>::operator()(pycudaboost::python::detail::registry_to_python_value<T>::argument_type) const’:
      bpl-subset/bpl_subset/boost/python/to_python_value.hpp:150:52: warning: typedef ‘r’ locally defined but not used [-Wunused-local-typedefs]
        150 |       typedef converter::registered<argument_type> r;
            |                                                    ^
      In file included from bpl-subset/bpl_subset/boost/python/object/function_handle.hpp:10,
                       from bpl-subset/bpl_subset/boost/python/converter/arg_to_python.hpp:19,
                       from bpl-subset/bpl_subset/boost/python/call.hpp:15,
                       from bpl-subset/bpl_subset/boost/python/object_core.hpp:14,
                       from bpl-subset/bpl_subset/boost/python/object.hpp:9,
                       from bpl-subset/bpl_subset/boost/python/exec.hpp:8,
                       from bpl-subset/bpl_subset/libs/python/src/exec.cpp:6:
      bpl-subset/bpl_subset/boost/python/object/py_function.hpp: At global scope:
      bpl-subset/bpl_subset/boost/python/object/py_function.hpp:167:18: warning: ‘template<class> class std::auto_ptr’ is deprecated: use 'std::unique_ptr' instead [-Wdeprecated-declarations]
        167 |     mutable std::auto_ptr<py_function_impl_base> m_impl;
            |                  ^~~~~~~~
      In file included from /usr/include/c++/11/memory:76,
                       from bpl-subset/bpl_subset/boost/config/no_tr1/memory.hpp:21,
                       from bpl-subset/bpl_subset/boost/get_pointer.hpp:12,
                       from bpl-subset/bpl_subset/boost/python/object/pointer_holder.hpp:11,
                       from bpl-subset/bpl_subset/boost/python/to_python_indirect.hpp:10,
                       from bpl-subset/bpl_subset/boost/python/converter/arg_to_python.hpp:10,
                       from bpl-subset/bpl_subset/boost/python/call.hpp:15,
                       from bpl-subset/bpl_subset/boost/python/object_core.hpp:14,
                       from bpl-subset/bpl_subset/boost/python/object.hpp:9,
                       from bpl-subset/bpl_subset/boost/python/exec.hpp:8,
                       from bpl-subset/bpl_subset/libs/python/src/exec.cpp:6:
      /usr/include/c++/11/bits/unique_ptr.h:57:28: note: declared here
         57 |   template<typename> class auto_ptr;
            |                            ^~~~~~~~
      aarch64-linux-gnu-g++ -Wno-unused-result -Wsign-compare -fwrapv -Wall -O3 -DNDEBUG -fPIC -DBOOST_ALL_NO_LIB=1 -DBOOST_THREAD_BUILD_DLL=1 -DBOOST_MULTI_INDEX_DISABLE_SERIALIZATION=1 -DBOOST_PYTHON_SOURCE=1 -Dboost=pycudaboost -DBOOST_THREAD_DONT_USE_CHRONO=1 -DPYGPU_PACKAGE=pycuda -DPYGPU_PYCUDA=1 -DHAVE_CURAND=1 -Isrc/cpp -Ibpl-subset/bpl_subset -I/tmp/pip-build-env-fkcjx5ad/overlay/local/lib/python3.10/dist-packages/numpy/_core/include -I/usr/include/python3.10 -c bpl-subset/bpl_subset/libs/python/src/import.cpp -o build/temp.linux-aarch64-cpython-310/bpl-subset/bpl_subset/libs/python/src/import.o
      In file included from bpl-subset/bpl_subset/boost/python/object/pointer_holder.hpp:11,
                       from bpl-subset/bpl_subset/boost/python/to_python_indirect.hpp:10,
                       from bpl-subset/bpl_subset/boost/python/converter/arg_to_python.hpp:10,
                       from bpl-subset/bpl_subset/boost/python/call.hpp:15,
                       from bpl-subset/bpl_subset/boost/python/object_core.hpp:14,
                       from bpl-subset/bpl_subset/boost/python/object.hpp:9,
                       from bpl-subset/bpl_subset/boost/python/import.hpp:8,
                       from bpl-subset/bpl_subset/libs/python/src/import.cpp:6:
      bpl-subset/bpl_subset/boost/get_pointer.hpp:25:40: warning: ‘template<class> class std::auto_ptr’ is deprecated: use 'std::unique_ptr' instead [-Wdeprecated-declarations]
         25 | template<class T> T * get_pointer(std::auto_ptr<T> const& p)
            |                                        ^~~~~~~~
      In file included from /usr/include/c++/11/memory:76,
                       from bpl-subset/bpl_subset/boost/config/no_tr1/memory.hpp:21,
                       from bpl-subset/bpl_subset/boost/get_pointer.hpp:12,
                       from bpl-subset/bpl_subset/boost/python/object/pointer_holder.hpp:11,
                       from bpl-subset/bpl_subset/boost/python/to_python_indirect.hpp:10,
                       from bpl-subset/bpl_subset/boost/python/converter/arg_to_python.hpp:10,
                       from bpl-subset/bpl_subset/boost/python/call.hpp:15,
                       from bpl-subset/bpl_subset/boost/python/object_core.hpp:14,
                       from bpl-subset/bpl_subset/boost/python/object.hpp:9,
                       from bpl-subset/bpl_subset/boost/python/import.hpp:8,
                       from bpl-subset/bpl_subset/libs/python/src/import.cpp:6:
      /usr/include/c++/11/bits/unique_ptr.h:57:28: note: declared here
         57 |   template<typename> class auto_ptr;
            |                            ^~~~~~~~
      In file included from bpl-subset/bpl_subset/boost/python/detail/is_xxx.hpp:8,
                       from bpl-subset/bpl_subset/boost/python/detail/is_auto_ptr.hpp:9,
                       from bpl-subset/bpl_subset/boost/python/detail/copy_ctor_mutates_rhs.hpp:8,
                       from bpl-subset/bpl_subset/boost/python/detail/value_arg.hpp:7,
                       from bpl-subset/bpl_subset/boost/python/object/forward.hpp:13,
                       from bpl-subset/bpl_subset/boost/python/object/pointer_holder.hpp:16,
                       from bpl-subset/bpl_subset/boost/python/to_python_indirect.hpp:10,
                       from bpl-subset/bpl_subset/boost/python/converter/arg_to_python.hpp:10,
                       from bpl-subset/bpl_subset/boost/python/call.hpp:15,
                       from bpl-subset/bpl_subset/boost/python/object_core.hpp:14,
                       from bpl-subset/bpl_subset/boost/python/object.hpp:9,
                       from bpl-subset/bpl_subset/boost/python/import.hpp:8,
                       from bpl-subset/bpl_subset/libs/python/src/import.cpp:6:
      bpl-subset/bpl_subset/boost/python/detail/is_auto_ptr.hpp:17:40: warning: ‘template<class> class std::auto_ptr’ is deprecated: use 'std::unique_ptr' instead [-Wdeprecated-declarations]
         17 | BOOST_PYTHON_IS_XXX_DEF(auto_ptr, std::auto_ptr, 1)
            |                                        ^~~~~~~~
      bpl-subset/bpl_subset/boost/detail/is_xxx.hpp:53:4: note: in definition of macro ‘BOOST_DETAIL_IS_XXX_DEF’
         53 |    qualified_name< BOOST_PP_ENUM_PARAMS_Z(1, nargs, T) >        \
            |    ^~~~~~~~~~~~~~
      bpl-subset/bpl_subset/boost/python/detail/is_auto_ptr.hpp:17:1: note: in expansion of macro ‘BOOST_PYTHON_IS_XXX_DEF’
         17 | BOOST_PYTHON_IS_XXX_DEF(auto_ptr, std::auto_ptr, 1)
            | ^~~~~~~~~~~~~~~~~~~~~~~
      In file included from /usr/include/c++/11/memory:76,
                       from bpl-subset/bpl_subset/boost/config/no_tr1/memory.hpp:21,
                       from bpl-subset/bpl_subset/boost/get_pointer.hpp:12,
                       from bpl-subset/bpl_subset/boost/python/object/pointer_holder.hpp:11,
                       from bpl-subset/bpl_subset/boost/python/to_python_indirect.hpp:10,
                       from bpl-subset/bpl_subset/boost/python/converter/arg_to_python.hpp:10,
                       from bpl-subset/bpl_subset/boost/python/call.hpp:15,
                       from bpl-subset/bpl_subset/boost/python/object_core.hpp:14,
                       from bpl-subset/bpl_subset/boost/python/object.hpp:9,
                       from bpl-subset/bpl_subset/boost/python/import.hpp:8,
                       from bpl-subset/bpl_subset/libs/python/src/import.cpp:6:
      /usr/include/c++/11/bits/unique_ptr.h:57:28: note: declared here
         57 |   template<typename> class auto_ptr;
            |                            ^~~~~~~~
      In file included from bpl-subset/bpl_subset/boost/mpl/aux_/na_assert.hpp:23,
                       from bpl-subset/bpl_subset/boost/mpl/arg.hpp:25,
                       from bpl-subset/bpl_subset/boost/mpl/placeholders.hpp:24,
                       from bpl-subset/bpl_subset/boost/mpl/apply.hpp:24,
                       from bpl-subset/bpl_subset/boost/python/object/pointer_holder.hpp:27,
                       from bpl-subset/bpl_subset/boost/python/to_python_indirect.hpp:10,
                       from bpl-subset/bpl_subset/boost/python/converter/arg_to_python.hpp:10,
                       from bpl-subset/bpl_subset/boost/python/call.hpp:15,
                       from bpl-subset/bpl_subset/boost/python/object_core.hpp:14,
                       from bpl-subset/bpl_subset/boost/python/object.hpp:9,
                       from bpl-subset/bpl_subset/boost/python/import.hpp:8,
                       from bpl-subset/bpl_subset/libs/python/src/import.cpp:6:
      bpl-subset/bpl_subset/boost/mpl/assert.hpp:154:21: warning: unnecessary parentheses in declaration of ‘assert_arg’ [-Wparentheses]
        154 | failed ************ (Pred::************
            |                     ^~~~~~~~~~~~~~~~~~~
        155 |       assert_arg( void (*)(Pred), typename assert_arg_pred<Pred>::type )
            |       ~~~~~~~~~~~~~~~~~~~~~~~~~~~~~~~~~~~~~~~~~~~~~~~~~~~~~~~~~~~~~~~~~~
        156 |     );
            |     ~
      bpl-subset/bpl_subset/boost/mpl/assert.hpp:154:21: note: remove parentheses
        154 | failed ************ (Pred::************
            |                     ^~~~~~~~~~~~~~~~~~~
            |                     -
        155 |       assert_arg( void (*)(Pred), typename assert_arg_pred<Pred>::type )
            |       ~~~~~~~~~~~~~~~~~~~~~~~~~~~~~~~~~~~~~~~~~~~~~~~~~~~~~~~~~~~~~~~~~~
        156 |     );
            |     ~
            |     -
      bpl-subset/bpl_subset/boost/mpl/assert.hpp:159:21: warning: unnecessary parentheses in declaration of ‘assert_not_arg’ [-Wparentheses]
        159 | failed ************ (boost::mpl::not_<Pred>::************
            |                     ^~~~~~~~~~~~~~~~~~~~~~~~~~~~~~~~~~~~~
        160 |       assert_not_arg( void (*)(Pred), typename assert_arg_pred_not<Pred>::type )
            |       ~~~~~~~~~~~~~~~~~~~~~~~~~~~~~~~~~~~~~~~~~~~~~~~~~~~~~~~~~~~~~~~~~~~~~~~~~~
        161 |     );
            |     ~
      bpl-subset/bpl_subset/boost/mpl/assert.hpp:159:21: note: remove parentheses
        159 | failed ************ (boost::mpl::not_<Pred>::************
            |                     ^~~~~~~~~~~~~~~~~~~~~~~~~~~~~~~~~~~~~
            |                     -
        160 |       assert_not_arg( void (*)(Pred), typename assert_arg_pred_not<Pred>::type )
            |       ~~~~~~~~~~~~~~~~~~~~~~~~~~~~~~~~~~~~~~~~~~~~~~~~~~~~~~~~~~~~~~~~~~~~~~~~~~
        161 |     );
            |     ~
            |     -
      In file included from bpl-subset/bpl_subset/boost/python/refcount.hpp:9,
                       from bpl-subset/bpl_subset/boost/python/to_python_indirect.hpp:19,
                       from bpl-subset/bpl_subset/boost/python/converter/arg_to_python.hpp:10,
                       from bpl-subset/bpl_subset/boost/python/call.hpp:15,
                       from bpl-subset/bpl_subset/boost/python/object_core.hpp:14,
                       from bpl-subset/bpl_subset/boost/python/object.hpp:9,
                       from bpl-subset/bpl_subset/boost/python/import.hpp:8,
                       from bpl-subset/bpl_subset/libs/python/src/import.cpp:6:
      bpl-subset/bpl_subset/boost/python/cast.hpp: In function ‘void pycudaboost::python::detail::assert_castable(pycudaboost::type<T>*)’:
      bpl-subset/bpl_subset/boost/python/cast.hpp:73:20: warning: typedef ‘must_be_a_complete_type’ locally defined but not used [-Wunused-local-typedefs]
         73 |       typedef char must_be_a_complete_type[sizeof(T)];
            |                    ^~~~~~~~~~~~~~~~~~~~~~~
      In file included from bpl-subset/bpl_subset/boost/python/converter/arg_to_python.hpp:10,
                       from bpl-subset/bpl_subset/boost/python/call.hpp:15,
                       from bpl-subset/bpl_subset/boost/python/object_core.hpp:14,
                       from bpl-subset/bpl_subset/boost/python/object.hpp:9,
                       from bpl-subset/bpl_subset/boost/python/import.hpp:8,
                       from bpl-subset/bpl_subset/libs/python/src/import.cpp:6:
      bpl-subset/bpl_subset/boost/python/to_python_indirect.hpp: In static member function ‘static PyObject* pycudaboost::python::detail::make_owning_holder::execute(T*)’:
      bpl-subset/bpl_subset/boost/python/to_python_indirect.hpp:90:24: warning: ‘template<class> class std::auto_ptr’ is deprecated: use 'std::unique_ptr' instead [-Wdeprecated-declarations]
         90 |           typedef std::auto_ptr<T> smart_pointer;
            |                        ^~~~~~~~
      In file included from /usr/include/c++/11/memory:76,
                       from bpl-subset/bpl_subset/boost/config/no_tr1/memory.hpp:21,
                       from bpl-subset/bpl_subset/boost/get_pointer.hpp:12,
                       from bpl-subset/bpl_subset/boost/python/object/pointer_holder.hpp:11,
                       from bpl-subset/bpl_subset/boost/python/to_python_indirect.hpp:10,
                       from bpl-subset/bpl_subset/boost/python/converter/arg_to_python.hpp:10,
                       from bpl-subset/bpl_subset/boost/python/call.hpp:15,
                       from bpl-subset/bpl_subset/boost/python/object_core.hpp:14,
                       from bpl-subset/bpl_subset/boost/python/object.hpp:9,
                       from bpl-subset/bpl_subset/boost/python/import.hpp:8,
                       from bpl-subset/bpl_subset/libs/python/src/import.cpp:6:
      /usr/include/c++/11/bits/unique_ptr.h:57:28: note: declared here
         57 |   template<typename> class auto_ptr;
            |                            ^~~~~~~~
      In file included from bpl-subset/bpl_subset/boost/smart_ptr/shared_ptr.hpp:32,
                       from bpl-subset/bpl_subset/boost/shared_ptr.hpp:17,
                       from bpl-subset/bpl_subset/boost/python/converter/shared_ptr_to_python.hpp:10,
                       from bpl-subset/bpl_subset/boost/python/converter/arg_to_python.hpp:15,
                       from bpl-subset/bpl_subset/boost/python/call.hpp:15,
                       from bpl-subset/bpl_subset/boost/python/object_core.hpp:14,
                       from bpl-subset/bpl_subset/boost/python/object.hpp:9,
                       from bpl-subset/bpl_subset/boost/python/import.hpp:8,
                       from bpl-subset/bpl_subset/libs/python/src/import.cpp:6:
      bpl-subset/bpl_subset/boost/smart_ptr/detail/shared_count.hpp: At global scope:
      bpl-subset/bpl_subset/boost/smart_ptr/detail/shared_count.hpp:284:33: warning: ‘template<class> class std::auto_ptr’ is deprecated: use 'std::unique_ptr' instead [-Wdeprecated-declarations]
        284 |     explicit shared_count( std::auto_ptr<Y> & r ): pi_( new sp_counted_impl_p<Y>( r.get() ) )
            |                                 ^~~~~~~~
      In file included from /usr/include/c++/11/memory:76,
                       from bpl-subset/bpl_subset/boost/config/no_tr1/memory.hpp:21,
                       from bpl-subset/bpl_subset/boost/get_pointer.hpp:12,
                       from bpl-subset/bpl_subset/boost/python/object/pointer_holder.hpp:11,
                       from bpl-subset/bpl_subset/boost/python/to_python_indirect.hpp:10,
                       from bpl-subset/bpl_subset/boost/python/converter/arg_to_python.hpp:10,
                       from bpl-subset/bpl_subset/boost/python/call.hpp:15,
                       from bpl-subset/bpl_subset/boost/python/object_core.hpp:14,
                       from bpl-subset/bpl_subset/boost/python/object.hpp:9,
                       from bpl-subset/bpl_subset/boost/python/import.hpp:8,
                       from bpl-subset/bpl_subset/libs/python/src/import.cpp:6:
      /usr/include/c++/11/bits/unique_ptr.h:57:28: note: declared here
         57 |   template<typename> class auto_ptr;
            |                            ^~~~~~~~
      In file included from bpl-subset/bpl_subset/boost/shared_ptr.hpp:17,
                       from bpl-subset/bpl_subset/boost/python/converter/shared_ptr_to_python.hpp:10,
                       from bpl-subset/bpl_subset/boost/python/converter/arg_to_python.hpp:15,
                       from bpl-subset/bpl_subset/boost/python/call.hpp:15,
                       from bpl-subset/bpl_subset/boost/python/object_core.hpp:14,
                       from bpl-subset/bpl_subset/boost/python/object.hpp:9,
                       from bpl-subset/bpl_subset/boost/python/import.hpp:8,
                       from bpl-subset/bpl_subset/libs/python/src/import.cpp:6:
      bpl-subset/bpl_subset/boost/smart_ptr/shared_ptr.hpp:146:65: warning: ‘template<class> class std::auto_ptr’ is deprecated: use 'std::unique_ptr' instead [-Wdeprecated-declarations]
        146 | template< class T, class R > struct sp_enable_if_auto_ptr< std::auto_ptr< T >, R >
            |                                                                 ^~~~~~~~
      In file included from /usr/include/c++/11/memory:76,
                       from bpl-subset/bpl_subset/boost/config/no_tr1/memory.hpp:21,
                       from bpl-subset/bpl_subset/boost/get_pointer.hpp:12,
                       from bpl-subset/bpl_subset/boost/python/object/pointer_holder.hpp:11,
                       from bpl-subset/bpl_subset/boost/python/to_python_indirect.hpp:10,
                       from bpl-subset/bpl_subset/boost/python/converter/arg_to_python.hpp:10,
                       from bpl-subset/bpl_subset/boost/python/call.hpp:15,
                       from bpl-subset/bpl_subset/boost/python/object_core.hpp:14,
                       from bpl-subset/bpl_subset/boost/python/object.hpp:9,
                       from bpl-subset/bpl_subset/boost/python/import.hpp:8,
                       from bpl-subset/bpl_subset/libs/python/src/import.cpp:6:
      /usr/include/c++/11/bits/unique_ptr.h:57:28: note: declared here
         57 |   template<typename> class auto_ptr;
            |                            ^~~~~~~~
      In file included from bpl-subset/bpl_subset/boost/shared_ptr.hpp:17,
                       from bpl-subset/bpl_subset/boost/python/converter/shared_ptr_to_python.hpp:10,
                       from bpl-subset/bpl_subset/boost/python/converter/arg_to_python.hpp:15,
                       from bpl-subset/bpl_subset/boost/python/call.hpp:15,
                       from bpl-subset/bpl_subset/boost/python/object_core.hpp:14,
                       from bpl-subset/bpl_subset/boost/python/object.hpp:9,
                       from bpl-subset/bpl_subset/boost/python/import.hpp:8,
                       from bpl-subset/bpl_subset/libs/python/src/import.cpp:6:
      bpl-subset/bpl_subset/boost/smart_ptr/shared_ptr.hpp:285:30: warning: ‘template<class> class std::auto_ptr’ is deprecated: use 'std::unique_ptr' instead [-Wdeprecated-declarations]
        285 |     explicit shared_ptr(std::auto_ptr<Y> & r): px(r.get()), pn()
            |                              ^~~~~~~~
      In file included from /usr/include/c++/11/memory:76,
                       from bpl-subset/bpl_subset/boost/config/no_tr1/memory.hpp:21,
                       from bpl-subset/bpl_subset/boost/get_pointer.hpp:12,
                       from bpl-subset/bpl_subset/boost/python/object/pointer_holder.hpp:11,
                       from bpl-subset/bpl_subset/boost/python/to_python_indirect.hpp:10,
                       from bpl-subset/bpl_subset/boost/python/converter/arg_to_python.hpp:10,
                       from bpl-subset/bpl_subset/boost/python/call.hpp:15,
                       from bpl-subset/bpl_subset/boost/python/object_core.hpp:14,
                       from bpl-subset/bpl_subset/boost/python/object.hpp:9,
                       from bpl-subset/bpl_subset/boost/python/import.hpp:8,
                       from bpl-subset/bpl_subset/libs/python/src/import.cpp:6:
      /usr/include/c++/11/bits/unique_ptr.h:57:28: note: declared here
         57 |   template<typename> class auto_ptr;
            |                            ^~~~~~~~
      In file included from bpl-subset/bpl_subset/boost/shared_ptr.hpp:17,
                       from bpl-subset/bpl_subset/boost/python/converter/shared_ptr_to_python.hpp:10,
                       from bpl-subset/bpl_subset/boost/python/converter/arg_to_python.hpp:15,
                       from bpl-subset/bpl_subset/boost/python/call.hpp:15,
                       from bpl-subset/bpl_subset/boost/python/object_core.hpp:14,
                       from bpl-subset/bpl_subset/boost/python/object.hpp:9,
                       from bpl-subset/bpl_subset/boost/python/import.hpp:8,
                       from bpl-subset/bpl_subset/libs/python/src/import.cpp:6:
      bpl-subset/bpl_subset/boost/smart_ptr/shared_ptr.hpp:329:34: warning: ‘template<class> class std::auto_ptr’ is deprecated: use 'std::unique_ptr' instead [-Wdeprecated-declarations]
        329 |     shared_ptr & operator=( std::auto_ptr<Y> & r )
            |                                  ^~~~~~~~
      In file included from /usr/include/c++/11/memory:76,
                       from bpl-subset/bpl_subset/boost/config/no_tr1/memory.hpp:21,
                       from bpl-subset/bpl_subset/boost/get_pointer.hpp:12,
                       from bpl-subset/bpl_subset/boost/python/object/pointer_holder.hpp:11,
                       from bpl-subset/bpl_subset/boost/python/to_python_indirect.hpp:10,
                       from bpl-subset/bpl_subset/boost/python/converter/arg_to_python.hpp:10,
                       from bpl-subset/bpl_subset/boost/python/call.hpp:15,
                       from bpl-subset/bpl_subset/boost/python/object_core.hpp:14,
                       from bpl-subset/bpl_subset/boost/python/object.hpp:9,
                       from bpl-subset/bpl_subset/boost/python/import.hpp:8,
                       from bpl-subset/bpl_subset/libs/python/src/import.cpp:6:
      /usr/include/c++/11/bits/unique_ptr.h:57:28: note: declared here
         57 |   template<typename> class auto_ptr;
            |                            ^~~~~~~~
      In file included from bpl-subset/bpl_subset/boost/python/detail/invoke.hpp:21,
                       from bpl-subset/bpl_subset/boost/python/detail/caller.hpp:16,
                       from bpl-subset/bpl_subset/boost/python/object/function_handle.hpp:8,
                       from bpl-subset/bpl_subset/boost/python/converter/arg_to_python.hpp:19,
                       from bpl-subset/bpl_subset/boost/python/call.hpp:15,
                       from bpl-subset/bpl_subset/boost/python/object_core.hpp:14,
                       from bpl-subset/bpl_subset/boost/python/object.hpp:9,
                       from bpl-subset/bpl_subset/boost/python/import.hpp:8,
                       from bpl-subset/bpl_subset/libs/python/src/import.cpp:6:
      bpl-subset/bpl_subset/boost/python/to_python_value.hpp: In member function ‘PyObject* pycudaboost::python::detail::registry_to_python_value<T>::operator()(pycudaboost::python::detail::registry_to_python_value<T>::argument_type) const’:
      bpl-subset/bpl_subset/boost/python/to_python_value.hpp:150:52: warning: typedef ‘r’ locally defined but not used [-Wunused-local-typedefs]
        150 |       typedef converter::registered<argument_type> r;
            |                                                    ^
      In file included from bpl-subset/bpl_subset/boost/python/object/function_handle.hpp:10,
                       from bpl-subset/bpl_subset/boost/python/converter/arg_to_python.hpp:19,
                       from bpl-subset/bpl_subset/boost/python/call.hpp:15,
                       from bpl-subset/bpl_subset/boost/python/object_core.hpp:14,
                       from bpl-subset/bpl_subset/boost/python/object.hpp:9,
                       from bpl-subset/bpl_subset/boost/python/import.hpp:8,
                       from bpl-subset/bpl_subset/libs/python/src/import.cpp:6:
      bpl-subset/bpl_subset/boost/python/object/py_function.hpp: At global scope:
      bpl-subset/bpl_subset/boost/python/object/py_function.hpp:167:18: warning: ‘template<class> class std::auto_ptr’ is deprecated: use 'std::unique_ptr' instead [-Wdeprecated-declarations]
        167 |     mutable std::auto_ptr<py_function_impl_base> m_impl;
            |                  ^~~~~~~~
      In file included from /usr/include/c++/11/memory:76,
                       from bpl-subset/bpl_subset/boost/config/no_tr1/memory.hpp:21,
                       from bpl-subset/bpl_subset/boost/get_pointer.hpp:12,
                       from bpl-subset/bpl_subset/boost/python/object/pointer_holder.hpp:11,
                       from bpl-subset/bpl_subset/boost/python/to_python_indirect.hpp:10,
                       from bpl-subset/bpl_subset/boost/python/converter/arg_to_python.hpp:10,
                       from bpl-subset/bpl_subset/boost/python/call.hpp:15,
                       from bpl-subset/bpl_subset/boost/python/object_core.hpp:14,
                       from bpl-subset/bpl_subset/boost/python/object.hpp:9,
                       from bpl-subset/bpl_subset/boost/python/import.hpp:8,
                       from bpl-subset/bpl_subset/libs/python/src/import.cpp:6:
      /usr/include/c++/11/bits/unique_ptr.h:57:28: note: declared here
         57 |   template<typename> class auto_ptr;
            |                            ^~~~~~~~
      aarch64-linux-gnu-g++ -Wno-unused-result -Wsign-compare -fwrapv -Wall -O3 -DNDEBUG -fPIC -DBOOST_ALL_NO_LIB=1 -DBOOST_THREAD_BUILD_DLL=1 -DBOOST_MULTI_INDEX_DISABLE_SERIALIZATION=1 -DBOOST_PYTHON_SOURCE=1 -Dboost=pycudaboost -DBOOST_THREAD_DONT_USE_CHRONO=1 -DPYGPU_PACKAGE=pycuda -DPYGPU_PYCUDA=1 -DHAVE_CURAND=1 -Isrc/cpp -Ibpl-subset/bpl_subset -I/tmp/pip-build-env-fkcjx5ad/overlay/local/lib/python3.10/dist-packages/numpy/_core/include -I/usr/include/python3.10 -c bpl-subset/bpl_subset/libs/python/src/list.cpp -o build/temp.linux-aarch64-cpython-310/bpl-subset/bpl_subset/libs/python/src/list.o
      In file included from bpl-subset/bpl_subset/boost/python/object/pointer_holder.hpp:11,
                       from bpl-subset/bpl_subset/boost/python/to_python_indirect.hpp:10,
                       from bpl-subset/bpl_subset/boost/python/converter/arg_to_python.hpp:10,
                       from bpl-subset/bpl_subset/boost/python/call.hpp:15,
                       from bpl-subset/bpl_subset/boost/python/object_core.hpp:14,
                       from bpl-subset/bpl_subset/boost/python/object.hpp:9,
                       from bpl-subset/bpl_subset/boost/python/list.hpp:10,
                       from bpl-subset/bpl_subset/libs/python/src/list.cpp:5:
      bpl-subset/bpl_subset/boost/get_pointer.hpp:25:40: warning: ‘template<class> class std::auto_ptr’ is deprecated: use 'std::unique_ptr' instead [-Wdeprecated-declarations]
         25 | template<class T> T * get_pointer(std::auto_ptr<T> const& p)
            |                                        ^~~~~~~~
      In file included from /usr/include/c++/11/memory:76,
                       from bpl-subset/bpl_subset/boost/config/no_tr1/memory.hpp:21,
                       from bpl-subset/bpl_subset/boost/get_pointer.hpp:12,
                       from bpl-subset/bpl_subset/boost/python/object/pointer_holder.hpp:11,
                       from bpl-subset/bpl_subset/boost/python/to_python_indirect.hpp:10,
                       from bpl-subset/bpl_subset/boost/python/converter/arg_to_python.hpp:10,
                       from bpl-subset/bpl_subset/boost/python/call.hpp:15,
                       from bpl-subset/bpl_subset/boost/python/object_core.hpp:14,
                       from bpl-subset/bpl_subset/boost/python/object.hpp:9,
                       from bpl-subset/bpl_subset/boost/python/list.hpp:10,
                       from bpl-subset/bpl_subset/libs/python/src/list.cpp:5:
      /usr/include/c++/11/bits/unique_ptr.h:57:28: note: declared here
         57 |   template<typename> class auto_ptr;
            |                            ^~~~~~~~
      In file included from bpl-subset/bpl_subset/boost/python/detail/is_xxx.hpp:8,
                       from bpl-subset/bpl_subset/boost/python/detail/is_auto_ptr.hpp:9,
                       from bpl-subset/bpl_subset/boost/python/detail/copy_ctor_mutates_rhs.hpp:8,
                       from bpl-subset/bpl_subset/boost/python/detail/value_arg.hpp:7,
                       from bpl-subset/bpl_subset/boost/python/object/forward.hpp:13,
                       from bpl-subset/bpl_subset/boost/python/object/pointer_holder.hpp:16,
                       from bpl-subset/bpl_subset/boost/python/to_python_indirect.hpp:10,
                       from bpl-subset/bpl_subset/boost/python/converter/arg_to_python.hpp:10,
                       from bpl-subset/bpl_subset/boost/python/call.hpp:15,
                       from bpl-subset/bpl_subset/boost/python/object_core.hpp:14,
                       from bpl-subset/bpl_subset/boost/python/object.hpp:9,
                       from bpl-subset/bpl_subset/boost/python/list.hpp:10,
                       from bpl-subset/bpl_subset/libs/python/src/list.cpp:5:
      bpl-subset/bpl_subset/boost/python/detail/is_auto_ptr.hpp:17:40: warning: ‘template<class> class std::auto_ptr’ is deprecated: use 'std::unique_ptr' instead [-Wdeprecated-declarations]
         17 | BOOST_PYTHON_IS_XXX_DEF(auto_ptr, std::auto_ptr, 1)
            |                                        ^~~~~~~~
      bpl-subset/bpl_subset/boost/detail/is_xxx.hpp:53:4: note: in definition of macro ‘BOOST_DETAIL_IS_XXX_DEF’
         53 |    qualified_name< BOOST_PP_ENUM_PARAMS_Z(1, nargs, T) >        \
            |    ^~~~~~~~~~~~~~
      bpl-subset/bpl_subset/boost/python/detail/is_auto_ptr.hpp:17:1: note: in expansion of macro ‘BOOST_PYTHON_IS_XXX_DEF’
         17 | BOOST_PYTHON_IS_XXX_DEF(auto_ptr, std::auto_ptr, 1)
            | ^~~~~~~~~~~~~~~~~~~~~~~
      In file included from /usr/include/c++/11/memory:76,
                       from bpl-subset/bpl_subset/boost/config/no_tr1/memory.hpp:21,
                       from bpl-subset/bpl_subset/boost/get_pointer.hpp:12,
                       from bpl-subset/bpl_subset/boost/python/object/pointer_holder.hpp:11,
                       from bpl-subset/bpl_subset/boost/python/to_python_indirect.hpp:10,
                       from bpl-subset/bpl_subset/boost/python/converter/arg_to_python.hpp:10,
                       from bpl-subset/bpl_subset/boost/python/call.hpp:15,
                       from bpl-subset/bpl_subset/boost/python/object_core.hpp:14,
                       from bpl-subset/bpl_subset/boost/python/object.hpp:9,
                       from bpl-subset/bpl_subset/boost/python/list.hpp:10,
                       from bpl-subset/bpl_subset/libs/python/src/list.cpp:5:
      /usr/include/c++/11/bits/unique_ptr.h:57:28: note: declared here
         57 |   template<typename> class auto_ptr;
            |                            ^~~~~~~~
      In file included from bpl-subset/bpl_subset/boost/mpl/aux_/na_assert.hpp:23,
                       from bpl-subset/bpl_subset/boost/mpl/arg.hpp:25,
                       from bpl-subset/bpl_subset/boost/mpl/placeholders.hpp:24,
                       from bpl-subset/bpl_subset/boost/mpl/apply.hpp:24,
                       from bpl-subset/bpl_subset/boost/python/object/pointer_holder.hpp:27,
                       from bpl-subset/bpl_subset/boost/python/to_python_indirect.hpp:10,
                       from bpl-subset/bpl_subset/boost/python/converter/arg_to_python.hpp:10,
                       from bpl-subset/bpl_subset/boost/python/call.hpp:15,
                       from bpl-subset/bpl_subset/boost/python/object_core.hpp:14,
                       from bpl-subset/bpl_subset/boost/python/object.hpp:9,
                       from bpl-subset/bpl_subset/boost/python/list.hpp:10,
                       from bpl-subset/bpl_subset/libs/python/src/list.cpp:5:
      bpl-subset/bpl_subset/boost/mpl/assert.hpp:154:21: warning: unnecessary parentheses in declaration of ‘assert_arg’ [-Wparentheses]
        154 | failed ************ (Pred::************
            |                     ^~~~~~~~~~~~~~~~~~~
        155 |       assert_arg( void (*)(Pred), typename assert_arg_pred<Pred>::type )
            |       ~~~~~~~~~~~~~~~~~~~~~~~~~~~~~~~~~~~~~~~~~~~~~~~~~~~~~~~~~~~~~~~~~~
        156 |     );
            |     ~
      bpl-subset/bpl_subset/boost/mpl/assert.hpp:154:21: note: remove parentheses
        154 | failed ************ (Pred::************
            |                     ^~~~~~~~~~~~~~~~~~~
            |                     -
        155 |       assert_arg( void (*)(Pred), typename assert_arg_pred<Pred>::type )
            |       ~~~~~~~~~~~~~~~~~~~~~~~~~~~~~~~~~~~~~~~~~~~~~~~~~~~~~~~~~~~~~~~~~~
        156 |     );
            |     ~
            |     -
      bpl-subset/bpl_subset/boost/mpl/assert.hpp:159:21: warning: unnecessary parentheses in declaration of ‘assert_not_arg’ [-Wparentheses]
        159 | failed ************ (boost::mpl::not_<Pred>::************
            |                     ^~~~~~~~~~~~~~~~~~~~~~~~~~~~~~~~~~~~~
        160 |       assert_not_arg( void (*)(Pred), typename assert_arg_pred_not<Pred>::type )
            |       ~~~~~~~~~~~~~~~~~~~~~~~~~~~~~~~~~~~~~~~~~~~~~~~~~~~~~~~~~~~~~~~~~~~~~~~~~~
        161 |     );
            |     ~
      bpl-subset/bpl_subset/boost/mpl/assert.hpp:159:21: note: remove parentheses
        159 | failed ************ (boost::mpl::not_<Pred>::************
            |                     ^~~~~~~~~~~~~~~~~~~~~~~~~~~~~~~~~~~~~
            |                     -
        160 |       assert_not_arg( void (*)(Pred), typename assert_arg_pred_not<Pred>::type )
            |       ~~~~~~~~~~~~~~~~~~~~~~~~~~~~~~~~~~~~~~~~~~~~~~~~~~~~~~~~~~~~~~~~~~~~~~~~~~
        161 |     );
            |     ~
            |     -
      In file included from bpl-subset/bpl_subset/boost/python/refcount.hpp:9,
                       from bpl-subset/bpl_subset/boost/python/to_python_indirect.hpp:19,
                       from bpl-subset/bpl_subset/boost/python/converter/arg_to_python.hpp:10,
                       from bpl-subset/bpl_subset/boost/python/call.hpp:15,
                       from bpl-subset/bpl_subset/boost/python/object_core.hpp:14,
                       from bpl-subset/bpl_subset/boost/python/object.hpp:9,
                       from bpl-subset/bpl_subset/boost/python/list.hpp:10,
                       from bpl-subset/bpl_subset/libs/python/src/list.cpp:5:
      bpl-subset/bpl_subset/boost/python/cast.hpp: In function ‘void pycudaboost::python::detail::assert_castable(pycudaboost::type<T>*)’:
      bpl-subset/bpl_subset/boost/python/cast.hpp:73:20: warning: typedef ‘must_be_a_complete_type’ locally defined but not used [-Wunused-local-typedefs]
         73 |       typedef char must_be_a_complete_type[sizeof(T)];
            |                    ^~~~~~~~~~~~~~~~~~~~~~~
      In file included from bpl-subset/bpl_subset/boost/python/converter/arg_to_python.hpp:10,
                       from bpl-subset/bpl_subset/boost/python/call.hpp:15,
                       from bpl-subset/bpl_subset/boost/python/object_core.hpp:14,
                       from bpl-subset/bpl_subset/boost/python/object.hpp:9,
                       from bpl-subset/bpl_subset/boost/python/list.hpp:10,
                       from bpl-subset/bpl_subset/libs/python/src/list.cpp:5:
      bpl-subset/bpl_subset/boost/python/to_python_indirect.hpp: In static member function ‘static PyObject* pycudaboost::python::detail::make_owning_holder::execute(T*)’:
      bpl-subset/bpl_subset/boost/python/to_python_indirect.hpp:90:24: warning: ‘template<class> class std::auto_ptr’ is deprecated: use 'std::unique_ptr' instead [-Wdeprecated-declarations]
         90 |           typedef std::auto_ptr<T> smart_pointer;
            |                        ^~~~~~~~
      In file included from /usr/include/c++/11/memory:76,
                       from bpl-subset/bpl_subset/boost/config/no_tr1/memory.hpp:21,
                       from bpl-subset/bpl_subset/boost/get_pointer.hpp:12,
                       from bpl-subset/bpl_subset/boost/python/object/pointer_holder.hpp:11,
                       from bpl-subset/bpl_subset/boost/python/to_python_indirect.hpp:10,
                       from bpl-subset/bpl_subset/boost/python/converter/arg_to_python.hpp:10,
                       from bpl-subset/bpl_subset/boost/python/call.hpp:15,
                       from bpl-subset/bpl_subset/boost/python/object_core.hpp:14,
                       from bpl-subset/bpl_subset/boost/python/object.hpp:9,
                       from bpl-subset/bpl_subset/boost/python/list.hpp:10,
                       from bpl-subset/bpl_subset/libs/python/src/list.cpp:5:
      /usr/include/c++/11/bits/unique_ptr.h:57:28: note: declared here
         57 |   template<typename> class auto_ptr;
            |                            ^~~~~~~~
      In file included from bpl-subset/bpl_subset/boost/smart_ptr/shared_ptr.hpp:32,
                       from bpl-subset/bpl_subset/boost/shared_ptr.hpp:17,
                       from bpl-subset/bpl_subset/boost/python/converter/shared_ptr_to_python.hpp:10,
                       from bpl-subset/bpl_subset/boost/python/converter/arg_to_python.hpp:15,
                       from bpl-subset/bpl_subset/boost/python/call.hpp:15,
                       from bpl-subset/bpl_subset/boost/python/object_core.hpp:14,
                       from bpl-subset/bpl_subset/boost/python/object.hpp:9,
                       from bpl-subset/bpl_subset/boost/python/list.hpp:10,
                       from bpl-subset/bpl_subset/libs/python/src/list.cpp:5:
      bpl-subset/bpl_subset/boost/smart_ptr/detail/shared_count.hpp: At global scope:
      bpl-subset/bpl_subset/boost/smart_ptr/detail/shared_count.hpp:284:33: warning: ‘template<class> class std::auto_ptr’ is deprecated: use 'std::unique_ptr' instead [-Wdeprecated-declarations]
        284 |     explicit shared_count( std::auto_ptr<Y> & r ): pi_( new sp_counted_impl_p<Y>( r.get() ) )
            |                                 ^~~~~~~~
      In file included from /usr/include/c++/11/memory:76,
                       from bpl-subset/bpl_subset/boost/config/no_tr1/memory.hpp:21,
                       from bpl-subset/bpl_subset/boost/get_pointer.hpp:12,
                       from bpl-subset/bpl_subset/boost/python/object/pointer_holder.hpp:11,
                       from bpl-subset/bpl_subset/boost/python/to_python_indirect.hpp:10,
                       from bpl-subset/bpl_subset/boost/python/converter/arg_to_python.hpp:10,
                       from bpl-subset/bpl_subset/boost/python/call.hpp:15,
                       from bpl-subset/bpl_subset/boost/python/object_core.hpp:14,
                       from bpl-subset/bpl_subset/boost/python/object.hpp:9,
                       from bpl-subset/bpl_subset/boost/python/list.hpp:10,
                       from bpl-subset/bpl_subset/libs/python/src/list.cpp:5:
      /usr/include/c++/11/bits/unique_ptr.h:57:28: note: declared here
         57 |   template<typename> class auto_ptr;
            |                            ^~~~~~~~
      In file included from bpl-subset/bpl_subset/boost/shared_ptr.hpp:17,
                       from bpl-subset/bpl_subset/boost/python/converter/shared_ptr_to_python.hpp:10,
                       from bpl-subset/bpl_subset/boost/python/converter/arg_to_python.hpp:15,
                       from bpl-subset/bpl_subset/boost/python/call.hpp:15,
                       from bpl-subset/bpl_subset/boost/python/object_core.hpp:14,
                       from bpl-subset/bpl_subset/boost/python/object.hpp:9,
                       from bpl-subset/bpl_subset/boost/python/list.hpp:10,
                       from bpl-subset/bpl_subset/libs/python/src/list.cpp:5:
      bpl-subset/bpl_subset/boost/smart_ptr/shared_ptr.hpp:146:65: warning: ‘template<class> class std::auto_ptr’ is deprecated: use 'std::unique_ptr' instead [-Wdeprecated-declarations]
        146 | template< class T, class R > struct sp_enable_if_auto_ptr< std::auto_ptr< T >, R >
            |                                                                 ^~~~~~~~
      In file included from /usr/include/c++/11/memory:76,
                       from bpl-subset/bpl_subset/boost/config/no_tr1/memory.hpp:21,
                       from bpl-subset/bpl_subset/boost/get_pointer.hpp:12,
                       from bpl-subset/bpl_subset/boost/python/object/pointer_holder.hpp:11,
                       from bpl-subset/bpl_subset/boost/python/to_python_indirect.hpp:10,
                       from bpl-subset/bpl_subset/boost/python/converter/arg_to_python.hpp:10,
                       from bpl-subset/bpl_subset/boost/python/call.hpp:15,
                       from bpl-subset/bpl_subset/boost/python/object_core.hpp:14,
                       from bpl-subset/bpl_subset/boost/python/object.hpp:9,
                       from bpl-subset/bpl_subset/boost/python/list.hpp:10,
                       from bpl-subset/bpl_subset/libs/python/src/list.cpp:5:
      /usr/include/c++/11/bits/unique_ptr.h:57:28: note: declared here
         57 |   template<typename> class auto_ptr;
            |                            ^~~~~~~~
      In file included from bpl-subset/bpl_subset/boost/shared_ptr.hpp:17,
                       from bpl-subset/bpl_subset/boost/python/converter/shared_ptr_to_python.hpp:10,
                       from bpl-subset/bpl_subset/boost/python/converter/arg_to_python.hpp:15,
                       from bpl-subset/bpl_subset/boost/python/call.hpp:15,
                       from bpl-subset/bpl_subset/boost/python/object_core.hpp:14,
                       from bpl-subset/bpl_subset/boost/python/object.hpp:9,
                       from bpl-subset/bpl_subset/boost/python/list.hpp:10,
                       from bpl-subset/bpl_subset/libs/python/src/list.cpp:5:
      bpl-subset/bpl_subset/boost/smart_ptr/shared_ptr.hpp:285:30: warning: ‘template<class> class std::auto_ptr’ is deprecated: use 'std::unique_ptr' instead [-Wdeprecated-declarations]
        285 |     explicit shared_ptr(std::auto_ptr<Y> & r): px(r.get()), pn()
            |                              ^~~~~~~~
      In file included from /usr/include/c++/11/memory:76,
                       from bpl-subset/bpl_subset/boost/config/no_tr1/memory.hpp:21,
                       from bpl-subset/bpl_subset/boost/get_pointer.hpp:12,
                       from bpl-subset/bpl_subset/boost/python/object/pointer_holder.hpp:11,
                       from bpl-subset/bpl_subset/boost/python/to_python_indirect.hpp:10,
                       from bpl-subset/bpl_subset/boost/python/converter/arg_to_python.hpp:10,
                       from bpl-subset/bpl_subset/boost/python/call.hpp:15,
                       from bpl-subset/bpl_subset/boost/python/object_core.hpp:14,
                       from bpl-subset/bpl_subset/boost/python/object.hpp:9,
                       from bpl-subset/bpl_subset/boost/python/list.hpp:10,
                       from bpl-subset/bpl_subset/libs/python/src/list.cpp:5:
      /usr/include/c++/11/bits/unique_ptr.h:57:28: note: declared here
         57 |   template<typename> class auto_ptr;
            |                            ^~~~~~~~
      In file included from bpl-subset/bpl_subset/boost/shared_ptr.hpp:17,
                       from bpl-subset/bpl_subset/boost/python/converter/shared_ptr_to_python.hpp:10,
                       from bpl-subset/bpl_subset/boost/python/converter/arg_to_python.hpp:15,
                       from bpl-subset/bpl_subset/boost/python/call.hpp:15,
                       from bpl-subset/bpl_subset/boost/python/object_core.hpp:14,
                       from bpl-subset/bpl_subset/boost/python/object.hpp:9,
                       from bpl-subset/bpl_subset/boost/python/list.hpp:10,
                       from bpl-subset/bpl_subset/libs/python/src/list.cpp:5:
      bpl-subset/bpl_subset/boost/smart_ptr/shared_ptr.hpp:329:34: warning: ‘template<class> class std::auto_ptr’ is deprecated: use 'std::unique_ptr' instead [-Wdeprecated-declarations]
        329 |     shared_ptr & operator=( std::auto_ptr<Y> & r )
            |                                  ^~~~~~~~
      In file included from /usr/include/c++/11/memory:76,
                       from bpl-subset/bpl_subset/boost/config/no_tr1/memory.hpp:21,
                       from bpl-subset/bpl_subset/boost/get_pointer.hpp:12,
                       from bpl-subset/bpl_subset/boost/python/object/pointer_holder.hpp:11,
                       from bpl-subset/bpl_subset/boost/python/to_python_indirect.hpp:10,
                       from bpl-subset/bpl_subset/boost/python/converter/arg_to_python.hpp:10,
                       from bpl-subset/bpl_subset/boost/python/call.hpp:15,
                       from bpl-subset/bpl_subset/boost/python/object_core.hpp:14,
                       from bpl-subset/bpl_subset/boost/python/object.hpp:9,
                       from bpl-subset/bpl_subset/boost/python/list.hpp:10,
                       from bpl-subset/bpl_subset/libs/python/src/list.cpp:5:
      /usr/include/c++/11/bits/unique_ptr.h:57:28: note: declared here
         57 |   template<typename> class auto_ptr;
            |                            ^~~~~~~~
      In file included from bpl-subset/bpl_subset/boost/python/detail/invoke.hpp:21,
                       from bpl-subset/bpl_subset/boost/python/detail/caller.hpp:16,
                       from bpl-subset/bpl_subset/boost/python/object/function_handle.hpp:8,
                       from bpl-subset/bpl_subset/boost/python/converter/arg_to_python.hpp:19,
                       from bpl-subset/bpl_subset/boost/python/call.hpp:15,
                       from bpl-subset/bpl_subset/boost/python/object_core.hpp:14,
                       from bpl-subset/bpl_subset/boost/python/object.hpp:9,
                       from bpl-subset/bpl_subset/boost/python/list.hpp:10,
                       from bpl-subset/bpl_subset/libs/python/src/list.cpp:5:
      bpl-subset/bpl_subset/boost/python/to_python_value.hpp: In member function ‘PyObject* pycudaboost::python::detail::registry_to_python_value<T>::operator()(pycudaboost::python::detail::registry_to_python_value<T>::argument_type) const’:
      bpl-subset/bpl_subset/boost/python/to_python_value.hpp:150:52: warning: typedef ‘r’ locally defined but not used [-Wunused-local-typedefs]
        150 |       typedef converter::registered<argument_type> r;
            |                                                    ^
      In file included from bpl-subset/bpl_subset/boost/python/object/function_handle.hpp:10,
                       from bpl-subset/bpl_subset/boost/python/converter/arg_to_python.hpp:19,
                       from bpl-subset/bpl_subset/boost/python/call.hpp:15,
                       from bpl-subset/bpl_subset/boost/python/object_core.hpp:14,
                       from bpl-subset/bpl_subset/boost/python/object.hpp:9,
                       from bpl-subset/bpl_subset/boost/python/list.hpp:10,
                       from bpl-subset/bpl_subset/libs/python/src/list.cpp:5:
      bpl-subset/bpl_subset/boost/python/object/py_function.hpp: At global scope:
      bpl-subset/bpl_subset/boost/python/object/py_function.hpp:167:18: warning: ‘template<class> class std::auto_ptr’ is deprecated: use 'std::unique_ptr' instead [-Wdeprecated-declarations]
        167 |     mutable std::auto_ptr<py_function_impl_base> m_impl;
            |                  ^~~~~~~~
      In file included from /usr/include/c++/11/memory:76,
                       from bpl-subset/bpl_subset/boost/config/no_tr1/memory.hpp:21,
                       from bpl-subset/bpl_subset/boost/get_pointer.hpp:12,
                       from bpl-subset/bpl_subset/boost/python/object/pointer_holder.hpp:11,
                       from bpl-subset/bpl_subset/boost/python/to_python_indirect.hpp:10,
                       from bpl-subset/bpl_subset/boost/python/converter/arg_to_python.hpp:10,
                       from bpl-subset/bpl_subset/boost/python/call.hpp:15,
                       from bpl-subset/bpl_subset/boost/python/object_core.hpp:14,
                       from bpl-subset/bpl_subset/boost/python/object.hpp:9,
                       from bpl-subset/bpl_subset/boost/python/list.hpp:10,
                       from bpl-subset/bpl_subset/libs/python/src/list.cpp:5:
      /usr/include/c++/11/bits/unique_ptr.h:57:28: note: declared here
         57 |   template<typename> class auto_ptr;
            |                            ^~~~~~~~
      aarch64-linux-gnu-g++ -Wno-unused-result -Wsign-compare -fwrapv -Wall -O3 -DNDEBUG -fPIC -DBOOST_ALL_NO_LIB=1 -DBOOST_THREAD_BUILD_DLL=1 -DBOOST_MULTI_INDEX_DISABLE_SERIALIZATION=1 -DBOOST_PYTHON_SOURCE=1 -Dboost=pycudaboost -DBOOST_THREAD_DONT_USE_CHRONO=1 -DPYGPU_PACKAGE=pycuda -DPYGPU_PYCUDA=1 -DHAVE_CURAND=1 -Isrc/cpp -Ibpl-subset/bpl_subset -I/tmp/pip-build-env-fkcjx5ad/overlay/local/lib/python3.10/dist-packages/numpy/_core/include -I/usr/include/python3.10 -c bpl-subset/bpl_subset/libs/python/src/long.cpp -o build/temp.linux-aarch64-cpython-310/bpl-subset/bpl_subset/libs/python/src/long.o
      In file included from bpl-subset/bpl_subset/boost/python/object/pointer_holder.hpp:11,
                       from bpl-subset/bpl_subset/boost/python/to_python_indirect.hpp:10,
                       from bpl-subset/bpl_subset/boost/python/converter/arg_to_python.hpp:10,
                       from bpl-subset/bpl_subset/boost/python/call.hpp:15,
                       from bpl-subset/bpl_subset/boost/python/object_core.hpp:14,
                       from bpl-subset/bpl_subset/boost/python/object.hpp:9,
                       from bpl-subset/bpl_subset/boost/python/long.hpp:10,
                       from bpl-subset/bpl_subset/libs/python/src/long.cpp:5:
      bpl-subset/bpl_subset/boost/get_pointer.hpp:25:40: warning: ‘template<class> class std::auto_ptr’ is deprecated: use 'std::unique_ptr' instead [-Wdeprecated-declarations]
         25 | template<class T> T * get_pointer(std::auto_ptr<T> const& p)
            |                                        ^~~~~~~~
      In file included from /usr/include/c++/11/memory:76,
                       from bpl-subset/bpl_subset/boost/config/no_tr1/memory.hpp:21,
                       from bpl-subset/bpl_subset/boost/get_pointer.hpp:12,
                       from bpl-subset/bpl_subset/boost/python/object/pointer_holder.hpp:11,
                       from bpl-subset/bpl_subset/boost/python/to_python_indirect.hpp:10,
                       from bpl-subset/bpl_subset/boost/python/converter/arg_to_python.hpp:10,
                       from bpl-subset/bpl_subset/boost/python/call.hpp:15,
                       from bpl-subset/bpl_subset/boost/python/object_core.hpp:14,
                       from bpl-subset/bpl_subset/boost/python/object.hpp:9,
                       from bpl-subset/bpl_subset/boost/python/long.hpp:10,
                       from bpl-subset/bpl_subset/libs/python/src/long.cpp:5:
      /usr/include/c++/11/bits/unique_ptr.h:57:28: note: declared here
         57 |   template<typename> class auto_ptr;
            |                            ^~~~~~~~
      In file included from bpl-subset/bpl_subset/boost/python/detail/is_xxx.hpp:8,
                       from bpl-subset/bpl_subset/boost/python/detail/is_auto_ptr.hpp:9,
                       from bpl-subset/bpl_subset/boost/python/detail/copy_ctor_mutates_rhs.hpp:8,
                       from bpl-subset/bpl_subset/boost/python/detail/value_arg.hpp:7,
                       from bpl-subset/bpl_subset/boost/python/object/forward.hpp:13,
                       from bpl-subset/bpl_subset/boost/python/object/pointer_holder.hpp:16,
                       from bpl-subset/bpl_subset/boost/python/to_python_indirect.hpp:10,
                       from bpl-subset/bpl_subset/boost/python/converter/arg_to_python.hpp:10,
                       from bpl-subset/bpl_subset/boost/python/call.hpp:15,
                       from bpl-subset/bpl_subset/boost/python/object_core.hpp:14,
                       from bpl-subset/bpl_subset/boost/python/object.hpp:9,
                       from bpl-subset/bpl_subset/boost/python/long.hpp:10,
                       from bpl-subset/bpl_subset/libs/python/src/long.cpp:5:
      bpl-subset/bpl_subset/boost/python/detail/is_auto_ptr.hpp:17:40: warning: ‘template<class> class std::auto_ptr’ is deprecated: use 'std::unique_ptr' instead [-Wdeprecated-declarations]
         17 | BOOST_PYTHON_IS_XXX_DEF(auto_ptr, std::auto_ptr, 1)
            |                                        ^~~~~~~~
      bpl-subset/bpl_subset/boost/detail/is_xxx.hpp:53:4: note: in definition of macro ‘BOOST_DETAIL_IS_XXX_DEF’
         53 |    qualified_name< BOOST_PP_ENUM_PARAMS_Z(1, nargs, T) >        \
            |    ^~~~~~~~~~~~~~
      bpl-subset/bpl_subset/boost/python/detail/is_auto_ptr.hpp:17:1: note: in expansion of macro ‘BOOST_PYTHON_IS_XXX_DEF’
         17 | BOOST_PYTHON_IS_XXX_DEF(auto_ptr, std::auto_ptr, 1)
            | ^~~~~~~~~~~~~~~~~~~~~~~
      In file included from /usr/include/c++/11/memory:76,
                       from bpl-subset/bpl_subset/boost/config/no_tr1/memory.hpp:21,
                       from bpl-subset/bpl_subset/boost/get_pointer.hpp:12,
                       from bpl-subset/bpl_subset/boost/python/object/pointer_holder.hpp:11,
                       from bpl-subset/bpl_subset/boost/python/to_python_indirect.hpp:10,
                       from bpl-subset/bpl_subset/boost/python/converter/arg_to_python.hpp:10,
                       from bpl-subset/bpl_subset/boost/python/call.hpp:15,
                       from bpl-subset/bpl_subset/boost/python/object_core.hpp:14,
                       from bpl-subset/bpl_subset/boost/python/object.hpp:9,
                       from bpl-subset/bpl_subset/boost/python/long.hpp:10,
                       from bpl-subset/bpl_subset/libs/python/src/long.cpp:5:
      /usr/include/c++/11/bits/unique_ptr.h:57:28: note: declared here
         57 |   template<typename> class auto_ptr;
            |                            ^~~~~~~~
      In file included from bpl-subset/bpl_subset/boost/mpl/aux_/na_assert.hpp:23,
                       from bpl-subset/bpl_subset/boost/mpl/arg.hpp:25,
                       from bpl-subset/bpl_subset/boost/mpl/placeholders.hpp:24,
                       from bpl-subset/bpl_subset/boost/mpl/apply.hpp:24,
                       from bpl-subset/bpl_subset/boost/python/object/pointer_holder.hpp:27,
                       from bpl-subset/bpl_subset/boost/python/to_python_indirect.hpp:10,
                       from bpl-subset/bpl_subset/boost/python/converter/arg_to_python.hpp:10,
                       from bpl-subset/bpl_subset/boost/python/call.hpp:15,
                       from bpl-subset/bpl_subset/boost/python/object_core.hpp:14,
                       from bpl-subset/bpl_subset/boost/python/object.hpp:9,
                       from bpl-subset/bpl_subset/boost/python/long.hpp:10,
                       from bpl-subset/bpl_subset/libs/python/src/long.cpp:5:
      bpl-subset/bpl_subset/boost/mpl/assert.hpp:154:21: warning: unnecessary parentheses in declaration of ‘assert_arg’ [-Wparentheses]
        154 | failed ************ (Pred::************
            |                     ^~~~~~~~~~~~~~~~~~~
        155 |       assert_arg( void (*)(Pred), typename assert_arg_pred<Pred>::type )
            |       ~~~~~~~~~~~~~~~~~~~~~~~~~~~~~~~~~~~~~~~~~~~~~~~~~~~~~~~~~~~~~~~~~~
        156 |     );
            |     ~
      bpl-subset/bpl_subset/boost/mpl/assert.hpp:154:21: note: remove parentheses
        154 | failed ************ (Pred::************
            |                     ^~~~~~~~~~~~~~~~~~~
            |                     -
        155 |       assert_arg( void (*)(Pred), typename assert_arg_pred<Pred>::type )
            |       ~~~~~~~~~~~~~~~~~~~~~~~~~~~~~~~~~~~~~~~~~~~~~~~~~~~~~~~~~~~~~~~~~~
        156 |     );
            |     ~
            |     -
      bpl-subset/bpl_subset/boost/mpl/assert.hpp:159:21: warning: unnecessary parentheses in declaration of ‘assert_not_arg’ [-Wparentheses]
        159 | failed ************ (boost::mpl::not_<Pred>::************
            |                     ^~~~~~~~~~~~~~~~~~~~~~~~~~~~~~~~~~~~~
        160 |       assert_not_arg( void (*)(Pred), typename assert_arg_pred_not<Pred>::type )
            |       ~~~~~~~~~~~~~~~~~~~~~~~~~~~~~~~~~~~~~~~~~~~~~~~~~~~~~~~~~~~~~~~~~~~~~~~~~~
        161 |     );
            |     ~
      bpl-subset/bpl_subset/boost/mpl/assert.hpp:159:21: note: remove parentheses
        159 | failed ************ (boost::mpl::not_<Pred>::************
            |                     ^~~~~~~~~~~~~~~~~~~~~~~~~~~~~~~~~~~~~
            |                     -
        160 |       assert_not_arg( void (*)(Pred), typename assert_arg_pred_not<Pred>::type )
            |       ~~~~~~~~~~~~~~~~~~~~~~~~~~~~~~~~~~~~~~~~~~~~~~~~~~~~~~~~~~~~~~~~~~~~~~~~~~
        161 |     );
            |     ~
            |     -
      In file included from bpl-subset/bpl_subset/boost/python/refcount.hpp:9,
                       from bpl-subset/bpl_subset/boost/python/to_python_indirect.hpp:19,
                       from bpl-subset/bpl_subset/boost/python/converter/arg_to_python.hpp:10,
                       from bpl-subset/bpl_subset/boost/python/call.hpp:15,
                       from bpl-subset/bpl_subset/boost/python/object_core.hpp:14,
                       from bpl-subset/bpl_subset/boost/python/object.hpp:9,
                       from bpl-subset/bpl_subset/boost/python/long.hpp:10,
                       from bpl-subset/bpl_subset/libs/python/src/long.cpp:5:
      bpl-subset/bpl_subset/boost/python/cast.hpp: In function ‘void pycudaboost::python::detail::assert_castable(pycudaboost::type<T>*)’:
      bpl-subset/bpl_subset/boost/python/cast.hpp:73:20: warning: typedef ‘must_be_a_complete_type’ locally defined but not used [-Wunused-local-typedefs]
         73 |       typedef char must_be_a_complete_type[sizeof(T)];
            |                    ^~~~~~~~~~~~~~~~~~~~~~~
      In file included from bpl-subset/bpl_subset/boost/python/converter/arg_to_python.hpp:10,
                       from bpl-subset/bpl_subset/boost/python/call.hpp:15,
                       from bpl-subset/bpl_subset/boost/python/object_core.hpp:14,
                       from bpl-subset/bpl_subset/boost/python/object.hpp:9,
                       from bpl-subset/bpl_subset/boost/python/long.hpp:10,
                       from bpl-subset/bpl_subset/libs/python/src/long.cpp:5:
      bpl-subset/bpl_subset/boost/python/to_python_indirect.hpp: In static member function ‘static PyObject* pycudaboost::python::detail::make_owning_holder::execute(T*)’:
      bpl-subset/bpl_subset/boost/python/to_python_indirect.hpp:90:24: warning: ‘template<class> class std::auto_ptr’ is deprecated: use 'std::unique_ptr' instead [-Wdeprecated-declarations]
         90 |           typedef std::auto_ptr<T> smart_pointer;
            |                        ^~~~~~~~
      In file included from /usr/include/c++/11/memory:76,
                       from bpl-subset/bpl_subset/boost/config/no_tr1/memory.hpp:21,
                       from bpl-subset/bpl_subset/boost/get_pointer.hpp:12,
                       from bpl-subset/bpl_subset/boost/python/object/pointer_holder.hpp:11,
                       from bpl-subset/bpl_subset/boost/python/to_python_indirect.hpp:10,
                       from bpl-subset/bpl_subset/boost/python/converter/arg_to_python.hpp:10,
                       from bpl-subset/bpl_subset/boost/python/call.hpp:15,
                       from bpl-subset/bpl_subset/boost/python/object_core.hpp:14,
                       from bpl-subset/bpl_subset/boost/python/object.hpp:9,
                       from bpl-subset/bpl_subset/boost/python/long.hpp:10,
                       from bpl-subset/bpl_subset/libs/python/src/long.cpp:5:
      /usr/include/c++/11/bits/unique_ptr.h:57:28: note: declared here
         57 |   template<typename> class auto_ptr;
            |                            ^~~~~~~~
      In file included from bpl-subset/bpl_subset/boost/smart_ptr/shared_ptr.hpp:32,
                       from bpl-subset/bpl_subset/boost/shared_ptr.hpp:17,
                       from bpl-subset/bpl_subset/boost/python/converter/shared_ptr_to_python.hpp:10,
                       from bpl-subset/bpl_subset/boost/python/converter/arg_to_python.hpp:15,
                       from bpl-subset/bpl_subset/boost/python/call.hpp:15,
                       from bpl-subset/bpl_subset/boost/python/object_core.hpp:14,
                       from bpl-subset/bpl_subset/boost/python/object.hpp:9,
                       from bpl-subset/bpl_subset/boost/python/long.hpp:10,
                       from bpl-subset/bpl_subset/libs/python/src/long.cpp:5:
      bpl-subset/bpl_subset/boost/smart_ptr/detail/shared_count.hpp: At global scope:
      bpl-subset/bpl_subset/boost/smart_ptr/detail/shared_count.hpp:284:33: warning: ‘template<class> class std::auto_ptr’ is deprecated: use 'std::unique_ptr' instead [-Wdeprecated-declarations]
        284 |     explicit shared_count( std::auto_ptr<Y> & r ): pi_( new sp_counted_impl_p<Y>( r.get() ) )
            |                                 ^~~~~~~~
      In file included from /usr/include/c++/11/memory:76,
                       from bpl-subset/bpl_subset/boost/config/no_tr1/memory.hpp:21,
                       from bpl-subset/bpl_subset/boost/get_pointer.hpp:12,
                       from bpl-subset/bpl_subset/boost/python/object/pointer_holder.hpp:11,
                       from bpl-subset/bpl_subset/boost/python/to_python_indirect.hpp:10,
                       from bpl-subset/bpl_subset/boost/python/converter/arg_to_python.hpp:10,
                       from bpl-subset/bpl_subset/boost/python/call.hpp:15,
                       from bpl-subset/bpl_subset/boost/python/object_core.hpp:14,
                       from bpl-subset/bpl_subset/boost/python/object.hpp:9,
                       from bpl-subset/bpl_subset/boost/python/long.hpp:10,
                       from bpl-subset/bpl_subset/libs/python/src/long.cpp:5:
      /usr/include/c++/11/bits/unique_ptr.h:57:28: note: declared here
         57 |   template<typename> class auto_ptr;
            |                            ^~~~~~~~
      In file included from bpl-subset/bpl_subset/boost/shared_ptr.hpp:17,
                       from bpl-subset/bpl_subset/boost/python/converter/shared_ptr_to_python.hpp:10,
                       from bpl-subset/bpl_subset/boost/python/converter/arg_to_python.hpp:15,
                       from bpl-subset/bpl_subset/boost/python/call.hpp:15,
                       from bpl-subset/bpl_subset/boost/python/object_core.hpp:14,
                       from bpl-subset/bpl_subset/boost/python/object.hpp:9,
                       from bpl-subset/bpl_subset/boost/python/long.hpp:10,
                       from bpl-subset/bpl_subset/libs/python/src/long.cpp:5:
      bpl-subset/bpl_subset/boost/smart_ptr/shared_ptr.hpp:146:65: warning: ‘template<class> class std::auto_ptr’ is deprecated: use 'std::unique_ptr' instead [-Wdeprecated-declarations]
        146 | template< class T, class R > struct sp_enable_if_auto_ptr< std::auto_ptr< T >, R >
            |                                                                 ^~~~~~~~
      In file included from /usr/include/c++/11/memory:76,
                       from bpl-subset/bpl_subset/boost/config/no_tr1/memory.hpp:21,
                       from bpl-subset/bpl_subset/boost/get_pointer.hpp:12,
                       from bpl-subset/bpl_subset/boost/python/object/pointer_holder.hpp:11,
                       from bpl-subset/bpl_subset/boost/python/to_python_indirect.hpp:10,
                       from bpl-subset/bpl_subset/boost/python/converter/arg_to_python.hpp:10,
                       from bpl-subset/bpl_subset/boost/python/call.hpp:15,
                       from bpl-subset/bpl_subset/boost/python/object_core.hpp:14,
                       from bpl-subset/bpl_subset/boost/python/object.hpp:9,
                       from bpl-subset/bpl_subset/boost/python/long.hpp:10,
                       from bpl-subset/bpl_subset/libs/python/src/long.cpp:5:
      /usr/include/c++/11/bits/unique_ptr.h:57:28: note: declared here
         57 |   template<typename> class auto_ptr;
            |                            ^~~~~~~~
      In file included from bpl-subset/bpl_subset/boost/shared_ptr.hpp:17,
                       from bpl-subset/bpl_subset/boost/python/converter/shared_ptr_to_python.hpp:10,
                       from bpl-subset/bpl_subset/boost/python/converter/arg_to_python.hpp:15,
                       from bpl-subset/bpl_subset/boost/python/call.hpp:15,
                       from bpl-subset/bpl_subset/boost/python/object_core.hpp:14,
                       from bpl-subset/bpl_subset/boost/python/object.hpp:9,
                       from bpl-subset/bpl_subset/boost/python/long.hpp:10,
                       from bpl-subset/bpl_subset/libs/python/src/long.cpp:5:
      bpl-subset/bpl_subset/boost/smart_ptr/shared_ptr.hpp:285:30: warning: ‘template<class> class std::auto_ptr’ is deprecated: use 'std::unique_ptr' instead [-Wdeprecated-declarations]
        285 |     explicit shared_ptr(std::auto_ptr<Y> & r): px(r.get()), pn()
            |                              ^~~~~~~~
      In file included from /usr/include/c++/11/memory:76,
                       from bpl-subset/bpl_subset/boost/config/no_tr1/memory.hpp:21,
                       from bpl-subset/bpl_subset/boost/get_pointer.hpp:12,
                       from bpl-subset/bpl_subset/boost/python/object/pointer_holder.hpp:11,
                       from bpl-subset/bpl_subset/boost/python/to_python_indirect.hpp:10,
                       from bpl-subset/bpl_subset/boost/python/converter/arg_to_python.hpp:10,
                       from bpl-subset/bpl_subset/boost/python/call.hpp:15,
                       from bpl-subset/bpl_subset/boost/python/object_core.hpp:14,
                       from bpl-subset/bpl_subset/boost/python/object.hpp:9,
                       from bpl-subset/bpl_subset/boost/python/long.hpp:10,
                       from bpl-subset/bpl_subset/libs/python/src/long.cpp:5:
      /usr/include/c++/11/bits/unique_ptr.h:57:28: note: declared here
         57 |   template<typename> class auto_ptr;
            |                            ^~~~~~~~
      In file included from bpl-subset/bpl_subset/boost/shared_ptr.hpp:17,
                       from bpl-subset/bpl_subset/boost/python/converter/shared_ptr_to_python.hpp:10,
                       from bpl-subset/bpl_subset/boost/python/converter/arg_to_python.hpp:15,
                       from bpl-subset/bpl_subset/boost/python/call.hpp:15,
                       from bpl-subset/bpl_subset/boost/python/object_core.hpp:14,
                       from bpl-subset/bpl_subset/boost/python/object.hpp:9,
                       from bpl-subset/bpl_subset/boost/python/long.hpp:10,
                       from bpl-subset/bpl_subset/libs/python/src/long.cpp:5:
      bpl-subset/bpl_subset/boost/smart_ptr/shared_ptr.hpp:329:34: warning: ‘template<class> class std::auto_ptr’ is deprecated: use 'std::unique_ptr' instead [-Wdeprecated-declarations]
        329 |     shared_ptr & operator=( std::auto_ptr<Y> & r )
            |                                  ^~~~~~~~
      In file included from /usr/include/c++/11/memory:76,
                       from bpl-subset/bpl_subset/boost/config/no_tr1/memory.hpp:21,
                       from bpl-subset/bpl_subset/boost/get_pointer.hpp:12,
                       from bpl-subset/bpl_subset/boost/python/object/pointer_holder.hpp:11,
                       from bpl-subset/bpl_subset/boost/python/to_python_indirect.hpp:10,
                       from bpl-subset/bpl_subset/boost/python/converter/arg_to_python.hpp:10,
                       from bpl-subset/bpl_subset/boost/python/call.hpp:15,
                       from bpl-subset/bpl_subset/boost/python/object_core.hpp:14,
                       from bpl-subset/bpl_subset/boost/python/object.hpp:9,
                       from bpl-subset/bpl_subset/boost/python/long.hpp:10,
                       from bpl-subset/bpl_subset/libs/python/src/long.cpp:5:
      /usr/include/c++/11/bits/unique_ptr.h:57:28: note: declared here
         57 |   template<typename> class auto_ptr;
            |                            ^~~~~~~~
      In file included from bpl-subset/bpl_subset/boost/python/detail/invoke.hpp:21,
                       from bpl-subset/bpl_subset/boost/python/detail/caller.hpp:16,
                       from bpl-subset/bpl_subset/boost/python/object/function_handle.hpp:8,
                       from bpl-subset/bpl_subset/boost/python/converter/arg_to_python.hpp:19,
                       from bpl-subset/bpl_subset/boost/python/call.hpp:15,
                       from bpl-subset/bpl_subset/boost/python/object_core.hpp:14,
                       from bpl-subset/bpl_subset/boost/python/object.hpp:9,
                       from bpl-subset/bpl_subset/boost/python/long.hpp:10,
                       from bpl-subset/bpl_subset/libs/python/src/long.cpp:5:
      bpl-subset/bpl_subset/boost/python/to_python_value.hpp: In member function ‘PyObject* pycudaboost::python::detail::registry_to_python_value<T>::operator()(pycudaboost::python::detail::registry_to_python_value<T>::argument_type) const’:
      bpl-subset/bpl_subset/boost/python/to_python_value.hpp:150:52: warning: typedef ‘r’ locally defined but not used [-Wunused-local-typedefs]
        150 |       typedef converter::registered<argument_type> r;
            |                                                    ^
      In file included from bpl-subset/bpl_subset/boost/python/object/function_handle.hpp:10,
                       from bpl-subset/bpl_subset/boost/python/converter/arg_to_python.hpp:19,
                       from bpl-subset/bpl_subset/boost/python/call.hpp:15,
                       from bpl-subset/bpl_subset/boost/python/object_core.hpp:14,
                       from bpl-subset/bpl_subset/boost/python/object.hpp:9,
                       from bpl-subset/bpl_subset/boost/python/long.hpp:10,
                       from bpl-subset/bpl_subset/libs/python/src/long.cpp:5:
      bpl-subset/bpl_subset/boost/python/object/py_function.hpp: At global scope:
      bpl-subset/bpl_subset/boost/python/object/py_function.hpp:167:18: warning: ‘template<class> class std::auto_ptr’ is deprecated: use 'std::unique_ptr' instead [-Wdeprecated-declarations]
        167 |     mutable std::auto_ptr<py_function_impl_base> m_impl;
            |                  ^~~~~~~~
      In file included from /usr/include/c++/11/memory:76,
                       from bpl-subset/bpl_subset/boost/config/no_tr1/memory.hpp:21,
                       from bpl-subset/bpl_subset/boost/get_pointer.hpp:12,
                       from bpl-subset/bpl_subset/boost/python/object/pointer_holder.hpp:11,
                       from bpl-subset/bpl_subset/boost/python/to_python_indirect.hpp:10,
                       from bpl-subset/bpl_subset/boost/python/converter/arg_to_python.hpp:10,
                       from bpl-subset/bpl_subset/boost/python/call.hpp:15,
                       from bpl-subset/bpl_subset/boost/python/object_core.hpp:14,
                       from bpl-subset/bpl_subset/boost/python/object.hpp:9,
                       from bpl-subset/bpl_subset/boost/python/long.hpp:10,
                       from bpl-subset/bpl_subset/libs/python/src/long.cpp:5:
      /usr/include/c++/11/bits/unique_ptr.h:57:28: note: declared here
         57 |   template<typename> class auto_ptr;
            |                            ^~~~~~~~
      aarch64-linux-gnu-g++ -Wno-unused-result -Wsign-compare -fwrapv -Wall -O3 -DNDEBUG -fPIC -DBOOST_ALL_NO_LIB=1 -DBOOST_THREAD_BUILD_DLL=1 -DBOOST_MULTI_INDEX_DISABLE_SERIALIZATION=1 -DBOOST_PYTHON_SOURCE=1 -Dboost=pycudaboost -DBOOST_THREAD_DONT_USE_CHRONO=1 -DPYGPU_PACKAGE=pycuda -DPYGPU_PYCUDA=1 -DHAVE_CURAND=1 -Isrc/cpp -Ibpl-subset/bpl_subset -I/tmp/pip-build-env-fkcjx5ad/overlay/local/lib/python3.10/dist-packages/numpy/_core/include -I/usr/include/python3.10 -c bpl-subset/bpl_subset/libs/python/src/module.cpp -o build/temp.linux-aarch64-cpython-310/bpl-subset/bpl_subset/libs/python/src/module.o
      In file included from bpl-subset/bpl_subset/boost/python/object/pointer_holder.hpp:11,
                       from bpl-subset/bpl_subset/boost/python/to_python_indirect.hpp:10,
                       from bpl-subset/bpl_subset/boost/python/converter/arg_to_python.hpp:10,
                       from bpl-subset/bpl_subset/boost/python/call.hpp:15,
                       from bpl-subset/bpl_subset/boost/python/object_core.hpp:14,
                       from bpl-subset/bpl_subset/boost/python/object.hpp:9,
                       from bpl-subset/bpl_subset/boost/python/scope.hpp:9,
                       from bpl-subset/bpl_subset/libs/python/src/module.cpp:9:
      bpl-subset/bpl_subset/boost/get_pointer.hpp:25:40: warning: ‘template<class> class std::auto_ptr’ is deprecated: use 'std::unique_ptr' instead [-Wdeprecated-declarations]
         25 | template<class T> T * get_pointer(std::auto_ptr<T> const& p)
            |                                        ^~~~~~~~
      In file included from /usr/include/c++/11/memory:76,
                       from bpl-subset/bpl_subset/boost/config/no_tr1/memory.hpp:21,
                       from bpl-subset/bpl_subset/boost/get_pointer.hpp:12,
                       from bpl-subset/bpl_subset/boost/python/object/pointer_holder.hpp:11,
                       from bpl-subset/bpl_subset/boost/python/to_python_indirect.hpp:10,
                       from bpl-subset/bpl_subset/boost/python/converter/arg_to_python.hpp:10,
                       from bpl-subset/bpl_subset/boost/python/call.hpp:15,
                       from bpl-subset/bpl_subset/boost/python/object_core.hpp:14,
                       from bpl-subset/bpl_subset/boost/python/object.hpp:9,
                       from bpl-subset/bpl_subset/boost/python/scope.hpp:9,
                       from bpl-subset/bpl_subset/libs/python/src/module.cpp:9:
      /usr/include/c++/11/bits/unique_ptr.h:57:28: note: declared here
         57 |   template<typename> class auto_ptr;
            |                            ^~~~~~~~
      In file included from bpl-subset/bpl_subset/boost/python/detail/is_xxx.hpp:8,
                       from bpl-subset/bpl_subset/boost/python/detail/is_auto_ptr.hpp:9,
                       from bpl-subset/bpl_subset/boost/python/detail/copy_ctor_mutates_rhs.hpp:8,
                       from bpl-subset/bpl_subset/boost/python/detail/value_arg.hpp:7,
                       from bpl-subset/bpl_subset/boost/python/object/forward.hpp:13,
                       from bpl-subset/bpl_subset/boost/python/object/pointer_holder.hpp:16,
                       from bpl-subset/bpl_subset/boost/python/to_python_indirect.hpp:10,
                       from bpl-subset/bpl_subset/boost/python/converter/arg_to_python.hpp:10,
                       from bpl-subset/bpl_subset/boost/python/call.hpp:15,
                       from bpl-subset/bpl_subset/boost/python/object_core.hpp:14,
                       from bpl-subset/bpl_subset/boost/python/object.hpp:9,
                       from bpl-subset/bpl_subset/boost/python/scope.hpp:9,
                       from bpl-subset/bpl_subset/libs/python/src/module.cpp:9:
      bpl-subset/bpl_subset/boost/python/detail/is_auto_ptr.hpp:17:40: warning: ‘template<class> class std::auto_ptr’ is deprecated: use 'std::unique_ptr' instead [-Wdeprecated-declarations]
         17 | BOOST_PYTHON_IS_XXX_DEF(auto_ptr, std::auto_ptr, 1)
            |                                        ^~~~~~~~
      bpl-subset/bpl_subset/boost/detail/is_xxx.hpp:53:4: note: in definition of macro ‘BOOST_DETAIL_IS_XXX_DEF’
         53 |    qualified_name< BOOST_PP_ENUM_PARAMS_Z(1, nargs, T) >        \
            |    ^~~~~~~~~~~~~~
      bpl-subset/bpl_subset/boost/python/detail/is_auto_ptr.hpp:17:1: note: in expansion of macro ‘BOOST_PYTHON_IS_XXX_DEF’
         17 | BOOST_PYTHON_IS_XXX_DEF(auto_ptr, std::auto_ptr, 1)
            | ^~~~~~~~~~~~~~~~~~~~~~~
      In file included from /usr/include/c++/11/memory:76,
                       from bpl-subset/bpl_subset/boost/config/no_tr1/memory.hpp:21,
                       from bpl-subset/bpl_subset/boost/get_pointer.hpp:12,
                       from bpl-subset/bpl_subset/boost/python/object/pointer_holder.hpp:11,
                       from bpl-subset/bpl_subset/boost/python/to_python_indirect.hpp:10,
                       from bpl-subset/bpl_subset/boost/python/converter/arg_to_python.hpp:10,
                       from bpl-subset/bpl_subset/boost/python/call.hpp:15,
                       from bpl-subset/bpl_subset/boost/python/object_core.hpp:14,
                       from bpl-subset/bpl_subset/boost/python/object.hpp:9,
                       from bpl-subset/bpl_subset/boost/python/scope.hpp:9,
                       from bpl-subset/bpl_subset/libs/python/src/module.cpp:9:
      /usr/include/c++/11/bits/unique_ptr.h:57:28: note: declared here
         57 |   template<typename> class auto_ptr;
            |                            ^~~~~~~~
      In file included from bpl-subset/bpl_subset/boost/mpl/aux_/na_assert.hpp:23,
                       from bpl-subset/bpl_subset/boost/mpl/arg.hpp:25,
                       from bpl-subset/bpl_subset/boost/mpl/placeholders.hpp:24,
                       from bpl-subset/bpl_subset/boost/mpl/apply.hpp:24,
                       from bpl-subset/bpl_subset/boost/python/object/pointer_holder.hpp:27,
                       from bpl-subset/bpl_subset/boost/python/to_python_indirect.hpp:10,
                       from bpl-subset/bpl_subset/boost/python/converter/arg_to_python.hpp:10,
                       from bpl-subset/bpl_subset/boost/python/call.hpp:15,
                       from bpl-subset/bpl_subset/boost/python/object_core.hpp:14,
                       from bpl-subset/bpl_subset/boost/python/object.hpp:9,
                       from bpl-subset/bpl_subset/boost/python/scope.hpp:9,
                       from bpl-subset/bpl_subset/libs/python/src/module.cpp:9:
      bpl-subset/bpl_subset/boost/mpl/assert.hpp:154:21: warning: unnecessary parentheses in declaration of ‘assert_arg’ [-Wparentheses]
        154 | failed ************ (Pred::************
            |                     ^~~~~~~~~~~~~~~~~~~
        155 |       assert_arg( void (*)(Pred), typename assert_arg_pred<Pred>::type )
            |       ~~~~~~~~~~~~~~~~~~~~~~~~~~~~~~~~~~~~~~~~~~~~~~~~~~~~~~~~~~~~~~~~~~
        156 |     );
            |     ~
      bpl-subset/bpl_subset/boost/mpl/assert.hpp:154:21: note: remove parentheses
        154 | failed ************ (Pred::************
            |                     ^~~~~~~~~~~~~~~~~~~
            |                     -
        155 |       assert_arg( void (*)(Pred), typename assert_arg_pred<Pred>::type )
            |       ~~~~~~~~~~~~~~~~~~~~~~~~~~~~~~~~~~~~~~~~~~~~~~~~~~~~~~~~~~~~~~~~~~
        156 |     );
            |     ~
            |     -
      bpl-subset/bpl_subset/boost/mpl/assert.hpp:159:21: warning: unnecessary parentheses in declaration of ‘assert_not_arg’ [-Wparentheses]
        159 | failed ************ (boost::mpl::not_<Pred>::************
            |                     ^~~~~~~~~~~~~~~~~~~~~~~~~~~~~~~~~~~~~
        160 |       assert_not_arg( void (*)(Pred), typename assert_arg_pred_not<Pred>::type )
            |       ~~~~~~~~~~~~~~~~~~~~~~~~~~~~~~~~~~~~~~~~~~~~~~~~~~~~~~~~~~~~~~~~~~~~~~~~~~
        161 |     );
            |     ~
      bpl-subset/bpl_subset/boost/mpl/assert.hpp:159:21: note: remove parentheses
        159 | failed ************ (boost::mpl::not_<Pred>::************
            |                     ^~~~~~~~~~~~~~~~~~~~~~~~~~~~~~~~~~~~~
            |                     -
        160 |       assert_not_arg( void (*)(Pred), typename assert_arg_pred_not<Pred>::type )
            |       ~~~~~~~~~~~~~~~~~~~~~~~~~~~~~~~~~~~~~~~~~~~~~~~~~~~~~~~~~~~~~~~~~~~~~~~~~~
        161 |     );
            |     ~
            |     -
      In file included from bpl-subset/bpl_subset/boost/python/refcount.hpp:9,
                       from bpl-subset/bpl_subset/boost/python/to_python_indirect.hpp:19,
                       from bpl-subset/bpl_subset/boost/python/converter/arg_to_python.hpp:10,
                       from bpl-subset/bpl_subset/boost/python/call.hpp:15,
                       from bpl-subset/bpl_subset/boost/python/object_core.hpp:14,
                       from bpl-subset/bpl_subset/boost/python/object.hpp:9,
                       from bpl-subset/bpl_subset/boost/python/scope.hpp:9,
                       from bpl-subset/bpl_subset/libs/python/src/module.cpp:9:
      bpl-subset/bpl_subset/boost/python/cast.hpp: In function ‘void pycudaboost::python::detail::assert_castable(pycudaboost::type<T>*)’:
      bpl-subset/bpl_subset/boost/python/cast.hpp:73:20: warning: typedef ‘must_be_a_complete_type’ locally defined but not used [-Wunused-local-typedefs]
         73 |       typedef char must_be_a_complete_type[sizeof(T)];
            |                    ^~~~~~~~~~~~~~~~~~~~~~~
      In file included from bpl-subset/bpl_subset/boost/python/converter/arg_to_python.hpp:10,
                       from bpl-subset/bpl_subset/boost/python/call.hpp:15,
                       from bpl-subset/bpl_subset/boost/python/object_core.hpp:14,
                       from bpl-subset/bpl_subset/boost/python/object.hpp:9,
                       from bpl-subset/bpl_subset/boost/python/scope.hpp:9,
                       from bpl-subset/bpl_subset/libs/python/src/module.cpp:9:
      bpl-subset/bpl_subset/boost/python/to_python_indirect.hpp: In static member function ‘static PyObject* pycudaboost::python::detail::make_owning_holder::execute(T*)’:
      bpl-subset/bpl_subset/boost/python/to_python_indirect.hpp:90:24: warning: ‘template<class> class std::auto_ptr’ is deprecated: use 'std::unique_ptr' instead [-Wdeprecated-declarations]
         90 |           typedef std::auto_ptr<T> smart_pointer;
            |                        ^~~~~~~~
      In file included from /usr/include/c++/11/memory:76,
                       from bpl-subset/bpl_subset/boost/config/no_tr1/memory.hpp:21,
                       from bpl-subset/bpl_subset/boost/get_pointer.hpp:12,
                       from bpl-subset/bpl_subset/boost/python/object/pointer_holder.hpp:11,
                       from bpl-subset/bpl_subset/boost/python/to_python_indirect.hpp:10,
                       from bpl-subset/bpl_subset/boost/python/converter/arg_to_python.hpp:10,
                       from bpl-subset/bpl_subset/boost/python/call.hpp:15,
                       from bpl-subset/bpl_subset/boost/python/object_core.hpp:14,
                       from bpl-subset/bpl_subset/boost/python/object.hpp:9,
                       from bpl-subset/bpl_subset/boost/python/scope.hpp:9,
                       from bpl-subset/bpl_subset/libs/python/src/module.cpp:9:
      /usr/include/c++/11/bits/unique_ptr.h:57:28: note: declared here
         57 |   template<typename> class auto_ptr;
            |                            ^~~~~~~~
      In file included from bpl-subset/bpl_subset/boost/smart_ptr/shared_ptr.hpp:32,
                       from bpl-subset/bpl_subset/boost/shared_ptr.hpp:17,
                       from bpl-subset/bpl_subset/boost/python/converter/shared_ptr_to_python.hpp:10,
                       from bpl-subset/bpl_subset/boost/python/converter/arg_to_python.hpp:15,
                       from bpl-subset/bpl_subset/boost/python/call.hpp:15,
                       from bpl-subset/bpl_subset/boost/python/object_core.hpp:14,
                       from bpl-subset/bpl_subset/boost/python/object.hpp:9,
                       from bpl-subset/bpl_subset/boost/python/scope.hpp:9,
                       from bpl-subset/bpl_subset/libs/python/src/module.cpp:9:
      bpl-subset/bpl_subset/boost/smart_ptr/detail/shared_count.hpp: At global scope:
      bpl-subset/bpl_subset/boost/smart_ptr/detail/shared_count.hpp:284:33: warning: ‘template<class> class std::auto_ptr’ is deprecated: use 'std::unique_ptr' instead [-Wdeprecated-declarations]
        284 |     explicit shared_count( std::auto_ptr<Y> & r ): pi_( new sp_counted_impl_p<Y>( r.get() ) )
            |                                 ^~~~~~~~
      In file included from /usr/include/c++/11/memory:76,
                       from bpl-subset/bpl_subset/boost/config/no_tr1/memory.hpp:21,
                       from bpl-subset/bpl_subset/boost/get_pointer.hpp:12,
                       from bpl-subset/bpl_subset/boost/python/object/pointer_holder.hpp:11,
                       from bpl-subset/bpl_subset/boost/python/to_python_indirect.hpp:10,
                       from bpl-subset/bpl_subset/boost/python/converter/arg_to_python.hpp:10,
                       from bpl-subset/bpl_subset/boost/python/call.hpp:15,
                       from bpl-subset/bpl_subset/boost/python/object_core.hpp:14,
                       from bpl-subset/bpl_subset/boost/python/object.hpp:9,
                       from bpl-subset/bpl_subset/boost/python/scope.hpp:9,
                       from bpl-subset/bpl_subset/libs/python/src/module.cpp:9:
      /usr/include/c++/11/bits/unique_ptr.h:57:28: note: declared here
         57 |   template<typename> class auto_ptr;
            |                            ^~~~~~~~
      In file included from bpl-subset/bpl_subset/boost/shared_ptr.hpp:17,
                       from bpl-subset/bpl_subset/boost/python/converter/shared_ptr_to_python.hpp:10,
                       from bpl-subset/bpl_subset/boost/python/converter/arg_to_python.hpp:15,
                       from bpl-subset/bpl_subset/boost/python/call.hpp:15,
                       from bpl-subset/bpl_subset/boost/python/object_core.hpp:14,
                       from bpl-subset/bpl_subset/boost/python/object.hpp:9,
                       from bpl-subset/bpl_subset/boost/python/scope.hpp:9,
                       from bpl-subset/bpl_subset/libs/python/src/module.cpp:9:
      bpl-subset/bpl_subset/boost/smart_ptr/shared_ptr.hpp:146:65: warning: ‘template<class> class std::auto_ptr’ is deprecated: use 'std::unique_ptr' instead [-Wdeprecated-declarations]
        146 | template< class T, class R > struct sp_enable_if_auto_ptr< std::auto_ptr< T >, R >
            |                                                                 ^~~~~~~~
      In file included from /usr/include/c++/11/memory:76,
                       from bpl-subset/bpl_subset/boost/config/no_tr1/memory.hpp:21,
                       from bpl-subset/bpl_subset/boost/get_pointer.hpp:12,
                       from bpl-subset/bpl_subset/boost/python/object/pointer_holder.hpp:11,
                       from bpl-subset/bpl_subset/boost/python/to_python_indirect.hpp:10,
                       from bpl-subset/bpl_subset/boost/python/converter/arg_to_python.hpp:10,
                       from bpl-subset/bpl_subset/boost/python/call.hpp:15,
                       from bpl-subset/bpl_subset/boost/python/object_core.hpp:14,
                       from bpl-subset/bpl_subset/boost/python/object.hpp:9,
                       from bpl-subset/bpl_subset/boost/python/scope.hpp:9,
                       from bpl-subset/bpl_subset/libs/python/src/module.cpp:9:
      /usr/include/c++/11/bits/unique_ptr.h:57:28: note: declared here
         57 |   template<typename> class auto_ptr;
            |                            ^~~~~~~~
      In file included from bpl-subset/bpl_subset/boost/shared_ptr.hpp:17,
                       from bpl-subset/bpl_subset/boost/python/converter/shared_ptr_to_python.hpp:10,
                       from bpl-subset/bpl_subset/boost/python/converter/arg_to_python.hpp:15,
                       from bpl-subset/bpl_subset/boost/python/call.hpp:15,
                       from bpl-subset/bpl_subset/boost/python/object_core.hpp:14,
                       from bpl-subset/bpl_subset/boost/python/object.hpp:9,
                       from bpl-subset/bpl_subset/boost/python/scope.hpp:9,
                       from bpl-subset/bpl_subset/libs/python/src/module.cpp:9:
      bpl-subset/bpl_subset/boost/smart_ptr/shared_ptr.hpp:285:30: warning: ‘template<class> class std::auto_ptr’ is deprecated: use 'std::unique_ptr' instead [-Wdeprecated-declarations]
        285 |     explicit shared_ptr(std::auto_ptr<Y> & r): px(r.get()), pn()
            |                              ^~~~~~~~
      In file included from /usr/include/c++/11/memory:76,
                       from bpl-subset/bpl_subset/boost/config/no_tr1/memory.hpp:21,
                       from bpl-subset/bpl_subset/boost/get_pointer.hpp:12,
                       from bpl-subset/bpl_subset/boost/python/object/pointer_holder.hpp:11,
                       from bpl-subset/bpl_subset/boost/python/to_python_indirect.hpp:10,
                       from bpl-subset/bpl_subset/boost/python/converter/arg_to_python.hpp:10,
                       from bpl-subset/bpl_subset/boost/python/call.hpp:15,
                       from bpl-subset/bpl_subset/boost/python/object_core.hpp:14,
                       from bpl-subset/bpl_subset/boost/python/object.hpp:9,
                       from bpl-subset/bpl_subset/boost/python/scope.hpp:9,
                       from bpl-subset/bpl_subset/libs/python/src/module.cpp:9:
      /usr/include/c++/11/bits/unique_ptr.h:57:28: note: declared here
         57 |   template<typename> class auto_ptr;
            |                            ^~~~~~~~
      In file included from bpl-subset/bpl_subset/boost/shared_ptr.hpp:17,
                       from bpl-subset/bpl_subset/boost/python/converter/shared_ptr_to_python.hpp:10,
                       from bpl-subset/bpl_subset/boost/python/converter/arg_to_python.hpp:15,
                       from bpl-subset/bpl_subset/boost/python/call.hpp:15,
                       from bpl-subset/bpl_subset/boost/python/object_core.hpp:14,
                       from bpl-subset/bpl_subset/boost/python/object.hpp:9,
                       from bpl-subset/bpl_subset/boost/python/scope.hpp:9,
                       from bpl-subset/bpl_subset/libs/python/src/module.cpp:9:
      bpl-subset/bpl_subset/boost/smart_ptr/shared_ptr.hpp:329:34: warning: ‘template<class> class std::auto_ptr’ is deprecated: use 'std::unique_ptr' instead [-Wdeprecated-declarations]
        329 |     shared_ptr & operator=( std::auto_ptr<Y> & r )
            |                                  ^~~~~~~~
      In file included from /usr/include/c++/11/memory:76,
                       from bpl-subset/bpl_subset/boost/config/no_tr1/memory.hpp:21,
                       from bpl-subset/bpl_subset/boost/get_pointer.hpp:12,
                       from bpl-subset/bpl_subset/boost/python/object/pointer_holder.hpp:11,
                       from bpl-subset/bpl_subset/boost/python/to_python_indirect.hpp:10,
                       from bpl-subset/bpl_subset/boost/python/converter/arg_to_python.hpp:10,
                       from bpl-subset/bpl_subset/boost/python/call.hpp:15,
                       from bpl-subset/bpl_subset/boost/python/object_core.hpp:14,
                       from bpl-subset/bpl_subset/boost/python/object.hpp:9,
                       from bpl-subset/bpl_subset/boost/python/scope.hpp:9,
                       from bpl-subset/bpl_subset/libs/python/src/module.cpp:9:
      /usr/include/c++/11/bits/unique_ptr.h:57:28: note: declared here
         57 |   template<typename> class auto_ptr;
            |                            ^~~~~~~~
      In file included from bpl-subset/bpl_subset/boost/python/detail/invoke.hpp:21,
                       from bpl-subset/bpl_subset/boost/python/detail/caller.hpp:16,
                       from bpl-subset/bpl_subset/boost/python/object/function_handle.hpp:8,
                       from bpl-subset/bpl_subset/boost/python/converter/arg_to_python.hpp:19,
                       from bpl-subset/bpl_subset/boost/python/call.hpp:15,
                       from bpl-subset/bpl_subset/boost/python/object_core.hpp:14,
                       from bpl-subset/bpl_subset/boost/python/object.hpp:9,
                       from bpl-subset/bpl_subset/boost/python/scope.hpp:9,
                       from bpl-subset/bpl_subset/libs/python/src/module.cpp:9:
      bpl-subset/bpl_subset/boost/python/to_python_value.hpp: In member function ‘PyObject* pycudaboost::python::detail::registry_to_python_value<T>::operator()(pycudaboost::python::detail::registry_to_python_value<T>::argument_type) const’:
      bpl-subset/bpl_subset/boost/python/to_python_value.hpp:150:52: warning: typedef ‘r’ locally defined but not used [-Wunused-local-typedefs]
        150 |       typedef converter::registered<argument_type> r;
            |                                                    ^
      In file included from bpl-subset/bpl_subset/boost/python/object/function_handle.hpp:10,
                       from bpl-subset/bpl_subset/boost/python/converter/arg_to_python.hpp:19,
                       from bpl-subset/bpl_subset/boost/python/call.hpp:15,
                       from bpl-subset/bpl_subset/boost/python/object_core.hpp:14,
                       from bpl-subset/bpl_subset/boost/python/object.hpp:9,
                       from bpl-subset/bpl_subset/boost/python/scope.hpp:9,
                       from bpl-subset/bpl_subset/libs/python/src/module.cpp:9:
      bpl-subset/bpl_subset/boost/python/object/py_function.hpp: At global scope:
      bpl-subset/bpl_subset/boost/python/object/py_function.hpp:167:18: warning: ‘template<class> class std::auto_ptr’ is deprecated: use 'std::unique_ptr' instead [-Wdeprecated-declarations]
        167 |     mutable std::auto_ptr<py_function_impl_base> m_impl;
            |                  ^~~~~~~~
      In file included from /usr/include/c++/11/memory:76,
                       from bpl-subset/bpl_subset/boost/config/no_tr1/memory.hpp:21,
                       from bpl-subset/bpl_subset/boost/get_pointer.hpp:12,
                       from bpl-subset/bpl_subset/boost/python/object/pointer_holder.hpp:11,
                       from bpl-subset/bpl_subset/boost/python/to_python_indirect.hpp:10,
                       from bpl-subset/bpl_subset/boost/python/converter/arg_to_python.hpp:10,
                       from bpl-subset/bpl_subset/boost/python/call.hpp:15,
                       from bpl-subset/bpl_subset/boost/python/object_core.hpp:14,
                       from bpl-subset/bpl_subset/boost/python/object.hpp:9,
                       from bpl-subset/bpl_subset/boost/python/scope.hpp:9,
                       from bpl-subset/bpl_subset/libs/python/src/module.cpp:9:
      /usr/include/c++/11/bits/unique_ptr.h:57:28: note: declared here
         57 |   template<typename> class auto_ptr;
            |                            ^~~~~~~~
      aarch64-linux-gnu-g++ -Wno-unused-result -Wsign-compare -fwrapv -Wall -O3 -DNDEBUG -fPIC -DBOOST_ALL_NO_LIB=1 -DBOOST_THREAD_BUILD_DLL=1 -DBOOST_MULTI_INDEX_DISABLE_SERIALIZATION=1 -DBOOST_PYTHON_SOURCE=1 -Dboost=pycudaboost -DBOOST_THREAD_DONT_USE_CHRONO=1 -DPYGPU_PACKAGE=pycuda -DPYGPU_PYCUDA=1 -DHAVE_CURAND=1 -Isrc/cpp -Ibpl-subset/bpl_subset -I/tmp/pip-build-env-fkcjx5ad/overlay/local/lib/python3.10/dist-packages/numpy/_core/include -I/usr/include/python3.10 -c bpl-subset/bpl_subset/libs/python/src/numeric.cpp -o build/temp.linux-aarch64-cpython-310/bpl-subset/bpl_subset/libs/python/src/numeric.o
      In file included from bpl-subset/bpl_subset/boost/python/object/pointer_holder.hpp:11,
                       from bpl-subset/bpl_subset/boost/python/to_python_indirect.hpp:10,
                       from bpl-subset/bpl_subset/boost/python/converter/arg_to_python.hpp:10,
                       from bpl-subset/bpl_subset/boost/python/call.hpp:15,
                       from bpl-subset/bpl_subset/boost/python/object_core.hpp:14,
                       from bpl-subset/bpl_subset/boost/python/object.hpp:9,
                       from bpl-subset/bpl_subset/boost/python/tuple.hpp:10,
                       from bpl-subset/bpl_subset/boost/python/numeric.hpp:10,
                       from bpl-subset/bpl_subset/libs/python/src/numeric.cpp:6:
      bpl-subset/bpl_subset/boost/get_pointer.hpp:25:40: warning: ‘template<class> class std::auto_ptr’ is deprecated: use 'std::unique_ptr' instead [-Wdeprecated-declarations]
         25 | template<class T> T * get_pointer(std::auto_ptr<T> const& p)
            |                                        ^~~~~~~~
      In file included from /usr/include/c++/11/memory:76,
                       from bpl-subset/bpl_subset/boost/config/no_tr1/memory.hpp:21,
                       from bpl-subset/bpl_subset/boost/get_pointer.hpp:12,
                       from bpl-subset/bpl_subset/boost/python/object/pointer_holder.hpp:11,
                       from bpl-subset/bpl_subset/boost/python/to_python_indirect.hpp:10,
                       from bpl-subset/bpl_subset/boost/python/converter/arg_to_python.hpp:10,
                       from bpl-subset/bpl_subset/boost/python/call.hpp:15,
                       from bpl-subset/bpl_subset/boost/python/object_core.hpp:14,
                       from bpl-subset/bpl_subset/boost/python/object.hpp:9,
                       from bpl-subset/bpl_subset/boost/python/tuple.hpp:10,
                       from bpl-subset/bpl_subset/boost/python/numeric.hpp:10,
                       from bpl-subset/bpl_subset/libs/python/src/numeric.cpp:6:
      /usr/include/c++/11/bits/unique_ptr.h:57:28: note: declared here
         57 |   template<typename> class auto_ptr;
            |                            ^~~~~~~~
      In file included from bpl-subset/bpl_subset/boost/python/detail/is_xxx.hpp:8,
                       from bpl-subset/bpl_subset/boost/python/detail/is_auto_ptr.hpp:9,
                       from bpl-subset/bpl_subset/boost/python/detail/copy_ctor_mutates_rhs.hpp:8,
                       from bpl-subset/bpl_subset/boost/python/detail/value_arg.hpp:7,
                       from bpl-subset/bpl_subset/boost/python/object/forward.hpp:13,
                       from bpl-subset/bpl_subset/boost/python/object/pointer_holder.hpp:16,
                       from bpl-subset/bpl_subset/boost/python/to_python_indirect.hpp:10,
                       from bpl-subset/bpl_subset/boost/python/converter/arg_to_python.hpp:10,
                       from bpl-subset/bpl_subset/boost/python/call.hpp:15,
                       from bpl-subset/bpl_subset/boost/python/object_core.hpp:14,
                       from bpl-subset/bpl_subset/boost/python/object.hpp:9,
                       from bpl-subset/bpl_subset/boost/python/tuple.hpp:10,
                       from bpl-subset/bpl_subset/boost/python/numeric.hpp:10,
                       from bpl-subset/bpl_subset/libs/python/src/numeric.cpp:6:
      bpl-subset/bpl_subset/boost/python/detail/is_auto_ptr.hpp:17:40: warning: ‘template<class> class std::auto_ptr’ is deprecated: use 'std::unique_ptr' instead [-Wdeprecated-declarations]
         17 | BOOST_PYTHON_IS_XXX_DEF(auto_ptr, std::auto_ptr, 1)
            |                                        ^~~~~~~~
      bpl-subset/bpl_subset/boost/detail/is_xxx.hpp:53:4: note: in definition of macro ‘BOOST_DETAIL_IS_XXX_DEF’
         53 |    qualified_name< BOOST_PP_ENUM_PARAMS_Z(1, nargs, T) >        \
            |    ^~~~~~~~~~~~~~
      bpl-subset/bpl_subset/boost/python/detail/is_auto_ptr.hpp:17:1: note: in expansion of macro ‘BOOST_PYTHON_IS_XXX_DEF’
         17 | BOOST_PYTHON_IS_XXX_DEF(auto_ptr, std::auto_ptr, 1)
            | ^~~~~~~~~~~~~~~~~~~~~~~
      In file included from /usr/include/c++/11/memory:76,
                       from bpl-subset/bpl_subset/boost/config/no_tr1/memory.hpp:21,
                       from bpl-subset/bpl_subset/boost/get_pointer.hpp:12,
                       from bpl-subset/bpl_subset/boost/python/object/pointer_holder.hpp:11,
                       from bpl-subset/bpl_subset/boost/python/to_python_indirect.hpp:10,
                       from bpl-subset/bpl_subset/boost/python/converter/arg_to_python.hpp:10,
                       from bpl-subset/bpl_subset/boost/python/call.hpp:15,
                       from bpl-subset/bpl_subset/boost/python/object_core.hpp:14,
                       from bpl-subset/bpl_subset/boost/python/object.hpp:9,
                       from bpl-subset/bpl_subset/boost/python/tuple.hpp:10,
                       from bpl-subset/bpl_subset/boost/python/numeric.hpp:10,
                       from bpl-subset/bpl_subset/libs/python/src/numeric.cpp:6:
      /usr/include/c++/11/bits/unique_ptr.h:57:28: note: declared here
         57 |   template<typename> class auto_ptr;
            |                            ^~~~~~~~
      In file included from bpl-subset/bpl_subset/boost/mpl/aux_/na_assert.hpp:23,
                       from bpl-subset/bpl_subset/boost/mpl/arg.hpp:25,
                       from bpl-subset/bpl_subset/boost/mpl/placeholders.hpp:24,
                       from bpl-subset/bpl_subset/boost/mpl/apply.hpp:24,
                       from bpl-subset/bpl_subset/boost/python/object/pointer_holder.hpp:27,
                       from bpl-subset/bpl_subset/boost/python/to_python_indirect.hpp:10,
                       from bpl-subset/bpl_subset/boost/python/converter/arg_to_python.hpp:10,
                       from bpl-subset/bpl_subset/boost/python/call.hpp:15,
                       from bpl-subset/bpl_subset/boost/python/object_core.hpp:14,
                       from bpl-subset/bpl_subset/boost/python/object.hpp:9,
                       from bpl-subset/bpl_subset/boost/python/tuple.hpp:10,
                       from bpl-subset/bpl_subset/boost/python/numeric.hpp:10,
                       from bpl-subset/bpl_subset/libs/python/src/numeric.cpp:6:
      bpl-subset/bpl_subset/boost/mpl/assert.hpp:154:21: warning: unnecessary parentheses in declaration of ‘assert_arg’ [-Wparentheses]
        154 | failed ************ (Pred::************
            |                     ^~~~~~~~~~~~~~~~~~~
        155 |       assert_arg( void (*)(Pred), typename assert_arg_pred<Pred>::type )
            |       ~~~~~~~~~~~~~~~~~~~~~~~~~~~~~~~~~~~~~~~~~~~~~~~~~~~~~~~~~~~~~~~~~~
        156 |     );
            |     ~
      bpl-subset/bpl_subset/boost/mpl/assert.hpp:154:21: note: remove parentheses
        154 | failed ************ (Pred::************
            |                     ^~~~~~~~~~~~~~~~~~~
            |                     -
        155 |       assert_arg( void (*)(Pred), typename assert_arg_pred<Pred>::type )
            |       ~~~~~~~~~~~~~~~~~~~~~~~~~~~~~~~~~~~~~~~~~~~~~~~~~~~~~~~~~~~~~~~~~~
        156 |     );
            |     ~
            |     -
      bpl-subset/bpl_subset/boost/mpl/assert.hpp:159:21: warning: unnecessary parentheses in declaration of ‘assert_not_arg’ [-Wparentheses]
        159 | failed ************ (boost::mpl::not_<Pred>::************
            |                     ^~~~~~~~~~~~~~~~~~~~~~~~~~~~~~~~~~~~~
        160 |       assert_not_arg( void (*)(Pred), typename assert_arg_pred_not<Pred>::type )
            |       ~~~~~~~~~~~~~~~~~~~~~~~~~~~~~~~~~~~~~~~~~~~~~~~~~~~~~~~~~~~~~~~~~~~~~~~~~~
        161 |     );
            |     ~
      bpl-subset/bpl_subset/boost/mpl/assert.hpp:159:21: note: remove parentheses
        159 | failed ************ (boost::mpl::not_<Pred>::************
            |                     ^~~~~~~~~~~~~~~~~~~~~~~~~~~~~~~~~~~~~
            |                     -
        160 |       assert_not_arg( void (*)(Pred), typename assert_arg_pred_not<Pred>::type )
            |       ~~~~~~~~~~~~~~~~~~~~~~~~~~~~~~~~~~~~~~~~~~~~~~~~~~~~~~~~~~~~~~~~~~~~~~~~~~
        161 |     );
            |     ~
            |     -
      In file included from bpl-subset/bpl_subset/boost/python/refcount.hpp:9,
                       from bpl-subset/bpl_subset/boost/python/to_python_indirect.hpp:19,
                       from bpl-subset/bpl_subset/boost/python/converter/arg_to_python.hpp:10,
                       from bpl-subset/bpl_subset/boost/python/call.hpp:15,
                       from bpl-subset/bpl_subset/boost/python/object_core.hpp:14,
                       from bpl-subset/bpl_subset/boost/python/object.hpp:9,
                       from bpl-subset/bpl_subset/boost/python/tuple.hpp:10,
                       from bpl-subset/bpl_subset/boost/python/numeric.hpp:10,
                       from bpl-subset/bpl_subset/libs/python/src/numeric.cpp:6:
      bpl-subset/bpl_subset/boost/python/cast.hpp: In function ‘void pycudaboost::python::detail::assert_castable(pycudaboost::type<T>*)’:
      bpl-subset/bpl_subset/boost/python/cast.hpp:73:20: warning: typedef ‘must_be_a_complete_type’ locally defined but not used [-Wunused-local-typedefs]
         73 |       typedef char must_be_a_complete_type[sizeof(T)];
            |                    ^~~~~~~~~~~~~~~~~~~~~~~
      In file included from bpl-subset/bpl_subset/boost/python/converter/arg_to_python.hpp:10,
                       from bpl-subset/bpl_subset/boost/python/call.hpp:15,
                       from bpl-subset/bpl_subset/boost/python/object_core.hpp:14,
                       from bpl-subset/bpl_subset/boost/python/object.hpp:9,
                       from bpl-subset/bpl_subset/boost/python/tuple.hpp:10,
                       from bpl-subset/bpl_subset/boost/python/numeric.hpp:10,
                       from bpl-subset/bpl_subset/libs/python/src/numeric.cpp:6:
      bpl-subset/bpl_subset/boost/python/to_python_indirect.hpp: In static member function ‘static PyObject* pycudaboost::python::detail::make_owning_holder::execute(T*)’:
      bpl-subset/bpl_subset/boost/python/to_python_indirect.hpp:90:24: warning: ‘template<class> class std::auto_ptr’ is deprecated: use 'std::unique_ptr' instead [-Wdeprecated-declarations]
         90 |           typedef std::auto_ptr<T> smart_pointer;
            |                        ^~~~~~~~
      In file included from /usr/include/c++/11/memory:76,
                       from bpl-subset/bpl_subset/boost/config/no_tr1/memory.hpp:21,
                       from bpl-subset/bpl_subset/boost/get_pointer.hpp:12,
                       from bpl-subset/bpl_subset/boost/python/object/pointer_holder.hpp:11,
                       from bpl-subset/bpl_subset/boost/python/to_python_indirect.hpp:10,
                       from bpl-subset/bpl_subset/boost/python/converter/arg_to_python.hpp:10,
                       from bpl-subset/bpl_subset/boost/python/call.hpp:15,
                       from bpl-subset/bpl_subset/boost/python/object_core.hpp:14,
                       from bpl-subset/bpl_subset/boost/python/object.hpp:9,
                       from bpl-subset/bpl_subset/boost/python/tuple.hpp:10,
                       from bpl-subset/bpl_subset/boost/python/numeric.hpp:10,
                       from bpl-subset/bpl_subset/libs/python/src/numeric.cpp:6:
      /usr/include/c++/11/bits/unique_ptr.h:57:28: note: declared here
         57 |   template<typename> class auto_ptr;
            |                            ^~~~~~~~
      In file included from bpl-subset/bpl_subset/boost/smart_ptr/shared_ptr.hpp:32,
                       from bpl-subset/bpl_subset/boost/shared_ptr.hpp:17,
                       from bpl-subset/bpl_subset/boost/python/converter/shared_ptr_to_python.hpp:10,
                       from bpl-subset/bpl_subset/boost/python/converter/arg_to_python.hpp:15,
                       from bpl-subset/bpl_subset/boost/python/call.hpp:15,
                       from bpl-subset/bpl_subset/boost/python/object_core.hpp:14,
                       from bpl-subset/bpl_subset/boost/python/object.hpp:9,
                       from bpl-subset/bpl_subset/boost/python/tuple.hpp:10,
                       from bpl-subset/bpl_subset/boost/python/numeric.hpp:10,
                       from bpl-subset/bpl_subset/libs/python/src/numeric.cpp:6:
      bpl-subset/bpl_subset/boost/smart_ptr/detail/shared_count.hpp: At global scope:
      bpl-subset/bpl_subset/boost/smart_ptr/detail/shared_count.hpp:284:33: warning: ‘template<class> class std::auto_ptr’ is deprecated: use 'std::unique_ptr' instead [-Wdeprecated-declarations]
        284 |     explicit shared_count( std::auto_ptr<Y> & r ): pi_( new sp_counted_impl_p<Y>( r.get() ) )
            |                                 ^~~~~~~~
      In file included from /usr/include/c++/11/memory:76,
                       from bpl-subset/bpl_subset/boost/config/no_tr1/memory.hpp:21,
                       from bpl-subset/bpl_subset/boost/get_pointer.hpp:12,
                       from bpl-subset/bpl_subset/boost/python/object/pointer_holder.hpp:11,
                       from bpl-subset/bpl_subset/boost/python/to_python_indirect.hpp:10,
                       from bpl-subset/bpl_subset/boost/python/converter/arg_to_python.hpp:10,
                       from bpl-subset/bpl_subset/boost/python/call.hpp:15,
                       from bpl-subset/bpl_subset/boost/python/object_core.hpp:14,
                       from bpl-subset/bpl_subset/boost/python/object.hpp:9,
                       from bpl-subset/bpl_subset/boost/python/tuple.hpp:10,
                       from bpl-subset/bpl_subset/boost/python/numeric.hpp:10,
                       from bpl-subset/bpl_subset/libs/python/src/numeric.cpp:6:
      /usr/include/c++/11/bits/unique_ptr.h:57:28: note: declared here
         57 |   template<typename> class auto_ptr;
            |                            ^~~~~~~~
      In file included from bpl-subset/bpl_subset/boost/shared_ptr.hpp:17,
                       from bpl-subset/bpl_subset/boost/python/converter/shared_ptr_to_python.hpp:10,
                       from bpl-subset/bpl_subset/boost/python/converter/arg_to_python.hpp:15,
                       from bpl-subset/bpl_subset/boost/python/call.hpp:15,
                       from bpl-subset/bpl_subset/boost/python/object_core.hpp:14,
                       from bpl-subset/bpl_subset/boost/python/object.hpp:9,
                       from bpl-subset/bpl_subset/boost/python/tuple.hpp:10,
                       from bpl-subset/bpl_subset/boost/python/numeric.hpp:10,
                       from bpl-subset/bpl_subset/libs/python/src/numeric.cpp:6:
      bpl-subset/bpl_subset/boost/smart_ptr/shared_ptr.hpp:146:65: warning: ‘template<class> class std::auto_ptr’ is deprecated: use 'std::unique_ptr' instead [-Wdeprecated-declarations]
        146 | template< class T, class R > struct sp_enable_if_auto_ptr< std::auto_ptr< T >, R >
            |                                                                 ^~~~~~~~
      In file included from /usr/include/c++/11/memory:76,
                       from bpl-subset/bpl_subset/boost/config/no_tr1/memory.hpp:21,
                       from bpl-subset/bpl_subset/boost/get_pointer.hpp:12,
                       from bpl-subset/bpl_subset/boost/python/object/pointer_holder.hpp:11,
                       from bpl-subset/bpl_subset/boost/python/to_python_indirect.hpp:10,
                       from bpl-subset/bpl_subset/boost/python/converter/arg_to_python.hpp:10,
                       from bpl-subset/bpl_subset/boost/python/call.hpp:15,
                       from bpl-subset/bpl_subset/boost/python/object_core.hpp:14,
                       from bpl-subset/bpl_subset/boost/python/object.hpp:9,
                       from bpl-subset/bpl_subset/boost/python/tuple.hpp:10,
                       from bpl-subset/bpl_subset/boost/python/numeric.hpp:10,
                       from bpl-subset/bpl_subset/libs/python/src/numeric.cpp:6:
      /usr/include/c++/11/bits/unique_ptr.h:57:28: note: declared here
         57 |   template<typename> class auto_ptr;
            |                            ^~~~~~~~
      In file included from bpl-subset/bpl_subset/boost/shared_ptr.hpp:17,
                       from bpl-subset/bpl_subset/boost/python/converter/shared_ptr_to_python.hpp:10,
                       from bpl-subset/bpl_subset/boost/python/converter/arg_to_python.hpp:15,
                       from bpl-subset/bpl_subset/boost/python/call.hpp:15,
                       from bpl-subset/bpl_subset/boost/python/object_core.hpp:14,
                       from bpl-subset/bpl_subset/boost/python/object.hpp:9,
                       from bpl-subset/bpl_subset/boost/python/tuple.hpp:10,
                       from bpl-subset/bpl_subset/boost/python/numeric.hpp:10,
                       from bpl-subset/bpl_subset/libs/python/src/numeric.cpp:6:
      bpl-subset/bpl_subset/boost/smart_ptr/shared_ptr.hpp:285:30: warning: ‘template<class> class std::auto_ptr’ is deprecated: use 'std::unique_ptr' instead [-Wdeprecated-declarations]
        285 |     explicit shared_ptr(std::auto_ptr<Y> & r): px(r.get()), pn()
            |                              ^~~~~~~~
      In file included from /usr/include/c++/11/memory:76,
                       from bpl-subset/bpl_subset/boost/config/no_tr1/memory.hpp:21,
                       from bpl-subset/bpl_subset/boost/get_pointer.hpp:12,
                       from bpl-subset/bpl_subset/boost/python/object/pointer_holder.hpp:11,
                       from bpl-subset/bpl_subset/boost/python/to_python_indirect.hpp:10,
                       from bpl-subset/bpl_subset/boost/python/converter/arg_to_python.hpp:10,
                       from bpl-subset/bpl_subset/boost/python/call.hpp:15,
                       from bpl-subset/bpl_subset/boost/python/object_core.hpp:14,
                       from bpl-subset/bpl_subset/boost/python/object.hpp:9,
                       from bpl-subset/bpl_subset/boost/python/tuple.hpp:10,
                       from bpl-subset/bpl_subset/boost/python/numeric.hpp:10,
                       from bpl-subset/bpl_subset/libs/python/src/numeric.cpp:6:
      /usr/include/c++/11/bits/unique_ptr.h:57:28: note: declared here
         57 |   template<typename> class auto_ptr;
            |                            ^~~~~~~~
      In file included from bpl-subset/bpl_subset/boost/shared_ptr.hpp:17,
                       from bpl-subset/bpl_subset/boost/python/converter/shared_ptr_to_python.hpp:10,
                       from bpl-subset/bpl_subset/boost/python/converter/arg_to_python.hpp:15,
                       from bpl-subset/bpl_subset/boost/python/call.hpp:15,
                       from bpl-subset/bpl_subset/boost/python/object_core.hpp:14,
                       from bpl-subset/bpl_subset/boost/python/object.hpp:9,
                       from bpl-subset/bpl_subset/boost/python/tuple.hpp:10,
                       from bpl-subset/bpl_subset/boost/python/numeric.hpp:10,
                       from bpl-subset/bpl_subset/libs/python/src/numeric.cpp:6:
      bpl-subset/bpl_subset/boost/smart_ptr/shared_ptr.hpp:329:34: warning: ‘template<class> class std::auto_ptr’ is deprecated: use 'std::unique_ptr' instead [-Wdeprecated-declarations]
        329 |     shared_ptr & operator=( std::auto_ptr<Y> & r )
            |                                  ^~~~~~~~
      In file included from /usr/include/c++/11/memory:76,
                       from bpl-subset/bpl_subset/boost/config/no_tr1/memory.hpp:21,
                       from bpl-subset/bpl_subset/boost/get_pointer.hpp:12,
                       from bpl-subset/bpl_subset/boost/python/object/pointer_holder.hpp:11,
                       from bpl-subset/bpl_subset/boost/python/to_python_indirect.hpp:10,
                       from bpl-subset/bpl_subset/boost/python/converter/arg_to_python.hpp:10,
                       from bpl-subset/bpl_subset/boost/python/call.hpp:15,
                       from bpl-subset/bpl_subset/boost/python/object_core.hpp:14,
                       from bpl-subset/bpl_subset/boost/python/object.hpp:9,
                       from bpl-subset/bpl_subset/boost/python/tuple.hpp:10,
                       from bpl-subset/bpl_subset/boost/python/numeric.hpp:10,
                       from bpl-subset/bpl_subset/libs/python/src/numeric.cpp:6:
      /usr/include/c++/11/bits/unique_ptr.h:57:28: note: declared here
         57 |   template<typename> class auto_ptr;
            |                            ^~~~~~~~
      In file included from bpl-subset/bpl_subset/boost/python/detail/invoke.hpp:21,
                       from bpl-subset/bpl_subset/boost/python/detail/caller.hpp:16,
                       from bpl-subset/bpl_subset/boost/python/object/function_handle.hpp:8,
                       from bpl-subset/bpl_subset/boost/python/converter/arg_to_python.hpp:19,
                       from bpl-subset/bpl_subset/boost/python/call.hpp:15,
                       from bpl-subset/bpl_subset/boost/python/object_core.hpp:14,
                       from bpl-subset/bpl_subset/boost/python/object.hpp:9,
                       from bpl-subset/bpl_subset/boost/python/tuple.hpp:10,
                       from bpl-subset/bpl_subset/boost/python/numeric.hpp:10,
                       from bpl-subset/bpl_subset/libs/python/src/numeric.cpp:6:
      bpl-subset/bpl_subset/boost/python/to_python_value.hpp: In member function ‘PyObject* pycudaboost::python::detail::registry_to_python_value<T>::operator()(pycudaboost::python::detail::registry_to_python_value<T>::argument_type) const’:
      bpl-subset/bpl_subset/boost/python/to_python_value.hpp:150:52: warning: typedef ‘r’ locally defined but not used [-Wunused-local-typedefs]
        150 |       typedef converter::registered<argument_type> r;
            |                                                    ^
      In file included from bpl-subset/bpl_subset/boost/python/object/function_handle.hpp:10,
                       from bpl-subset/bpl_subset/boost/python/converter/arg_to_python.hpp:19,
                       from bpl-subset/bpl_subset/boost/python/call.hpp:15,
                       from bpl-subset/bpl_subset/boost/python/object_core.hpp:14,
                       from bpl-subset/bpl_subset/boost/python/object.hpp:9,
                       from bpl-subset/bpl_subset/boost/python/tuple.hpp:10,
                       from bpl-subset/bpl_subset/boost/python/numeric.hpp:10,
                       from bpl-subset/bpl_subset/libs/python/src/numeric.cpp:6:
      bpl-subset/bpl_subset/boost/python/object/py_function.hpp: At global scope:
      bpl-subset/bpl_subset/boost/python/object/py_function.hpp:167:18: warning: ‘template<class> class std::auto_ptr’ is deprecated: use 'std::unique_ptr' instead [-Wdeprecated-declarations]
        167 |     mutable std::auto_ptr<py_function_impl_base> m_impl;
            |                  ^~~~~~~~
      In file included from /usr/include/c++/11/memory:76,
                       from bpl-subset/bpl_subset/boost/config/no_tr1/memory.hpp:21,
                       from bpl-subset/bpl_subset/boost/get_pointer.hpp:12,
                       from bpl-subset/bpl_subset/boost/python/object/pointer_holder.hpp:11,
                       from bpl-subset/bpl_subset/boost/python/to_python_indirect.hpp:10,
                       from bpl-subset/bpl_subset/boost/python/converter/arg_to_python.hpp:10,
                       from bpl-subset/bpl_subset/boost/python/call.hpp:15,
                       from bpl-subset/bpl_subset/boost/python/object_core.hpp:14,
                       from bpl-subset/bpl_subset/boost/python/object.hpp:9,
                       from bpl-subset/bpl_subset/boost/python/tuple.hpp:10,
                       from bpl-subset/bpl_subset/boost/python/numeric.hpp:10,
                       from bpl-subset/bpl_subset/libs/python/src/numeric.cpp:6:
      /usr/include/c++/11/bits/unique_ptr.h:57:28: note: declared here
         57 |   template<typename> class auto_ptr;
            |                            ^~~~~~~~
      aarch64-linux-gnu-g++ -Wno-unused-result -Wsign-compare -fwrapv -Wall -O3 -DNDEBUG -fPIC -DBOOST_ALL_NO_LIB=1 -DBOOST_THREAD_BUILD_DLL=1 -DBOOST_MULTI_INDEX_DISABLE_SERIALIZATION=1 -DBOOST_PYTHON_SOURCE=1 -Dboost=pycudaboost -DBOOST_THREAD_DONT_USE_CHRONO=1 -DPYGPU_PACKAGE=pycuda -DPYGPU_PYCUDA=1 -DHAVE_CURAND=1 -Isrc/cpp -Ibpl-subset/bpl_subset -I/tmp/pip-build-env-fkcjx5ad/overlay/local/lib/python3.10/dist-packages/numpy/_core/include -I/usr/include/python3.10 -c bpl-subset/bpl_subset/libs/python/src/object/class.cpp -o build/temp.linux-aarch64-cpython-310/bpl-subset/bpl_subset/libs/python/src/object/class.o
      In file included from bpl-subset/bpl_subset/boost/mpl/aux_/na_assert.hpp:23,
                       from bpl-subset/bpl_subset/boost/mpl/arg.hpp:25,
                       from bpl-subset/bpl_subset/boost/mpl/placeholders.hpp:24,
                       from bpl-subset/bpl_subset/boost/mpl/bind.hpp:24,
                       from bpl-subset/bpl_subset/boost/mpl/lambda.hpp:18,
                       from bpl-subset/bpl_subset/libs/python/src/object/class.cpp:7:
      bpl-subset/bpl_subset/boost/mpl/assert.hpp:154:21: warning: unnecessary parentheses in declaration of ‘assert_arg’ [-Wparentheses]
        154 | failed ************ (Pred::************
            |                     ^~~~~~~~~~~~~~~~~~~
        155 |       assert_arg( void (*)(Pred), typename assert_arg_pred<Pred>::type )
            |       ~~~~~~~~~~~~~~~~~~~~~~~~~~~~~~~~~~~~~~~~~~~~~~~~~~~~~~~~~~~~~~~~~~
        156 |     );
            |     ~
      bpl-subset/bpl_subset/boost/mpl/assert.hpp:154:21: note: remove parentheses
        154 | failed ************ (Pred::************
            |                     ^~~~~~~~~~~~~~~~~~~
            |                     -
        155 |       assert_arg( void (*)(Pred), typename assert_arg_pred<Pred>::type )
            |       ~~~~~~~~~~~~~~~~~~~~~~~~~~~~~~~~~~~~~~~~~~~~~~~~~~~~~~~~~~~~~~~~~~
        156 |     );
            |     ~
            |     -
      bpl-subset/bpl_subset/boost/mpl/assert.hpp:159:21: warning: unnecessary parentheses in declaration of ‘assert_not_arg’ [-Wparentheses]
        159 | failed ************ (boost::mpl::not_<Pred>::************
            |                     ^~~~~~~~~~~~~~~~~~~~~~~~~~~~~~~~~~~~~
        160 |       assert_not_arg( void (*)(Pred), typename assert_arg_pred_not<Pred>::type )
            |       ~~~~~~~~~~~~~~~~~~~~~~~~~~~~~~~~~~~~~~~~~~~~~~~~~~~~~~~~~~~~~~~~~~~~~~~~~~
        161 |     );
            |     ~
      bpl-subset/bpl_subset/boost/mpl/assert.hpp:159:21: note: remove parentheses
        159 | failed ************ (boost::mpl::not_<Pred>::************
            |                     ^~~~~~~~~~~~~~~~~~~~~~~~~~~~~~~~~~~~~
            |                     -
        160 |       assert_not_arg( void (*)(Pred), typename assert_arg_pred_not<Pred>::type )
            |       ~~~~~~~~~~~~~~~~~~~~~~~~~~~~~~~~~~~~~~~~~~~~~~~~~~~~~~~~~~~~~~~~~~~~~~~~~~
        161 |     );
            |     ~
            |     -
      In file included from bpl-subset/bpl_subset/boost/python/object/pointer_holder.hpp:11,
                       from bpl-subset/bpl_subset/boost/python/to_python_indirect.hpp:10,
                       from bpl-subset/bpl_subset/boost/python/converter/arg_to_python.hpp:10,
                       from bpl-subset/bpl_subset/boost/python/call.hpp:15,
                       from bpl-subset/bpl_subset/boost/python/object_core.hpp:14,
                       from bpl-subset/bpl_subset/boost/python/object/class.hpp:9,
                       from bpl-subset/bpl_subset/libs/python/src/object/class.cpp:9:
      bpl-subset/bpl_subset/boost/get_pointer.hpp:25:40: warning: ‘template<class> class std::auto_ptr’ is deprecated: use 'std::unique_ptr' instead [-Wdeprecated-declarations]
         25 | template<class T> T * get_pointer(std::auto_ptr<T> const& p)
            |                                        ^~~~~~~~
      In file included from /usr/include/c++/11/memory:76,
                       from bpl-subset/bpl_subset/boost/config/no_tr1/memory.hpp:21,
                       from bpl-subset/bpl_subset/boost/get_pointer.hpp:12,
                       from bpl-subset/bpl_subset/boost/python/object/pointer_holder.hpp:11,
                       from bpl-subset/bpl_subset/boost/python/to_python_indirect.hpp:10,
                       from bpl-subset/bpl_subset/boost/python/converter/arg_to_python.hpp:10,
                       from bpl-subset/bpl_subset/boost/python/call.hpp:15,
                       from bpl-subset/bpl_subset/boost/python/object_core.hpp:14,
                       from bpl-subset/bpl_subset/boost/python/object/class.hpp:9,
                       from bpl-subset/bpl_subset/libs/python/src/object/class.cpp:9:
      /usr/include/c++/11/bits/unique_ptr.h:57:28: note: declared here
         57 |   template<typename> class auto_ptr;
            |                            ^~~~~~~~
      In file included from bpl-subset/bpl_subset/boost/python/detail/is_xxx.hpp:8,
                       from bpl-subset/bpl_subset/boost/python/detail/is_auto_ptr.hpp:9,
                       from bpl-subset/bpl_subset/boost/python/detail/copy_ctor_mutates_rhs.hpp:8,
                       from bpl-subset/bpl_subset/boost/python/detail/value_arg.hpp:7,
                       from bpl-subset/bpl_subset/boost/python/object/forward.hpp:13,
                       from bpl-subset/bpl_subset/boost/python/object/pointer_holder.hpp:16,
                       from bpl-subset/bpl_subset/boost/python/to_python_indirect.hpp:10,
                       from bpl-subset/bpl_subset/boost/python/converter/arg_to_python.hpp:10,
                       from bpl-subset/bpl_subset/boost/python/call.hpp:15,
                       from bpl-subset/bpl_subset/boost/python/object_core.hpp:14,
                       from bpl-subset/bpl_subset/boost/python/object/class.hpp:9,
                       from bpl-subset/bpl_subset/libs/python/src/object/class.cpp:9:
      bpl-subset/bpl_subset/boost/python/detail/is_auto_ptr.hpp:17:40: warning: ‘template<class> class std::auto_ptr’ is deprecated: use 'std::unique_ptr' instead [-Wdeprecated-declarations]
         17 | BOOST_PYTHON_IS_XXX_DEF(auto_ptr, std::auto_ptr, 1)
            |                                        ^~~~~~~~
      bpl-subset/bpl_subset/boost/detail/is_xxx.hpp:53:4: note: in definition of macro ‘BOOST_DETAIL_IS_XXX_DEF’
         53 |    qualified_name< BOOST_PP_ENUM_PARAMS_Z(1, nargs, T) >        \
            |    ^~~~~~~~~~~~~~
      bpl-subset/bpl_subset/boost/python/detail/is_auto_ptr.hpp:17:1: note: in expansion of macro ‘BOOST_PYTHON_IS_XXX_DEF’
         17 | BOOST_PYTHON_IS_XXX_DEF(auto_ptr, std::auto_ptr, 1)
            | ^~~~~~~~~~~~~~~~~~~~~~~
      In file included from /usr/include/c++/11/memory:76,
                       from bpl-subset/bpl_subset/boost/config/no_tr1/memory.hpp:21,
                       from bpl-subset/bpl_subset/boost/get_pointer.hpp:12,
                       from bpl-subset/bpl_subset/boost/python/object/pointer_holder.hpp:11,
                       from bpl-subset/bpl_subset/boost/python/to_python_indirect.hpp:10,
                       from bpl-subset/bpl_subset/boost/python/converter/arg_to_python.hpp:10,
                       from bpl-subset/bpl_subset/boost/python/call.hpp:15,
                       from bpl-subset/bpl_subset/boost/python/object_core.hpp:14,
                       from bpl-subset/bpl_subset/boost/python/object/class.hpp:9,
                       from bpl-subset/bpl_subset/libs/python/src/object/class.cpp:9:
      /usr/include/c++/11/bits/unique_ptr.h:57:28: note: declared here
         57 |   template<typename> class auto_ptr;
            |                            ^~~~~~~~
      In file included from bpl-subset/bpl_subset/boost/python/refcount.hpp:9,
                       from bpl-subset/bpl_subset/boost/python/to_python_indirect.hpp:19,
                       from bpl-subset/bpl_subset/boost/python/converter/arg_to_python.hpp:10,
                       from bpl-subset/bpl_subset/boost/python/call.hpp:15,
                       from bpl-subset/bpl_subset/boost/python/object_core.hpp:14,
                       from bpl-subset/bpl_subset/boost/python/object/class.hpp:9,
                       from bpl-subset/bpl_subset/libs/python/src/object/class.cpp:9:
      bpl-subset/bpl_subset/boost/python/cast.hpp: In function ‘void pycudaboost::python::detail::assert_castable(pycudaboost::type<T>*)’:
      bpl-subset/bpl_subset/boost/python/cast.hpp:73:20: warning: typedef ‘must_be_a_complete_type’ locally defined but not used [-Wunused-local-typedefs]
         73 |       typedef char must_be_a_complete_type[sizeof(T)];
            |                    ^~~~~~~~~~~~~~~~~~~~~~~
      In file included from bpl-subset/bpl_subset/boost/python/converter/arg_to_python.hpp:10,
                       from bpl-subset/bpl_subset/boost/python/call.hpp:15,
                       from bpl-subset/bpl_subset/boost/python/object_core.hpp:14,
                       from bpl-subset/bpl_subset/boost/python/object/class.hpp:9,
                       from bpl-subset/bpl_subset/libs/python/src/object/class.cpp:9:
      bpl-subset/bpl_subset/boost/python/to_python_indirect.hpp: In static member function ‘static PyObject* pycudaboost::python::detail::make_owning_holder::execute(T*)’:
      bpl-subset/bpl_subset/boost/python/to_python_indirect.hpp:90:24: warning: ‘template<class> class std::auto_ptr’ is deprecated: use 'std::unique_ptr' instead [-Wdeprecated-declarations]
         90 |           typedef std::auto_ptr<T> smart_pointer;
            |                        ^~~~~~~~
      In file included from /usr/include/c++/11/memory:76,
                       from bpl-subset/bpl_subset/boost/config/no_tr1/memory.hpp:21,
                       from bpl-subset/bpl_subset/boost/get_pointer.hpp:12,
                       from bpl-subset/bpl_subset/boost/python/object/pointer_holder.hpp:11,
                       from bpl-subset/bpl_subset/boost/python/to_python_indirect.hpp:10,
                       from bpl-subset/bpl_subset/boost/python/converter/arg_to_python.hpp:10,
                       from bpl-subset/bpl_subset/boost/python/call.hpp:15,
                       from bpl-subset/bpl_subset/boost/python/object_core.hpp:14,
                       from bpl-subset/bpl_subset/boost/python/object/class.hpp:9,
                       from bpl-subset/bpl_subset/libs/python/src/object/class.cpp:9:
      /usr/include/c++/11/bits/unique_ptr.h:57:28: note: declared here
         57 |   template<typename> class auto_ptr;
            |                            ^~~~~~~~
      In file included from bpl-subset/bpl_subset/boost/smart_ptr/shared_ptr.hpp:32,
                       from bpl-subset/bpl_subset/boost/shared_ptr.hpp:17,
                       from bpl-subset/bpl_subset/boost/python/converter/shared_ptr_to_python.hpp:10,
                       from bpl-subset/bpl_subset/boost/python/converter/arg_to_python.hpp:15,
                       from bpl-subset/bpl_subset/boost/python/call.hpp:15,
                       from bpl-subset/bpl_subset/boost/python/object_core.hpp:14,
                       from bpl-subset/bpl_subset/boost/python/object/class.hpp:9,
                       from bpl-subset/bpl_subset/libs/python/src/object/class.cpp:9:
      bpl-subset/bpl_subset/boost/smart_ptr/detail/shared_count.hpp: At global scope:
      bpl-subset/bpl_subset/boost/smart_ptr/detail/shared_count.hpp:284:33: warning: ‘template<class> class std::auto_ptr’ is deprecated: use 'std::unique_ptr' instead [-Wdeprecated-declarations]
        284 |     explicit shared_count( std::auto_ptr<Y> & r ): pi_( new sp_counted_impl_p<Y>( r.get() ) )
            |                                 ^~~~~~~~
      In file included from /usr/include/c++/11/memory:76,
                       from bpl-subset/bpl_subset/boost/config/no_tr1/memory.hpp:21,
                       from bpl-subset/bpl_subset/boost/get_pointer.hpp:12,
                       from bpl-subset/bpl_subset/boost/python/object/pointer_holder.hpp:11,
                       from bpl-subset/bpl_subset/boost/python/to_python_indirect.hpp:10,
                       from bpl-subset/bpl_subset/boost/python/converter/arg_to_python.hpp:10,
                       from bpl-subset/bpl_subset/boost/python/call.hpp:15,
                       from bpl-subset/bpl_subset/boost/python/object_core.hpp:14,
                       from bpl-subset/bpl_subset/boost/python/object/class.hpp:9,
                       from bpl-subset/bpl_subset/libs/python/src/object/class.cpp:9:
      /usr/include/c++/11/bits/unique_ptr.h:57:28: note: declared here
         57 |   template<typename> class auto_ptr;
            |                            ^~~~~~~~
      In file included from bpl-subset/bpl_subset/boost/shared_ptr.hpp:17,
                       from bpl-subset/bpl_subset/boost/python/converter/shared_ptr_to_python.hpp:10,
                       from bpl-subset/bpl_subset/boost/python/converter/arg_to_python.hpp:15,
                       from bpl-subset/bpl_subset/boost/python/call.hpp:15,
                       from bpl-subset/bpl_subset/boost/python/object_core.hpp:14,
                       from bpl-subset/bpl_subset/boost/python/object/class.hpp:9,
                       from bpl-subset/bpl_subset/libs/python/src/object/class.cpp:9:
      bpl-subset/bpl_subset/boost/smart_ptr/shared_ptr.hpp:146:65: warning: ‘template<class> class std::auto_ptr’ is deprecated: use 'std::unique_ptr' instead [-Wdeprecated-declarations]
        146 | template< class T, class R > struct sp_enable_if_auto_ptr< std::auto_ptr< T >, R >
            |                                                                 ^~~~~~~~
      In file included from /usr/include/c++/11/memory:76,
                       from bpl-subset/bpl_subset/boost/config/no_tr1/memory.hpp:21,
                       from bpl-subset/bpl_subset/boost/get_pointer.hpp:12,
                       from bpl-subset/bpl_subset/boost/python/object/pointer_holder.hpp:11,
                       from bpl-subset/bpl_subset/boost/python/to_python_indirect.hpp:10,
                       from bpl-subset/bpl_subset/boost/python/converter/arg_to_python.hpp:10,
                       from bpl-subset/bpl_subset/boost/python/call.hpp:15,
                       from bpl-subset/bpl_subset/boost/python/object_core.hpp:14,
                       from bpl-subset/bpl_subset/boost/python/object/class.hpp:9,
                       from bpl-subset/bpl_subset/libs/python/src/object/class.cpp:9:
      /usr/include/c++/11/bits/unique_ptr.h:57:28: note: declared here
         57 |   template<typename> class auto_ptr;
            |                            ^~~~~~~~
      In file included from bpl-subset/bpl_subset/boost/shared_ptr.hpp:17,
                       from bpl-subset/bpl_subset/boost/python/converter/shared_ptr_to_python.hpp:10,
                       from bpl-subset/bpl_subset/boost/python/converter/arg_to_python.hpp:15,
                       from bpl-subset/bpl_subset/boost/python/call.hpp:15,
                       from bpl-subset/bpl_subset/boost/python/object_core.hpp:14,
                       from bpl-subset/bpl_subset/boost/python/object/class.hpp:9,
                       from bpl-subset/bpl_subset/libs/python/src/object/class.cpp:9:
      bpl-subset/bpl_subset/boost/smart_ptr/shared_ptr.hpp:285:30: warning: ‘template<class> class std::auto_ptr’ is deprecated: use 'std::unique_ptr' instead [-Wdeprecated-declarations]
        285 |     explicit shared_ptr(std::auto_ptr<Y> & r): px(r.get()), pn()
            |                              ^~~~~~~~
      In file included from /usr/include/c++/11/memory:76,
                       from bpl-subset/bpl_subset/boost/config/no_tr1/memory.hpp:21,
                       from bpl-subset/bpl_subset/boost/get_pointer.hpp:12,
                       from bpl-subset/bpl_subset/boost/python/object/pointer_holder.hpp:11,
                       from bpl-subset/bpl_subset/boost/python/to_python_indirect.hpp:10,
                       from bpl-subset/bpl_subset/boost/python/converter/arg_to_python.hpp:10,
                       from bpl-subset/bpl_subset/boost/python/call.hpp:15,
                       from bpl-subset/bpl_subset/boost/python/object_core.hpp:14,
                       from bpl-subset/bpl_subset/boost/python/object/class.hpp:9,
                       from bpl-subset/bpl_subset/libs/python/src/object/class.cpp:9:
      /usr/include/c++/11/bits/unique_ptr.h:57:28: note: declared here
         57 |   template<typename> class auto_ptr;
            |                            ^~~~~~~~
      In file included from bpl-subset/bpl_subset/boost/shared_ptr.hpp:17,
                       from bpl-subset/bpl_subset/boost/python/converter/shared_ptr_to_python.hpp:10,
                       from bpl-subset/bpl_subset/boost/python/converter/arg_to_python.hpp:15,
                       from bpl-subset/bpl_subset/boost/python/call.hpp:15,
                       from bpl-subset/bpl_subset/boost/python/object_core.hpp:14,
                       from bpl-subset/bpl_subset/boost/python/object/class.hpp:9,
                       from bpl-subset/bpl_subset/libs/python/src/object/class.cpp:9:
      bpl-subset/bpl_subset/boost/smart_ptr/shared_ptr.hpp:329:34: warning: ‘template<class> class std::auto_ptr’ is deprecated: use 'std::unique_ptr' instead [-Wdeprecated-declarations]
        329 |     shared_ptr & operator=( std::auto_ptr<Y> & r )
            |                                  ^~~~~~~~
      In file included from /usr/include/c++/11/memory:76,
                       from bpl-subset/bpl_subset/boost/config/no_tr1/memory.hpp:21,
                       from bpl-subset/bpl_subset/boost/get_pointer.hpp:12,
                       from bpl-subset/bpl_subset/boost/python/object/pointer_holder.hpp:11,
                       from bpl-subset/bpl_subset/boost/python/to_python_indirect.hpp:10,
                       from bpl-subset/bpl_subset/boost/python/converter/arg_to_python.hpp:10,
                       from bpl-subset/bpl_subset/boost/python/call.hpp:15,
                       from bpl-subset/bpl_subset/boost/python/object_core.hpp:14,
                       from bpl-subset/bpl_subset/boost/python/object/class.hpp:9,
                       from bpl-subset/bpl_subset/libs/python/src/object/class.cpp:9:
      /usr/include/c++/11/bits/unique_ptr.h:57:28: note: declared here
         57 |   template<typename> class auto_ptr;
            |                            ^~~~~~~~
      In file included from bpl-subset/bpl_subset/boost/python/detail/invoke.hpp:21,
                       from bpl-subset/bpl_subset/boost/python/detail/caller.hpp:16,
                       from bpl-subset/bpl_subset/boost/python/object/function_handle.hpp:8,
                       from bpl-subset/bpl_subset/boost/python/converter/arg_to_python.hpp:19,
                       from bpl-subset/bpl_subset/boost/python/call.hpp:15,
                       from bpl-subset/bpl_subset/boost/python/object_core.hpp:14,
                       from bpl-subset/bpl_subset/boost/python/object/class.hpp:9,
                       from bpl-subset/bpl_subset/libs/python/src/object/class.cpp:9:
      bpl-subset/bpl_subset/boost/python/to_python_value.hpp: In member function ‘PyObject* pycudaboost::python::detail::registry_to_python_value<T>::operator()(pycudaboost::python::detail::registry_to_python_value<T>::argument_type) const’:
      bpl-subset/bpl_subset/boost/python/to_python_value.hpp:150:52: warning: typedef ‘r’ locally defined but not used [-Wunused-local-typedefs]
        150 |       typedef converter::registered<argument_type> r;
            |                                                    ^
      In file included from bpl-subset/bpl_subset/boost/python/object/function_handle.hpp:10,
                       from bpl-subset/bpl_subset/boost/python/converter/arg_to_python.hpp:19,
                       from bpl-subset/bpl_subset/boost/python/call.hpp:15,
                       from bpl-subset/bpl_subset/boost/python/object_core.hpp:14,
                       from bpl-subset/bpl_subset/boost/python/object/class.hpp:9,
                       from bpl-subset/bpl_subset/libs/python/src/object/class.cpp:9:
      bpl-subset/bpl_subset/boost/python/object/py_function.hpp: At global scope:
      bpl-subset/bpl_subset/boost/python/object/py_function.hpp:167:18: warning: ‘template<class> class std::auto_ptr’ is deprecated: use 'std::unique_ptr' instead [-Wdeprecated-declarations]
        167 |     mutable std::auto_ptr<py_function_impl_base> m_impl;
            |                  ^~~~~~~~
      In file included from /usr/include/c++/11/memory:76,
                       from bpl-subset/bpl_subset/boost/config/no_tr1/memory.hpp:21,
                       from bpl-subset/bpl_subset/boost/get_pointer.hpp:12,
                       from bpl-subset/bpl_subset/boost/python/object/pointer_holder.hpp:11,
                       from bpl-subset/bpl_subset/boost/python/to_python_indirect.hpp:10,
                       from bpl-subset/bpl_subset/boost/python/converter/arg_to_python.hpp:10,
                       from bpl-subset/bpl_subset/boost/python/call.hpp:15,
                       from bpl-subset/bpl_subset/boost/python/object_core.hpp:14,
                       from bpl-subset/bpl_subset/boost/python/object/class.hpp:9,
                       from bpl-subset/bpl_subset/libs/python/src/object/class.cpp:9:
      /usr/include/c++/11/bits/unique_ptr.h:57:28: note: declared here
         57 |   template<typename> class auto_ptr;
            |                            ^~~~~~~~
      In file included from bpl-subset/bpl_subset/libs/python/src/object/class.cpp:15:
      bpl-subset/bpl_subset/boost/python/object/pickle_support.hpp: In static member function ‘static void pycudaboost::python::detail::pickle_suite_registration::register_(Class_&, ...)’:
      bpl-subset/bpl_subset/boost/python/object/pickle_support.hpp:110:31: warning: typedef ‘error_type’ locally defined but not used [-Wunused-local-typedefs]
        110 |           Class_>::error_type error_type;
            |                               ^~~~~~~~~~
      aarch64-linux-gnu-g++ -Wno-unused-result -Wsign-compare -fwrapv -Wall -O3 -DNDEBUG -fPIC -DBOOST_ALL_NO_LIB=1 -DBOOST_THREAD_BUILD_DLL=1 -DBOOST_MULTI_INDEX_DISABLE_SERIALIZATION=1 -DBOOST_PYTHON_SOURCE=1 -Dboost=pycudaboost -DBOOST_THREAD_DONT_USE_CHRONO=1 -DPYGPU_PACKAGE=pycuda -DPYGPU_PYCUDA=1 -DHAVE_CURAND=1 -Isrc/cpp -Ibpl-subset/bpl_subset -I/tmp/pip-build-env-fkcjx5ad/overlay/local/lib/python3.10/dist-packages/numpy/_core/include -I/usr/include/python3.10 -c bpl-subset/bpl_subset/libs/python/src/object/enum.cpp -o build/temp.linux-aarch64-cpython-310/bpl-subset/bpl_subset/libs/python/src/object/enum.o
      In file included from bpl-subset/bpl_subset/boost/python/object/pointer_holder.hpp:11,
                       from bpl-subset/bpl_subset/boost/python/to_python_indirect.hpp:10,
                       from bpl-subset/bpl_subset/boost/python/converter/arg_to_python.hpp:10,
                       from bpl-subset/bpl_subset/boost/python/call.hpp:15,
                       from bpl-subset/bpl_subset/boost/python/object_core.hpp:14,
                       from bpl-subset/bpl_subset/boost/python/object/enum_base.hpp:8,
                       from bpl-subset/bpl_subset/libs/python/src/object/enum.cpp:6:
      bpl-subset/bpl_subset/boost/get_pointer.hpp:25:40: warning: ‘template<class> class std::auto_ptr’ is deprecated: use 'std::unique_ptr' instead [-Wdeprecated-declarations]
         25 | template<class T> T * get_pointer(std::auto_ptr<T> const& p)
            |                                        ^~~~~~~~
      In file included from /usr/include/c++/11/memory:76,
                       from bpl-subset/bpl_subset/boost/config/no_tr1/memory.hpp:21,
                       from bpl-subset/bpl_subset/boost/get_pointer.hpp:12,
                       from bpl-subset/bpl_subset/boost/python/object/pointer_holder.hpp:11,
                       from bpl-subset/bpl_subset/boost/python/to_python_indirect.hpp:10,
                       from bpl-subset/bpl_subset/boost/python/converter/arg_to_python.hpp:10,
                       from bpl-subset/bpl_subset/boost/python/call.hpp:15,
                       from bpl-subset/bpl_subset/boost/python/object_core.hpp:14,
                       from bpl-subset/bpl_subset/boost/python/object/enum_base.hpp:8,
                       from bpl-subset/bpl_subset/libs/python/src/object/enum.cpp:6:
      /usr/include/c++/11/bits/unique_ptr.h:57:28: note: declared here
         57 |   template<typename> class auto_ptr;
            |                            ^~~~~~~~
      In file included from bpl-subset/bpl_subset/boost/python/detail/is_xxx.hpp:8,
                       from bpl-subset/bpl_subset/boost/python/detail/is_auto_ptr.hpp:9,
                       from bpl-subset/bpl_subset/boost/python/detail/copy_ctor_mutates_rhs.hpp:8,
                       from bpl-subset/bpl_subset/boost/python/detail/value_arg.hpp:7,
                       from bpl-subset/bpl_subset/boost/python/object/forward.hpp:13,
                       from bpl-subset/bpl_subset/boost/python/object/pointer_holder.hpp:16,
                       from bpl-subset/bpl_subset/boost/python/to_python_indirect.hpp:10,
                       from bpl-subset/bpl_subset/boost/python/converter/arg_to_python.hpp:10,
                       from bpl-subset/bpl_subset/boost/python/call.hpp:15,
                       from bpl-subset/bpl_subset/boost/python/object_core.hpp:14,
                       from bpl-subset/bpl_subset/boost/python/object/enum_base.hpp:8,
                       from bpl-subset/bpl_subset/libs/python/src/object/enum.cpp:6:
      bpl-subset/bpl_subset/boost/python/detail/is_auto_ptr.hpp:17:40: warning: ‘template<class> class std::auto_ptr’ is deprecated: use 'std::unique_ptr' instead [-Wdeprecated-declarations]
         17 | BOOST_PYTHON_IS_XXX_DEF(auto_ptr, std::auto_ptr, 1)
            |                                        ^~~~~~~~
      bpl-subset/bpl_subset/boost/detail/is_xxx.hpp:53:4: note: in definition of macro ‘BOOST_DETAIL_IS_XXX_DEF’
         53 |    qualified_name< BOOST_PP_ENUM_PARAMS_Z(1, nargs, T) >        \
            |    ^~~~~~~~~~~~~~
      bpl-subset/bpl_subset/boost/python/detail/is_auto_ptr.hpp:17:1: note: in expansion of macro ‘BOOST_PYTHON_IS_XXX_DEF’
         17 | BOOST_PYTHON_IS_XXX_DEF(auto_ptr, std::auto_ptr, 1)
            | ^~~~~~~~~~~~~~~~~~~~~~~
      In file included from /usr/include/c++/11/memory:76,
                       from bpl-subset/bpl_subset/boost/config/no_tr1/memory.hpp:21,
                       from bpl-subset/bpl_subset/boost/get_pointer.hpp:12,
                       from bpl-subset/bpl_subset/boost/python/object/pointer_holder.hpp:11,
                       from bpl-subset/bpl_subset/boost/python/to_python_indirect.hpp:10,
                       from bpl-subset/bpl_subset/boost/python/converter/arg_to_python.hpp:10,
                       from bpl-subset/bpl_subset/boost/python/call.hpp:15,
                       from bpl-subset/bpl_subset/boost/python/object_core.hpp:14,
                       from bpl-subset/bpl_subset/boost/python/object/enum_base.hpp:8,
                       from bpl-subset/bpl_subset/libs/python/src/object/enum.cpp:6:
      /usr/include/c++/11/bits/unique_ptr.h:57:28: note: declared here
         57 |   template<typename> class auto_ptr;
            |                            ^~~~~~~~
      In file included from bpl-subset/bpl_subset/boost/mpl/aux_/na_assert.hpp:23,
                       from bpl-subset/bpl_subset/boost/mpl/arg.hpp:25,
                       from bpl-subset/bpl_subset/boost/mpl/placeholders.hpp:24,
                       from bpl-subset/bpl_subset/boost/mpl/apply.hpp:24,
                       from bpl-subset/bpl_subset/boost/python/object/pointer_holder.hpp:27,
                       from bpl-subset/bpl_subset/boost/python/to_python_indirect.hpp:10,
                       from bpl-subset/bpl_subset/boost/python/converter/arg_to_python.hpp:10,
                       from bpl-subset/bpl_subset/boost/python/call.hpp:15,
                       from bpl-subset/bpl_subset/boost/python/object_core.hpp:14,
                       from bpl-subset/bpl_subset/boost/python/object/enum_base.hpp:8,
                       from bpl-subset/bpl_subset/libs/python/src/object/enum.cpp:6:
      bpl-subset/bpl_subset/boost/mpl/assert.hpp:154:21: warning: unnecessary parentheses in declaration of ‘assert_arg’ [-Wparentheses]
        154 | failed ************ (Pred::************
            |                     ^~~~~~~~~~~~~~~~~~~
        155 |       assert_arg( void (*)(Pred), typename assert_arg_pred<Pred>::type )
            |       ~~~~~~~~~~~~~~~~~~~~~~~~~~~~~~~~~~~~~~~~~~~~~~~~~~~~~~~~~~~~~~~~~~
        156 |     );
            |     ~
      bpl-subset/bpl_subset/boost/mpl/assert.hpp:154:21: note: remove parentheses
        154 | failed ************ (Pred::************
            |                     ^~~~~~~~~~~~~~~~~~~
            |                     -
        155 |       assert_arg( void (*)(Pred), typename assert_arg_pred<Pred>::type )
            |       ~~~~~~~~~~~~~~~~~~~~~~~~~~~~~~~~~~~~~~~~~~~~~~~~~~~~~~~~~~~~~~~~~~
        156 |     );
            |     ~
            |     -
      bpl-subset/bpl_subset/boost/mpl/assert.hpp:159:21: warning: unnecessary parentheses in declaration of ‘assert_not_arg’ [-Wparentheses]
        159 | failed ************ (boost::mpl::not_<Pred>::************
            |                     ^~~~~~~~~~~~~~~~~~~~~~~~~~~~~~~~~~~~~
        160 |       assert_not_arg( void (*)(Pred), typename assert_arg_pred_not<Pred>::type )
            |       ~~~~~~~~~~~~~~~~~~~~~~~~~~~~~~~~~~~~~~~~~~~~~~~~~~~~~~~~~~~~~~~~~~~~~~~~~~
        161 |     );
            |     ~
      bpl-subset/bpl_subset/boost/mpl/assert.hpp:159:21: note: remove parentheses
        159 | failed ************ (boost::mpl::not_<Pred>::************
            |                     ^~~~~~~~~~~~~~~~~~~~~~~~~~~~~~~~~~~~~
            |                     -
        160 |       assert_not_arg( void (*)(Pred), typename assert_arg_pred_not<Pred>::type )
            |       ~~~~~~~~~~~~~~~~~~~~~~~~~~~~~~~~~~~~~~~~~~~~~~~~~~~~~~~~~~~~~~~~~~~~~~~~~~
        161 |     );
            |     ~
            |     -
      In file included from bpl-subset/bpl_subset/boost/python/refcount.hpp:9,
                       from bpl-subset/bpl_subset/boost/python/to_python_indirect.hpp:19,
                       from bpl-subset/bpl_subset/boost/python/converter/arg_to_python.hpp:10,
                       from bpl-subset/bpl_subset/boost/python/call.hpp:15,
                       from bpl-subset/bpl_subset/boost/python/object_core.hpp:14,
                       from bpl-subset/bpl_subset/boost/python/object/enum_base.hpp:8,
                       from bpl-subset/bpl_subset/libs/python/src/object/enum.cpp:6:
      bpl-subset/bpl_subset/boost/python/cast.hpp: In function ‘void pycudaboost::python::detail::assert_castable(pycudaboost::type<T>*)’:
      bpl-subset/bpl_subset/boost/python/cast.hpp:73:20: warning: typedef ‘must_be_a_complete_type’ locally defined but not used [-Wunused-local-typedefs]
         73 |       typedef char must_be_a_complete_type[sizeof(T)];
            |                    ^~~~~~~~~~~~~~~~~~~~~~~
      In file included from bpl-subset/bpl_subset/boost/python/converter/arg_to_python.hpp:10,
                       from bpl-subset/bpl_subset/boost/python/call.hpp:15,
                       from bpl-subset/bpl_subset/boost/python/object_core.hpp:14,
                       from bpl-subset/bpl_subset/boost/python/object/enum_base.hpp:8,
                       from bpl-subset/bpl_subset/libs/python/src/object/enum.cpp:6:
      bpl-subset/bpl_subset/boost/python/to_python_indirect.hpp: In static member function ‘static PyObject* pycudaboost::python::detail::make_owning_holder::execute(T*)’:
      bpl-subset/bpl_subset/boost/python/to_python_indirect.hpp:90:24: warning: ‘template<class> class std::auto_ptr’ is deprecated: use 'std::unique_ptr' instead [-Wdeprecated-declarations]
         90 |           typedef std::auto_ptr<T> smart_pointer;
            |                        ^~~~~~~~
      In file included from /usr/include/c++/11/memory:76,
                       from bpl-subset/bpl_subset/boost/config/no_tr1/memory.hpp:21,
                       from bpl-subset/bpl_subset/boost/get_pointer.hpp:12,
                       from bpl-subset/bpl_subset/boost/python/object/pointer_holder.hpp:11,
                       from bpl-subset/bpl_subset/boost/python/to_python_indirect.hpp:10,
                       from bpl-subset/bpl_subset/boost/python/converter/arg_to_python.hpp:10,
                       from bpl-subset/bpl_subset/boost/python/call.hpp:15,
                       from bpl-subset/bpl_subset/boost/python/object_core.hpp:14,
                       from bpl-subset/bpl_subset/boost/python/object/enum_base.hpp:8,
                       from bpl-subset/bpl_subset/libs/python/src/object/enum.cpp:6:
      /usr/include/c++/11/bits/unique_ptr.h:57:28: note: declared here
         57 |   template<typename> class auto_ptr;
            |                            ^~~~~~~~
      In file included from bpl-subset/bpl_subset/boost/smart_ptr/shared_ptr.hpp:32,
                       from bpl-subset/bpl_subset/boost/shared_ptr.hpp:17,
                       from bpl-subset/bpl_subset/boost/python/converter/shared_ptr_to_python.hpp:10,
                       from bpl-subset/bpl_subset/boost/python/converter/arg_to_python.hpp:15,
                       from bpl-subset/bpl_subset/boost/python/call.hpp:15,
                       from bpl-subset/bpl_subset/boost/python/object_core.hpp:14,
                       from bpl-subset/bpl_subset/boost/python/object/enum_base.hpp:8,
                       from bpl-subset/bpl_subset/libs/python/src/object/enum.cpp:6:
      bpl-subset/bpl_subset/boost/smart_ptr/detail/shared_count.hpp: At global scope:
      bpl-subset/bpl_subset/boost/smart_ptr/detail/shared_count.hpp:284:33: warning: ‘template<class> class std::auto_ptr’ is deprecated: use 'std::unique_ptr' instead [-Wdeprecated-declarations]
        284 |     explicit shared_count( std::auto_ptr<Y> & r ): pi_( new sp_counted_impl_p<Y>( r.get() ) )
            |                                 ^~~~~~~~
      In file included from /usr/include/c++/11/memory:76,
                       from bpl-subset/bpl_subset/boost/config/no_tr1/memory.hpp:21,
                       from bpl-subset/bpl_subset/boost/get_pointer.hpp:12,
                       from bpl-subset/bpl_subset/boost/python/object/pointer_holder.hpp:11,
                       from bpl-subset/bpl_subset/boost/python/to_python_indirect.hpp:10,
                       from bpl-subset/bpl_subset/boost/python/converter/arg_to_python.hpp:10,
                       from bpl-subset/bpl_subset/boost/python/call.hpp:15,
                       from bpl-subset/bpl_subset/boost/python/object_core.hpp:14,
                       from bpl-subset/bpl_subset/boost/python/object/enum_base.hpp:8,
                       from bpl-subset/bpl_subset/libs/python/src/object/enum.cpp:6:
      /usr/include/c++/11/bits/unique_ptr.h:57:28: note: declared here
         57 |   template<typename> class auto_ptr;
            |                            ^~~~~~~~
      In file included from bpl-subset/bpl_subset/boost/shared_ptr.hpp:17,
                       from bpl-subset/bpl_subset/boost/python/converter/shared_ptr_to_python.hpp:10,
                       from bpl-subset/bpl_subset/boost/python/converter/arg_to_python.hpp:15,
                       from bpl-subset/bpl_subset/boost/python/call.hpp:15,
                       from bpl-subset/bpl_subset/boost/python/object_core.hpp:14,
                       from bpl-subset/bpl_subset/boost/python/object/enum_base.hpp:8,
                       from bpl-subset/bpl_subset/libs/python/src/object/enum.cpp:6:
      bpl-subset/bpl_subset/boost/smart_ptr/shared_ptr.hpp:146:65: warning: ‘template<class> class std::auto_ptr’ is deprecated: use 'std::unique_ptr' instead [-Wdeprecated-declarations]
        146 | template< class T, class R > struct sp_enable_if_auto_ptr< std::auto_ptr< T >, R >
            |                                                                 ^~~~~~~~
      In file included from /usr/include/c++/11/memory:76,
                       from bpl-subset/bpl_subset/boost/config/no_tr1/memory.hpp:21,
                       from bpl-subset/bpl_subset/boost/get_pointer.hpp:12,
                       from bpl-subset/bpl_subset/boost/python/object/pointer_holder.hpp:11,
                       from bpl-subset/bpl_subset/boost/python/to_python_indirect.hpp:10,
                       from bpl-subset/bpl_subset/boost/python/converter/arg_to_python.hpp:10,
                       from bpl-subset/bpl_subset/boost/python/call.hpp:15,
                       from bpl-subset/bpl_subset/boost/python/object_core.hpp:14,
                       from bpl-subset/bpl_subset/boost/python/object/enum_base.hpp:8,
                       from bpl-subset/bpl_subset/libs/python/src/object/enum.cpp:6:
      /usr/include/c++/11/bits/unique_ptr.h:57:28: note: declared here
         57 |   template<typename> class auto_ptr;
            |                            ^~~~~~~~
      In file included from bpl-subset/bpl_subset/boost/shared_ptr.hpp:17,
                       from bpl-subset/bpl_subset/boost/python/converter/shared_ptr_to_python.hpp:10,
                       from bpl-subset/bpl_subset/boost/python/converter/arg_to_python.hpp:15,
                       from bpl-subset/bpl_subset/boost/python/call.hpp:15,
                       from bpl-subset/bpl_subset/boost/python/object_core.hpp:14,
                       from bpl-subset/bpl_subset/boost/python/object/enum_base.hpp:8,
                       from bpl-subset/bpl_subset/libs/python/src/object/enum.cpp:6:
      bpl-subset/bpl_subset/boost/smart_ptr/shared_ptr.hpp:285:30: warning: ‘template<class> class std::auto_ptr’ is deprecated: use 'std::unique_ptr' instead [-Wdeprecated-declarations]
        285 |     explicit shared_ptr(std::auto_ptr<Y> & r): px(r.get()), pn()
            |                              ^~~~~~~~
      In file included from /usr/include/c++/11/memory:76,
                       from bpl-subset/bpl_subset/boost/config/no_tr1/memory.hpp:21,
                       from bpl-subset/bpl_subset/boost/get_pointer.hpp:12,
                       from bpl-subset/bpl_subset/boost/python/object/pointer_holder.hpp:11,
                       from bpl-subset/bpl_subset/boost/python/to_python_indirect.hpp:10,
                       from bpl-subset/bpl_subset/boost/python/converter/arg_to_python.hpp:10,
                       from bpl-subset/bpl_subset/boost/python/call.hpp:15,
                       from bpl-subset/bpl_subset/boost/python/object_core.hpp:14,
                       from bpl-subset/bpl_subset/boost/python/object/enum_base.hpp:8,
                       from bpl-subset/bpl_subset/libs/python/src/object/enum.cpp:6:
      /usr/include/c++/11/bits/unique_ptr.h:57:28: note: declared here
         57 |   template<typename> class auto_ptr;
            |                            ^~~~~~~~
      In file included from bpl-subset/bpl_subset/boost/shared_ptr.hpp:17,
                       from bpl-subset/bpl_subset/boost/python/converter/shared_ptr_to_python.hpp:10,
                       from bpl-subset/bpl_subset/boost/python/converter/arg_to_python.hpp:15,
                       from bpl-subset/bpl_subset/boost/python/call.hpp:15,
                       from bpl-subset/bpl_subset/boost/python/object_core.hpp:14,
                       from bpl-subset/bpl_subset/boost/python/object/enum_base.hpp:8,
                       from bpl-subset/bpl_subset/libs/python/src/object/enum.cpp:6:
      bpl-subset/bpl_subset/boost/smart_ptr/shared_ptr.hpp:329:34: warning: ‘template<class> class std::auto_ptr’ is deprecated: use 'std::unique_ptr' instead [-Wdeprecated-declarations]
        329 |     shared_ptr & operator=( std::auto_ptr<Y> & r )
            |                                  ^~~~~~~~
      In file included from /usr/include/c++/11/memory:76,
                       from bpl-subset/bpl_subset/boost/config/no_tr1/memory.hpp:21,
                       from bpl-subset/bpl_subset/boost/get_pointer.hpp:12,
                       from bpl-subset/bpl_subset/boost/python/object/pointer_holder.hpp:11,
                       from bpl-subset/bpl_subset/boost/python/to_python_indirect.hpp:10,
                       from bpl-subset/bpl_subset/boost/python/converter/arg_to_python.hpp:10,
                       from bpl-subset/bpl_subset/boost/python/call.hpp:15,
                       from bpl-subset/bpl_subset/boost/python/object_core.hpp:14,
                       from bpl-subset/bpl_subset/boost/python/object/enum_base.hpp:8,
                       from bpl-subset/bpl_subset/libs/python/src/object/enum.cpp:6:
      /usr/include/c++/11/bits/unique_ptr.h:57:28: note: declared here
         57 |   template<typename> class auto_ptr;
            |                            ^~~~~~~~
      In file included from bpl-subset/bpl_subset/boost/python/detail/invoke.hpp:21,
                       from bpl-subset/bpl_subset/boost/python/detail/caller.hpp:16,
                       from bpl-subset/bpl_subset/boost/python/object/function_handle.hpp:8,
                       from bpl-subset/bpl_subset/boost/python/converter/arg_to_python.hpp:19,
                       from bpl-subset/bpl_subset/boost/python/call.hpp:15,
                       from bpl-subset/bpl_subset/boost/python/object_core.hpp:14,
                       from bpl-subset/bpl_subset/boost/python/object/enum_base.hpp:8,
                       from bpl-subset/bpl_subset/libs/python/src/object/enum.cpp:6:
      bpl-subset/bpl_subset/boost/python/to_python_value.hpp: In member function ‘PyObject* pycudaboost::python::detail::registry_to_python_value<T>::operator()(pycudaboost::python::detail::registry_to_python_value<T>::argument_type) const’:
      bpl-subset/bpl_subset/boost/python/to_python_value.hpp:150:52: warning: typedef ‘r’ locally defined but not used [-Wunused-local-typedefs]
        150 |       typedef converter::registered<argument_type> r;
            |                                                    ^
      In file included from bpl-subset/bpl_subset/boost/python/object/function_handle.hpp:10,
                       from bpl-subset/bpl_subset/boost/python/converter/arg_to_python.hpp:19,
                       from bpl-subset/bpl_subset/boost/python/call.hpp:15,
                       from bpl-subset/bpl_subset/boost/python/object_core.hpp:14,
                       from bpl-subset/bpl_subset/boost/python/object/enum_base.hpp:8,
                       from bpl-subset/bpl_subset/libs/python/src/object/enum.cpp:6:
      bpl-subset/bpl_subset/boost/python/object/py_function.hpp: At global scope:
      bpl-subset/bpl_subset/boost/python/object/py_function.hpp:167:18: warning: ‘template<class> class std::auto_ptr’ is deprecated: use 'std::unique_ptr' instead [-Wdeprecated-declarations]
        167 |     mutable std::auto_ptr<py_function_impl_base> m_impl;
            |                  ^~~~~~~~
      In file included from /usr/include/c++/11/memory:76,
                       from bpl-subset/bpl_subset/boost/config/no_tr1/memory.hpp:21,
                       from bpl-subset/bpl_subset/boost/get_pointer.hpp:12,
                       from bpl-subset/bpl_subset/boost/python/object/pointer_holder.hpp:11,
                       from bpl-subset/bpl_subset/boost/python/to_python_indirect.hpp:10,
                       from bpl-subset/bpl_subset/boost/python/converter/arg_to_python.hpp:10,
                       from bpl-subset/bpl_subset/boost/python/call.hpp:15,
                       from bpl-subset/bpl_subset/boost/python/object_core.hpp:14,
                       from bpl-subset/bpl_subset/boost/python/object/enum_base.hpp:8,
                       from bpl-subset/bpl_subset/libs/python/src/object/enum.cpp:6:
      /usr/include/c++/11/bits/unique_ptr.h:57:28: note: declared here
         57 |   template<typename> class auto_ptr;
            |                            ^~~~~~~~
      aarch64-linux-gnu-g++ -Wno-unused-result -Wsign-compare -fwrapv -Wall -O3 -DNDEBUG -fPIC -DBOOST_ALL_NO_LIB=1 -DBOOST_THREAD_BUILD_DLL=1 -DBOOST_MULTI_INDEX_DISABLE_SERIALIZATION=1 -DBOOST_PYTHON_SOURCE=1 -Dboost=pycudaboost -DBOOST_THREAD_DONT_USE_CHRONO=1 -DPYGPU_PACKAGE=pycuda -DPYGPU_PYCUDA=1 -DHAVE_CURAND=1 -Isrc/cpp -Ibpl-subset/bpl_subset -I/tmp/pip-build-env-fkcjx5ad/overlay/local/lib/python3.10/dist-packages/numpy/_core/include -I/usr/include/python3.10 -c bpl-subset/bpl_subset/libs/python/src/object/function.cpp -o build/temp.linux-aarch64-cpython-310/bpl-subset/bpl_subset/libs/python/src/object/function.o
      In file included from bpl-subset/bpl_subset/boost/python/handle.hpp:10,
                       from bpl-subset/bpl_subset/boost/python/args_fwd.hpp:10,
                       from bpl-subset/bpl_subset/boost/python/object/function.hpp:9,
                       from bpl-subset/bpl_subset/boost/python/docstring_options.hpp:8,
                       from bpl-subset/bpl_subset/libs/python/src/object/function.cpp:6:
      bpl-subset/bpl_subset/boost/python/cast.hpp: In function ‘void pycudaboost::python::detail::assert_castable(pycudaboost::type<Target>*)’:
      bpl-subset/bpl_subset/boost/python/cast.hpp:73:20: warning: typedef ‘must_be_a_complete_type’ locally defined but not used [-Wunused-local-typedefs]
         73 |       typedef char must_be_a_complete_type[sizeof(T)];
            |                    ^~~~~~~~~~~~~~~~~~~~~~~
      In file included from bpl-subset/bpl_subset/boost/bind/mem_fn.hpp:25,
                       from bpl-subset/bpl_subset/boost/mem_fn.hpp:22,
                       from bpl-subset/bpl_subset/boost/function/detail/prologue.hpp:18,
                       from bpl-subset/bpl_subset/boost/function/function_template.hpp:13,
                       from bpl-subset/bpl_subset/boost/function/detail/maybe_include.hpp:13,
                       from bpl-subset/bpl_subset/boost/function/function0.hpp:11,
                       from bpl-subset/bpl_subset/boost/python/errors.hpp:13,
                       from bpl-subset/bpl_subset/boost/python/handle.hpp:11,
                       from bpl-subset/bpl_subset/boost/python/args_fwd.hpp:10,
                       from bpl-subset/bpl_subset/boost/python/object/function.hpp:9,
                       from bpl-subset/bpl_subset/boost/python/docstring_options.hpp:8,
                       from bpl-subset/bpl_subset/libs/python/src/object/function.cpp:6:
      bpl-subset/bpl_subset/boost/get_pointer.hpp: At global scope:
      bpl-subset/bpl_subset/boost/get_pointer.hpp:25:40: warning: ‘template<class> class std::auto_ptr’ is deprecated: use 'std::unique_ptr' instead [-Wdeprecated-declarations]
         25 | template<class T> T * get_pointer(std::auto_ptr<T> const& p)
            |                                        ^~~~~~~~
      In file included from /usr/include/c++/11/memory:76,
                       from bpl-subset/bpl_subset/boost/function/function_base.hpp:16,
                       from bpl-subset/bpl_subset/boost/function/detail/prologue.hpp:17,
                       from bpl-subset/bpl_subset/boost/function/function_template.hpp:13,
                       from bpl-subset/bpl_subset/boost/function/detail/maybe_include.hpp:13,
                       from bpl-subset/bpl_subset/boost/function/function0.hpp:11,
                       from bpl-subset/bpl_subset/boost/python/errors.hpp:13,
                       from bpl-subset/bpl_subset/boost/python/handle.hpp:11,
                       from bpl-subset/bpl_subset/boost/python/args_fwd.hpp:10,
                       from bpl-subset/bpl_subset/boost/python/object/function.hpp:9,
                       from bpl-subset/bpl_subset/boost/python/docstring_options.hpp:8,
                       from bpl-subset/bpl_subset/libs/python/src/object/function.cpp:6:
      /usr/include/c++/11/bits/unique_ptr.h:57:28: note: declared here
         57 |   template<typename> class auto_ptr;
            |                            ^~~~~~~~
      In file included from bpl-subset/bpl_subset/boost/python/detail/is_xxx.hpp:8,
                       from bpl-subset/bpl_subset/boost/python/detail/is_auto_ptr.hpp:9,
                       from bpl-subset/bpl_subset/boost/python/detail/copy_ctor_mutates_rhs.hpp:8,
                       from bpl-subset/bpl_subset/boost/python/detail/value_arg.hpp:7,
                       from bpl-subset/bpl_subset/boost/python/object/forward.hpp:13,
                       from bpl-subset/bpl_subset/boost/python/object/pointer_holder.hpp:16,
                       from bpl-subset/bpl_subset/boost/python/to_python_indirect.hpp:10,
                       from bpl-subset/bpl_subset/boost/python/converter/arg_to_python.hpp:10,
                       from bpl-subset/bpl_subset/boost/python/call.hpp:15,
                       from bpl-subset/bpl_subset/boost/python/object_core.hpp:14,
                       from bpl-subset/bpl_subset/boost/python/object/function.hpp:12,
                       from bpl-subset/bpl_subset/boost/python/docstring_options.hpp:8,
                       from bpl-subset/bpl_subset/libs/python/src/object/function.cpp:6:
      bpl-subset/bpl_subset/boost/python/detail/is_auto_ptr.hpp:17:40: warning: ‘template<class> class std::auto_ptr’ is deprecated: use 'std::unique_ptr' instead [-Wdeprecated-declarations]
         17 | BOOST_PYTHON_IS_XXX_DEF(auto_ptr, std::auto_ptr, 1)
            |                                        ^~~~~~~~
      bpl-subset/bpl_subset/boost/detail/is_xxx.hpp:53:4: note: in definition of macro ‘BOOST_DETAIL_IS_XXX_DEF’
         53 |    qualified_name< BOOST_PP_ENUM_PARAMS_Z(1, nargs, T) >        \
            |    ^~~~~~~~~~~~~~
      bpl-subset/bpl_subset/boost/python/detail/is_auto_ptr.hpp:17:1: note: in expansion of macro ‘BOOST_PYTHON_IS_XXX_DEF’
         17 | BOOST_PYTHON_IS_XXX_DEF(auto_ptr, std::auto_ptr, 1)
            | ^~~~~~~~~~~~~~~~~~~~~~~
      In file included from /usr/include/c++/11/memory:76,
                       from bpl-subset/bpl_subset/boost/function/function_base.hpp:16,
                       from bpl-subset/bpl_subset/boost/function/detail/prologue.hpp:17,
                       from bpl-subset/bpl_subset/boost/function/function_template.hpp:13,
                       from bpl-subset/bpl_subset/boost/function/detail/maybe_include.hpp:13,
                       from bpl-subset/bpl_subset/boost/function/function0.hpp:11,
                       from bpl-subset/bpl_subset/boost/python/errors.hpp:13,
                       from bpl-subset/bpl_subset/boost/python/handle.hpp:11,
                       from bpl-subset/bpl_subset/boost/python/args_fwd.hpp:10,
                       from bpl-subset/bpl_subset/boost/python/object/function.hpp:9,
                       from bpl-subset/bpl_subset/boost/python/docstring_options.hpp:8,
                       from bpl-subset/bpl_subset/libs/python/src/object/function.cpp:6:
      /usr/include/c++/11/bits/unique_ptr.h:57:28: note: declared here
         57 |   template<typename> class auto_ptr;
            |                            ^~~~~~~~
      In file included from bpl-subset/bpl_subset/boost/mpl/aux_/na_assert.hpp:23,
                       from bpl-subset/bpl_subset/boost/mpl/arg.hpp:25,
                       from bpl-subset/bpl_subset/boost/mpl/placeholders.hpp:24,
                       from bpl-subset/bpl_subset/boost/mpl/apply.hpp:24,
                       from bpl-subset/bpl_subset/boost/python/object/pointer_holder.hpp:27,
                       from bpl-subset/bpl_subset/boost/python/to_python_indirect.hpp:10,
                       from bpl-subset/bpl_subset/boost/python/converter/arg_to_python.hpp:10,
                       from bpl-subset/bpl_subset/boost/python/call.hpp:15,
                       from bpl-subset/bpl_subset/boost/python/object_core.hpp:14,
                       from bpl-subset/bpl_subset/boost/python/object/function.hpp:12,
                       from bpl-subset/bpl_subset/boost/python/docstring_options.hpp:8,
                       from bpl-subset/bpl_subset/libs/python/src/object/function.cpp:6:
      bpl-subset/bpl_subset/boost/mpl/assert.hpp:154:21: warning: unnecessary parentheses in declaration of ‘assert_arg’ [-Wparentheses]
        154 | failed ************ (Pred::************
            |                     ^~~~~~~~~~~~~~~~~~~
        155 |       assert_arg( void (*)(Pred), typename assert_arg_pred<Pred>::type )
            |       ~~~~~~~~~~~~~~~~~~~~~~~~~~~~~~~~~~~~~~~~~~~~~~~~~~~~~~~~~~~~~~~~~~
        156 |     );
            |     ~
      bpl-subset/bpl_subset/boost/mpl/assert.hpp:154:21: note: remove parentheses
        154 | failed ************ (Pred::************
            |                     ^~~~~~~~~~~~~~~~~~~
            |                     -
        155 |       assert_arg( void (*)(Pred), typename assert_arg_pred<Pred>::type )
            |       ~~~~~~~~~~~~~~~~~~~~~~~~~~~~~~~~~~~~~~~~~~~~~~~~~~~~~~~~~~~~~~~~~~
        156 |     );
            |     ~
            |     -
      bpl-subset/bpl_subset/boost/mpl/assert.hpp:159:21: warning: unnecessary parentheses in declaration of ‘assert_not_arg’ [-Wparentheses]
        159 | failed ************ (boost::mpl::not_<Pred>::************
            |                     ^~~~~~~~~~~~~~~~~~~~~~~~~~~~~~~~~~~~~
        160 |       assert_not_arg( void (*)(Pred), typename assert_arg_pred_not<Pred>::type )
            |       ~~~~~~~~~~~~~~~~~~~~~~~~~~~~~~~~~~~~~~~~~~~~~~~~~~~~~~~~~~~~~~~~~~~~~~~~~~
        161 |     );
            |     ~
      bpl-subset/bpl_subset/boost/mpl/assert.hpp:159:21: note: remove parentheses
        159 | failed ************ (boost::mpl::not_<Pred>::************
            |                     ^~~~~~~~~~~~~~~~~~~~~~~~~~~~~~~~~~~~~
            |                     -
        160 |       assert_not_arg( void (*)(Pred), typename assert_arg_pred_not<Pred>::type )
            |       ~~~~~~~~~~~~~~~~~~~~~~~~~~~~~~~~~~~~~~~~~~~~~~~~~~~~~~~~~~~~~~~~~~~~~~~~~~
        161 |     );
            |     ~
            |     -
      In file included from bpl-subset/bpl_subset/boost/python/converter/arg_to_python.hpp:10,
                       from bpl-subset/bpl_subset/boost/python/call.hpp:15,
                       from bpl-subset/bpl_subset/boost/python/object_core.hpp:14,
                       from bpl-subset/bpl_subset/boost/python/object/function.hpp:12,
                       from bpl-subset/bpl_subset/boost/python/docstring_options.hpp:8,
                       from bpl-subset/bpl_subset/libs/python/src/object/function.cpp:6:
      bpl-subset/bpl_subset/boost/python/to_python_indirect.hpp: In static member function ‘static PyObject* pycudaboost::python::detail::make_owning_holder::execute(T*)’:
      bpl-subset/bpl_subset/boost/python/to_python_indirect.hpp:90:24: warning: ‘template<class> class std::auto_ptr’ is deprecated: use 'std::unique_ptr' instead [-Wdeprecated-declarations]
         90 |           typedef std::auto_ptr<T> smart_pointer;
            |                        ^~~~~~~~
      In file included from /usr/include/c++/11/memory:76,
                       from bpl-subset/bpl_subset/boost/function/function_base.hpp:16,
                       from bpl-subset/bpl_subset/boost/function/detail/prologue.hpp:17,
                       from bpl-subset/bpl_subset/boost/function/function_template.hpp:13,
                       from bpl-subset/bpl_subset/boost/function/detail/maybe_include.hpp:13,
                       from bpl-subset/bpl_subset/boost/function/function0.hpp:11,
                       from bpl-subset/bpl_subset/boost/python/errors.hpp:13,
                       from bpl-subset/bpl_subset/boost/python/handle.hpp:11,
                       from bpl-subset/bpl_subset/boost/python/args_fwd.hpp:10,
                       from bpl-subset/bpl_subset/boost/python/object/function.hpp:9,
                       from bpl-subset/bpl_subset/boost/python/docstring_options.hpp:8,
                       from bpl-subset/bpl_subset/libs/python/src/object/function.cpp:6:
      /usr/include/c++/11/bits/unique_ptr.h:57:28: note: declared here
         57 |   template<typename> class auto_ptr;
            |                            ^~~~~~~~
      In file included from bpl-subset/bpl_subset/boost/smart_ptr/shared_ptr.hpp:32,
                       from bpl-subset/bpl_subset/boost/shared_ptr.hpp:17,
                       from bpl-subset/bpl_subset/boost/python/converter/shared_ptr_to_python.hpp:10,
                       from bpl-subset/bpl_subset/boost/python/converter/arg_to_python.hpp:15,
                       from bpl-subset/bpl_subset/boost/python/call.hpp:15,
                       from bpl-subset/bpl_subset/boost/python/object_core.hpp:14,
                       from bpl-subset/bpl_subset/boost/python/object/function.hpp:12,
                       from bpl-subset/bpl_subset/boost/python/docstring_options.hpp:8,
                       from bpl-subset/bpl_subset/libs/python/src/object/function.cpp:6:
      bpl-subset/bpl_subset/boost/smart_ptr/detail/shared_count.hpp: At global scope:
      bpl-subset/bpl_subset/boost/smart_ptr/detail/shared_count.hpp:284:33: warning: ‘template<class> class std::auto_ptr’ is deprecated: use 'std::unique_ptr' instead [-Wdeprecated-declarations]
        284 |     explicit shared_count( std::auto_ptr<Y> & r ): pi_( new sp_counted_impl_p<Y>( r.get() ) )
            |                                 ^~~~~~~~
      In file included from /usr/include/c++/11/memory:76,
                       from bpl-subset/bpl_subset/boost/function/function_base.hpp:16,
                       from bpl-subset/bpl_subset/boost/function/detail/prologue.hpp:17,
                       from bpl-subset/bpl_subset/boost/function/function_template.hpp:13,
                       from bpl-subset/bpl_subset/boost/function/detail/maybe_include.hpp:13,
                       from bpl-subset/bpl_subset/boost/function/function0.hpp:11,
                       from bpl-subset/bpl_subset/boost/python/errors.hpp:13,
                       from bpl-subset/bpl_subset/boost/python/handle.hpp:11,
                       from bpl-subset/bpl_subset/boost/python/args_fwd.hpp:10,
                       from bpl-subset/bpl_subset/boost/python/object/function.hpp:9,
                       from bpl-subset/bpl_subset/boost/python/docstring_options.hpp:8,
                       from bpl-subset/bpl_subset/libs/python/src/object/function.cpp:6:
      /usr/include/c++/11/bits/unique_ptr.h:57:28: note: declared here
         57 |   template<typename> class auto_ptr;
            |                            ^~~~~~~~
      In file included from bpl-subset/bpl_subset/boost/shared_ptr.hpp:17,
                       from bpl-subset/bpl_subset/boost/python/converter/shared_ptr_to_python.hpp:10,
                       from bpl-subset/bpl_subset/boost/python/converter/arg_to_python.hpp:15,
                       from bpl-subset/bpl_subset/boost/python/call.hpp:15,
                       from bpl-subset/bpl_subset/boost/python/object_core.hpp:14,
                       from bpl-subset/bpl_subset/boost/python/object/function.hpp:12,
                       from bpl-subset/bpl_subset/boost/python/docstring_options.hpp:8,
                       from bpl-subset/bpl_subset/libs/python/src/object/function.cpp:6:
      bpl-subset/bpl_subset/boost/smart_ptr/shared_ptr.hpp:146:65: warning: ‘template<class> class std::auto_ptr’ is deprecated: use 'std::unique_ptr' instead [-Wdeprecated-declarations]
        146 | template< class T, class R > struct sp_enable_if_auto_ptr< std::auto_ptr< T >, R >
            |                                                                 ^~~~~~~~
      In file included from /usr/include/c++/11/memory:76,
                       from bpl-subset/bpl_subset/boost/function/function_base.hpp:16,
                       from bpl-subset/bpl_subset/boost/function/detail/prologue.hpp:17,
                       from bpl-subset/bpl_subset/boost/function/function_template.hpp:13,
                       from bpl-subset/bpl_subset/boost/function/detail/maybe_include.hpp:13,
                       from bpl-subset/bpl_subset/boost/function/function0.hpp:11,
                       from bpl-subset/bpl_subset/boost/python/errors.hpp:13,
                       from bpl-subset/bpl_subset/boost/python/handle.hpp:11,
                       from bpl-subset/bpl_subset/boost/python/args_fwd.hpp:10,
                       from bpl-subset/bpl_subset/boost/python/object/function.hpp:9,
                       from bpl-subset/bpl_subset/boost/python/docstring_options.hpp:8,
                       from bpl-subset/bpl_subset/libs/python/src/object/function.cpp:6:
      /usr/include/c++/11/bits/unique_ptr.h:57:28: note: declared here
         57 |   template<typename> class auto_ptr;
            |                            ^~~~~~~~
      In file included from bpl-subset/bpl_subset/boost/shared_ptr.hpp:17,
                       from bpl-subset/bpl_subset/boost/python/converter/shared_ptr_to_python.hpp:10,
                       from bpl-subset/bpl_subset/boost/python/converter/arg_to_python.hpp:15,
                       from bpl-subset/bpl_subset/boost/python/call.hpp:15,
                       from bpl-subset/bpl_subset/boost/python/object_core.hpp:14,
                       from bpl-subset/bpl_subset/boost/python/object/function.hpp:12,
                       from bpl-subset/bpl_subset/boost/python/docstring_options.hpp:8,
                       from bpl-subset/bpl_subset/libs/python/src/object/function.cpp:6:
      bpl-subset/bpl_subset/boost/smart_ptr/shared_ptr.hpp:285:30: warning: ‘template<class> class std::auto_ptr’ is deprecated: use 'std::unique_ptr' instead [-Wdeprecated-declarations]
        285 |     explicit shared_ptr(std::auto_ptr<Y> & r): px(r.get()), pn()
            |                              ^~~~~~~~
      In file included from /usr/include/c++/11/memory:76,
                       from bpl-subset/bpl_subset/boost/function/function_base.hpp:16,
                       from bpl-subset/bpl_subset/boost/function/detail/prologue.hpp:17,
                       from bpl-subset/bpl_subset/boost/function/function_template.hpp:13,
                       from bpl-subset/bpl_subset/boost/function/detail/maybe_include.hpp:13,
                       from bpl-subset/bpl_subset/boost/function/function0.hpp:11,
                       from bpl-subset/bpl_subset/boost/python/errors.hpp:13,
                       from bpl-subset/bpl_subset/boost/python/handle.hpp:11,
                       from bpl-subset/bpl_subset/boost/python/args_fwd.hpp:10,
                       from bpl-subset/bpl_subset/boost/python/object/function.hpp:9,
                       from bpl-subset/bpl_subset/boost/python/docstring_options.hpp:8,
                       from bpl-subset/bpl_subset/libs/python/src/object/function.cpp:6:
      /usr/include/c++/11/bits/unique_ptr.h:57:28: note: declared here
         57 |   template<typename> class auto_ptr;
            |                            ^~~~~~~~
      In file included from bpl-subset/bpl_subset/boost/shared_ptr.hpp:17,
                       from bpl-subset/bpl_subset/boost/python/converter/shared_ptr_to_python.hpp:10,
                       from bpl-subset/bpl_subset/boost/python/converter/arg_to_python.hpp:15,
                       from bpl-subset/bpl_subset/boost/python/call.hpp:15,
                       from bpl-subset/bpl_subset/boost/python/object_core.hpp:14,
                       from bpl-subset/bpl_subset/boost/python/object/function.hpp:12,
                       from bpl-subset/bpl_subset/boost/python/docstring_options.hpp:8,
                       from bpl-subset/bpl_subset/libs/python/src/object/function.cpp:6:
      bpl-subset/bpl_subset/boost/smart_ptr/shared_ptr.hpp:329:34: warning: ‘template<class> class std::auto_ptr’ is deprecated: use 'std::unique_ptr' instead [-Wdeprecated-declarations]
        329 |     shared_ptr & operator=( std::auto_ptr<Y> & r )
            |                                  ^~~~~~~~
      In file included from /usr/include/c++/11/memory:76,
                       from bpl-subset/bpl_subset/boost/function/function_base.hpp:16,
                       from bpl-subset/bpl_subset/boost/function/detail/prologue.hpp:17,
                       from bpl-subset/bpl_subset/boost/function/function_template.hpp:13,
                       from bpl-subset/bpl_subset/boost/function/detail/maybe_include.hpp:13,
                       from bpl-subset/bpl_subset/boost/function/function0.hpp:11,
                       from bpl-subset/bpl_subset/boost/python/errors.hpp:13,
                       from bpl-subset/bpl_subset/boost/python/handle.hpp:11,
                       from bpl-subset/bpl_subset/boost/python/args_fwd.hpp:10,
                       from bpl-subset/bpl_subset/boost/python/object/function.hpp:9,
                       from bpl-subset/bpl_subset/boost/python/docstring_options.hpp:8,
                       from bpl-subset/bpl_subset/libs/python/src/object/function.cpp:6:
      /usr/include/c++/11/bits/unique_ptr.h:57:28: note: declared here
         57 |   template<typename> class auto_ptr;
            |                            ^~~~~~~~
      In file included from bpl-subset/bpl_subset/boost/python/detail/invoke.hpp:21,
                       from bpl-subset/bpl_subset/boost/python/detail/caller.hpp:16,
                       from bpl-subset/bpl_subset/boost/python/object/function_handle.hpp:8,
                       from bpl-subset/bpl_subset/boost/python/converter/arg_to_python.hpp:19,
                       from bpl-subset/bpl_subset/boost/python/call.hpp:15,
                       from bpl-subset/bpl_subset/boost/python/object_core.hpp:14,
                       from bpl-subset/bpl_subset/boost/python/object/function.hpp:12,
                       from bpl-subset/bpl_subset/boost/python/docstring_options.hpp:8,
                       from bpl-subset/bpl_subset/libs/python/src/object/function.cpp:6:
      bpl-subset/bpl_subset/boost/python/to_python_value.hpp: In member function ‘PyObject* pycudaboost::python::detail::registry_to_python_value<T>::operator()(pycudaboost::python::detail::registry_to_python_value<T>::argument_type) const’:
      bpl-subset/bpl_subset/boost/python/to_python_value.hpp:150:52: warning: typedef ‘r’ locally defined but not used [-Wunused-local-typedefs]
        150 |       typedef converter::registered<argument_type> r;
            |                                                    ^
      In file included from bpl-subset/bpl_subset/boost/python/object/function_handle.hpp:10,
                       from bpl-subset/bpl_subset/boost/python/converter/arg_to_python.hpp:19,
                       from bpl-subset/bpl_subset/boost/python/call.hpp:15,
                       from bpl-subset/bpl_subset/boost/python/object_core.hpp:14,
                       from bpl-subset/bpl_subset/boost/python/object/function.hpp:12,
                       from bpl-subset/bpl_subset/boost/python/docstring_options.hpp:8,
                       from bpl-subset/bpl_subset/libs/python/src/object/function.cpp:6:
      bpl-subset/bpl_subset/boost/python/object/py_function.hpp: At global scope:
      bpl-subset/bpl_subset/boost/python/object/py_function.hpp:167:18: warning: ‘template<class> class std::auto_ptr’ is deprecated: use 'std::unique_ptr' instead [-Wdeprecated-declarations]
        167 |     mutable std::auto_ptr<py_function_impl_base> m_impl;
            |                  ^~~~~~~~
      In file included from /usr/include/c++/11/memory:76,
                       from bpl-subset/bpl_subset/boost/function/function_base.hpp:16,
                       from bpl-subset/bpl_subset/boost/function/detail/prologue.hpp:17,
                       from bpl-subset/bpl_subset/boost/function/function_template.hpp:13,
                       from bpl-subset/bpl_subset/boost/function/detail/maybe_include.hpp:13,
                       from bpl-subset/bpl_subset/boost/function/function0.hpp:11,
                       from bpl-subset/bpl_subset/boost/python/errors.hpp:13,
                       from bpl-subset/bpl_subset/boost/python/handle.hpp:11,
                       from bpl-subset/bpl_subset/boost/python/args_fwd.hpp:10,
                       from bpl-subset/bpl_subset/boost/python/object/function.hpp:9,
                       from bpl-subset/bpl_subset/boost/python/docstring_options.hpp:8,
                       from bpl-subset/bpl_subset/libs/python/src/object/function.cpp:6:
      /usr/include/c++/11/bits/unique_ptr.h:57:28: note: declared here
         57 |   template<typename> class auto_ptr;
            |                            ^~~~~~~~
      In file included from bpl-subset/bpl_subset/boost/bind/bind.hpp:29,
                       from bpl-subset/bpl_subset/boost/bind.hpp:22,
                       from bpl-subset/bpl_subset/libs/python/src/object/function.cpp:24:
      bpl-subset/bpl_subset/boost/bind/arg.hpp: In constructor ‘pycudaboost::arg<I>::arg(const T&)’:
      bpl-subset/bpl_subset/boost/bind/arg.hpp:37:22: warning: typedef ‘T_must_be_placeholder’ locally defined but not used [-Wunused-local-typedefs]
         37 |         typedef char T_must_be_placeholder[ I == is_placeholder<T>::value? 1: -1 ];
            |                      ^~~~~~~~~~~~~~~~~~~~~
      aarch64-linux-gnu-g++ -Wno-unused-result -Wsign-compare -fwrapv -Wall -O3 -DNDEBUG -fPIC -DBOOST_ALL_NO_LIB=1 -DBOOST_THREAD_BUILD_DLL=1 -DBOOST_MULTI_INDEX_DISABLE_SERIALIZATION=1 -DBOOST_PYTHON_SOURCE=1 -Dboost=pycudaboost -DBOOST_THREAD_DONT_USE_CHRONO=1 -DPYGPU_PACKAGE=pycuda -DPYGPU_PYCUDA=1 -DHAVE_CURAND=1 -Isrc/cpp -Ibpl-subset/bpl_subset -I/tmp/pip-build-env-fkcjx5ad/overlay/local/lib/python3.10/dist-packages/numpy/_core/include -I/usr/include/python3.10 -c bpl-subset/bpl_subset/libs/python/src/object/function_doc_signature.cpp -o build/temp.linux-aarch64-cpython-310/bpl-subset/bpl_subset/libs/python/src/object/function_doc_signature.o
      In file included from bpl-subset/bpl_subset/boost/python/handle.hpp:10,
                       from bpl-subset/bpl_subset/boost/python/args_fwd.hpp:10,
                       from bpl-subset/bpl_subset/boost/python/object/function.hpp:9,
                       from bpl-subset/bpl_subset/boost/python/object/function_doc_signature.hpp:8,
                       from bpl-subset/bpl_subset/libs/python/src/object/function_doc_signature.cpp:10:
      bpl-subset/bpl_subset/boost/python/cast.hpp: In function ‘void pycudaboost::python::detail::assert_castable(pycudaboost::type<Target>*)’:
      bpl-subset/bpl_subset/boost/python/cast.hpp:73:20: warning: typedef ‘must_be_a_complete_type’ locally defined but not used [-Wunused-local-typedefs]
         73 |       typedef char must_be_a_complete_type[sizeof(T)];
            |                    ^~~~~~~~~~~~~~~~~~~~~~~
      In file included from bpl-subset/bpl_subset/boost/bind/mem_fn.hpp:25,
                       from bpl-subset/bpl_subset/boost/mem_fn.hpp:22,
                       from bpl-subset/bpl_subset/boost/function/detail/prologue.hpp:18,
                       from bpl-subset/bpl_subset/boost/function/function_template.hpp:13,
                       from bpl-subset/bpl_subset/boost/function/detail/maybe_include.hpp:13,
                       from bpl-subset/bpl_subset/boost/function/function0.hpp:11,
                       from bpl-subset/bpl_subset/boost/python/errors.hpp:13,
                       from bpl-subset/bpl_subset/boost/python/handle.hpp:11,
                       from bpl-subset/bpl_subset/boost/python/args_fwd.hpp:10,
                       from bpl-subset/bpl_subset/boost/python/object/function.hpp:9,
                       from bpl-subset/bpl_subset/boost/python/object/function_doc_signature.hpp:8,
                       from bpl-subset/bpl_subset/libs/python/src/object/function_doc_signature.cpp:10:
      bpl-subset/bpl_subset/boost/get_pointer.hpp: At global scope:
      bpl-subset/bpl_subset/boost/get_pointer.hpp:25:40: warning: ‘template<class> class std::auto_ptr’ is deprecated: use 'std::unique_ptr' instead [-Wdeprecated-declarations]
         25 | template<class T> T * get_pointer(std::auto_ptr<T> const& p)
            |                                        ^~~~~~~~
      In file included from /usr/include/c++/11/memory:76,
                       from bpl-subset/bpl_subset/boost/function/function_base.hpp:16,
                       from bpl-subset/bpl_subset/boost/function/detail/prologue.hpp:17,
                       from bpl-subset/bpl_subset/boost/function/function_template.hpp:13,
                       from bpl-subset/bpl_subset/boost/function/detail/maybe_include.hpp:13,
                       from bpl-subset/bpl_subset/boost/function/function0.hpp:11,
                       from bpl-subset/bpl_subset/boost/python/errors.hpp:13,
                       from bpl-subset/bpl_subset/boost/python/handle.hpp:11,
                       from bpl-subset/bpl_subset/boost/python/args_fwd.hpp:10,
                       from bpl-subset/bpl_subset/boost/python/object/function.hpp:9,
                       from bpl-subset/bpl_subset/boost/python/object/function_doc_signature.hpp:8,
                       from bpl-subset/bpl_subset/libs/python/src/object/function_doc_signature.cpp:10:
      /usr/include/c++/11/bits/unique_ptr.h:57:28: note: declared here
         57 |   template<typename> class auto_ptr;
            |                            ^~~~~~~~
      In file included from bpl-subset/bpl_subset/boost/python/detail/is_xxx.hpp:8,
                       from bpl-subset/bpl_subset/boost/python/detail/is_auto_ptr.hpp:9,
                       from bpl-subset/bpl_subset/boost/python/detail/copy_ctor_mutates_rhs.hpp:8,
                       from bpl-subset/bpl_subset/boost/python/detail/value_arg.hpp:7,
                       from bpl-subset/bpl_subset/boost/python/object/forward.hpp:13,
                       from bpl-subset/bpl_subset/boost/python/object/pointer_holder.hpp:16,
                       from bpl-subset/bpl_subset/boost/python/to_python_indirect.hpp:10,
                       from bpl-subset/bpl_subset/boost/python/converter/arg_to_python.hpp:10,
                       from bpl-subset/bpl_subset/boost/python/call.hpp:15,
                       from bpl-subset/bpl_subset/boost/python/object_core.hpp:14,
                       from bpl-subset/bpl_subset/boost/python/object/function.hpp:12,
                       from bpl-subset/bpl_subset/boost/python/object/function_doc_signature.hpp:8,
                       from bpl-subset/bpl_subset/libs/python/src/object/function_doc_signature.cpp:10:
      bpl-subset/bpl_subset/boost/python/detail/is_auto_ptr.hpp:17:40: warning: ‘template<class> class std::auto_ptr’ is deprecated: use 'std::unique_ptr' instead [-Wdeprecated-declarations]
         17 | BOOST_PYTHON_IS_XXX_DEF(auto_ptr, std::auto_ptr, 1)
            |                                        ^~~~~~~~
      bpl-subset/bpl_subset/boost/detail/is_xxx.hpp:53:4: note: in definition of macro ‘BOOST_DETAIL_IS_XXX_DEF’
         53 |    qualified_name< BOOST_PP_ENUM_PARAMS_Z(1, nargs, T) >        \
            |    ^~~~~~~~~~~~~~
      bpl-subset/bpl_subset/boost/python/detail/is_auto_ptr.hpp:17:1: note: in expansion of macro ‘BOOST_PYTHON_IS_XXX_DEF’
         17 | BOOST_PYTHON_IS_XXX_DEF(auto_ptr, std::auto_ptr, 1)
            | ^~~~~~~~~~~~~~~~~~~~~~~
      In file included from /usr/include/c++/11/memory:76,
                       from bpl-subset/bpl_subset/boost/function/function_base.hpp:16,
                       from bpl-subset/bpl_subset/boost/function/detail/prologue.hpp:17,
                       from bpl-subset/bpl_subset/boost/function/function_template.hpp:13,
                       from bpl-subset/bpl_subset/boost/function/detail/maybe_include.hpp:13,
                       from bpl-subset/bpl_subset/boost/function/function0.hpp:11,
                       from bpl-subset/bpl_subset/boost/python/errors.hpp:13,
                       from bpl-subset/bpl_subset/boost/python/handle.hpp:11,
                       from bpl-subset/bpl_subset/boost/python/args_fwd.hpp:10,
                       from bpl-subset/bpl_subset/boost/python/object/function.hpp:9,
                       from bpl-subset/bpl_subset/boost/python/object/function_doc_signature.hpp:8,
                       from bpl-subset/bpl_subset/libs/python/src/object/function_doc_signature.cpp:10:
      /usr/include/c++/11/bits/unique_ptr.h:57:28: note: declared here
         57 |   template<typename> class auto_ptr;
            |                            ^~~~~~~~
      In file included from bpl-subset/bpl_subset/boost/mpl/aux_/na_assert.hpp:23,
                       from bpl-subset/bpl_subset/boost/mpl/arg.hpp:25,
                       from bpl-subset/bpl_subset/boost/mpl/placeholders.hpp:24,
                       from bpl-subset/bpl_subset/boost/mpl/apply.hpp:24,
                       from bpl-subset/bpl_subset/boost/python/object/pointer_holder.hpp:27,
                       from bpl-subset/bpl_subset/boost/python/to_python_indirect.hpp:10,
                       from bpl-subset/bpl_subset/boost/python/converter/arg_to_python.hpp:10,
                       from bpl-subset/bpl_subset/boost/python/call.hpp:15,
                       from bpl-subset/bpl_subset/boost/python/object_core.hpp:14,
                       from bpl-subset/bpl_subset/boost/python/object/function.hpp:12,
                       from bpl-subset/bpl_subset/boost/python/object/function_doc_signature.hpp:8,
                       from bpl-subset/bpl_subset/libs/python/src/object/function_doc_signature.cpp:10:
      bpl-subset/bpl_subset/boost/mpl/assert.hpp:154:21: warning: unnecessary parentheses in declaration of ‘assert_arg’ [-Wparentheses]
        154 | failed ************ (Pred::************
            |                     ^~~~~~~~~~~~~~~~~~~
        155 |       assert_arg( void (*)(Pred), typename assert_arg_pred<Pred>::type )
            |       ~~~~~~~~~~~~~~~~~~~~~~~~~~~~~~~~~~~~~~~~~~~~~~~~~~~~~~~~~~~~~~~~~~
        156 |     );
            |     ~
      bpl-subset/bpl_subset/boost/mpl/assert.hpp:154:21: note: remove parentheses
        154 | failed ************ (Pred::************
            |                     ^~~~~~~~~~~~~~~~~~~
            |                     -
        155 |       assert_arg( void (*)(Pred), typename assert_arg_pred<Pred>::type )
            |       ~~~~~~~~~~~~~~~~~~~~~~~~~~~~~~~~~~~~~~~~~~~~~~~~~~~~~~~~~~~~~~~~~~
        156 |     );
            |     ~
            |     -
      bpl-subset/bpl_subset/boost/mpl/assert.hpp:159:21: warning: unnecessary parentheses in declaration of ‘assert_not_arg’ [-Wparentheses]
        159 | failed ************ (boost::mpl::not_<Pred>::************
            |                     ^~~~~~~~~~~~~~~~~~~~~~~~~~~~~~~~~~~~~
        160 |       assert_not_arg( void (*)(Pred), typename assert_arg_pred_not<Pred>::type )
            |       ~~~~~~~~~~~~~~~~~~~~~~~~~~~~~~~~~~~~~~~~~~~~~~~~~~~~~~~~~~~~~~~~~~~~~~~~~~
        161 |     );
            |     ~
      bpl-subset/bpl_subset/boost/mpl/assert.hpp:159:21: note: remove parentheses
        159 | failed ************ (boost::mpl::not_<Pred>::************
            |                     ^~~~~~~~~~~~~~~~~~~~~~~~~~~~~~~~~~~~~
            |                     -
        160 |       assert_not_arg( void (*)(Pred), typename assert_arg_pred_not<Pred>::type )
            |       ~~~~~~~~~~~~~~~~~~~~~~~~~~~~~~~~~~~~~~~~~~~~~~~~~~~~~~~~~~~~~~~~~~~~~~~~~~
        161 |     );
            |     ~
            |     -
      In file included from bpl-subset/bpl_subset/boost/python/converter/arg_to_python.hpp:10,
                       from bpl-subset/bpl_subset/boost/python/call.hpp:15,
                       from bpl-subset/bpl_subset/boost/python/object_core.hpp:14,
                       from bpl-subset/bpl_subset/boost/python/object/function.hpp:12,
                       from bpl-subset/bpl_subset/boost/python/object/function_doc_signature.hpp:8,
                       from bpl-subset/bpl_subset/libs/python/src/object/function_doc_signature.cpp:10:
      bpl-subset/bpl_subset/boost/python/to_python_indirect.hpp: In static member function ‘static PyObject* pycudaboost::python::detail::make_owning_holder::execute(T*)’:
      bpl-subset/bpl_subset/boost/python/to_python_indirect.hpp:90:24: warning: ‘template<class> class std::auto_ptr’ is deprecated: use 'std::unique_ptr' instead [-Wdeprecated-declarations]
         90 |           typedef std::auto_ptr<T> smart_pointer;
            |                        ^~~~~~~~
      In file included from /usr/include/c++/11/memory:76,
                       from bpl-subset/bpl_subset/boost/function/function_base.hpp:16,
                       from bpl-subset/bpl_subset/boost/function/detail/prologue.hpp:17,
                       from bpl-subset/bpl_subset/boost/function/function_template.hpp:13,
                       from bpl-subset/bpl_subset/boost/function/detail/maybe_include.hpp:13,
                       from bpl-subset/bpl_subset/boost/function/function0.hpp:11,
                       from bpl-subset/bpl_subset/boost/python/errors.hpp:13,
                       from bpl-subset/bpl_subset/boost/python/handle.hpp:11,
                       from bpl-subset/bpl_subset/boost/python/args_fwd.hpp:10,
                       from bpl-subset/bpl_subset/boost/python/object/function.hpp:9,
                       from bpl-subset/bpl_subset/boost/python/object/function_doc_signature.hpp:8,
                       from bpl-subset/bpl_subset/libs/python/src/object/function_doc_signature.cpp:10:
      /usr/include/c++/11/bits/unique_ptr.h:57:28: note: declared here
         57 |   template<typename> class auto_ptr;
            |                            ^~~~~~~~
      In file included from bpl-subset/bpl_subset/boost/smart_ptr/shared_ptr.hpp:32,
                       from bpl-subset/bpl_subset/boost/shared_ptr.hpp:17,
                       from bpl-subset/bpl_subset/boost/python/converter/shared_ptr_to_python.hpp:10,
                       from bpl-subset/bpl_subset/boost/python/converter/arg_to_python.hpp:15,
                       from bpl-subset/bpl_subset/boost/python/call.hpp:15,
                       from bpl-subset/bpl_subset/boost/python/object_core.hpp:14,
                       from bpl-subset/bpl_subset/boost/python/object/function.hpp:12,
                       from bpl-subset/bpl_subset/boost/python/object/function_doc_signature.hpp:8,
                       from bpl-subset/bpl_subset/libs/python/src/object/function_doc_signature.cpp:10:
      bpl-subset/bpl_subset/boost/smart_ptr/detail/shared_count.hpp: At global scope:
      bpl-subset/bpl_subset/boost/smart_ptr/detail/shared_count.hpp:284:33: warning: ‘template<class> class std::auto_ptr’ is deprecated: use 'std::unique_ptr' instead [-Wdeprecated-declarations]
        284 |     explicit shared_count( std::auto_ptr<Y> & r ): pi_( new sp_counted_impl_p<Y>( r.get() ) )
            |                                 ^~~~~~~~
      In file included from /usr/include/c++/11/memory:76,
                       from bpl-subset/bpl_subset/boost/function/function_base.hpp:16,
                       from bpl-subset/bpl_subset/boost/function/detail/prologue.hpp:17,
                       from bpl-subset/bpl_subset/boost/function/function_template.hpp:13,
                       from bpl-subset/bpl_subset/boost/function/detail/maybe_include.hpp:13,
                       from bpl-subset/bpl_subset/boost/function/function0.hpp:11,
                       from bpl-subset/bpl_subset/boost/python/errors.hpp:13,
                       from bpl-subset/bpl_subset/boost/python/handle.hpp:11,
                       from bpl-subset/bpl_subset/boost/python/args_fwd.hpp:10,
                       from bpl-subset/bpl_subset/boost/python/object/function.hpp:9,
                       from bpl-subset/bpl_subset/boost/python/object/function_doc_signature.hpp:8,
                       from bpl-subset/bpl_subset/libs/python/src/object/function_doc_signature.cpp:10:
      /usr/include/c++/11/bits/unique_ptr.h:57:28: note: declared here
         57 |   template<typename> class auto_ptr;
            |                            ^~~~~~~~
      In file included from bpl-subset/bpl_subset/boost/shared_ptr.hpp:17,
                       from bpl-subset/bpl_subset/boost/python/converter/shared_ptr_to_python.hpp:10,
                       from bpl-subset/bpl_subset/boost/python/converter/arg_to_python.hpp:15,
                       from bpl-subset/bpl_subset/boost/python/call.hpp:15,
                       from bpl-subset/bpl_subset/boost/python/object_core.hpp:14,
                       from bpl-subset/bpl_subset/boost/python/object/function.hpp:12,
                       from bpl-subset/bpl_subset/boost/python/object/function_doc_signature.hpp:8,
                       from bpl-subset/bpl_subset/libs/python/src/object/function_doc_signature.cpp:10:
      bpl-subset/bpl_subset/boost/smart_ptr/shared_ptr.hpp:146:65: warning: ‘template<class> class std::auto_ptr’ is deprecated: use 'std::unique_ptr' instead [-Wdeprecated-declarations]
        146 | template< class T, class R > struct sp_enable_if_auto_ptr< std::auto_ptr< T >, R >
            |                                                                 ^~~~~~~~
      In file included from /usr/include/c++/11/memory:76,
                       from bpl-subset/bpl_subset/boost/function/function_base.hpp:16,
                       from bpl-subset/bpl_subset/boost/function/detail/prologue.hpp:17,
                       from bpl-subset/bpl_subset/boost/function/function_template.hpp:13,
                       from bpl-subset/bpl_subset/boost/function/detail/maybe_include.hpp:13,
                       from bpl-subset/bpl_subset/boost/function/function0.hpp:11,
                       from bpl-subset/bpl_subset/boost/python/errors.hpp:13,
                       from bpl-subset/bpl_subset/boost/python/handle.hpp:11,
                       from bpl-subset/bpl_subset/boost/python/args_fwd.hpp:10,
                       from bpl-subset/bpl_subset/boost/python/object/function.hpp:9,
                       from bpl-subset/bpl_subset/boost/python/object/function_doc_signature.hpp:8,
                       from bpl-subset/bpl_subset/libs/python/src/object/function_doc_signature.cpp:10:
      /usr/include/c++/11/bits/unique_ptr.h:57:28: note: declared here
         57 |   template<typename> class auto_ptr;
            |                            ^~~~~~~~
      In file included from bpl-subset/bpl_subset/boost/shared_ptr.hpp:17,
                       from bpl-subset/bpl_subset/boost/python/converter/shared_ptr_to_python.hpp:10,
                       from bpl-subset/bpl_subset/boost/python/converter/arg_to_python.hpp:15,
                       from bpl-subset/bpl_subset/boost/python/call.hpp:15,
                       from bpl-subset/bpl_subset/boost/python/object_core.hpp:14,
                       from bpl-subset/bpl_subset/boost/python/object/function.hpp:12,
                       from bpl-subset/bpl_subset/boost/python/object/function_doc_signature.hpp:8,
                       from bpl-subset/bpl_subset/libs/python/src/object/function_doc_signature.cpp:10:
      bpl-subset/bpl_subset/boost/smart_ptr/shared_ptr.hpp:285:30: warning: ‘template<class> class std::auto_ptr’ is deprecated: use 'std::unique_ptr' instead [-Wdeprecated-declarations]
        285 |     explicit shared_ptr(std::auto_ptr<Y> & r): px(r.get()), pn()
            |                              ^~~~~~~~
      In file included from /usr/include/c++/11/memory:76,
                       from bpl-subset/bpl_subset/boost/function/function_base.hpp:16,
                       from bpl-subset/bpl_subset/boost/function/detail/prologue.hpp:17,
                       from bpl-subset/bpl_subset/boost/function/function_template.hpp:13,
                       from bpl-subset/bpl_subset/boost/function/detail/maybe_include.hpp:13,
                       from bpl-subset/bpl_subset/boost/function/function0.hpp:11,
                       from bpl-subset/bpl_subset/boost/python/errors.hpp:13,
                       from bpl-subset/bpl_subset/boost/python/handle.hpp:11,
                       from bpl-subset/bpl_subset/boost/python/args_fwd.hpp:10,
                       from bpl-subset/bpl_subset/boost/python/object/function.hpp:9,
                       from bpl-subset/bpl_subset/boost/python/object/function_doc_signature.hpp:8,
                       from bpl-subset/bpl_subset/libs/python/src/object/function_doc_signature.cpp:10:
      /usr/include/c++/11/bits/unique_ptr.h:57:28: note: declared here
         57 |   template<typename> class auto_ptr;
            |                            ^~~~~~~~
      In file included from bpl-subset/bpl_subset/boost/shared_ptr.hpp:17,
                       from bpl-subset/bpl_subset/boost/python/converter/shared_ptr_to_python.hpp:10,
                       from bpl-subset/bpl_subset/boost/python/converter/arg_to_python.hpp:15,
                       from bpl-subset/bpl_subset/boost/python/call.hpp:15,
                       from bpl-subset/bpl_subset/boost/python/object_core.hpp:14,
                       from bpl-subset/bpl_subset/boost/python/object/function.hpp:12,
                       from bpl-subset/bpl_subset/boost/python/object/function_doc_signature.hpp:8,
                       from bpl-subset/bpl_subset/libs/python/src/object/function_doc_signature.cpp:10:
      bpl-subset/bpl_subset/boost/smart_ptr/shared_ptr.hpp:329:34: warning: ‘template<class> class std::auto_ptr’ is deprecated: use 'std::unique_ptr' instead [-Wdeprecated-declarations]
        329 |     shared_ptr & operator=( std::auto_ptr<Y> & r )
            |                                  ^~~~~~~~
      In file included from /usr/include/c++/11/memory:76,
                       from bpl-subset/bpl_subset/boost/function/function_base.hpp:16,
                       from bpl-subset/bpl_subset/boost/function/detail/prologue.hpp:17,
                       from bpl-subset/bpl_subset/boost/function/function_template.hpp:13,
                       from bpl-subset/bpl_subset/boost/function/detail/maybe_include.hpp:13,
                       from bpl-subset/bpl_subset/boost/function/function0.hpp:11,
                       from bpl-subset/bpl_subset/boost/python/errors.hpp:13,
                       from bpl-subset/bpl_subset/boost/python/handle.hpp:11,
                       from bpl-subset/bpl_subset/boost/python/args_fwd.hpp:10,
                       from bpl-subset/bpl_subset/boost/python/object/function.hpp:9,
                       from bpl-subset/bpl_subset/boost/python/object/function_doc_signature.hpp:8,
                       from bpl-subset/bpl_subset/libs/python/src/object/function_doc_signature.cpp:10:
      /usr/include/c++/11/bits/unique_ptr.h:57:28: note: declared here
         57 |   template<typename> class auto_ptr;
            |                            ^~~~~~~~
      In file included from bpl-subset/bpl_subset/boost/python/detail/invoke.hpp:21,
                       from bpl-subset/bpl_subset/boost/python/detail/caller.hpp:16,
                       from bpl-subset/bpl_subset/boost/python/object/function_handle.hpp:8,
                       from bpl-subset/bpl_subset/boost/python/converter/arg_to_python.hpp:19,
                       from bpl-subset/bpl_subset/boost/python/call.hpp:15,
                       from bpl-subset/bpl_subset/boost/python/object_core.hpp:14,
                       from bpl-subset/bpl_subset/boost/python/object/function.hpp:12,
                       from bpl-subset/bpl_subset/boost/python/object/function_doc_signature.hpp:8,
                       from bpl-subset/bpl_subset/libs/python/src/object/function_doc_signature.cpp:10:
      bpl-subset/bpl_subset/boost/python/to_python_value.hpp: In member function ‘PyObject* pycudaboost::python::detail::registry_to_python_value<T>::operator()(pycudaboost::python::detail::registry_to_python_value<T>::argument_type) const’:
      bpl-subset/bpl_subset/boost/python/to_python_value.hpp:150:52: warning: typedef ‘r’ locally defined but not used [-Wunused-local-typedefs]
        150 |       typedef converter::registered<argument_type> r;
            |                                                    ^
      In file included from bpl-subset/bpl_subset/boost/python/object/function_handle.hpp:10,
                       from bpl-subset/bpl_subset/boost/python/converter/arg_to_python.hpp:19,
                       from bpl-subset/bpl_subset/boost/python/call.hpp:15,
                       from bpl-subset/bpl_subset/boost/python/object_core.hpp:14,
                       from bpl-subset/bpl_subset/boost/python/object/function.hpp:12,
                       from bpl-subset/bpl_subset/boost/python/object/function_doc_signature.hpp:8,
                       from bpl-subset/bpl_subset/libs/python/src/object/function_doc_signature.cpp:10:
      bpl-subset/bpl_subset/boost/python/object/py_function.hpp: At global scope:
      bpl-subset/bpl_subset/boost/python/object/py_function.hpp:167:18: warning: ‘template<class> class std::auto_ptr’ is deprecated: use 'std::unique_ptr' instead [-Wdeprecated-declarations]
        167 |     mutable std::auto_ptr<py_function_impl_base> m_impl;
            |                  ^~~~~~~~
      In file included from /usr/include/c++/11/memory:76,
                       from bpl-subset/bpl_subset/boost/function/function_base.hpp:16,
                       from bpl-subset/bpl_subset/boost/function/detail/prologue.hpp:17,
                       from bpl-subset/bpl_subset/boost/function/function_template.hpp:13,
                       from bpl-subset/bpl_subset/boost/function/detail/maybe_include.hpp:13,
                       from bpl-subset/bpl_subset/boost/function/function0.hpp:11,
                       from bpl-subset/bpl_subset/boost/python/errors.hpp:13,
                       from bpl-subset/bpl_subset/boost/python/handle.hpp:11,
                       from bpl-subset/bpl_subset/boost/python/args_fwd.hpp:10,
                       from bpl-subset/bpl_subset/boost/python/object/function.hpp:9,
                       from bpl-subset/bpl_subset/boost/python/object/function_doc_signature.hpp:8,
                       from bpl-subset/bpl_subset/libs/python/src/object/function_doc_signature.cpp:10:
      /usr/include/c++/11/bits/unique_ptr.h:57:28: note: declared here
         57 |   template<typename> class auto_ptr;
            |                            ^~~~~~~~
      aarch64-linux-gnu-g++ -Wno-unused-result -Wsign-compare -fwrapv -Wall -O3 -DNDEBUG -fPIC -DBOOST_ALL_NO_LIB=1 -DBOOST_THREAD_BUILD_DLL=1 -DBOOST_MULTI_INDEX_DISABLE_SERIALIZATION=1 -DBOOST_PYTHON_SOURCE=1 -Dboost=pycudaboost -DBOOST_THREAD_DONT_USE_CHRONO=1 -DPYGPU_PACKAGE=pycuda -DPYGPU_PYCUDA=1 -DHAVE_CURAND=1 -Isrc/cpp -Ibpl-subset/bpl_subset -I/tmp/pip-build-env-fkcjx5ad/overlay/local/lib/python3.10/dist-packages/numpy/_core/include -I/usr/include/python3.10 -c bpl-subset/bpl_subset/libs/python/src/object/inheritance.cpp -o build/temp.linux-aarch64-cpython-310/bpl-subset/bpl_subset/libs/python/src/object/inheritance.o
      In file included from bpl-subset/bpl_subset/boost/smart_ptr/shared_ptr.hpp:32,
                       from bpl-subset/bpl_subset/boost/shared_ptr.hpp:17,
                       from bpl-subset/bpl_subset/boost/python/object/inheritance.hpp:9,
                       from bpl-subset/bpl_subset/libs/python/src/object/inheritance.cpp:5:
      bpl-subset/bpl_subset/boost/smart_ptr/detail/shared_count.hpp:284:33: warning: ‘template<class> class std::auto_ptr’ is deprecated: use 'std::unique_ptr' instead [-Wdeprecated-declarations]
        284 |     explicit shared_count( std::auto_ptr<Y> & r ): pi_( new sp_counted_impl_p<Y>( r.get() ) )
            |                                 ^~~~~~~~
      In file included from /usr/include/c++/11/memory:76,
                       from bpl-subset/bpl_subset/boost/config/no_tr1/memory.hpp:21,
                       from bpl-subset/bpl_subset/boost/smart_ptr/shared_ptr.hpp:27,
                       from bpl-subset/bpl_subset/boost/shared_ptr.hpp:17,
                       from bpl-subset/bpl_subset/boost/python/object/inheritance.hpp:9,
                       from bpl-subset/bpl_subset/libs/python/src/object/inheritance.cpp:5:
      /usr/include/c++/11/bits/unique_ptr.h:57:28: note: declared here
         57 |   template<typename> class auto_ptr;
            |                            ^~~~~~~~
      In file included from bpl-subset/bpl_subset/boost/shared_ptr.hpp:17,
                       from bpl-subset/bpl_subset/boost/python/object/inheritance.hpp:9,
                       from bpl-subset/bpl_subset/libs/python/src/object/inheritance.cpp:5:
      bpl-subset/bpl_subset/boost/smart_ptr/shared_ptr.hpp:146:65: warning: ‘template<class> class std::auto_ptr’ is deprecated: use 'std::unique_ptr' instead [-Wdeprecated-declarations]
        146 | template< class T, class R > struct sp_enable_if_auto_ptr< std::auto_ptr< T >, R >
            |                                                                 ^~~~~~~~
      In file included from /usr/include/c++/11/memory:76,
                       from bpl-subset/bpl_subset/boost/config/no_tr1/memory.hpp:21,
                       from bpl-subset/bpl_subset/boost/smart_ptr/shared_ptr.hpp:27,
                       from bpl-subset/bpl_subset/boost/shared_ptr.hpp:17,
                       from bpl-subset/bpl_subset/boost/python/object/inheritance.hpp:9,
                       from bpl-subset/bpl_subset/libs/python/src/object/inheritance.cpp:5:
      /usr/include/c++/11/bits/unique_ptr.h:57:28: note: declared here
         57 |   template<typename> class auto_ptr;
            |                            ^~~~~~~~
      In file included from bpl-subset/bpl_subset/boost/shared_ptr.hpp:17,
                       from bpl-subset/bpl_subset/boost/python/object/inheritance.hpp:9,
                       from bpl-subset/bpl_subset/libs/python/src/object/inheritance.cpp:5:
      bpl-subset/bpl_subset/boost/smart_ptr/shared_ptr.hpp:285:30: warning: ‘template<class> class std::auto_ptr’ is deprecated: use 'std::unique_ptr' instead [-Wdeprecated-declarations]
        285 |     explicit shared_ptr(std::auto_ptr<Y> & r): px(r.get()), pn()
            |                              ^~~~~~~~
      In file included from /usr/include/c++/11/memory:76,
                       from bpl-subset/bpl_subset/boost/config/no_tr1/memory.hpp:21,
                       from bpl-subset/bpl_subset/boost/smart_ptr/shared_ptr.hpp:27,
                       from bpl-subset/bpl_subset/boost/shared_ptr.hpp:17,
                       from bpl-subset/bpl_subset/boost/python/object/inheritance.hpp:9,
                       from bpl-subset/bpl_subset/libs/python/src/object/inheritance.cpp:5:
      /usr/include/c++/11/bits/unique_ptr.h:57:28: note: declared here
         57 |   template<typename> class auto_ptr;
            |                            ^~~~~~~~
      In file included from bpl-subset/bpl_subset/boost/shared_ptr.hpp:17,
                       from bpl-subset/bpl_subset/boost/python/object/inheritance.hpp:9,
                       from bpl-subset/bpl_subset/libs/python/src/object/inheritance.cpp:5:
      bpl-subset/bpl_subset/boost/smart_ptr/shared_ptr.hpp:329:34: warning: ‘template<class> class std::auto_ptr’ is deprecated: use 'std::unique_ptr' instead [-Wdeprecated-declarations]
        329 |     shared_ptr & operator=( std::auto_ptr<Y> & r )
            |                                  ^~~~~~~~
      In file included from /usr/include/c++/11/memory:76,
                       from bpl-subset/bpl_subset/boost/config/no_tr1/memory.hpp:21,
                       from bpl-subset/bpl_subset/boost/smart_ptr/shared_ptr.hpp:27,
                       from bpl-subset/bpl_subset/boost/shared_ptr.hpp:17,
                       from bpl-subset/bpl_subset/boost/python/object/inheritance.hpp:9,
                       from bpl-subset/bpl_subset/libs/python/src/object/inheritance.cpp:5:
      /usr/include/c++/11/bits/unique_ptr.h:57:28: note: declared here
         57 |   template<typename> class auto_ptr;
            |                            ^~~~~~~~
      In file included from bpl-subset/bpl_subset/boost/tuple/tuple.hpp:33,
                       from bpl-subset/bpl_subset/boost/graph/graph_traits.hpp:16,
                       from bpl-subset/bpl_subset/boost/graph/breadth_first_search.hpp:20,
                       from bpl-subset/bpl_subset/libs/python/src/object/inheritance.cpp:7:
      bpl-subset/bpl_subset/boost/tuple/detail/tuple_basic.hpp: In function ‘typename pycudaboost::tuples::access_traits<typename pycudaboost::tuples::element<N, pycudaboost::tuples::cons<HT, TT> >::type>::const_type pycudaboost::tuples::get(const pycudaboost::tuples::cons<HT, TT>&)’:
      bpl-subset/bpl_subset/boost/tuple/detail/tuple_basic.hpp:228:45: warning: typedef ‘cons_element’ locally defined but not used [-Wunused-local-typedefs]
        228 |   typedef BOOST_DEDUCED_TYPENAME impl::type cons_element;
            |                                             ^~~~~~~~~~~~
      In file included from bpl-subset/bpl_subset/boost/mpl/aux_/na_assert.hpp:23,
                       from bpl-subset/bpl_subset/boost/mpl/arg.hpp:25,
                       from bpl-subset/bpl_subset/boost/mpl/placeholders.hpp:24,
                       from bpl-subset/bpl_subset/boost/iterator/iterator_categories.hpp:17,
                       from bpl-subset/bpl_subset/boost/graph/graph_traits.hpp:24,
                       from bpl-subset/bpl_subset/boost/graph/breadth_first_search.hpp:20,
                       from bpl-subset/bpl_subset/libs/python/src/object/inheritance.cpp:7:
      bpl-subset/bpl_subset/boost/mpl/assert.hpp: At global scope:
      bpl-subset/bpl_subset/boost/mpl/assert.hpp:154:21: warning: unnecessary parentheses in declaration of ‘assert_arg’ [-Wparentheses]
        154 | failed ************ (Pred::************
            |                     ^~~~~~~~~~~~~~~~~~~
        155 |       assert_arg( void (*)(Pred), typename assert_arg_pred<Pred>::type )
            |       ~~~~~~~~~~~~~~~~~~~~~~~~~~~~~~~~~~~~~~~~~~~~~~~~~~~~~~~~~~~~~~~~~~
        156 |     );
            |     ~
      bpl-subset/bpl_subset/boost/mpl/assert.hpp:154:21: note: remove parentheses
        154 | failed ************ (Pred::************
            |                     ^~~~~~~~~~~~~~~~~~~
            |                     -
        155 |       assert_arg( void (*)(Pred), typename assert_arg_pred<Pred>::type )
            |       ~~~~~~~~~~~~~~~~~~~~~~~~~~~~~~~~~~~~~~~~~~~~~~~~~~~~~~~~~~~~~~~~~~
        156 |     );
            |     ~
            |     -
      bpl-subset/bpl_subset/boost/mpl/assert.hpp:159:21: warning: unnecessary parentheses in declaration of ‘assert_not_arg’ [-Wparentheses]
        159 | failed ************ (boost::mpl::not_<Pred>::************
            |                     ^~~~~~~~~~~~~~~~~~~~~~~~~~~~~~~~~~~~~
        160 |       assert_not_arg( void (*)(Pred), typename assert_arg_pred_not<Pred>::type )
            |       ~~~~~~~~~~~~~~~~~~~~~~~~~~~~~~~~~~~~~~~~~~~~~~~~~~~~~~~~~~~~~~~~~~~~~~~~~~
        161 |     );
            |     ~
      bpl-subset/bpl_subset/boost/mpl/assert.hpp:159:21: note: remove parentheses
        159 | failed ************ (boost::mpl::not_<Pred>::************
            |                     ^~~~~~~~~~~~~~~~~~~~~~~~~~~~~~~~~~~~~
            |                     -
        160 |       assert_not_arg( void (*)(Pred), typename assert_arg_pred_not<Pred>::type )
            |       ~~~~~~~~~~~~~~~~~~~~~~~~~~~~~~~~~~~~~~~~~~~~~~~~~~~~~~~~~~~~~~~~~~~~~~~~~~
        161 |     );
            |     ~
            |     -
      In file included from bpl-subset/bpl_subset/boost/mpl/aux_/integral_wrapper.hpp:22,
                       from bpl-subset/bpl_subset/boost/mpl/int.hpp:20,
                       from bpl-subset/bpl_subset/boost/type_traits/detail/template_arity_spec.hpp:10,
                       from bpl-subset/bpl_subset/boost/type_traits/detail/bool_trait_def.hpp:14,
                       from bpl-subset/bpl_subset/boost/type_traits/is_same.hpp:31,
                       from bpl-subset/bpl_subset/boost/type_traits/same_traits.hpp:13,
                       from bpl-subset/bpl_subset/boost/python/type_id.hpp:17,
                       from bpl-subset/bpl_subset/boost/python/object/inheritance.hpp:8,
                       from bpl-subset/bpl_subset/libs/python/src/object/inheritance.cpp:5:
      bpl-subset/bpl_subset/boost/concept_check.hpp: In function ‘void pycudaboost::function_requires(Model*)’:
      bpl-subset/bpl_subset/boost/concept/detail/general.hpp:71:20: warning: typedef ‘boost_concept_check45’ locally defined but not used [-Wunused-local-typedefs]
         71 |       BOOST_PP_CAT(boost_concept_check,__LINE__)
            |                    ^~~~~~~~~~~~~~~~~~~
      bpl-subset/bpl_subset/boost/preprocessor/cat.hpp:29:34: note: in definition of macro ‘BOOST_PP_CAT_I’
         29 | #    define BOOST_PP_CAT_I(a, b) a ## b
            |                                  ^
      bpl-subset/bpl_subset/boost/concept/detail/general.hpp:71:7: note: in expansion of macro ‘BOOST_PP_CAT’
         71 |       BOOST_PP_CAT(boost_concept_check,__LINE__)
            |       ^~~~~~~~~~~~
      bpl-subset/bpl_subset/boost/concept/assert.hpp:44:5: note: in expansion of macro ‘BOOST_CONCEPT_ASSERT_FN’
         44 |     BOOST_CONCEPT_ASSERT_FN(void(*)ModelInParens)
            |     ^~~~~~~~~~~~~~~~~~~~~~~
      bpl-subset/bpl_subset/boost/concept_check.hpp:45:7: note: in expansion of macro ‘BOOST_CONCEPT_ASSERT’
         45 |       BOOST_CONCEPT_ASSERT((Model));
            |       ^~~~~~~~~~~~~~~~~~~~
      bpl-subset/bpl_subset/boost/concept_check.hpp: In destructor ‘pycudaboost::AdaptableGenerator<Func, Return>::~AdaptableGenerator()’:
      bpl-subset/bpl_subset/boost/concept/detail/general.hpp:71:20: warning: typedef ‘boost_concept_check453’ locally defined but not used [-Wunused-local-typedefs]
         71 |       BOOST_PP_CAT(boost_concept_check,__LINE__)
            |                    ^~~~~~~~~~~~~~~~~~~
      bpl-subset/bpl_subset/boost/preprocessor/cat.hpp:29:34: note: in definition of macro ‘BOOST_PP_CAT_I’
         29 | #    define BOOST_PP_CAT_I(a, b) a ## b
            |                                  ^
      bpl-subset/bpl_subset/boost/concept/detail/general.hpp:71:7: note: in expansion of macro ‘BOOST_PP_CAT’
         71 |       BOOST_PP_CAT(boost_concept_check,__LINE__)
            |       ^~~~~~~~~~~~
      bpl-subset/bpl_subset/boost/concept/assert.hpp:44:5: note: in expansion of macro ‘BOOST_CONCEPT_ASSERT_FN’
         44 |     BOOST_CONCEPT_ASSERT_FN(void(*)ModelInParens)
            |     ^~~~~~~~~~~~~~~~~~~~~~~
      bpl-subset/bpl_subset/boost/concept_check.hpp:453:11: note: in expansion of macro ‘BOOST_CONCEPT_ASSERT’
        453 |           BOOST_CONCEPT_ASSERT((Convertible<result_type, Return>));
            |           ^~~~~~~~~~~~~~~~~~~~
      bpl-subset/bpl_subset/boost/concept_check.hpp: In destructor ‘pycudaboost::AdaptableUnaryFunction<Func, Return, Arg>::~AdaptableUnaryFunction()’:
      bpl-subset/bpl_subset/boost/concept/detail/general.hpp:71:20: warning: typedef ‘boost_concept_check465’ locally defined but not used [-Wunused-local-typedefs]
         71 |       BOOST_PP_CAT(boost_concept_check,__LINE__)
            |                    ^~~~~~~~~~~~~~~~~~~
      bpl-subset/bpl_subset/boost/preprocessor/cat.hpp:29:34: note: in definition of macro ‘BOOST_PP_CAT_I’
         29 | #    define BOOST_PP_CAT_I(a, b) a ## b
            |                                  ^
      bpl-subset/bpl_subset/boost/concept/detail/general.hpp:71:7: note: in expansion of macro ‘BOOST_PP_CAT’
         71 |       BOOST_PP_CAT(boost_concept_check,__LINE__)
            |       ^~~~~~~~~~~~
      bpl-subset/bpl_subset/boost/concept/assert.hpp:44:5: note: in expansion of macro ‘BOOST_CONCEPT_ASSERT_FN’
         44 |     BOOST_CONCEPT_ASSERT_FN(void(*)ModelInParens)
            |     ^~~~~~~~~~~~~~~~~~~~~~~
      bpl-subset/bpl_subset/boost/concept_check.hpp:465:11: note: in expansion of macro ‘BOOST_CONCEPT_ASSERT’
        465 |           BOOST_CONCEPT_ASSERT((Convertible<result_type, Return>));
            |           ^~~~~~~~~~~~~~~~~~~~
      bpl-subset/bpl_subset/boost/concept/detail/general.hpp:71:20: warning: typedef ‘boost_concept_check466’ locally defined but not used [-Wunused-local-typedefs]
         71 |       BOOST_PP_CAT(boost_concept_check,__LINE__)
            |                    ^~~~~~~~~~~~~~~~~~~
      bpl-subset/bpl_subset/boost/preprocessor/cat.hpp:29:34: note: in definition of macro ‘BOOST_PP_CAT_I’
         29 | #    define BOOST_PP_CAT_I(a, b) a ## b
            |                                  ^
      bpl-subset/bpl_subset/boost/concept/detail/general.hpp:71:7: note: in expansion of macro ‘BOOST_PP_CAT’
         71 |       BOOST_PP_CAT(boost_concept_check,__LINE__)
            |       ^~~~~~~~~~~~
      bpl-subset/bpl_subset/boost/concept/assert.hpp:44:5: note: in expansion of macro ‘BOOST_CONCEPT_ASSERT_FN’
         44 |     BOOST_CONCEPT_ASSERT_FN(void(*)ModelInParens)
            |     ^~~~~~~~~~~~~~~~~~~~~~~
      bpl-subset/bpl_subset/boost/concept_check.hpp:466:11: note: in expansion of macro ‘BOOST_CONCEPT_ASSERT’
        466 |           BOOST_CONCEPT_ASSERT((Convertible<Arg, argument_type>));
            |           ^~~~~~~~~~~~~~~~~~~~
      bpl-subset/bpl_subset/boost/concept_check.hpp: In destructor ‘pycudaboost::AdaptableBinaryFunction<Func, Return, First, Second>::~AdaptableBinaryFunction()’:
      bpl-subset/bpl_subset/boost/concept/detail/general.hpp:71:20: warning: typedef ‘boost_concept_check484’ locally defined but not used [-Wunused-local-typedefs]
         71 |       BOOST_PP_CAT(boost_concept_check,__LINE__)
            |                    ^~~~~~~~~~~~~~~~~~~
      bpl-subset/bpl_subset/boost/preprocessor/cat.hpp:29:34: note: in definition of macro ‘BOOST_PP_CAT_I’
         29 | #    define BOOST_PP_CAT_I(a, b) a ## b
            |                                  ^
      bpl-subset/bpl_subset/boost/concept/detail/general.hpp:71:7: note: in expansion of macro ‘BOOST_PP_CAT’
         71 |       BOOST_PP_CAT(boost_concept_check,__LINE__)
            |       ^~~~~~~~~~~~
      bpl-subset/bpl_subset/boost/concept/assert.hpp:44:5: note: in expansion of macro ‘BOOST_CONCEPT_ASSERT_FN’
         44 |     BOOST_CONCEPT_ASSERT_FN(void(*)ModelInParens)
            |     ^~~~~~~~~~~~~~~~~~~~~~~
      bpl-subset/bpl_subset/boost/concept_check.hpp:484:11: note: in expansion of macro ‘BOOST_CONCEPT_ASSERT’
        484 |           BOOST_CONCEPT_ASSERT((Convertible<result_type, Return>));
            |           ^~~~~~~~~~~~~~~~~~~~
      bpl-subset/bpl_subset/boost/concept/detail/general.hpp:71:20: warning: typedef ‘boost_concept_check485’ locally defined but not used [-Wunused-local-typedefs]
         71 |       BOOST_PP_CAT(boost_concept_check,__LINE__)
            |                    ^~~~~~~~~~~~~~~~~~~
      bpl-subset/bpl_subset/boost/preprocessor/cat.hpp:29:34: note: in definition of macro ‘BOOST_PP_CAT_I’
         29 | #    define BOOST_PP_CAT_I(a, b) a ## b
            |                                  ^
      bpl-subset/bpl_subset/boost/concept/detail/general.hpp:71:7: note: in expansion of macro ‘BOOST_PP_CAT’
         71 |       BOOST_PP_CAT(boost_concept_check,__LINE__)
            |       ^~~~~~~~~~~~
      bpl-subset/bpl_subset/boost/concept/assert.hpp:44:5: note: in expansion of macro ‘BOOST_CONCEPT_ASSERT_FN’
         44 |     BOOST_CONCEPT_ASSERT_FN(void(*)ModelInParens)
            |     ^~~~~~~~~~~~~~~~~~~~~~~
      bpl-subset/bpl_subset/boost/concept_check.hpp:485:11: note: in expansion of macro ‘BOOST_CONCEPT_ASSERT’
        485 |           BOOST_CONCEPT_ASSERT((Convertible<First, first_argument_type>));
            |           ^~~~~~~~~~~~~~~~~~~~
      bpl-subset/bpl_subset/boost/concept/detail/general.hpp:71:20: warning: typedef ‘boost_concept_check486’ locally defined but not used [-Wunused-local-typedefs]
         71 |       BOOST_PP_CAT(boost_concept_check,__LINE__)
            |                    ^~~~~~~~~~~~~~~~~~~
      bpl-subset/bpl_subset/boost/preprocessor/cat.hpp:29:34: note: in definition of macro ‘BOOST_PP_CAT_I’
         29 | #    define BOOST_PP_CAT_I(a, b) a ## b
            |                                  ^
      bpl-subset/bpl_subset/boost/concept/detail/general.hpp:71:7: note: in expansion of macro ‘BOOST_PP_CAT’
         71 |       BOOST_PP_CAT(boost_concept_check,__LINE__)
            |       ^~~~~~~~~~~~
      bpl-subset/bpl_subset/boost/concept/assert.hpp:44:5: note: in expansion of macro ‘BOOST_CONCEPT_ASSERT_FN’
         44 |     BOOST_CONCEPT_ASSERT_FN(void(*)ModelInParens)
            |     ^~~~~~~~~~~~~~~~~~~~~~~
      bpl-subset/bpl_subset/boost/concept_check.hpp:486:11: note: in expansion of macro ‘BOOST_CONCEPT_ASSERT’
        486 |           BOOST_CONCEPT_ASSERT((Convertible<Second, second_argument_type>));
            |           ^~~~~~~~~~~~~~~~~~~~
      bpl-subset/bpl_subset/boost/concept_check.hpp: In destructor ‘pycudaboost::InputIterator<TT>::~InputIterator()’:
      bpl-subset/bpl_subset/boost/concept/detail/general.hpp:71:20: warning: typedef ‘boost_concept_check517’ locally defined but not used [-Wunused-local-typedefs]
         71 |       BOOST_PP_CAT(boost_concept_check,__LINE__)
            |                    ^~~~~~~~~~~~~~~~~~~
      bpl-subset/bpl_subset/boost/preprocessor/cat.hpp:29:34: note: in definition of macro ‘BOOST_PP_CAT_I’
         29 | #    define BOOST_PP_CAT_I(a, b) a ## b
            |                                  ^
      bpl-subset/bpl_subset/boost/concept/detail/general.hpp:71:7: note: in expansion of macro ‘BOOST_PP_CAT’
         71 |       BOOST_PP_CAT(boost_concept_check,__LINE__)
            |       ^~~~~~~~~~~~
      bpl-subset/bpl_subset/boost/concept/assert.hpp:44:5: note: in expansion of macro ‘BOOST_CONCEPT_ASSERT_FN’
         44 |     BOOST_CONCEPT_ASSERT_FN(void(*)ModelInParens)
            |     ^~~~~~~~~~~~~~~~~~~~~~~
      bpl-subset/bpl_subset/boost/concept_check.hpp:517:9: note: in expansion of macro ‘BOOST_CONCEPT_ASSERT’
        517 |         BOOST_CONCEPT_ASSERT((SignedInteger<difference_type>));
            |         ^~~~~~~~~~~~~~~~~~~~
      bpl-subset/bpl_subset/boost/concept/detail/general.hpp:71:20: warning: typedef ‘boost_concept_check518’ locally defined but not used [-Wunused-local-typedefs]
         71 |       BOOST_PP_CAT(boost_concept_check,__LINE__)
            |                    ^~~~~~~~~~~~~~~~~~~
      bpl-subset/bpl_subset/boost/preprocessor/cat.hpp:29:34: note: in definition of macro ‘BOOST_PP_CAT_I’
         29 | #    define BOOST_PP_CAT_I(a, b) a ## b
            |                                  ^
      bpl-subset/bpl_subset/boost/concept/detail/general.hpp:71:7: note: in expansion of macro ‘BOOST_PP_CAT’
         71 |       BOOST_PP_CAT(boost_concept_check,__LINE__)
            |       ^~~~~~~~~~~~
      bpl-subset/bpl_subset/boost/concept/assert.hpp:44:5: note: in expansion of macro ‘BOOST_CONCEPT_ASSERT_FN’
         44 |     BOOST_CONCEPT_ASSERT_FN(void(*)ModelInParens)
            |     ^~~~~~~~~~~~~~~~~~~~~~~
      bpl-subset/bpl_subset/boost/concept_check.hpp:518:9: note: in expansion of macro ‘BOOST_CONCEPT_ASSERT’
        518 |         BOOST_CONCEPT_ASSERT((Convertible<iterator_category, std::input_iterator_tag>));
            |         ^~~~~~~~~~~~~~~~~~~~
      bpl-subset/bpl_subset/boost/concept_check.hpp: In destructor ‘pycudaboost::ForwardIterator<TT>::~ForwardIterator()’:
      bpl-subset/bpl_subset/boost/concept/detail/general.hpp:71:20: warning: typedef ‘boost_concept_check548’ locally defined but not used [-Wunused-local-typedefs]
         71 |       BOOST_PP_CAT(boost_concept_check,__LINE__)
            |                    ^~~~~~~~~~~~~~~~~~~
      bpl-subset/bpl_subset/boost/preprocessor/cat.hpp:29:34: note: in definition of macro ‘BOOST_PP_CAT_I’
         29 | #    define BOOST_PP_CAT_I(a, b) a ## b
            |                                  ^
      bpl-subset/bpl_subset/boost/concept/detail/general.hpp:71:7: note: in expansion of macro ‘BOOST_PP_CAT’
         71 |       BOOST_PP_CAT(boost_concept_check,__LINE__)
            |       ^~~~~~~~~~~~
      bpl-subset/bpl_subset/boost/concept/assert.hpp:44:5: note: in expansion of macro ‘BOOST_CONCEPT_ASSERT_FN’
         44 |     BOOST_CONCEPT_ASSERT_FN(void(*)ModelInParens)
            |     ^~~~~~~~~~~~~~~~~~~~~~~
      bpl-subset/bpl_subset/boost/concept_check.hpp:548:11: note: in expansion of macro ‘BOOST_CONCEPT_ASSERT’
        548 |           BOOST_CONCEPT_ASSERT((Convertible<
            |           ^~~~~~~~~~~~~~~~~~~~
      bpl-subset/bpl_subset/boost/concept_check.hpp: In destructor ‘pycudaboost::BidirectionalIterator<TT>::~BidirectionalIterator()’:
      bpl-subset/bpl_subset/boost/concept/detail/general.hpp:71:20: warning: typedef ‘boost_concept_check576’ locally defined but not used [-Wunused-local-typedefs]
         71 |       BOOST_PP_CAT(boost_concept_check,__LINE__)
            |                    ^~~~~~~~~~~~~~~~~~~
      bpl-subset/bpl_subset/boost/preprocessor/cat.hpp:29:34: note: in definition of macro ‘BOOST_PP_CAT_I’
         29 | #    define BOOST_PP_CAT_I(a, b) a ## b
            |                                  ^
      bpl-subset/bpl_subset/boost/concept/detail/general.hpp:71:7: note: in expansion of macro ‘BOOST_PP_CAT’
         71 |       BOOST_PP_CAT(boost_concept_check,__LINE__)
            |       ^~~~~~~~~~~~
      bpl-subset/bpl_subset/boost/concept/assert.hpp:44:5: note: in expansion of macro ‘BOOST_CONCEPT_ASSERT_FN’
         44 |     BOOST_CONCEPT_ASSERT_FN(void(*)ModelInParens)
            |     ^~~~~~~~~~~~~~~~~~~~~~~
      bpl-subset/bpl_subset/boost/concept_check.hpp:576:11: note: in expansion of macro ‘BOOST_CONCEPT_ASSERT’
        576 |           BOOST_CONCEPT_ASSERT((Convertible<
            |           ^~~~~~~~~~~~~~~~~~~~
      bpl-subset/bpl_subset/boost/concept_check.hpp: In destructor ‘pycudaboost::RandomAccessIterator<TT>::~RandomAccessIterator()’:
      bpl-subset/bpl_subset/boost/concept/detail/general.hpp:71:20: warning: typedef ‘boost_concept_check606’ locally defined but not used [-Wunused-local-typedefs]
         71 |       BOOST_PP_CAT(boost_concept_check,__LINE__)
            |                    ^~~~~~~~~~~~~~~~~~~
      bpl-subset/bpl_subset/boost/preprocessor/cat.hpp:29:34: note: in definition of macro ‘BOOST_PP_CAT_I’
         29 | #    define BOOST_PP_CAT_I(a, b) a ## b
            |                                  ^
      bpl-subset/bpl_subset/boost/concept/detail/general.hpp:71:7: note: in expansion of macro ‘BOOST_PP_CAT’
         71 |       BOOST_PP_CAT(boost_concept_check,__LINE__)
            |       ^~~~~~~~~~~~
      bpl-subset/bpl_subset/boost/concept/assert.hpp:44:5: note: in expansion of macro ‘BOOST_CONCEPT_ASSERT_FN’
         44 |     BOOST_CONCEPT_ASSERT_FN(void(*)ModelInParens)
            |     ^~~~~~~~~~~~~~~~~~~~~~~
      bpl-subset/bpl_subset/boost/concept_check.hpp:606:11: note: in expansion of macro ‘BOOST_CONCEPT_ASSERT’
        606 |           BOOST_CONCEPT_ASSERT((Convertible<
            |           ^~~~~~~~~~~~~~~~~~~~
      bpl-subset/bpl_subset/boost/concept_check.hpp: In destructor ‘pycudaboost::Container<C>::~Container()’:
      bpl-subset/bpl_subset/boost/concept/detail/general.hpp:71:20: warning: typedef ‘boost_concept_check653’ locally defined but not used [-Wunused-local-typedefs]
         71 |       BOOST_PP_CAT(boost_concept_check,__LINE__)
            |                    ^~~~~~~~~~~~~~~~~~~
      bpl-subset/bpl_subset/boost/preprocessor/cat.hpp:29:34: note: in definition of macro ‘BOOST_PP_CAT_I’
         29 | #    define BOOST_PP_CAT_I(a, b) a ## b
            |                                  ^
      bpl-subset/bpl_subset/boost/concept/detail/general.hpp:71:7: note: in expansion of macro ‘BOOST_PP_CAT’
         71 |       BOOST_PP_CAT(boost_concept_check,__LINE__)
            |       ^~~~~~~~~~~~
      bpl-subset/bpl_subset/boost/concept/assert.hpp:44:5: note: in expansion of macro ‘BOOST_CONCEPT_ASSERT_FN’
         44 |     BOOST_CONCEPT_ASSERT_FN(void(*)ModelInParens)
            |     ^~~~~~~~~~~~~~~~~~~~~~~
      bpl-subset/bpl_subset/boost/concept_check.hpp:653:11: note: in expansion of macro ‘BOOST_CONCEPT_ASSERT’
        653 |           BOOST_CONCEPT_ASSERT((InputIterator<const_iterator>));
            |           ^~~~~~~~~~~~~~~~~~~~
      bpl-subset/bpl_subset/boost/concept_check.hpp: In destructor ‘pycudaboost::Mutable_Container<C>::~Mutable_Container()’:
      bpl-subset/bpl_subset/boost/concept/detail/general.hpp:71:20: warning: typedef ‘boost_concept_check680’ locally defined but not used [-Wunused-local-typedefs]
         71 |       BOOST_PP_CAT(boost_concept_check,__LINE__)
            |                    ^~~~~~~~~~~~~~~~~~~
      bpl-subset/bpl_subset/boost/preprocessor/cat.hpp:29:34: note: in definition of macro ‘BOOST_PP_CAT_I’
         29 | #    define BOOST_PP_CAT_I(a, b) a ## b
            |                                  ^
      bpl-subset/bpl_subset/boost/concept/detail/general.hpp:71:7: note: in expansion of macro ‘BOOST_PP_CAT’
         71 |       BOOST_PP_CAT(boost_concept_check,__LINE__)
            |       ^~~~~~~~~~~~
      bpl-subset/bpl_subset/boost/concept/assert.hpp:44:5: note: in expansion of macro ‘BOOST_CONCEPT_ASSERT_FN’
         44 |     BOOST_CONCEPT_ASSERT_FN(void(*)ModelInParens)
            |     ^~~~~~~~~~~~~~~~~~~~~~~
      bpl-subset/bpl_subset/boost/concept_check.hpp:680:11: note: in expansion of macro ‘BOOST_CONCEPT_ASSERT’
        680 |           BOOST_CONCEPT_ASSERT((
            |           ^~~~~~~~~~~~~~~~~~~~
      bpl-subset/bpl_subset/boost/concept/detail/general.hpp:71:20: warning: typedef ‘boost_concept_check683’ locally defined but not used [-Wunused-local-typedefs]
         71 |       BOOST_PP_CAT(boost_concept_check,__LINE__)
            |                    ^~~~~~~~~~~~~~~~~~~
      bpl-subset/bpl_subset/boost/preprocessor/cat.hpp:29:34: note: in definition of macro ‘BOOST_PP_CAT_I’
         29 | #    define BOOST_PP_CAT_I(a, b) a ## b
            |                                  ^
      bpl-subset/bpl_subset/boost/concept/detail/general.hpp:71:7: note: in expansion of macro ‘BOOST_PP_CAT’
         71 |       BOOST_PP_CAT(boost_concept_check,__LINE__)
            |       ^~~~~~~~~~~~
      bpl-subset/bpl_subset/boost/concept/assert.hpp:44:5: note: in expansion of macro ‘BOOST_CONCEPT_ASSERT_FN’
         44 |     BOOST_CONCEPT_ASSERT_FN(void(*)ModelInParens)
            |     ^~~~~~~~~~~~~~~~~~~~~~~
      bpl-subset/bpl_subset/boost/concept_check.hpp:683:11: note: in expansion of macro ‘BOOST_CONCEPT_ASSERT’
        683 |           BOOST_CONCEPT_ASSERT((InputIterator<iterator>));
            |           ^~~~~~~~~~~~~~~~~~~~
      bpl-subset/bpl_subset/boost/concept_check.hpp: In destructor ‘pycudaboost::ForwardContainer<C>::~ForwardContainer()’:
      bpl-subset/bpl_subset/boost/concept/detail/general.hpp:71:20: warning: typedef ‘boost_concept_check700’ locally defined but not used [-Wunused-local-typedefs]
         71 |       BOOST_PP_CAT(boost_concept_check,__LINE__)
            |                    ^~~~~~~~~~~~~~~~~~~
      bpl-subset/bpl_subset/boost/preprocessor/cat.hpp:29:34: note: in definition of macro ‘BOOST_PP_CAT_I’
         29 | #    define BOOST_PP_CAT_I(a, b) a ## b
            |                                  ^
      bpl-subset/bpl_subset/boost/concept/detail/general.hpp:71:7: note: in expansion of macro ‘BOOST_PP_CAT’
         71 |       BOOST_PP_CAT(boost_concept_check,__LINE__)
            |       ^~~~~~~~~~~~
      bpl-subset/bpl_subset/boost/concept/assert.hpp:44:5: note: in expansion of macro ‘BOOST_CONCEPT_ASSERT_FN’
         44 |     BOOST_CONCEPT_ASSERT_FN(void(*)ModelInParens)
            |     ^~~~~~~~~~~~~~~~~~~~~~~
      bpl-subset/bpl_subset/boost/concept_check.hpp:700:11: note: in expansion of macro ‘BOOST_CONCEPT_ASSERT’
        700 |           BOOST_CONCEPT_ASSERT((
            |           ^~~~~~~~~~~~~~~~~~~~
      bpl-subset/bpl_subset/boost/concept_check.hpp: In destructor ‘pycudaboost::Mutable_ForwardContainer<C>::~Mutable_ForwardContainer()’:
      bpl-subset/bpl_subset/boost/concept/detail/general.hpp:71:20: warning: typedef ‘boost_concept_check713’ locally defined but not used [-Wunused-local-typedefs]
         71 |       BOOST_PP_CAT(boost_concept_check,__LINE__)
            |                    ^~~~~~~~~~~~~~~~~~~
      bpl-subset/bpl_subset/boost/preprocessor/cat.hpp:29:34: note: in definition of macro ‘BOOST_PP_CAT_I’
         29 | #    define BOOST_PP_CAT_I(a, b) a ## b
            |                                  ^
      bpl-subset/bpl_subset/boost/concept/detail/general.hpp:71:7: note: in expansion of macro ‘BOOST_PP_CAT’
         71 |       BOOST_PP_CAT(boost_concept_check,__LINE__)
            |       ^~~~~~~~~~~~
      bpl-subset/bpl_subset/boost/concept/assert.hpp:44:5: note: in expansion of macro ‘BOOST_CONCEPT_ASSERT_FN’
         44 |     BOOST_CONCEPT_ASSERT_FN(void(*)ModelInParens)
            |     ^~~~~~~~~~~~~~~~~~~~~~~
      bpl-subset/bpl_subset/boost/concept_check.hpp:713:11: note: in expansion of macro ‘BOOST_CONCEPT_ASSERT’
        713 |           BOOST_CONCEPT_ASSERT((
            |           ^~~~~~~~~~~~~~~~~~~~
      bpl-subset/bpl_subset/boost/concept_check.hpp: In destructor ‘pycudaboost::ReversibleContainer<C>::~ReversibleContainer()’:
      bpl-subset/bpl_subset/boost/concept/detail/general.hpp:71:20: warning: typedef ‘boost_concept_check729’ locally defined but not used [-Wunused-local-typedefs]
         71 |       BOOST_PP_CAT(boost_concept_check,__LINE__)
            |                    ^~~~~~~~~~~~~~~~~~~
      bpl-subset/bpl_subset/boost/preprocessor/cat.hpp:29:34: note: in definition of macro ‘BOOST_PP_CAT_I’
         29 | #    define BOOST_PP_CAT_I(a, b) a ## b
            |                                  ^
      bpl-subset/bpl_subset/boost/concept/detail/general.hpp:71:7: note: in expansion of macro ‘BOOST_PP_CAT’
         71 |       BOOST_PP_CAT(boost_concept_check,__LINE__)
            |       ^~~~~~~~~~~~
      bpl-subset/bpl_subset/boost/concept/assert.hpp:44:5: note: in expansion of macro ‘BOOST_CONCEPT_ASSERT_FN’
         44 |     BOOST_CONCEPT_ASSERT_FN(void(*)ModelInParens)
            |     ^~~~~~~~~~~~~~~~~~~~~~~
      bpl-subset/bpl_subset/boost/concept_check.hpp:729:11: note: in expansion of macro ‘BOOST_CONCEPT_ASSERT’
        729 |           BOOST_CONCEPT_ASSERT((
            |           ^~~~~~~~~~~~~~~~~~~~
      bpl-subset/bpl_subset/boost/concept/detail/general.hpp:71:20: warning: typedef ‘boost_concept_check733’ locally defined but not used [-Wunused-local-typedefs]
         71 |       BOOST_PP_CAT(boost_concept_check,__LINE__)
            |                    ^~~~~~~~~~~~~~~~~~~
      bpl-subset/bpl_subset/boost/preprocessor/cat.hpp:29:34: note: in definition of macro ‘BOOST_PP_CAT_I’
         29 | #    define BOOST_PP_CAT_I(a, b) a ## b
            |                                  ^
      bpl-subset/bpl_subset/boost/concept/detail/general.hpp:71:7: note: in expansion of macro ‘BOOST_PP_CAT’
         71 |       BOOST_PP_CAT(boost_concept_check,__LINE__)
            |       ^~~~~~~~~~~~
      bpl-subset/bpl_subset/boost/concept/assert.hpp:44:5: note: in expansion of macro ‘BOOST_CONCEPT_ASSERT_FN’
         44 |     BOOST_CONCEPT_ASSERT_FN(void(*)ModelInParens)
            |     ^~~~~~~~~~~~~~~~~~~~~~~
      bpl-subset/bpl_subset/boost/concept_check.hpp:733:11: note: in expansion of macro ‘BOOST_CONCEPT_ASSERT’
        733 |           BOOST_CONCEPT_ASSERT((BidirectionalIterator<const_reverse_iterator>));
            |           ^~~~~~~~~~~~~~~~~~~~
      bpl-subset/bpl_subset/boost/concept_check.hpp: In destructor ‘pycudaboost::Mutable_ReversibleContainer<C>::~Mutable_ReversibleContainer()’:
      bpl-subset/bpl_subset/boost/concept/detail/general.hpp:71:20: warning: typedef ‘boost_concept_check755’ locally defined but not used [-Wunused-local-typedefs]
         71 |       BOOST_PP_CAT(boost_concept_check,__LINE__)
            |                    ^~~~~~~~~~~~~~~~~~~
      bpl-subset/bpl_subset/boost/preprocessor/cat.hpp:29:34: note: in definition of macro ‘BOOST_PP_CAT_I’
         29 | #    define BOOST_PP_CAT_I(a, b) a ## b
            |                                  ^
      bpl-subset/bpl_subset/boost/concept/detail/general.hpp:71:7: note: in expansion of macro ‘BOOST_PP_CAT’
         71 |       BOOST_PP_CAT(boost_concept_check,__LINE__)
            |       ^~~~~~~~~~~~
      bpl-subset/bpl_subset/boost/concept/assert.hpp:44:5: note: in expansion of macro ‘BOOST_CONCEPT_ASSERT_FN’
         44 |     BOOST_CONCEPT_ASSERT_FN(void(*)ModelInParens)
            |     ^~~~~~~~~~~~~~~~~~~~~~~
      bpl-subset/bpl_subset/boost/concept_check.hpp:755:11: note: in expansion of macro ‘BOOST_CONCEPT_ASSERT’
        755 |           BOOST_CONCEPT_ASSERT((Mutable_BidirectionalIterator<iterator>));
            |           ^~~~~~~~~~~~~~~~~~~~
      bpl-subset/bpl_subset/boost/concept/detail/general.hpp:71:20: warning: typedef ‘boost_concept_check756’ locally defined but not used [-Wunused-local-typedefs]
         71 |       BOOST_PP_CAT(boost_concept_check,__LINE__)
            |                    ^~~~~~~~~~~~~~~~~~~
      bpl-subset/bpl_subset/boost/preprocessor/cat.hpp:29:34: note: in definition of macro ‘BOOST_PP_CAT_I’
         29 | #    define BOOST_PP_CAT_I(a, b) a ## b
            |                                  ^
      bpl-subset/bpl_subset/boost/concept/detail/general.hpp:71:7: note: in expansion of macro ‘BOOST_PP_CAT’
         71 |       BOOST_PP_CAT(boost_concept_check,__LINE__)
            |       ^~~~~~~~~~~~
      bpl-subset/bpl_subset/boost/concept/assert.hpp:44:5: note: in expansion of macro ‘BOOST_CONCEPT_ASSERT_FN’
         44 |     BOOST_CONCEPT_ASSERT_FN(void(*)ModelInParens)
            |     ^~~~~~~~~~~~~~~~~~~~~~~
      bpl-subset/bpl_subset/boost/concept_check.hpp:756:11: note: in expansion of macro ‘BOOST_CONCEPT_ASSERT’
        756 |           BOOST_CONCEPT_ASSERT((Mutable_BidirectionalIterator<reverse_iterator>));
            |           ^~~~~~~~~~~~~~~~~~~~
      bpl-subset/bpl_subset/boost/concept_check.hpp: In destructor ‘pycudaboost::RandomAccessContainer<C>::~RandomAccessContainer()’:
      bpl-subset/bpl_subset/boost/concept/detail/general.hpp:71:20: warning: typedef ‘boost_concept_check773’ locally defined but not used [-Wunused-local-typedefs]
         71 |       BOOST_PP_CAT(boost_concept_check,__LINE__)
            |                    ^~~~~~~~~~~~~~~~~~~
      bpl-subset/bpl_subset/boost/preprocessor/cat.hpp:29:34: note: in definition of macro ‘BOOST_PP_CAT_I’
         29 | #    define BOOST_PP_CAT_I(a, b) a ## b
            |                                  ^
      bpl-subset/bpl_subset/boost/concept/detail/general.hpp:71:7: note: in expansion of macro ‘BOOST_PP_CAT’
         71 |       BOOST_PP_CAT(boost_concept_check,__LINE__)
            |       ^~~~~~~~~~~~
      bpl-subset/bpl_subset/boost/concept/assert.hpp:44:5: note: in expansion of macro ‘BOOST_CONCEPT_ASSERT_FN’
         44 |     BOOST_CONCEPT_ASSERT_FN(void(*)ModelInParens)
            |     ^~~~~~~~~~~~~~~~~~~~~~~
      bpl-subset/bpl_subset/boost/concept_check.hpp:773:11: note: in expansion of macro ‘BOOST_CONCEPT_ASSERT’
        773 |           BOOST_CONCEPT_ASSERT((
            |           ^~~~~~~~~~~~~~~~~~~~
      bpl-subset/bpl_subset/boost/concept_check.hpp: In destructor ‘pycudaboost::Mutable_RandomAccessContainer<C>::~Mutable_RandomAccessContainer()’:
      bpl-subset/bpl_subset/boost/concept/detail/general.hpp:71:20: warning: typedef ‘boost_concept_check800’ locally defined but not used [-Wunused-local-typedefs]
         71 |       BOOST_PP_CAT(boost_concept_check,__LINE__)
            |                    ^~~~~~~~~~~~~~~~~~~
      bpl-subset/bpl_subset/boost/preprocessor/cat.hpp:29:34: note: in definition of macro ‘BOOST_PP_CAT_I’
         29 | #    define BOOST_PP_CAT_I(a, b) a ## b
            |                                  ^
      bpl-subset/bpl_subset/boost/concept/detail/general.hpp:71:7: note: in expansion of macro ‘BOOST_PP_CAT’
         71 |       BOOST_PP_CAT(boost_concept_check,__LINE__)
            |       ^~~~~~~~~~~~
      bpl-subset/bpl_subset/boost/concept/assert.hpp:44:5: note: in expansion of macro ‘BOOST_CONCEPT_ASSERT_FN’
         44 |     BOOST_CONCEPT_ASSERT_FN(void(*)ModelInParens)
            |     ^~~~~~~~~~~~~~~~~~~~~~~
      bpl-subset/bpl_subset/boost/concept_check.hpp:800:11: note: in expansion of macro ‘BOOST_CONCEPT_ASSERT’
        800 |           BOOST_CONCEPT_ASSERT((Mutable_RandomAccessIterator<typename self::iterator>));
            |           ^~~~~~~~~~~~~~~~~~~~
      bpl-subset/bpl_subset/boost/concept/detail/general.hpp:71:20: warning: typedef ‘boost_concept_check801’ locally defined but not used [-Wunused-local-typedefs]
         71 |       BOOST_PP_CAT(boost_concept_check,__LINE__)
            |                    ^~~~~~~~~~~~~~~~~~~
      bpl-subset/bpl_subset/boost/preprocessor/cat.hpp:29:34: note: in definition of macro ‘BOOST_PP_CAT_I’
         29 | #    define BOOST_PP_CAT_I(a, b) a ## b
            |                                  ^
      bpl-subset/bpl_subset/boost/concept/detail/general.hpp:71:7: note: in expansion of macro ‘BOOST_PP_CAT’
         71 |       BOOST_PP_CAT(boost_concept_check,__LINE__)
            |       ^~~~~~~~~~~~
      bpl-subset/bpl_subset/boost/concept/assert.hpp:44:5: note: in expansion of macro ‘BOOST_CONCEPT_ASSERT_FN’
         44 |     BOOST_CONCEPT_ASSERT_FN(void(*)ModelInParens)
            |     ^~~~~~~~~~~~~~~~~~~~~~~
      bpl-subset/bpl_subset/boost/concept_check.hpp:801:11: note: in expansion of macro ‘BOOST_CONCEPT_ASSERT’
        801 |           BOOST_CONCEPT_ASSERT((Mutable_RandomAccessIterator<typename self::reverse_iterator>));
            |           ^~~~~~~~~~~~~~~~~~~~
      bpl-subset/bpl_subset/boost/concept_check.hpp: In destructor ‘pycudaboost::AssociativeContainer<C>::~AssociativeContainer()’:
      bpl-subset/bpl_subset/boost/concept/detail/general.hpp:71:20: warning: typedef ‘boost_concept_check905’ locally defined but not used [-Wunused-local-typedefs]
         71 |       BOOST_PP_CAT(boost_concept_check,__LINE__)
            |                    ^~~~~~~~~~~~~~~~~~~
      bpl-subset/bpl_subset/boost/preprocessor/cat.hpp:29:34: note: in definition of macro ‘BOOST_PP_CAT_I’
         29 | #    define BOOST_PP_CAT_I(a, b) a ## b
            |                                  ^
      bpl-subset/bpl_subset/boost/concept/detail/general.hpp:71:7: note: in expansion of macro ‘BOOST_PP_CAT’
         71 |       BOOST_PP_CAT(boost_concept_check,__LINE__)
            |       ^~~~~~~~~~~~
      bpl-subset/bpl_subset/boost/concept/assert.hpp:44:5: note: in expansion of macro ‘BOOST_CONCEPT_ASSERT_FN’
         44 |     BOOST_CONCEPT_ASSERT_FN(void(*)ModelInParens)
            |     ^~~~~~~~~~~~~~~~~~~~~~~
      bpl-subset/bpl_subset/boost/concept_check.hpp:905:11: note: in expansion of macro ‘BOOST_CONCEPT_ASSERT’
        905 |           BOOST_CONCEPT_ASSERT((BinaryPredicate<key_compare,key_type,key_type>));
            |           ^~~~~~~~~~~~~~~~~~~~
      bpl-subset/bpl_subset/boost/concept/detail/general.hpp:71:20: warning: typedef ‘boost_concept_check908’ locally defined but not used [-Wunused-local-typedefs]
         71 |       BOOST_PP_CAT(boost_concept_check,__LINE__)
            |                    ^~~~~~~~~~~~~~~~~~~
      bpl-subset/bpl_subset/boost/preprocessor/cat.hpp:29:34: note: in definition of macro ‘BOOST_PP_CAT_I’
         29 | #    define BOOST_PP_CAT_I(a, b) a ## b
            |                                  ^
      bpl-subset/bpl_subset/boost/concept/detail/general.hpp:71:7: note: in expansion of macro ‘BOOST_PP_CAT’
         71 |       BOOST_PP_CAT(boost_concept_check,__LINE__)
            |       ^~~~~~~~~~~~
      bpl-subset/bpl_subset/boost/concept/assert.hpp:44:5: note: in expansion of macro ‘BOOST_CONCEPT_ASSERT_FN’
         44 |     BOOST_CONCEPT_ASSERT_FN(void(*)ModelInParens)
            |     ^~~~~~~~~~~~~~~~~~~~~~~
      bpl-subset/bpl_subset/boost/concept_check.hpp:908:11: note: in expansion of macro ‘BOOST_CONCEPT_ASSERT’
        908 |           BOOST_CONCEPT_ASSERT((BinaryPredicate<value_compare,value_type_,value_type_>));
            |           ^~~~~~~~~~~~~~~~~~~~
      bpl-subset/bpl_subset/boost/graph/buffer_concepts.hpp: In destructor ‘pycudaboost::Buffer<B>::~Buffer()’:
      bpl-subset/bpl_subset/boost/concept/detail/general.hpp:71:20: warning: typedef ‘boost_concept_check26’ locally defined but not used [-Wunused-local-typedefs]
         71 |       BOOST_PP_CAT(boost_concept_check,__LINE__)
            |                    ^~~~~~~~~~~~~~~~~~~
      bpl-subset/bpl_subset/boost/preprocessor/cat.hpp:29:34: note: in definition of macro ‘BOOST_PP_CAT_I’
         29 | #    define BOOST_PP_CAT_I(a, b) a ## b
            |                                  ^
      bpl-subset/bpl_subset/boost/concept/detail/general.hpp:71:7: note: in expansion of macro ‘BOOST_PP_CAT’
         71 |       BOOST_PP_CAT(boost_concept_check,__LINE__)
            |       ^~~~~~~~~~~~
      bpl-subset/bpl_subset/boost/concept/assert.hpp:44:5: note: in expansion of macro ‘BOOST_CONCEPT_ASSERT_FN’
         44 |     BOOST_CONCEPT_ASSERT_FN(void(*)ModelInParens)
            |     ^~~~~~~~~~~~~~~~~~~~~~~
      bpl-subset/bpl_subset/boost/graph/buffer_concepts.hpp:26:7: note: in expansion of macro ‘BOOST_CONCEPT_ASSERT’
         26 |       BOOST_CONCEPT_ASSERT((Assignable<value_type>));
            |       ^~~~~~~~~~~~~~~~~~~~
      bpl-subset/bpl_subset/boost/graph/buffer_concepts.hpp: In destructor ‘pycudaboost::KeyedUpdatableQueue<Q>::~KeyedUpdatableQueue()’:
      bpl-subset/bpl_subset/boost/concept/detail/general.hpp:71:20: warning: typedef ‘boost_concept_check75’ locally defined but not used [-Wunused-local-typedefs]
         71 |       BOOST_PP_CAT(boost_concept_check,__LINE__)
            |                    ^~~~~~~~~~~~~~~~~~~
      bpl-subset/bpl_subset/boost/preprocessor/cat.hpp:29:34: note: in definition of macro ‘BOOST_PP_CAT_I’
         29 | #    define BOOST_PP_CAT_I(a, b) a ## b
            |                                  ^
      bpl-subset/bpl_subset/boost/concept/detail/general.hpp:71:7: note: in expansion of macro ‘BOOST_PP_CAT’
         71 |       BOOST_PP_CAT(boost_concept_check,__LINE__)
            |       ^~~~~~~~~~~~
      bpl-subset/bpl_subset/boost/concept/assert.hpp:44:5: note: in expansion of macro ‘BOOST_CONCEPT_ASSERT_FN’
         44 |     BOOST_CONCEPT_ASSERT_FN(void(*)ModelInParens)
            |     ^~~~~~~~~~~~~~~~~~~~~~~
      bpl-subset/bpl_subset/boost/graph/buffer_concepts.hpp:75:7: note: in expansion of macro ‘BOOST_CONCEPT_ASSERT’
         75 |       BOOST_CONCEPT_ASSERT((boost::ReadWritePropertyMapConcept<key_map, typename Buffer<Q>::value_type>));
            |       ^~~~~~~~~~~~~~~~~~~~
      bpl-subset/bpl_subset/boost/graph/graph_concepts.hpp: In destructor ‘pycudaboost::concepts::MultiPassInputIterator<T>::~MultiPassInputIterator()’:
      bpl-subset/bpl_subset/boost/concept/detail/general.hpp:71:20: warning: typedef ‘boost_concept_check51’ locally defined but not used [-Wunused-local-typedefs]
         71 |       BOOST_PP_CAT(boost_concept_check,__LINE__)
            |                    ^~~~~~~~~~~~~~~~~~~
      bpl-subset/bpl_subset/boost/preprocessor/cat.hpp:29:34: note: in definition of macro ‘BOOST_PP_CAT_I’
         29 | #    define BOOST_PP_CAT_I(a, b) a ## b
            |                                  ^
      bpl-subset/bpl_subset/boost/concept/detail/general.hpp:71:7: note: in expansion of macro ‘BOOST_PP_CAT’
         71 |       BOOST_PP_CAT(boost_concept_check,__LINE__)
            |       ^~~~~~~~~~~~
      bpl-subset/bpl_subset/boost/concept/assert.hpp:44:5: note: in expansion of macro ‘BOOST_CONCEPT_ASSERT_FN’
         44 |     BOOST_CONCEPT_ASSERT_FN(void(*)ModelInParens)
            |     ^~~~~~~~~~~~~~~~~~~~~~~
      bpl-subset/bpl_subset/boost/graph/graph_concepts.hpp:51:13: note: in expansion of macro ‘BOOST_CONCEPT_ASSERT’
         51 |             BOOST_CONCEPT_ASSERT((InputIterator<T>));
            |             ^~~~~~~~~~~~~~~~~~~~
      bpl-subset/bpl_subset/boost/graph/graph_concepts.hpp: In destructor ‘pycudaboost::concepts::Graph<G>::~Graph()’:
      bpl-subset/bpl_subset/boost/concept/detail/general.hpp:71:20: warning: typedef ‘boost_concept_check67’ locally defined but not used [-Wunused-local-typedefs]
         71 |       BOOST_PP_CAT(boost_concept_check,__LINE__)
            |                    ^~~~~~~~~~~~~~~~~~~
      bpl-subset/bpl_subset/boost/preprocessor/cat.hpp:29:34: note: in definition of macro ‘BOOST_PP_CAT_I’
         29 | #    define BOOST_PP_CAT_I(a, b) a ## b
            |                                  ^
      bpl-subset/bpl_subset/boost/concept/detail/general.hpp:71:7: note: in expansion of macro ‘BOOST_PP_CAT’
         71 |       BOOST_PP_CAT(boost_concept_check,__LINE__)
            |       ^~~~~~~~~~~~
      bpl-subset/bpl_subset/boost/concept/assert.hpp:44:5: note: in expansion of macro ‘BOOST_CONCEPT_ASSERT_FN’
         44 |     BOOST_CONCEPT_ASSERT_FN(void(*)ModelInParens)
            |     ^~~~~~~~~~~~~~~~~~~~~~~
      bpl-subset/bpl_subset/boost/graph/graph_concepts.hpp:67:13: note: in expansion of macro ‘BOOST_CONCEPT_ASSERT’
         67 |             BOOST_CONCEPT_ASSERT((DefaultConstructible<vertex_descriptor>));
            |             ^~~~~~~~~~~~~~~~~~~~
      bpl-subset/bpl_subset/boost/concept/detail/general.hpp:71:20: warning: typedef ‘boost_concept_check68’ locally defined but not used [-Wunused-local-typedefs]
         71 |       BOOST_PP_CAT(boost_concept_check,__LINE__)
            |                    ^~~~~~~~~~~~~~~~~~~
      bpl-subset/bpl_subset/boost/preprocessor/cat.hpp:29:34: note: in definition of macro ‘BOOST_PP_CAT_I’
         29 | #    define BOOST_PP_CAT_I(a, b) a ## b
            |                                  ^
      bpl-subset/bpl_subset/boost/concept/detail/general.hpp:71:7: note: in expansion of macro ‘BOOST_PP_CAT’
         71 |       BOOST_PP_CAT(boost_concept_check,__LINE__)
            |       ^~~~~~~~~~~~
      bpl-subset/bpl_subset/boost/concept/assert.hpp:44:5: note: in expansion of macro ‘BOOST_CONCEPT_ASSERT_FN’
         44 |     BOOST_CONCEPT_ASSERT_FN(void(*)ModelInParens)
            |     ^~~~~~~~~~~~~~~~~~~~~~~
      bpl-subset/bpl_subset/boost/graph/graph_concepts.hpp:68:13: note: in expansion of macro ‘BOOST_CONCEPT_ASSERT’
         68 |             BOOST_CONCEPT_ASSERT((EqualityComparable<vertex_descriptor>));
            |             ^~~~~~~~~~~~~~~~~~~~
      bpl-subset/bpl_subset/boost/concept/detail/general.hpp:71:20: warning: typedef ‘boost_concept_check69’ locally defined but not used [-Wunused-local-typedefs]
         71 |       BOOST_PP_CAT(boost_concept_check,__LINE__)
            |                    ^~~~~~~~~~~~~~~~~~~
      bpl-subset/bpl_subset/boost/preprocessor/cat.hpp:29:34: note: in definition of macro ‘BOOST_PP_CAT_I’
         29 | #    define BOOST_PP_CAT_I(a, b) a ## b
            |                                  ^
      bpl-subset/bpl_subset/boost/concept/detail/general.hpp:71:7: note: in expansion of macro ‘BOOST_PP_CAT’
         71 |       BOOST_PP_CAT(boost_concept_check,__LINE__)
            |       ^~~~~~~~~~~~
      bpl-subset/bpl_subset/boost/concept/assert.hpp:44:5: note: in expansion of macro ‘BOOST_CONCEPT_ASSERT_FN’
         44 |     BOOST_CONCEPT_ASSERT_FN(void(*)ModelInParens)
            |     ^~~~~~~~~~~~~~~~~~~~~~~
      bpl-subset/bpl_subset/boost/graph/graph_concepts.hpp:69:13: note: in expansion of macro ‘BOOST_CONCEPT_ASSERT’
         69 |             BOOST_CONCEPT_ASSERT((Assignable<vertex_descriptor>));
            |             ^~~~~~~~~~~~~~~~~~~~
      bpl-subset/bpl_subset/boost/graph/graph_concepts.hpp: In destructor ‘pycudaboost::concepts::IncidenceGraph<G>::~IncidenceGraph()’:
      bpl-subset/bpl_subset/boost/concept/detail/general.hpp:71:20: warning: typedef ‘boost_concept_check85’ locally defined but not used [-Wunused-local-typedefs]
         71 |       BOOST_PP_CAT(boost_concept_check,__LINE__)
            |                    ^~~~~~~~~~~~~~~~~~~
      bpl-subset/bpl_subset/boost/preprocessor/cat.hpp:29:34: note: in definition of macro ‘BOOST_PP_CAT_I’
         29 | #    define BOOST_PP_CAT_I(a, b) a ## b
            |                                  ^
      bpl-subset/bpl_subset/boost/concept/detail/general.hpp:71:7: note: in expansion of macro ‘BOOST_PP_CAT’
         71 |       BOOST_PP_CAT(boost_concept_check,__LINE__)
            |       ^~~~~~~~~~~~
      bpl-subset/bpl_subset/boost/concept/assert.hpp:44:5: note: in expansion of macro ‘BOOST_CONCEPT_ASSERT_FN’
         44 |     BOOST_CONCEPT_ASSERT_FN(void(*)ModelInParens)
            |     ^~~~~~~~~~~~~~~~~~~~~~~
      bpl-subset/bpl_subset/boost/graph/graph_concepts.hpp:85:13: note: in expansion of macro ‘BOOST_CONCEPT_ASSERT’
         85 |             BOOST_CONCEPT_ASSERT((MultiPassInputIterator<out_edge_iterator>));
            |             ^~~~~~~~~~~~~~~~~~~~
      bpl-subset/bpl_subset/boost/concept/detail/general.hpp:71:20: warning: typedef ‘boost_concept_check86’ locally defined but not used [-Wunused-local-typedefs]
         71 |       BOOST_PP_CAT(boost_concept_check,__LINE__)
            |                    ^~~~~~~~~~~~~~~~~~~
      bpl-subset/bpl_subset/boost/preprocessor/cat.hpp:29:34: note: in definition of macro ‘BOOST_PP_CAT_I’
         29 | #    define BOOST_PP_CAT_I(a, b) a ## b
            |                                  ^
      bpl-subset/bpl_subset/boost/concept/detail/general.hpp:71:7: note: in expansion of macro ‘BOOST_PP_CAT’
         71 |       BOOST_PP_CAT(boost_concept_check,__LINE__)
            |       ^~~~~~~~~~~~
      bpl-subset/bpl_subset/boost/concept/assert.hpp:44:5: note: in expansion of macro ‘BOOST_CONCEPT_ASSERT_FN’
         44 |     BOOST_CONCEPT_ASSERT_FN(void(*)ModelInParens)
            |     ^~~~~~~~~~~~~~~~~~~~~~~
      bpl-subset/bpl_subset/boost/graph/graph_concepts.hpp:86:13: note: in expansion of macro ‘BOOST_CONCEPT_ASSERT’
         86 |             BOOST_CONCEPT_ASSERT((DefaultConstructible<edge_descriptor>));
            |             ^~~~~~~~~~~~~~~~~~~~
      bpl-subset/bpl_subset/boost/concept/detail/general.hpp:71:20: warning: typedef ‘boost_concept_check87’ locally defined but not used [-Wunused-local-typedefs]
         71 |       BOOST_PP_CAT(boost_concept_check,__LINE__)
            |                    ^~~~~~~~~~~~~~~~~~~
      bpl-subset/bpl_subset/boost/preprocessor/cat.hpp:29:34: note: in definition of macro ‘BOOST_PP_CAT_I’
         29 | #    define BOOST_PP_CAT_I(a, b) a ## b
            |                                  ^
      bpl-subset/bpl_subset/boost/concept/detail/general.hpp:71:7: note: in expansion of macro ‘BOOST_PP_CAT’
         71 |       BOOST_PP_CAT(boost_concept_check,__LINE__)
            |       ^~~~~~~~~~~~
      bpl-subset/bpl_subset/boost/concept/assert.hpp:44:5: note: in expansion of macro ‘BOOST_CONCEPT_ASSERT_FN’
         44 |     BOOST_CONCEPT_ASSERT_FN(void(*)ModelInParens)
            |     ^~~~~~~~~~~~~~~~~~~~~~~
      bpl-subset/bpl_subset/boost/graph/graph_concepts.hpp:87:13: note: in expansion of macro ‘BOOST_CONCEPT_ASSERT’
         87 |             BOOST_CONCEPT_ASSERT((EqualityComparable<edge_descriptor>));
            |             ^~~~~~~~~~~~~~~~~~~~
      bpl-subset/bpl_subset/boost/concept/detail/general.hpp:71:20: warning: typedef ‘boost_concept_check88’ locally defined but not used [-Wunused-local-typedefs]
         71 |       BOOST_PP_CAT(boost_concept_check,__LINE__)
            |                    ^~~~~~~~~~~~~~~~~~~
      bpl-subset/bpl_subset/boost/preprocessor/cat.hpp:29:34: note: in definition of macro ‘BOOST_PP_CAT_I’
         29 | #    define BOOST_PP_CAT_I(a, b) a ## b
            |                                  ^
      bpl-subset/bpl_subset/boost/concept/detail/general.hpp:71:7: note: in expansion of macro ‘BOOST_PP_CAT’
         71 |       BOOST_PP_CAT(boost_concept_check,__LINE__)
            |       ^~~~~~~~~~~~
      bpl-subset/bpl_subset/boost/concept/assert.hpp:44:5: note: in expansion of macro ‘BOOST_CONCEPT_ASSERT_FN’
         44 |     BOOST_CONCEPT_ASSERT_FN(void(*)ModelInParens)
            |     ^~~~~~~~~~~~~~~~~~~~~~~
      bpl-subset/bpl_subset/boost/graph/graph_concepts.hpp:88:13: note: in expansion of macro ‘BOOST_CONCEPT_ASSERT’
         88 |             BOOST_CONCEPT_ASSERT((Assignable<edge_descriptor>));
            |             ^~~~~~~~~~~~~~~~~~~~
      bpl-subset/bpl_subset/boost/concept/detail/general.hpp:71:20: warning: typedef ‘boost_concept_check89’ locally defined but not used [-Wunused-local-typedefs]
         71 |       BOOST_PP_CAT(boost_concept_check,__LINE__)
            |                    ^~~~~~~~~~~~~~~~~~~
      bpl-subset/bpl_subset/boost/preprocessor/cat.hpp:29:34: note: in definition of macro ‘BOOST_PP_CAT_I’
         29 | #    define BOOST_PP_CAT_I(a, b) a ## b
            |                                  ^
      bpl-subset/bpl_subset/boost/concept/detail/general.hpp:71:7: note: in expansion of macro ‘BOOST_PP_CAT’
         71 |       BOOST_PP_CAT(boost_concept_check,__LINE__)
            |       ^~~~~~~~~~~~
      bpl-subset/bpl_subset/boost/concept/assert.hpp:44:5: note: in expansion of macro ‘BOOST_CONCEPT_ASSERT_FN’
         44 |     BOOST_CONCEPT_ASSERT_FN(void(*)ModelInParens)
            |     ^~~~~~~~~~~~~~~~~~~~~~~
      bpl-subset/bpl_subset/boost/graph/graph_concepts.hpp:89:13: note: in expansion of macro ‘BOOST_CONCEPT_ASSERT’
         89 |             BOOST_CONCEPT_ASSERT((Convertible<traversal_category,
            |             ^~~~~~~~~~~~~~~~~~~~
      bpl-subset/bpl_subset/boost/graph/graph_concepts.hpp: In destructor ‘pycudaboost::concepts::BidirectionalGraph<G>::~BidirectionalGraph()’:
      bpl-subset/bpl_subset/boost/concept/detail/general.hpp:71:20: warning: typedef ‘boost_concept_check122’ locally defined but not used [-Wunused-local-typedefs]
         71 |       BOOST_PP_CAT(boost_concept_check,__LINE__)
            |                    ^~~~~~~~~~~~~~~~~~~
      bpl-subset/bpl_subset/boost/preprocessor/cat.hpp:29:34: note: in definition of macro ‘BOOST_PP_CAT_I’
         29 | #    define BOOST_PP_CAT_I(a, b) a ## b
            |                                  ^
      bpl-subset/bpl_subset/boost/concept/detail/general.hpp:71:7: note: in expansion of macro ‘BOOST_PP_CAT’
         71 |       BOOST_PP_CAT(boost_concept_check,__LINE__)
            |       ^~~~~~~~~~~~
      bpl-subset/bpl_subset/boost/concept/assert.hpp:44:5: note: in expansion of macro ‘BOOST_CONCEPT_ASSERT_FN’
         44 |     BOOST_CONCEPT_ASSERT_FN(void(*)ModelInParens)
            |     ^~~~~~~~~~~~~~~~~~~~~~~
      bpl-subset/bpl_subset/boost/graph/graph_concepts.hpp:122:9: note: in expansion of macro ‘BOOST_CONCEPT_ASSERT’
        122 |         BOOST_CONCEPT_ASSERT((MultiPassInputIterator<in_edge_iterator>));
            |         ^~~~~~~~~~~~~~~~~~~~
      bpl-subset/bpl_subset/boost/concept/detail/general.hpp:71:20: warning: typedef ‘boost_concept_check123’ locally defined but not used [-Wunused-local-typedefs]
         71 |       BOOST_PP_CAT(boost_concept_check,__LINE__)
            |                    ^~~~~~~~~~~~~~~~~~~
      bpl-subset/bpl_subset/boost/preprocessor/cat.hpp:29:34: note: in definition of macro ‘BOOST_PP_CAT_I’
         29 | #    define BOOST_PP_CAT_I(a, b) a ## b
            |                                  ^
      bpl-subset/bpl_subset/boost/concept/detail/general.hpp:71:7: note: in expansion of macro ‘BOOST_PP_CAT’
         71 |       BOOST_PP_CAT(boost_concept_check,__LINE__)
            |       ^~~~~~~~~~~~
      bpl-subset/bpl_subset/boost/concept/assert.hpp:44:5: note: in expansion of macro ‘BOOST_CONCEPT_ASSERT_FN’
         44 |     BOOST_CONCEPT_ASSERT_FN(void(*)ModelInParens)
            |     ^~~~~~~~~~~~~~~~~~~~~~~
      bpl-subset/bpl_subset/boost/graph/graph_concepts.hpp:123:9: note: in expansion of macro ‘BOOST_CONCEPT_ASSERT’
        123 |         BOOST_CONCEPT_ASSERT((Convertible<traversal_category,
            |         ^~~~~~~~~~~~~~~~~~~~
      bpl-subset/bpl_subset/boost/graph/graph_concepts.hpp: In destructor ‘pycudaboost::concepts::AdjacencyGraph<G>::~AdjacencyGraph()’:
      bpl-subset/bpl_subset/boost/concept/detail/general.hpp:71:20: warning: typedef ‘boost_concept_check152’ locally defined but not used [-Wunused-local-typedefs]
         71 |       BOOST_PP_CAT(boost_concept_check,__LINE__)
            |                    ^~~~~~~~~~~~~~~~~~~
      bpl-subset/bpl_subset/boost/preprocessor/cat.hpp:29:34: note: in definition of macro ‘BOOST_PP_CAT_I’
         29 | #    define BOOST_PP_CAT_I(a, b) a ## b
            |                                  ^
      bpl-subset/bpl_subset/boost/concept/detail/general.hpp:71:7: note: in expansion of macro ‘BOOST_PP_CAT’
         71 |       BOOST_PP_CAT(boost_concept_check,__LINE__)
            |       ^~~~~~~~~~~~
      bpl-subset/bpl_subset/boost/concept/assert.hpp:44:5: note: in expansion of macro ‘BOOST_CONCEPT_ASSERT_FN’
         44 |     BOOST_CONCEPT_ASSERT_FN(void(*)ModelInParens)
            |     ^~~~~~~~~~~~~~~~~~~~~~~
      bpl-subset/bpl_subset/boost/graph/graph_concepts.hpp:152:9: note: in expansion of macro ‘BOOST_CONCEPT_ASSERT’
        152 |         BOOST_CONCEPT_ASSERT((MultiPassInputIterator<adjacency_iterator>));
            |         ^~~~~~~~~~~~~~~~~~~~
      bpl-subset/bpl_subset/boost/concept/detail/general.hpp:71:20: warning: typedef ‘boost_concept_check153’ locally defined but not used [-Wunused-local-typedefs]
         71 |       BOOST_PP_CAT(boost_concept_check,__LINE__)
            |                    ^~~~~~~~~~~~~~~~~~~
      bpl-subset/bpl_subset/boost/preprocessor/cat.hpp:29:34: note: in definition of macro ‘BOOST_PP_CAT_I’
         29 | #    define BOOST_PP_CAT_I(a, b) a ## b
            |                                  ^
      bpl-subset/bpl_subset/boost/concept/detail/general.hpp:71:7: note: in expansion of macro ‘BOOST_PP_CAT’
         71 |       BOOST_PP_CAT(boost_concept_check,__LINE__)
            |       ^~~~~~~~~~~~
      bpl-subset/bpl_subset/boost/concept/assert.hpp:44:5: note: in expansion of macro ‘BOOST_CONCEPT_ASSERT_FN’
         44 |     BOOST_CONCEPT_ASSERT_FN(void(*)ModelInParens)
            |     ^~~~~~~~~~~~~~~~~~~~~~~
      bpl-subset/bpl_subset/boost/graph/graph_concepts.hpp:153:9: note: in expansion of macro ‘BOOST_CONCEPT_ASSERT’
        153 |         BOOST_CONCEPT_ASSERT((Convertible<traversal_category,
            |         ^~~~~~~~~~~~~~~~~~~~
      bpl-subset/bpl_subset/boost/graph/graph_concepts.hpp: In destructor ‘pycudaboost::concepts::VertexListGraph<G>::~VertexListGraph()’:
      bpl-subset/bpl_subset/boost/concept/detail/general.hpp:71:20: warning: typedef ‘boost_concept_check177’ locally defined but not used [-Wunused-local-typedefs]
         71 |       BOOST_PP_CAT(boost_concept_check,__LINE__)
            |                    ^~~~~~~~~~~~~~~~~~~
      bpl-subset/bpl_subset/boost/preprocessor/cat.hpp:29:34: note: in definition of macro ‘BOOST_PP_CAT_I’
         29 | #    define BOOST_PP_CAT_I(a, b) a ## b
            |                                  ^
      bpl-subset/bpl_subset/boost/concept/detail/general.hpp:71:7: note: in expansion of macro ‘BOOST_PP_CAT’
         71 |       BOOST_PP_CAT(boost_concept_check,__LINE__)
            |       ^~~~~~~~~~~~
      bpl-subset/bpl_subset/boost/concept/assert.hpp:44:5: note: in expansion of macro ‘BOOST_CONCEPT_ASSERT_FN’
         44 |     BOOST_CONCEPT_ASSERT_FN(void(*)ModelInParens)
            |     ^~~~~~~~~~~~~~~~~~~~~~~
      bpl-subset/bpl_subset/boost/graph/graph_concepts.hpp:177:9: note: in expansion of macro ‘BOOST_CONCEPT_ASSERT’
        177 |         BOOST_CONCEPT_ASSERT((MultiPassInputIterator<vertex_iterator>));
            |         ^~~~~~~~~~~~~~~~~~~~
      bpl-subset/bpl_subset/boost/concept/detail/general.hpp:71:20: warning: typedef ‘boost_concept_check178’ locally defined but not used [-Wunused-local-typedefs]
         71 |       BOOST_PP_CAT(boost_concept_check,__LINE__)
            |                    ^~~~~~~~~~~~~~~~~~~
      bpl-subset/bpl_subset/boost/preprocessor/cat.hpp:29:34: note: in definition of macro ‘BOOST_PP_CAT_I’
         29 | #    define BOOST_PP_CAT_I(a, b) a ## b
            |                                  ^
      bpl-subset/bpl_subset/boost/concept/detail/general.hpp:71:7: note: in expansion of macro ‘BOOST_PP_CAT’
         71 |       BOOST_PP_CAT(boost_concept_check,__LINE__)
            |       ^~~~~~~~~~~~
      bpl-subset/bpl_subset/boost/concept/assert.hpp:44:5: note: in expansion of macro ‘BOOST_CONCEPT_ASSERT_FN’
         44 |     BOOST_CONCEPT_ASSERT_FN(void(*)ModelInParens)
            |     ^~~~~~~~~~~~~~~~~~~~~~~
      bpl-subset/bpl_subset/boost/graph/graph_concepts.hpp:178:9: note: in expansion of macro ‘BOOST_CONCEPT_ASSERT’
        178 |         BOOST_CONCEPT_ASSERT((Convertible<traversal_category,
            |         ^~~~~~~~~~~~~~~~~~~~
      bpl-subset/bpl_subset/boost/graph/graph_concepts.hpp: In destructor ‘pycudaboost::concepts::EdgeListGraph<G>::~EdgeListGraph()’:
      bpl-subset/bpl_subset/boost/concept/detail/general.hpp:71:20: warning: typedef ‘boost_concept_check223’ locally defined but not used [-Wunused-local-typedefs]
         71 |       BOOST_PP_CAT(boost_concept_check,__LINE__)
            |                    ^~~~~~~~~~~~~~~~~~~
      bpl-subset/bpl_subset/boost/preprocessor/cat.hpp:29:34: note: in definition of macro ‘BOOST_PP_CAT_I’
         29 | #    define BOOST_PP_CAT_I(a, b) a ## b
            |                                  ^
      bpl-subset/bpl_subset/boost/concept/detail/general.hpp:71:7: note: in expansion of macro ‘BOOST_PP_CAT’
         71 |       BOOST_PP_CAT(boost_concept_check,__LINE__)
            |       ^~~~~~~~~~~~
      bpl-subset/bpl_subset/boost/concept/assert.hpp:44:5: note: in expansion of macro ‘BOOST_CONCEPT_ASSERT_FN’
         44 |     BOOST_CONCEPT_ASSERT_FN(void(*)ModelInParens)
            |     ^~~~~~~~~~~~~~~~~~~~~~~
      bpl-subset/bpl_subset/boost/graph/graph_concepts.hpp:223:9: note: in expansion of macro ‘BOOST_CONCEPT_ASSERT’
        223 |         BOOST_CONCEPT_ASSERT((MultiPassInputIterator<edge_iterator>));
            |         ^~~~~~~~~~~~~~~~~~~~
      bpl-subset/bpl_subset/boost/concept/detail/general.hpp:71:20: warning: typedef ‘boost_concept_check224’ locally defined but not used [-Wunused-local-typedefs]
         71 |       BOOST_PP_CAT(boost_concept_check,__LINE__)
            |                    ^~~~~~~~~~~~~~~~~~~
      bpl-subset/bpl_subset/boost/preprocessor/cat.hpp:29:34: note: in definition of macro ‘BOOST_PP_CAT_I’
         29 | #    define BOOST_PP_CAT_I(a, b) a ## b
            |                                  ^
      bpl-subset/bpl_subset/boost/concept/detail/general.hpp:71:7: note: in expansion of macro ‘BOOST_PP_CAT’
         71 |       BOOST_PP_CAT(boost_concept_check,__LINE__)
            |       ^~~~~~~~~~~~
      bpl-subset/bpl_subset/boost/concept/assert.hpp:44:5: note: in expansion of macro ‘BOOST_CONCEPT_ASSERT_FN’
         44 |     BOOST_CONCEPT_ASSERT_FN(void(*)ModelInParens)
            |     ^~~~~~~~~~~~~~~~~~~~~~~
      bpl-subset/bpl_subset/boost/graph/graph_concepts.hpp:224:9: note: in expansion of macro ‘BOOST_CONCEPT_ASSERT’
        224 |         BOOST_CONCEPT_ASSERT((DefaultConstructible<edge_descriptor>));
            |         ^~~~~~~~~~~~~~~~~~~~
      bpl-subset/bpl_subset/boost/concept/detail/general.hpp:71:20: warning: typedef ‘boost_concept_check225’ locally defined but not used [-Wunused-local-typedefs]
         71 |       BOOST_PP_CAT(boost_concept_check,__LINE__)
            |                    ^~~~~~~~~~~~~~~~~~~
      bpl-subset/bpl_subset/boost/preprocessor/cat.hpp:29:34: note: in definition of macro ‘BOOST_PP_CAT_I’
         29 | #    define BOOST_PP_CAT_I(a, b) a ## b
            |                                  ^
      bpl-subset/bpl_subset/boost/concept/detail/general.hpp:71:7: note: in expansion of macro ‘BOOST_PP_CAT’
         71 |       BOOST_PP_CAT(boost_concept_check,__LINE__)
            |       ^~~~~~~~~~~~
      bpl-subset/bpl_subset/boost/concept/assert.hpp:44:5: note: in expansion of macro ‘BOOST_CONCEPT_ASSERT_FN’
         44 |     BOOST_CONCEPT_ASSERT_FN(void(*)ModelInParens)
            |     ^~~~~~~~~~~~~~~~~~~~~~~
      bpl-subset/bpl_subset/boost/graph/graph_concepts.hpp:225:9: note: in expansion of macro ‘BOOST_CONCEPT_ASSERT’
        225 |         BOOST_CONCEPT_ASSERT((EqualityComparable<edge_descriptor>));
            |         ^~~~~~~~~~~~~~~~~~~~
      bpl-subset/bpl_subset/boost/concept/detail/general.hpp:71:20: warning: typedef ‘boost_concept_check226’ locally defined but not used [-Wunused-local-typedefs]
         71 |       BOOST_PP_CAT(boost_concept_check,__LINE__)
            |                    ^~~~~~~~~~~~~~~~~~~
      bpl-subset/bpl_subset/boost/preprocessor/cat.hpp:29:34: note: in definition of macro ‘BOOST_PP_CAT_I’
         29 | #    define BOOST_PP_CAT_I(a, b) a ## b
            |                                  ^
      bpl-subset/bpl_subset/boost/concept/detail/general.hpp:71:7: note: in expansion of macro ‘BOOST_PP_CAT’
         71 |       BOOST_PP_CAT(boost_concept_check,__LINE__)
            |       ^~~~~~~~~~~~
      bpl-subset/bpl_subset/boost/concept/assert.hpp:44:5: note: in expansion of macro ‘BOOST_CONCEPT_ASSERT_FN’
         44 |     BOOST_CONCEPT_ASSERT_FN(void(*)ModelInParens)
            |     ^~~~~~~~~~~~~~~~~~~~~~~
      bpl-subset/bpl_subset/boost/graph/graph_concepts.hpp:226:9: note: in expansion of macro ‘BOOST_CONCEPT_ASSERT’
        226 |         BOOST_CONCEPT_ASSERT((Assignable<edge_descriptor>));
            |         ^~~~~~~~~~~~~~~~~~~~
      bpl-subset/bpl_subset/boost/concept/detail/general.hpp:71:20: warning: typedef ‘boost_concept_check227’ locally defined but not used [-Wunused-local-typedefs]
         71 |       BOOST_PP_CAT(boost_concept_check,__LINE__)
            |                    ^~~~~~~~~~~~~~~~~~~
      bpl-subset/bpl_subset/boost/preprocessor/cat.hpp:29:34: note: in definition of macro ‘BOOST_PP_CAT_I’
         29 | #    define BOOST_PP_CAT_I(a, b) a ## b
            |                                  ^
      bpl-subset/bpl_subset/boost/concept/detail/general.hpp:71:7: note: in expansion of macro ‘BOOST_PP_CAT’
         71 |       BOOST_PP_CAT(boost_concept_check,__LINE__)
            |       ^~~~~~~~~~~~
      bpl-subset/bpl_subset/boost/concept/assert.hpp:44:5: note: in expansion of macro ‘BOOST_CONCEPT_ASSERT_FN’
         44 |     BOOST_CONCEPT_ASSERT_FN(void(*)ModelInParens)
            |     ^~~~~~~~~~~~~~~~~~~~~~~
      bpl-subset/bpl_subset/boost/graph/graph_concepts.hpp:227:9: note: in expansion of macro ‘BOOST_CONCEPT_ASSERT’
        227 |         BOOST_CONCEPT_ASSERT((Convertible<traversal_category,
            |         ^~~~~~~~~~~~~~~~~~~~
      bpl-subset/bpl_subset/boost/graph/graph_concepts.hpp: In destructor ‘pycudaboost::concepts::ReadablePropertyGraph<G, X, Property>::~ReadablePropertyGraph()’:
      bpl-subset/bpl_subset/boost/concept/detail/general.hpp:71:20: warning: typedef ‘boost_concept_check387’ locally defined but not used [-Wunused-local-typedefs]
         71 |       BOOST_PP_CAT(boost_concept_check,__LINE__)
            |                    ^~~~~~~~~~~~~~~~~~~
      bpl-subset/bpl_subset/boost/preprocessor/cat.hpp:29:34: note: in definition of macro ‘BOOST_PP_CAT_I’
         29 | #    define BOOST_PP_CAT_I(a, b) a ## b
            |                                  ^
      bpl-subset/bpl_subset/boost/concept/detail/general.hpp:71:7: note: in expansion of macro ‘BOOST_PP_CAT’
         71 |       BOOST_PP_CAT(boost_concept_check,__LINE__)
            |       ^~~~~~~~~~~~
      bpl-subset/bpl_subset/boost/concept/assert.hpp:44:5: note: in expansion of macro ‘BOOST_CONCEPT_ASSERT_FN’
         44 |     BOOST_CONCEPT_ASSERT_FN(void(*)ModelInParens)
            |     ^~~~~~~~~~~~~~~~~~~~~~~
      bpl-subset/bpl_subset/boost/graph/graph_concepts.hpp:387:9: note: in expansion of macro ‘BOOST_CONCEPT_ASSERT’
        387 |         BOOST_CONCEPT_ASSERT((ReadablePropertyMapConcept<const_Map, X>));
            |         ^~~~~~~~~~~~~~~~~~~~
      bpl-subset/bpl_subset/boost/graph/graph_concepts.hpp: In destructor ‘pycudaboost::concepts::PropertyGraph<G, X, Property>::~PropertyGraph()’:
      bpl-subset/bpl_subset/boost/concept/detail/general.hpp:71:20: warning: typedef ‘boost_concept_check406’ locally defined but not used [-Wunused-local-typedefs]
         71 |       BOOST_PP_CAT(boost_concept_check,__LINE__)
            |                    ^~~~~~~~~~~~~~~~~~~
      bpl-subset/bpl_subset/boost/preprocessor/cat.hpp:29:34: note: in definition of macro ‘BOOST_PP_CAT_I’
         29 | #    define BOOST_PP_CAT_I(a, b) a ## b
            |                                  ^
      bpl-subset/bpl_subset/boost/concept/detail/general.hpp:71:7: note: in expansion of macro ‘BOOST_PP_CAT’
         71 |       BOOST_PP_CAT(boost_concept_check,__LINE__)
            |       ^~~~~~~~~~~~
      bpl-subset/bpl_subset/boost/concept/assert.hpp:44:5: note: in expansion of macro ‘BOOST_CONCEPT_ASSERT_FN’
         44 |     BOOST_CONCEPT_ASSERT_FN(void(*)ModelInParens)
            |     ^~~~~~~~~~~~~~~~~~~~~~~
      bpl-subset/bpl_subset/boost/graph/graph_concepts.hpp:406:9: note: in expansion of macro ‘BOOST_CONCEPT_ASSERT’
        406 |         BOOST_CONCEPT_ASSERT((ReadWritePropertyMapConcept<Map, X>));
            |         ^~~~~~~~~~~~~~~~~~~~
      bpl-subset/bpl_subset/boost/graph/graph_concepts.hpp: In destructor ‘pycudaboost::concepts::LvaluePropertyGraph<G, X, Property>::~LvaluePropertyGraph()’:
      bpl-subset/bpl_subset/boost/concept/detail/general.hpp:71:20: warning: typedef ‘boost_concept_check425’ locally defined but not used [-Wunused-local-typedefs]
         71 |       BOOST_PP_CAT(boost_concept_check,__LINE__)
            |                    ^~~~~~~~~~~~~~~~~~~
      bpl-subset/bpl_subset/boost/preprocessor/cat.hpp:29:34: note: in definition of macro ‘BOOST_PP_CAT_I’
         29 | #    define BOOST_PP_CAT_I(a, b) a ## b
            |                                  ^
      bpl-subset/bpl_subset/boost/concept/detail/general.hpp:71:7: note: in expansion of macro ‘BOOST_PP_CAT’
         71 |       BOOST_PP_CAT(boost_concept_check,__LINE__)
            |       ^~~~~~~~~~~~
      bpl-subset/bpl_subset/boost/concept/assert.hpp:44:5: note: in expansion of macro ‘BOOST_CONCEPT_ASSERT_FN’
         44 |     BOOST_CONCEPT_ASSERT_FN(void(*)ModelInParens)
            |     ^~~~~~~~~~~~~~~~~~~~~~~
      bpl-subset/bpl_subset/boost/graph/graph_concepts.hpp:425:9: note: in expansion of macro ‘BOOST_CONCEPT_ASSERT’
        425 |         BOOST_CONCEPT_ASSERT((LvaluePropertyMapConcept<const_Map, X>));
            |         ^~~~~~~~~~~~~~~~~~~~
      bpl-subset/bpl_subset/boost/graph/graph_concepts.hpp: In destructor ‘pycudaboost::concepts::NumericValue<Numeric>::~NumericValue()’:
      bpl-subset/bpl_subset/boost/concept/detail/general.hpp:71:20: warning: typedef ‘boost_concept_check533’ locally defined but not used [-Wunused-local-typedefs]
         71 |       BOOST_PP_CAT(boost_concept_check,__LINE__)
            |                    ^~~~~~~~~~~~~~~~~~~
      bpl-subset/bpl_subset/boost/preprocessor/cat.hpp:29:34: note: in definition of macro ‘BOOST_PP_CAT_I’
         29 | #    define BOOST_PP_CAT_I(a, b) a ## b
            |                                  ^
      bpl-subset/bpl_subset/boost/concept/detail/general.hpp:71:7: note: in expansion of macro ‘BOOST_PP_CAT’
         71 |       BOOST_PP_CAT(boost_concept_check,__LINE__)
            |       ^~~~~~~~~~~~
      bpl-subset/bpl_subset/boost/concept/assert.hpp:44:5: note: in expansion of macro ‘BOOST_CONCEPT_ASSERT_FN’
         44 |     BOOST_CONCEPT_ASSERT_FN(void(*)ModelInParens)
            |     ^~~~~~~~~~~~~~~~~~~~~~~
      bpl-subset/bpl_subset/boost/graph/graph_concepts.hpp:533:13: note: in expansion of macro ‘BOOST_CONCEPT_ASSERT’
        533 |             BOOST_CONCEPT_ASSERT(( DefaultConstructible<Numeric> ));
            |             ^~~~~~~~~~~~~~~~~~~~
      bpl-subset/bpl_subset/boost/concept/detail/general.hpp:71:20: warning: typedef ‘boost_concept_check534’ locally defined but not used [-Wunused-local-typedefs]
         71 |       BOOST_PP_CAT(boost_concept_check,__LINE__)
            |                    ^~~~~~~~~~~~~~~~~~~
      bpl-subset/bpl_subset/boost/preprocessor/cat.hpp:29:34: note: in definition of macro ‘BOOST_PP_CAT_I’
         29 | #    define BOOST_PP_CAT_I(a, b) a ## b
            |                                  ^
      bpl-subset/bpl_subset/boost/concept/detail/general.hpp:71:7: note: in expansion of macro ‘BOOST_PP_CAT’
         71 |       BOOST_PP_CAT(boost_concept_check,__LINE__)
            |       ^~~~~~~~~~~~
      bpl-subset/bpl_subset/boost/concept/assert.hpp:44:5: note: in expansion of macro ‘BOOST_CONCEPT_ASSERT_FN’
         44 |     BOOST_CONCEPT_ASSERT_FN(void(*)ModelInParens)
            |     ^~~~~~~~~~~~~~~~~~~~~~~
      bpl-subset/bpl_subset/boost/graph/graph_concepts.hpp:534:13: note: in expansion of macro ‘BOOST_CONCEPT_ASSERT’
        534 |             BOOST_CONCEPT_ASSERT(( CopyConstructible<Numeric> ));
            |             ^~~~~~~~~~~~~~~~~~~~
      bpl-subset/bpl_subset/boost/graph/breadth_first_search.hpp: In member function ‘void pycudaboost::BFSVisitorConcept<Visitor, Graph>::constraints()’:
      bpl-subset/bpl_subset/boost/concept/detail/general.hpp:71:20: warning: typedef ‘boost_concept_check38’ locally defined but not used [-Wunused-local-typedefs]
         71 |       BOOST_PP_CAT(boost_concept_check,__LINE__)
            |                    ^~~~~~~~~~~~~~~~~~~
      bpl-subset/bpl_subset/boost/preprocessor/cat.hpp:29:34: note: in definition of macro ‘BOOST_PP_CAT_I’
         29 | #    define BOOST_PP_CAT_I(a, b) a ## b
            |                                  ^
      bpl-subset/bpl_subset/boost/concept/detail/general.hpp:71:7: note: in expansion of macro ‘BOOST_PP_CAT’
         71 |       BOOST_PP_CAT(boost_concept_check,__LINE__)
            |       ^~~~~~~~~~~~
      bpl-subset/bpl_subset/boost/concept/assert.hpp:44:5: note: in expansion of macro ‘BOOST_CONCEPT_ASSERT_FN’
         44 |     BOOST_CONCEPT_ASSERT_FN(void(*)ModelInParens)
            |     ^~~~~~~~~~~~~~~~~~~~~~~
      bpl-subset/bpl_subset/boost/graph/breadth_first_search.hpp:38:7: note: in expansion of macro ‘BOOST_CONCEPT_ASSERT’
         38 |       BOOST_CONCEPT_ASSERT(( CopyConstructibleConcept<Visitor> ));
            |       ^~~~~~~~~~~~~~~~~~~~
      bpl-subset/bpl_subset/boost/graph/breadth_first_search.hpp: In function ‘void pycudaboost::breadth_first_visit(const IncidenceGraph&, SourceIterator, SourceIterator, Buffer&, BFSVisitor, ColorMap)’:
      bpl-subset/bpl_subset/boost/concept/detail/general.hpp:71:20: warning: typedef ‘boost_concept_check64’ locally defined but not used [-Wunused-local-typedefs]
         71 |       BOOST_PP_CAT(boost_concept_check,__LINE__)
            |                    ^~~~~~~~~~~~~~~~~~~
      bpl-subset/bpl_subset/boost/preprocessor/cat.hpp:29:34: note: in definition of macro ‘BOOST_PP_CAT_I’
         29 | #    define BOOST_PP_CAT_I(a, b) a ## b
            |                                  ^
      bpl-subset/bpl_subset/boost/concept/detail/general.hpp:71:7: note: in expansion of macro ‘BOOST_PP_CAT’
         71 |       BOOST_PP_CAT(boost_concept_check,__LINE__)
            |       ^~~~~~~~~~~~
      bpl-subset/bpl_subset/boost/concept/assert.hpp:44:5: note: in expansion of macro ‘BOOST_CONCEPT_ASSERT_FN’
         44 |     BOOST_CONCEPT_ASSERT_FN(void(*)ModelInParens)
            |     ^~~~~~~~~~~~~~~~~~~~~~~
      bpl-subset/bpl_subset/boost/graph/breadth_first_search.hpp:64:5: note: in expansion of macro ‘BOOST_CONCEPT_ASSERT’
         64 |     BOOST_CONCEPT_ASSERT(( IncidenceGraphConcept<IncidenceGraph> ));
            |     ^~~~~~~~~~~~~~~~~~~~
      In file included from bpl-subset/bpl_subset/libs/python/src/object/inheritance.cpp:7:
      bpl-subset/bpl_subset/boost/graph/breadth_first_search.hpp:67:47: warning: typedef ‘Edge’ locally defined but not used [-Wunused-local-typedefs]
         67 |     typedef typename GTraits::edge_descriptor Edge;
            |                                               ^~~~
      In file included from bpl-subset/bpl_subset/boost/mpl/aux_/integral_wrapper.hpp:22,
                       from bpl-subset/bpl_subset/boost/mpl/int.hpp:20,
                       from bpl-subset/bpl_subset/boost/type_traits/detail/template_arity_spec.hpp:10,
                       from bpl-subset/bpl_subset/boost/type_traits/detail/bool_trait_def.hpp:14,
                       from bpl-subset/bpl_subset/boost/type_traits/is_same.hpp:31,
                       from bpl-subset/bpl_subset/boost/type_traits/same_traits.hpp:13,
                       from bpl-subset/bpl_subset/boost/python/type_id.hpp:17,
                       from bpl-subset/bpl_subset/boost/python/object/inheritance.hpp:8,
                       from bpl-subset/bpl_subset/libs/python/src/object/inheritance.cpp:5:
      bpl-subset/bpl_subset/boost/concept/detail/general.hpp:71:20: warning: typedef ‘boost_concept_check68’ locally defined but not used [-Wunused-local-typedefs]
         71 |       BOOST_PP_CAT(boost_concept_check,__LINE__)
            |                    ^~~~~~~~~~~~~~~~~~~
      bpl-subset/bpl_subset/boost/preprocessor/cat.hpp:29:34: note: in definition of macro ‘BOOST_PP_CAT_I’
         29 | #    define BOOST_PP_CAT_I(a, b) a ## b
            |                                  ^
      bpl-subset/bpl_subset/boost/concept/detail/general.hpp:71:7: note: in expansion of macro ‘BOOST_PP_CAT’
         71 |       BOOST_PP_CAT(boost_concept_check,__LINE__)
            |       ^~~~~~~~~~~~
      bpl-subset/bpl_subset/boost/concept/assert.hpp:44:5: note: in expansion of macro ‘BOOST_CONCEPT_ASSERT_FN’
         44 |     BOOST_CONCEPT_ASSERT_FN(void(*)ModelInParens)
            |     ^~~~~~~~~~~~~~~~~~~~~~~
      bpl-subset/bpl_subset/boost/graph/breadth_first_search.hpp:68:5: note: in expansion of macro ‘BOOST_CONCEPT_ASSERT’
         68 |     BOOST_CONCEPT_ASSERT(( BFSVisitorConcept<BFSVisitor, IncidenceGraph> ));
            |     ^~~~~~~~~~~~~~~~~~~~
      bpl-subset/bpl_subset/boost/concept/detail/general.hpp:71:20: warning: typedef ‘boost_concept_check69’ locally defined but not used [-Wunused-local-typedefs]
         71 |       BOOST_PP_CAT(boost_concept_check,__LINE__)
            |                    ^~~~~~~~~~~~~~~~~~~
      bpl-subset/bpl_subset/boost/preprocessor/cat.hpp:29:34: note: in definition of macro ‘BOOST_PP_CAT_I’
         29 | #    define BOOST_PP_CAT_I(a, b) a ## b
            |                                  ^
      bpl-subset/bpl_subset/boost/concept/detail/general.hpp:71:7: note: in expansion of macro ‘BOOST_PP_CAT’
         71 |       BOOST_PP_CAT(boost_concept_check,__LINE__)
            |       ^~~~~~~~~~~~
      bpl-subset/bpl_subset/boost/concept/assert.hpp:44:5: note: in expansion of macro ‘BOOST_CONCEPT_ASSERT_FN’
         44 |     BOOST_CONCEPT_ASSERT_FN(void(*)ModelInParens)
            |     ^~~~~~~~~~~~~~~~~~~~~~~
      bpl-subset/bpl_subset/boost/graph/breadth_first_search.hpp:69:5: note: in expansion of macro ‘BOOST_CONCEPT_ASSERT’
         69 |     BOOST_CONCEPT_ASSERT(( ReadWritePropertyMapConcept<ColorMap, Vertex> ));
            |     ^~~~~~~~~~~~~~~~~~~~
      In file included from bpl-subset/bpl_subset/boost/unordered/unordered_set.hpp:18,
                       from bpl-subset/bpl_subset/boost/unordered_set.hpp:16,
                       from bpl-subset/bpl_subset/boost/graph/adjacency_list.hpp:21,
                       from bpl-subset/bpl_subset/libs/python/src/object/inheritance.cpp:11:
      bpl-subset/bpl_subset/boost/unordered/detail/unique.hpp: In member function ‘pycudaboost::unordered::detail::table_impl<Types>::value_type& pycudaboost::unordered::detail::table_impl<Types>::operator[](const key_type&)’:
      bpl-subset/bpl_subset/boost/unordered/detail/unique.hpp:344:54: warning: typedef ‘mapped_type’ locally defined but not used [-Wunused-local-typedefs]
        344 |             typedef typename value_type::second_type mapped_type;
            |                                                      ^~~~~~~~~~~
      In file included from bpl-subset/bpl_subset/boost/scoped_ptr.hpp:14,
                       from bpl-subset/bpl_subset/boost/graph/adjacency_list.hpp:31,
                       from bpl-subset/bpl_subset/libs/python/src/object/inheritance.cpp:11:
      bpl-subset/bpl_subset/boost/smart_ptr/scoped_ptr.hpp: At global scope:
      bpl-subset/bpl_subset/boost/smart_ptr/scoped_ptr.hpp:66:31: warning: ‘template<class> class std::auto_ptr’ is deprecated: use 'std::unique_ptr' instead [-Wdeprecated-declarations]
         66 |     explicit scoped_ptr( std::auto_ptr<T> p ): px( p.release() ) // never throws
            |                               ^~~~~~~~
      In file included from /usr/include/c++/11/memory:76,
                       from bpl-subset/bpl_subset/boost/config/no_tr1/memory.hpp:21,
                       from bpl-subset/bpl_subset/boost/smart_ptr/shared_ptr.hpp:27,
                       from bpl-subset/bpl_subset/boost/shared_ptr.hpp:17,
                       from bpl-subset/bpl_subset/boost/python/object/inheritance.hpp:9,
                       from bpl-subset/bpl_subset/libs/python/src/object/inheritance.cpp:5:
      /usr/include/c++/11/bits/unique_ptr.h:57:28: note: declared here
         57 |   template<typename> class auto_ptr;
            |                            ^~~~~~~~
      In file included from bpl-subset/bpl_subset/boost/mpl/aux_/integral_wrapper.hpp:22,
                       from bpl-subset/bpl_subset/boost/mpl/int.hpp:20,
                       from bpl-subset/bpl_subset/boost/type_traits/detail/template_arity_spec.hpp:10,
                       from bpl-subset/bpl_subset/boost/type_traits/detail/bool_trait_def.hpp:14,
                       from bpl-subset/bpl_subset/boost/type_traits/is_same.hpp:31,
                       from bpl-subset/bpl_subset/boost/type_traits/same_traits.hpp:13,
                       from bpl-subset/bpl_subset/boost/python/type_id.hpp:17,
                       from bpl-subset/bpl_subset/boost/python/object/inheritance.hpp:8,
                       from bpl-subset/bpl_subset/libs/python/src/object/inheritance.cpp:5:
      bpl-subset/bpl_subset/boost/range/algorithm/equal.hpp: In function ‘bool pycudaboost::range::equal(const SinglePassRange1&, const SinglePassRange2&)’:
      bpl-subset/bpl_subset/boost/concept/detail/general.hpp:71:20: warning: typedef ‘boost_concept_check172’ locally defined but not used [-Wunused-local-typedefs]
         71 |       BOOST_PP_CAT(boost_concept_check,__LINE__)
            |                    ^~~~~~~~~~~~~~~~~~~
      bpl-subset/bpl_subset/boost/preprocessor/cat.hpp:29:34: note: in definition of macro ‘BOOST_PP_CAT_I’
         29 | #    define BOOST_PP_CAT_I(a, b) a ## b
            |                                  ^
      bpl-subset/bpl_subset/boost/concept/detail/general.hpp:71:7: note: in expansion of macro ‘BOOST_PP_CAT’
         71 |       BOOST_PP_CAT(boost_concept_check,__LINE__)
            |       ^~~~~~~~~~~~
      bpl-subset/bpl_subset/boost/concept/assert.hpp:44:5: note: in expansion of macro ‘BOOST_CONCEPT_ASSERT_FN’
         44 |     BOOST_CONCEPT_ASSERT_FN(void(*)ModelInParens)
            |     ^~~~~~~~~~~~~~~~~~~~~~~
      bpl-subset/bpl_subset/boost/range/concepts.hpp:92:45: note: in expansion of macro ‘BOOST_CONCEPT_ASSERT’
         92 |     #define BOOST_RANGE_CONCEPT_ASSERT( x ) BOOST_CONCEPT_ASSERT( x )
            |                                             ^~~~~~~~~~~~~~~~~~~~
      bpl-subset/bpl_subset/boost/range/algorithm/equal.hpp:172:13: note: in expansion of macro ‘BOOST_RANGE_CONCEPT_ASSERT’
        172 |             BOOST_RANGE_CONCEPT_ASSERT(( SinglePassRangeConcept<const SinglePassRange1> ));
            |             ^~~~~~~~~~~~~~~~~~~~~~~~~~
      bpl-subset/bpl_subset/boost/concept/detail/general.hpp:71:20: warning: typedef ‘boost_concept_check173’ locally defined but not used [-Wunused-local-typedefs]
         71 |       BOOST_PP_CAT(boost_concept_check,__LINE__)
            |                    ^~~~~~~~~~~~~~~~~~~
      bpl-subset/bpl_subset/boost/preprocessor/cat.hpp:29:34: note: in definition of macro ‘BOOST_PP_CAT_I’
         29 | #    define BOOST_PP_CAT_I(a, b) a ## b
            |                                  ^
      bpl-subset/bpl_subset/boost/concept/detail/general.hpp:71:7: note: in expansion of macro ‘BOOST_PP_CAT’
         71 |       BOOST_PP_CAT(boost_concept_check,__LINE__)
            |       ^~~~~~~~~~~~
      bpl-subset/bpl_subset/boost/concept/assert.hpp:44:5: note: in expansion of macro ‘BOOST_CONCEPT_ASSERT_FN’
         44 |     BOOST_CONCEPT_ASSERT_FN(void(*)ModelInParens)
            |     ^~~~~~~~~~~~~~~~~~~~~~~
      bpl-subset/bpl_subset/boost/range/concepts.hpp:92:45: note: in expansion of macro ‘BOOST_CONCEPT_ASSERT’
         92 |     #define BOOST_RANGE_CONCEPT_ASSERT( x ) BOOST_CONCEPT_ASSERT( x )
            |                                             ^~~~~~~~~~~~~~~~~~~~
      bpl-subset/bpl_subset/boost/range/algorithm/equal.hpp:173:13: note: in expansion of macro ‘BOOST_RANGE_CONCEPT_ASSERT’
        173 |             BOOST_RANGE_CONCEPT_ASSERT(( SinglePassRangeConcept<const SinglePassRange2> ));
            |             ^~~~~~~~~~~~~~~~~~~~~~~~~~
      bpl-subset/bpl_subset/boost/range/algorithm/equal.hpp: In function ‘bool pycudaboost::range::equal(const SinglePassRange1&, const SinglePassRange2&, BinaryPredicate)’:
      bpl-subset/bpl_subset/boost/concept/detail/general.hpp:71:20: warning: typedef ‘boost_concept_check185’ locally defined but not used [-Wunused-local-typedefs]
         71 |       BOOST_PP_CAT(boost_concept_check,__LINE__)
            |                    ^~~~~~~~~~~~~~~~~~~
      bpl-subset/bpl_subset/boost/preprocessor/cat.hpp:29:34: note: in definition of macro ‘BOOST_PP_CAT_I’
         29 | #    define BOOST_PP_CAT_I(a, b) a ## b
            |                                  ^
      bpl-subset/bpl_subset/boost/concept/detail/general.hpp:71:7: note: in expansion of macro ‘BOOST_PP_CAT’
         71 |       BOOST_PP_CAT(boost_concept_check,__LINE__)
            |       ^~~~~~~~~~~~
      bpl-subset/bpl_subset/boost/concept/assert.hpp:44:5: note: in expansion of macro ‘BOOST_CONCEPT_ASSERT_FN’
         44 |     BOOST_CONCEPT_ASSERT_FN(void(*)ModelInParens)
            |     ^~~~~~~~~~~~~~~~~~~~~~~
      bpl-subset/bpl_subset/boost/range/concepts.hpp:92:45: note: in expansion of macro ‘BOOST_CONCEPT_ASSERT’
         92 |     #define BOOST_RANGE_CONCEPT_ASSERT( x ) BOOST_CONCEPT_ASSERT( x )
            |                                             ^~~~~~~~~~~~~~~~~~~~
      bpl-subset/bpl_subset/boost/range/algorithm/equal.hpp:185:13: note: in expansion of macro ‘BOOST_RANGE_CONCEPT_ASSERT’
        185 |             BOOST_RANGE_CONCEPT_ASSERT(( SinglePassRangeConcept<const SinglePassRange1> ));
            |             ^~~~~~~~~~~~~~~~~~~~~~~~~~
      bpl-subset/bpl_subset/boost/concept/detail/general.hpp:71:20: warning: typedef ‘boost_concept_check186’ locally defined but not used [-Wunused-local-typedefs]
         71 |       BOOST_PP_CAT(boost_concept_check,__LINE__)
            |                    ^~~~~~~~~~~~~~~~~~~
      bpl-subset/bpl_subset/boost/preprocessor/cat.hpp:29:34: note: in definition of macro ‘BOOST_PP_CAT_I’
         29 | #    define BOOST_PP_CAT_I(a, b) a ## b
            |                                  ^
      bpl-subset/bpl_subset/boost/concept/detail/general.hpp:71:7: note: in expansion of macro ‘BOOST_PP_CAT’
         71 |       BOOST_PP_CAT(boost_concept_check,__LINE__)
            |       ^~~~~~~~~~~~
      bpl-subset/bpl_subset/boost/concept/assert.hpp:44:5: note: in expansion of macro ‘BOOST_CONCEPT_ASSERT_FN’
         44 |     BOOST_CONCEPT_ASSERT_FN(void(*)ModelInParens)
            |     ^~~~~~~~~~~~~~~~~~~~~~~
      bpl-subset/bpl_subset/boost/range/concepts.hpp:92:45: note: in expansion of macro ‘BOOST_CONCEPT_ASSERT’
         92 |     #define BOOST_RANGE_CONCEPT_ASSERT( x ) BOOST_CONCEPT_ASSERT( x )
            |                                             ^~~~~~~~~~~~~~~~~~~~
      bpl-subset/bpl_subset/boost/range/algorithm/equal.hpp:186:13: note: in expansion of macro ‘BOOST_RANGE_CONCEPT_ASSERT’
        186 |             BOOST_RANGE_CONCEPT_ASSERT(( SinglePassRangeConcept<const SinglePassRange2> ));
            |             ^~~~~~~~~~~~~~~~~~~~~~~~~~
      In file included from bpl-subset/bpl_subset/boost/graph/adjacency_list.hpp:245,
                       from bpl-subset/bpl_subset/libs/python/src/object/inheritance.cpp:11:
      bpl-subset/bpl_subset/boost/graph/detail/adjacency_list.hpp: At global scope:
      bpl-subset/bpl_subset/boost/graph/detail/adjacency_list.hpp:277:12: warning: ‘template<class> class std::auto_ptr’ is deprecated: use 'std::unique_ptr' instead [-Wdeprecated-declarations]
        277 |       std::auto_ptr<Property> m_property;
            |            ^~~~~~~~
      In file included from /usr/include/c++/11/memory:76,
                       from bpl-subset/bpl_subset/boost/config/no_tr1/memory.hpp:21,
                       from bpl-subset/bpl_subset/boost/smart_ptr/shared_ptr.hpp:27,
                       from bpl-subset/bpl_subset/boost/shared_ptr.hpp:17,
                       from bpl-subset/bpl_subset/boost/python/object/inheritance.hpp:9,
                       from bpl-subset/bpl_subset/libs/python/src/object/inheritance.cpp:5:
      /usr/include/c++/11/bits/unique_ptr.h:57:28: note: declared here
         57 |   template<typename> class auto_ptr;
            |                            ^~~~~~~~
      In file included from bpl-subset/bpl_subset/boost/graph/adjacency_list.hpp:245,
                       from bpl-subset/bpl_subset/libs/python/src/object/inheritance.cpp:11:
      bpl-subset/bpl_subset/boost/graph/detail/adjacency_list.hpp: In function ‘void pycudaboost::clear_out_edges(typename Config::vertex_descriptor, pycudaboost::directed_graph_helper<Config>&)’:
      bpl-subset/bpl_subset/boost/graph/detail/adjacency_list.hpp:635:55: warning: typedef ‘Cat’ locally defined but not used [-Wunused-local-typedefs]
        635 |       typedef typename Config::edge_parallel_category Cat;
            |                                                       ^~~
      bpl-subset/bpl_subset/boost/graph/detail/adjacency_list.hpp: In function ‘void pycudaboost::detail::remove_edge_and_property(Graph&, EdgeList&, Vertex, pycudaboost::allow_parallel_edge_tag)’:
      bpl-subset/bpl_subset/boost/graph/detail/adjacency_list.hpp:782:47: warning: typedef ‘StoredEdge’ locally defined but not used [-Wunused-local-typedefs]
        782 |         typedef typename EdgeList::value_type StoredEdge;
            |                                               ^~~~~~~~~~
      bpl-subset/bpl_subset/boost/graph/detail/adjacency_list.hpp: In function ‘void pycudaboost::clear_vertex(typename Config::vertex_descriptor, pycudaboost::undirected_graph_helper<C>&)’:
      bpl-subset/bpl_subset/boost/graph/detail/adjacency_list.hpp:987:55: warning: typedef ‘Cat’ locally defined but not used [-Wunused-local-typedefs]
        987 |       typedef typename Config::edge_parallel_category Cat;
            |                                                       ^~~
      bpl-subset/bpl_subset/boost/graph/detail/adjacency_list.hpp: In function ‘std::pair<typename Config::edge_descriptor, bool> pycudaboost::edge(typename Config::vertex_descriptor, typename Config::vertex_descriptor, const pycudaboost::adj_list_helper<Config, Base>&)’:
      bpl-subset/bpl_subset/boost/graph/detail/adjacency_list.hpp:1589:50: warning: typedef ‘out_edge_iterator’ locally defined but not used [-Wunused-local-typedefs]
       1589 |       typedef typename Config::out_edge_iterator out_edge_iterator;
            |                                                  ^~~~~~~~~~~~~~~~~
      In file included from bpl-subset/bpl_subset/boost/bind/mem_fn.hpp:25,
                       from bpl-subset/bpl_subset/boost/mem_fn.hpp:22,
                       from bpl-subset/bpl_subset/boost/bind/bind.hpp:26,
                       from bpl-subset/bpl_subset/boost/bind.hpp:22,
                       from bpl-subset/bpl_subset/libs/python/src/object/inheritance.cpp:14:
      bpl-subset/bpl_subset/boost/get_pointer.hpp: At global scope:
      bpl-subset/bpl_subset/boost/get_pointer.hpp:25:40: warning: ‘template<class> class std::auto_ptr’ is deprecated: use 'std::unique_ptr' instead [-Wdeprecated-declarations]
         25 | template<class T> T * get_pointer(std::auto_ptr<T> const& p)
            |                                        ^~~~~~~~
      In file included from /usr/include/c++/11/memory:76,
                       from bpl-subset/bpl_subset/boost/config/no_tr1/memory.hpp:21,
                       from bpl-subset/bpl_subset/boost/smart_ptr/shared_ptr.hpp:27,
                       from bpl-subset/bpl_subset/boost/shared_ptr.hpp:17,
                       from bpl-subset/bpl_subset/boost/python/object/inheritance.hpp:9,
                       from bpl-subset/bpl_subset/libs/python/src/object/inheritance.cpp:5:
      /usr/include/c++/11/bits/unique_ptr.h:57:28: note: declared here
         57 |   template<typename> class auto_ptr;
            |                            ^~~~~~~~
      In file included from bpl-subset/bpl_subset/boost/bind/bind.hpp:29,
                       from bpl-subset/bpl_subset/boost/bind.hpp:22,
                       from bpl-subset/bpl_subset/libs/python/src/object/inheritance.cpp:14:
      bpl-subset/bpl_subset/boost/bind/arg.hpp: In constructor ‘pycudaboost::arg<I>::arg(const T&)’:
      bpl-subset/bpl_subset/boost/bind/arg.hpp:37:22: warning: typedef ‘T_must_be_placeholder’ locally defined but not used [-Wunused-local-typedefs]
         37 |         typedef char T_must_be_placeholder[ I == is_placeholder<T>::value? 1: -1 ];
            |                      ^~~~~~~~~~~~~~~~~~~~~
      In file included from bpl-subset/bpl_subset/boost/concept/assert.hpp:36,
                       from bpl-subset/bpl_subset/boost/concept_check.hpp:20,
                       from bpl-subset/bpl_subset/boost/property_map/property_map.hpp:18,
                       from bpl-subset/bpl_subset/boost/graph/graph_concepts.hpp:17,
                       from bpl-subset/bpl_subset/boost/graph/breadth_first_search.hpp:21,
                       from bpl-subset/bpl_subset/libs/python/src/object/inheritance.cpp:7:
      bpl-subset/bpl_subset/boost/concept/detail/general.hpp: In instantiation of ‘static void pycudaboost::concepts::requirement<pycudaboost::concepts::failed************ Model::************>::failed() [with Model = pycudaboost::concepts::usage_requirements<pycudaboost::Assignable<__gnu_cxx::__normal_iterator<long unsigned int*, std::vector<long unsigned int> > > >]’:
      bpl-subset/bpl_subset/boost/concept_check.hpp:140:5:   required from ‘struct pycudaboost::Assignable<__gnu_cxx::__normal_iterator<long unsigned int*, std::vector<long unsigned int> > >’
      bpl-subset/bpl_subset/boost/concept_check.hpp:505:3:   required from ‘struct pycudaboost::InputIterator<__gnu_cxx::__normal_iterator<long unsigned int*, std::vector<long unsigned int> > >’
      bpl-subset/bpl_subset/boost/concept_check.hpp:543:3:   required from ‘struct pycudaboost::ForwardIterator<__gnu_cxx::__normal_iterator<long unsigned int*, std::vector<long unsigned int> > >’
      bpl-subset/bpl_subset/boost/concept_check.hpp:571:3:   required from ‘struct pycudaboost::BidirectionalIterator<__gnu_cxx::__normal_iterator<long unsigned int*, std::vector<long unsigned int> > >’
      bpl-subset/bpl_subset/boost/concept_check.hpp:600:3:   required from ‘struct pycudaboost::RandomAccessIterator<__gnu_cxx::__normal_iterator<long unsigned int*, std::vector<long unsigned int> > >’
      bpl-subset/bpl_subset/boost/concept_check.hpp:600:3:   [ skipping 3 instantiation contexts, use -ftemplate-backtrace-limit=0 to disable ]
      bpl-subset/bpl_subset/boost/concept/detail/has_constraints.hpp:45:31:   required from ‘struct pycudaboost::concepts::not_satisfied<pycudaboost::RandomAccessIteratorConcept<__gnu_cxx::__normal_iterator<long unsigned int*, std::vector<long unsigned int> > > >’
      bpl-subset/bpl_subset/boost/mpl/if.hpp:63:11:   required from ‘struct pycudaboost::mpl::if_<pycudaboost::concepts::not_satisfied<pycudaboost::RandomAccessIteratorConcept<__gnu_cxx::__normal_iterator<long unsigned int*, std::vector<long unsigned int> > > >, pycudaboost::concepts::constraint<pycudaboost::RandomAccessIteratorConcept<__gnu_cxx::__normal_iterator<long unsigned int*, std::vector<long unsigned int> > > >, pycudaboost::concepts::requirement<pycudaboost::concepts::failed************ pycudaboost::RandomAccessIteratorConcept<__gnu_cxx::__normal_iterator<long unsigned int*, std::vector<long unsigned int> > >::************> >’
      bpl-subset/bpl_subset/boost/concept/detail/general.hpp:50:8:   required from ‘struct pycudaboost::concepts::requirement_<void (*)(pycudaboost::RandomAccessIteratorConcept<__gnu_cxx::__normal_iterator<long unsigned int*, std::vector<long unsigned int> > >)>’
      bpl-subset/bpl_subset/boost/concept_check.hpp:45:7:   required from ‘void pycudaboost::function_requires(Model*) [with Model = pycudaboost::RandomAccessIteratorConcept<__gnu_cxx::__normal_iterator<long unsigned int*, std::vector<long unsigned int> > >]’
      bpl-subset/bpl_subset/boost/property_map/property_map.hpp:404:61:   required from ‘pycudaboost::iterator_property_map<RAIter, ID, typename std::iterator_traits< <template-parameter-1-1> >::value_type, typename std::iterator_traits< <template-parameter-1-1> >::reference> pycudaboost::make_iterator_property_map(RAIter, ID) [with RAIter = __gnu_cxx::__normal_iterator<long unsigned int*, std::vector<long unsigned int> >; ID = pycudaboost::vec_adj_list_vertex_id_map<pycudaboost::no_property, long unsigned int>; typename std::iterator_traits< <template-parameter-1-1> >::reference = long unsigned int&; typename std::iterator_traits< <template-parameter-1-1> >::value_type = long unsigned int]’
      bpl-subset/bpl_subset/libs/python/src/object/inheritance.cpp:112:57:   required from here
      bpl-subset/bpl_subset/boost/concept/detail/general.hpp:38:47: warning: ‘this’ pointer is null [-Wnonnull]
         38 |     static void failed() { ((Model*)0)->~Model(); }
            |                            ~~~~~~~~~~~~~~~~~~~^~
      In file included from bpl-subset/bpl_subset/boost/concept_check.hpp:32,
                       from bpl-subset/bpl_subset/boost/property_map/property_map.hpp:18,
                       from bpl-subset/bpl_subset/boost/graph/graph_concepts.hpp:17,
                       from bpl-subset/bpl_subset/boost/graph/breadth_first_search.hpp:21,
                       from bpl-subset/bpl_subset/libs/python/src/object/inheritance.cpp:7:
      bpl-subset/bpl_subset/boost/concept/usage.hpp:22:5: note: in a call to non-static member function ‘pycudaboost::concepts::usage_requirements<Model>::~usage_requirements() [with Model = pycudaboost::Assignable<__gnu_cxx::__normal_iterator<long unsigned int*, std::vector<long unsigned int> > >]’
         22 |     ~usage_requirements() { ((Model*)0)->~Model(); }
            |     ^
      In file included from bpl-subset/bpl_subset/boost/concept/assert.hpp:36,
                       from bpl-subset/bpl_subset/boost/concept_check.hpp:20,
                       from bpl-subset/bpl_subset/boost/property_map/property_map.hpp:18,
                       from bpl-subset/bpl_subset/boost/graph/graph_concepts.hpp:17,
                       from bpl-subset/bpl_subset/boost/graph/breadth_first_search.hpp:21,
                       from bpl-subset/bpl_subset/libs/python/src/object/inheritance.cpp:7:
      bpl-subset/bpl_subset/boost/concept/detail/general.hpp: In instantiation of ‘static void pycudaboost::concepts::requirement<pycudaboost::concepts::failed************ Model::************>::failed() [with Model = pycudaboost::concepts::usage_requirements<pycudaboost::EqualityComparable<__gnu_cxx::__normal_iterator<long unsigned int*, std::vector<long unsigned int> > > >]’:
      bpl-subset/bpl_subset/boost/concept_check.hpp:236:5:   required from ‘struct pycudaboost::EqualityComparable<__gnu_cxx::__normal_iterator<long unsigned int*, std::vector<long unsigned int> > >’
      bpl-subset/bpl_subset/boost/concept_check.hpp:505:3:   required from ‘struct pycudaboost::InputIterator<__gnu_cxx::__normal_iterator<long unsigned int*, std::vector<long unsigned int> > >’
      bpl-subset/bpl_subset/boost/concept_check.hpp:543:3:   required from ‘struct pycudaboost::ForwardIterator<__gnu_cxx::__normal_iterator<long unsigned int*, std::vector<long unsigned int> > >’
      bpl-subset/bpl_subset/boost/concept_check.hpp:571:3:   required from ‘struct pycudaboost::BidirectionalIterator<__gnu_cxx::__normal_iterator<long unsigned int*, std::vector<long unsigned int> > >’
      bpl-subset/bpl_subset/boost/concept_check.hpp:600:3:   required from ‘struct pycudaboost::RandomAccessIterator<__gnu_cxx::__normal_iterator<long unsigned int*, std::vector<long unsigned int> > >’
      bpl-subset/bpl_subset/boost/concept_check.hpp:600:3:   [ skipping 3 instantiation contexts, use -ftemplate-backtrace-limit=0 to disable ]
      bpl-subset/bpl_subset/boost/concept/detail/has_constraints.hpp:45:31:   required from ‘struct pycudaboost::concepts::not_satisfied<pycudaboost::RandomAccessIteratorConcept<__gnu_cxx::__normal_iterator<long unsigned int*, std::vector<long unsigned int> > > >’
      bpl-subset/bpl_subset/boost/mpl/if.hpp:63:11:   required from ‘struct pycudaboost::mpl::if_<pycudaboost::concepts::not_satisfied<pycudaboost::RandomAccessIteratorConcept<__gnu_cxx::__normal_iterator<long unsigned int*, std::vector<long unsigned int> > > >, pycudaboost::concepts::constraint<pycudaboost::RandomAccessIteratorConcept<__gnu_cxx::__normal_iterator<long unsigned int*, std::vector<long unsigned int> > > >, pycudaboost::concepts::requirement<pycudaboost::concepts::failed************ pycudaboost::RandomAccessIteratorConcept<__gnu_cxx::__normal_iterator<long unsigned int*, std::vector<long unsigned int> > >::************> >’
      bpl-subset/bpl_subset/boost/concept/detail/general.hpp:50:8:   required from ‘struct pycudaboost::concepts::requirement_<void (*)(pycudaboost::RandomAccessIteratorConcept<__gnu_cxx::__normal_iterator<long unsigned int*, std::vector<long unsigned int> > >)>’
      bpl-subset/bpl_subset/boost/concept_check.hpp:45:7:   required from ‘void pycudaboost::function_requires(Model*) [with Model = pycudaboost::RandomAccessIteratorConcept<__gnu_cxx::__normal_iterator<long unsigned int*, std::vector<long unsigned int> > >]’
      bpl-subset/bpl_subset/boost/property_map/property_map.hpp:404:61:   required from ‘pycudaboost::iterator_property_map<RAIter, ID, typename std::iterator_traits< <template-parameter-1-1> >::value_type, typename std::iterator_traits< <template-parameter-1-1> >::reference> pycudaboost::make_iterator_property_map(RAIter, ID) [with RAIter = __gnu_cxx::__normal_iterator<long unsigned int*, std::vector<long unsigned int> >; ID = pycudaboost::vec_adj_list_vertex_id_map<pycudaboost::no_property, long unsigned int>; typename std::iterator_traits< <template-parameter-1-1> >::reference = long unsigned int&; typename std::iterator_traits< <template-parameter-1-1> >::value_type = long unsigned int]’
      bpl-subset/bpl_subset/libs/python/src/object/inheritance.cpp:112:57:   required from here
      bpl-subset/bpl_subset/boost/concept/detail/general.hpp:38:47: warning: ‘this’ pointer is null [-Wnonnull]
         38 |     static void failed() { ((Model*)0)->~Model(); }
            |                            ~~~~~~~~~~~~~~~~~~~^~
      In file included from bpl-subset/bpl_subset/boost/concept_check.hpp:32,
                       from bpl-subset/bpl_subset/boost/property_map/property_map.hpp:18,
                       from bpl-subset/bpl_subset/boost/graph/graph_concepts.hpp:17,
                       from bpl-subset/bpl_subset/boost/graph/breadth_first_search.hpp:21,
                       from bpl-subset/bpl_subset/libs/python/src/object/inheritance.cpp:7:
      bpl-subset/bpl_subset/boost/concept/usage.hpp:22:5: note: in a call to non-static member function ‘pycudaboost::concepts::usage_requirements<Model>::~usage_requirements() [with Model = pycudaboost::EqualityComparable<__gnu_cxx::__normal_iterator<long unsigned int*, std::vector<long unsigned int> > >]’
         22 |     ~usage_requirements() { ((Model*)0)->~Model(); }
            |     ^
      In file included from bpl-subset/bpl_subset/boost/concept/assert.hpp:36,
                       from bpl-subset/bpl_subset/boost/concept_check.hpp:20,
                       from bpl-subset/bpl_subset/boost/property_map/property_map.hpp:18,
                       from bpl-subset/bpl_subset/boost/graph/graph_concepts.hpp:17,
                       from bpl-subset/bpl_subset/boost/graph/breadth_first_search.hpp:21,
                       from bpl-subset/bpl_subset/libs/python/src/object/inheritance.cpp:7:
      bpl-subset/bpl_subset/boost/concept/detail/general.hpp: In instantiation of ‘static void pycudaboost::concepts::requirement<pycudaboost::concepts::failed************ Model::************>::failed() [with Model = pycudaboost::concepts::usage_requirements<pycudaboost::InputIterator<__gnu_cxx::__normal_iterator<long unsigned int*, std::vector<long unsigned int> > > >]’:
      bpl-subset/bpl_subset/boost/concept_check.hpp:515:7:   required from ‘struct pycudaboost::InputIterator<__gnu_cxx::__normal_iterator<long unsigned int*, std::vector<long unsigned int> > >’
      bpl-subset/bpl_subset/boost/concept_check.hpp:543:3:   required from ‘struct pycudaboost::ForwardIterator<__gnu_cxx::__normal_iterator<long unsigned int*, std::vector<long unsigned int> > >’
      bpl-subset/bpl_subset/boost/concept_check.hpp:571:3:   required from ‘struct pycudaboost::BidirectionalIterator<__gnu_cxx::__normal_iterator<long unsigned int*, std::vector<long unsigned int> > >’
      bpl-subset/bpl_subset/boost/concept_check.hpp:600:3:   required from ‘struct pycudaboost::RandomAccessIterator<__gnu_cxx::__normal_iterator<long unsigned int*, std::vector<long unsigned int> > >’
      bpl-subset/bpl_subset/boost/concept_check.hpp:600:3:   required from ‘struct pycudaboost::RandomAccessIteratorConcept<__gnu_cxx::__normal_iterator<long unsigned int*, std::vector<long unsigned int> > >’
      bpl-subset/bpl_subset/boost/concept/detail/has_constraints.hpp:32:62:   [ skipping 2 instantiation contexts, use -ftemplate-backtrace-limit=0 to disable ]
      bpl-subset/bpl_subset/boost/concept/detail/has_constraints.hpp:45:31:   required from ‘struct pycudaboost::concepts::not_satisfied<pycudaboost::RandomAccessIteratorConcept<__gnu_cxx::__normal_iterator<long unsigned int*, std::vector<long unsigned int> > > >’
      bpl-subset/bpl_subset/boost/mpl/if.hpp:63:11:   required from ‘struct pycudaboost::mpl::if_<pycudaboost::concepts::not_satisfied<pycudaboost::RandomAccessIteratorConcept<__gnu_cxx::__normal_iterator<long unsigned int*, std::vector<long unsigned int> > > >, pycudaboost::concepts::constraint<pycudaboost::RandomAccessIteratorConcept<__gnu_cxx::__normal_iterator<long unsigned int*, std::vector<long unsigned int> > > >, pycudaboost::concepts::requirement<pycudaboost::concepts::failed************ pycudaboost::RandomAccessIteratorConcept<__gnu_cxx::__normal_iterator<long unsigned int*, std::vector<long unsigned int> > >::************> >’
      bpl-subset/bpl_subset/boost/concept/detail/general.hpp:50:8:   required from ‘struct pycudaboost::concepts::requirement_<void (*)(pycudaboost::RandomAccessIteratorConcept<__gnu_cxx::__normal_iterator<long unsigned int*, std::vector<long unsigned int> > >)>’
      bpl-subset/bpl_subset/boost/concept_check.hpp:45:7:   required from ‘void pycudaboost::function_requires(Model*) [with Model = pycudaboost::RandomAccessIteratorConcept<__gnu_cxx::__normal_iterator<long unsigned int*, std::vector<long unsigned int> > >]’
      bpl-subset/bpl_subset/boost/property_map/property_map.hpp:404:61:   required from ‘pycudaboost::iterator_property_map<RAIter, ID, typename std::iterator_traits< <template-parameter-1-1> >::value_type, typename std::iterator_traits< <template-parameter-1-1> >::reference> pycudaboost::make_iterator_property_map(RAIter, ID) [with RAIter = __gnu_cxx::__normal_iterator<long unsigned int*, std::vector<long unsigned int> >; ID = pycudaboost::vec_adj_list_vertex_id_map<pycudaboost::no_property, long unsigned int>; typename std::iterator_traits< <template-parameter-1-1> >::reference = long unsigned int&; typename std::iterator_traits< <template-parameter-1-1> >::value_type = long unsigned int]’
      bpl-subset/bpl_subset/libs/python/src/object/inheritance.cpp:112:57:   required from here
      bpl-subset/bpl_subset/boost/concept/detail/general.hpp:38:47: warning: ‘this’ pointer is null [-Wnonnull]
         38 |     static void failed() { ((Model*)0)->~Model(); }
            |                            ~~~~~~~~~~~~~~~~~~~^~
      In file included from bpl-subset/bpl_subset/boost/concept_check.hpp:32,
                       from bpl-subset/bpl_subset/boost/property_map/property_map.hpp:18,
                       from bpl-subset/bpl_subset/boost/graph/graph_concepts.hpp:17,
                       from bpl-subset/bpl_subset/boost/graph/breadth_first_search.hpp:21,
                       from bpl-subset/bpl_subset/libs/python/src/object/inheritance.cpp:7:
      bpl-subset/bpl_subset/boost/concept/usage.hpp:22:5: note: in a call to non-static member function ‘pycudaboost::concepts::usage_requirements<Model>::~usage_requirements() [with Model = pycudaboost::InputIterator<__gnu_cxx::__normal_iterator<long unsigned int*, std::vector<long unsigned int> > >]’
         22 |     ~usage_requirements() { ((Model*)0)->~Model(); }
            |     ^
      In file included from bpl-subset/bpl_subset/boost/concept/assert.hpp:36,
                       from bpl-subset/bpl_subset/boost/concept_check.hpp:20,
                       from bpl-subset/bpl_subset/boost/property_map/property_map.hpp:18,
                       from bpl-subset/bpl_subset/boost/graph/graph_concepts.hpp:17,
                       from bpl-subset/bpl_subset/boost/graph/breadth_first_search.hpp:21,
                       from bpl-subset/bpl_subset/libs/python/src/object/inheritance.cpp:7:
      bpl-subset/bpl_subset/boost/concept/detail/general.hpp: In instantiation of ‘static void pycudaboost::concepts::requirement<pycudaboost::concepts::failed************ Model::************>::failed() [with Model = pycudaboost::concepts::usage_requirements<pycudaboost::ForwardIterator<__gnu_cxx::__normal_iterator<long unsigned int*, std::vector<long unsigned int> > > >]’:
      bpl-subset/bpl_subset/boost/concept_check.hpp:546:7:   required from ‘struct pycudaboost::ForwardIterator<__gnu_cxx::__normal_iterator<long unsigned int*, std::vector<long unsigned int> > >’
      bpl-subset/bpl_subset/boost/concept_check.hpp:571:3:   required from ‘struct pycudaboost::BidirectionalIterator<__gnu_cxx::__normal_iterator<long unsigned int*, std::vector<long unsigned int> > >’
      bpl-subset/bpl_subset/boost/concept_check.hpp:600:3:   required from ‘struct pycudaboost::RandomAccessIterator<__gnu_cxx::__normal_iterator<long unsigned int*, std::vector<long unsigned int> > >’
      bpl-subset/bpl_subset/boost/concept_check.hpp:600:3:   required from ‘struct pycudaboost::RandomAccessIteratorConcept<__gnu_cxx::__normal_iterator<long unsigned int*, std::vector<long unsigned int> > >’
      bpl-subset/bpl_subset/boost/concept/detail/has_constraints.hpp:32:62:   [ skipping 2 instantiation contexts, use -ftemplate-backtrace-limit=0 to disable ]
      bpl-subset/bpl_subset/boost/concept/detail/has_constraints.hpp:45:31:   required from ‘struct pycudaboost::concepts::not_satisfied<pycudaboost::RandomAccessIteratorConcept<__gnu_cxx::__normal_iterator<long unsigned int*, std::vector<long unsigned int> > > >’
      bpl-subset/bpl_subset/boost/mpl/if.hpp:63:11:   required from ‘struct pycudaboost::mpl::if_<pycudaboost::concepts::not_satisfied<pycudaboost::RandomAccessIteratorConcept<__gnu_cxx::__normal_iterator<long unsigned int*, std::vector<long unsigned int> > > >, pycudaboost::concepts::constraint<pycudaboost::RandomAccessIteratorConcept<__gnu_cxx::__normal_iterator<long unsigned int*, std::vector<long unsigned int> > > >, pycudaboost::concepts::requirement<pycudaboost::concepts::failed************ pycudaboost::RandomAccessIteratorConcept<__gnu_cxx::__normal_iterator<long unsigned int*, std::vector<long unsigned int> > >::************> >’
      bpl-subset/bpl_subset/boost/concept/detail/general.hpp:50:8:   required from ‘struct pycudaboost::concepts::requirement_<void (*)(pycudaboost::RandomAccessIteratorConcept<__gnu_cxx::__normal_iterator<long unsigned int*, std::vector<long unsigned int> > >)>’
      bpl-subset/bpl_subset/boost/concept_check.hpp:45:7:   required from ‘void pycudaboost::function_requires(Model*) [with Model = pycudaboost::RandomAccessIteratorConcept<__gnu_cxx::__normal_iterator<long unsigned int*, std::vector<long unsigned int> > >]’
      bpl-subset/bpl_subset/boost/property_map/property_map.hpp:404:61:   required from ‘pycudaboost::iterator_property_map<RAIter, ID, typename std::iterator_traits< <template-parameter-1-1> >::value_type, typename std::iterator_traits< <template-parameter-1-1> >::reference> pycudaboost::make_iterator_property_map(RAIter, ID) [with RAIter = __gnu_cxx::__normal_iterator<long unsigned int*, std::vector<long unsigned int> >; ID = pycudaboost::vec_adj_list_vertex_id_map<pycudaboost::no_property, long unsigned int>; typename std::iterator_traits< <template-parameter-1-1> >::reference = long unsigned int&; typename std::iterator_traits< <template-parameter-1-1> >::value_type = long unsigned int]’
      bpl-subset/bpl_subset/libs/python/src/object/inheritance.cpp:112:57:   required from here
      bpl-subset/bpl_subset/boost/concept/detail/general.hpp:38:47: warning: ‘this’ pointer is null [-Wnonnull]
         38 |     static void failed() { ((Model*)0)->~Model(); }
            |                            ~~~~~~~~~~~~~~~~~~~^~
      In file included from bpl-subset/bpl_subset/boost/concept_check.hpp:32,
                       from bpl-subset/bpl_subset/boost/property_map/property_map.hpp:18,
                       from bpl-subset/bpl_subset/boost/graph/graph_concepts.hpp:17,
                       from bpl-subset/bpl_subset/boost/graph/breadth_first_search.hpp:21,
                       from bpl-subset/bpl_subset/libs/python/src/object/inheritance.cpp:7:
      bpl-subset/bpl_subset/boost/concept/usage.hpp:22:5: note: in a call to non-static member function ‘pycudaboost::concepts::usage_requirements<Model>::~usage_requirements() [with Model = pycudaboost::ForwardIterator<__gnu_cxx::__normal_iterator<long unsigned int*, std::vector<long unsigned int> > >]’
         22 |     ~usage_requirements() { ((Model*)0)->~Model(); }
            |     ^
      In file included from bpl-subset/bpl_subset/boost/concept/assert.hpp:36,
                       from bpl-subset/bpl_subset/boost/concept_check.hpp:20,
                       from bpl-subset/bpl_subset/boost/property_map/property_map.hpp:18,
                       from bpl-subset/bpl_subset/boost/graph/graph_concepts.hpp:17,
                       from bpl-subset/bpl_subset/boost/graph/breadth_first_search.hpp:21,
                       from bpl-subset/bpl_subset/libs/python/src/object/inheritance.cpp:7:
      bpl-subset/bpl_subset/boost/concept/detail/general.hpp: In instantiation of ‘static void pycudaboost::concepts::requirement<pycudaboost::concepts::failed************ Model::************>::failed() [with Model = pycudaboost::concepts::usage_requirements<pycudaboost::BidirectionalIterator<__gnu_cxx::__normal_iterator<long unsigned int*, std::vector<long unsigned int> > > >]’:
      bpl-subset/bpl_subset/boost/concept_check.hpp:574:7:   required from ‘struct pycudaboost::BidirectionalIterator<__gnu_cxx::__normal_iterator<long unsigned int*, std::vector<long unsigned int> > >’
      bpl-subset/bpl_subset/boost/concept_check.hpp:600:3:   required from ‘struct pycudaboost::RandomAccessIterator<__gnu_cxx::__normal_iterator<long unsigned int*, std::vector<long unsigned int> > >’
      bpl-subset/bpl_subset/boost/concept_check.hpp:600:3:   required from ‘struct pycudaboost::RandomAccessIteratorConcept<__gnu_cxx::__normal_iterator<long unsigned int*, std::vector<long unsigned int> > >’
      bpl-subset/bpl_subset/boost/concept/detail/has_constraints.hpp:32:62:   required by substitution of ‘template<class Model> pycudaboost::concepts::detail::yes pycudaboost::concepts::detail::has_constraints_(Model*, pycudaboost::concepts::detail::wrap_constraints<Model, (& Model::constraints)>*) [with Model = pycudaboost::RandomAccessIteratorConcept<__gnu_cxx::__normal_iterator<long unsigned int*, std::vector<long unsigned int> > >]’
      bpl-subset/bpl_subset/boost/concept/detail/has_constraints.hpp:42:5:   required from ‘const bool pycudaboost::concepts::not_satisfied<pycudaboost::RandomAccessIteratorConcept<__gnu_cxx::__normal_iterator<long unsigned int*, std::vector<long unsigned int> > > >::value’
      bpl-subset/bpl_subset/boost/concept/detail/has_constraints.hpp:45:31:   required from ‘struct pycudaboost::concepts::not_satisfied<pycudaboost::RandomAccessIteratorConcept<__gnu_cxx::__normal_iterator<long unsigned int*, std::vector<long unsigned int> > > >’
      bpl-subset/bpl_subset/boost/mpl/if.hpp:63:11:   required from ‘struct pycudaboost::mpl::if_<pycudaboost::concepts::not_satisfied<pycudaboost::RandomAccessIteratorConcept<__gnu_cxx::__normal_iterator<long unsigned int*, std::vector<long unsigned int> > > >, pycudaboost::concepts::constraint<pycudaboost::RandomAccessIteratorConcept<__gnu_cxx::__normal_iterator<long unsigned int*, std::vector<long unsigned int> > > >, pycudaboost::concepts::requirement<pycudaboost::concepts::failed************ pycudaboost::RandomAccessIteratorConcept<__gnu_cxx::__normal_iterator<long unsigned int*, std::vector<long unsigned int> > >::************> >’
      bpl-subset/bpl_subset/boost/concept/detail/general.hpp:50:8:   required from ‘struct pycudaboost::concepts::requirement_<void (*)(pycudaboost::RandomAccessIteratorConcept<__gnu_cxx::__normal_iterator<long unsigned int*, std::vector<long unsigned int> > >)>’
      bpl-subset/bpl_subset/boost/concept_check.hpp:45:7:   required from ‘void pycudaboost::function_requires(Model*) [with Model = pycudaboost::RandomAccessIteratorConcept<__gnu_cxx::__normal_iterator<long unsigned int*, std::vector<long unsigned int> > >]’
      bpl-subset/bpl_subset/boost/property_map/property_map.hpp:404:61:   required from ‘pycudaboost::iterator_property_map<RAIter, ID, typename std::iterator_traits< <template-parameter-1-1> >::value_type, typename std::iterator_traits< <template-parameter-1-1> >::reference> pycudaboost::make_iterator_property_map(RAIter, ID) [with RAIter = __gnu_cxx::__normal_iterator<long unsigned int*, std::vector<long unsigned int> >; ID = pycudaboost::vec_adj_list_vertex_id_map<pycudaboost::no_property, long unsigned int>; typename std::iterator_traits< <template-parameter-1-1> >::reference = long unsigned int&; typename std::iterator_traits< <template-parameter-1-1> >::value_type = long unsigned int]’
      bpl-subset/bpl_subset/libs/python/src/object/inheritance.cpp:112:57:   required from here
      bpl-subset/bpl_subset/boost/concept/detail/general.hpp:38:47: warning: ‘this’ pointer is null [-Wnonnull]
         38 |     static void failed() { ((Model*)0)->~Model(); }
            |                            ~~~~~~~~~~~~~~~~~~~^~
      In file included from bpl-subset/bpl_subset/boost/concept_check.hpp:32,
                       from bpl-subset/bpl_subset/boost/property_map/property_map.hpp:18,
                       from bpl-subset/bpl_subset/boost/graph/graph_concepts.hpp:17,
                       from bpl-subset/bpl_subset/boost/graph/breadth_first_search.hpp:21,
                       from bpl-subset/bpl_subset/libs/python/src/object/inheritance.cpp:7:
      bpl-subset/bpl_subset/boost/concept/usage.hpp:22:5: note: in a call to non-static member function ‘pycudaboost::concepts::usage_requirements<Model>::~usage_requirements() [with Model = pycudaboost::BidirectionalIterator<__gnu_cxx::__normal_iterator<long unsigned int*, std::vector<long unsigned int> > >]’
         22 |     ~usage_requirements() { ((Model*)0)->~Model(); }
            |     ^
      In file included from bpl-subset/bpl_subset/boost/concept/assert.hpp:36,
                       from bpl-subset/bpl_subset/boost/concept_check.hpp:20,
                       from bpl-subset/bpl_subset/boost/property_map/property_map.hpp:18,
                       from bpl-subset/bpl_subset/boost/graph/graph_concepts.hpp:17,
                       from bpl-subset/bpl_subset/boost/graph/breadth_first_search.hpp:21,
                       from bpl-subset/bpl_subset/libs/python/src/object/inheritance.cpp:7:
      bpl-subset/bpl_subset/boost/concept/detail/general.hpp: In instantiation of ‘static void pycudaboost::concepts::requirement<pycudaboost::concepts::failed************ Model::************>::failed() [with Model = pycudaboost::concepts::usage_requirements<pycudaboost::Comparable<__gnu_cxx::__normal_iterator<long unsigned int*, std::vector<long unsigned int> > > >]’:
      bpl-subset/bpl_subset/boost/concept_check.hpp:256:5:   required from ‘struct pycudaboost::Comparable<__gnu_cxx::__normal_iterator<long unsigned int*, std::vector<long unsigned int> > >’
      bpl-subset/bpl_subset/boost/concept_check.hpp:600:3:   required from ‘struct pycudaboost::RandomAccessIterator<__gnu_cxx::__normal_iterator<long unsigned int*, std::vector<long unsigned int> > >’
      bpl-subset/bpl_subset/boost/concept_check.hpp:600:3:   required from ‘struct pycudaboost::RandomAccessIteratorConcept<__gnu_cxx::__normal_iterator<long unsigned int*, std::vector<long unsigned int> > >’
      bpl-subset/bpl_subset/boost/concept/detail/has_constraints.hpp:32:62:   required by substitution of ‘template<class Model> pycudaboost::concepts::detail::yes pycudaboost::concepts::detail::has_constraints_(Model*, pycudaboost::concepts::detail::wrap_constraints<Model, (& Model::constraints)>*) [with Model = pycudaboost::RandomAccessIteratorConcept<__gnu_cxx::__normal_iterator<long unsigned int*, std::vector<long unsigned int> > >]’
      bpl-subset/bpl_subset/boost/concept/detail/has_constraints.hpp:42:5:   required from ‘const bool pycudaboost::concepts::not_satisfied<pycudaboost::RandomAccessIteratorConcept<__gnu_cxx::__normal_iterator<long unsigned int*, std::vector<long unsigned int> > > >::value’
      bpl-subset/bpl_subset/boost/concept/detail/has_constraints.hpp:45:31:   required from ‘struct pycudaboost::concepts::not_satisfied<pycudaboost::RandomAccessIteratorConcept<__gnu_cxx::__normal_iterator<long unsigned int*, std::vector<long unsigned int> > > >’
      bpl-subset/bpl_subset/boost/mpl/if.hpp:63:11:   required from ‘struct pycudaboost::mpl::if_<pycudaboost::concepts::not_satisfied<pycudaboost::RandomAccessIteratorConcept<__gnu_cxx::__normal_iterator<long unsigned int*, std::vector<long unsigned int> > > >, pycudaboost::concepts::constraint<pycudaboost::RandomAccessIteratorConcept<__gnu_cxx::__normal_iterator<long unsigned int*, std::vector<long unsigned int> > > >, pycudaboost::concepts::requirement<pycudaboost::concepts::failed************ pycudaboost::RandomAccessIteratorConcept<__gnu_cxx::__normal_iterator<long unsigned int*, std::vector<long unsigned int> > >::************> >’
      bpl-subset/bpl_subset/boost/concept/detail/general.hpp:50:8:   required from ‘struct pycudaboost::concepts::requirement_<void (*)(pycudaboost::RandomAccessIteratorConcept<__gnu_cxx::__normal_iterator<long unsigned int*, std::vector<long unsigned int> > >)>’
      bpl-subset/bpl_subset/boost/concept_check.hpp:45:7:   required from ‘void pycudaboost::function_requires(Model*) [with Model = pycudaboost::RandomAccessIteratorConcept<__gnu_cxx::__normal_iterator<long unsigned int*, std::vector<long unsigned int> > >]’
      bpl-subset/bpl_subset/boost/property_map/property_map.hpp:404:61:   required from ‘pycudaboost::iterator_property_map<RAIter, ID, typename std::iterator_traits< <template-parameter-1-1> >::value_type, typename std::iterator_traits< <template-parameter-1-1> >::reference> pycudaboost::make_iterator_property_map(RAIter, ID) [with RAIter = __gnu_cxx::__normal_iterator<long unsigned int*, std::vector<long unsigned int> >; ID = pycudaboost::vec_adj_list_vertex_id_map<pycudaboost::no_property, long unsigned int>; typename std::iterator_traits< <template-parameter-1-1> >::reference = long unsigned int&; typename std::iterator_traits< <template-parameter-1-1> >::value_type = long unsigned int]’
      bpl-subset/bpl_subset/libs/python/src/object/inheritance.cpp:112:57:   required from here
      bpl-subset/bpl_subset/boost/concept/detail/general.hpp:38:47: warning: ‘this’ pointer is null [-Wnonnull]
         38 |     static void failed() { ((Model*)0)->~Model(); }
            |                            ~~~~~~~~~~~~~~~~~~~^~
      In file included from bpl-subset/bpl_subset/boost/concept_check.hpp:32,
                       from bpl-subset/bpl_subset/boost/property_map/property_map.hpp:18,
                       from bpl-subset/bpl_subset/boost/graph/graph_concepts.hpp:17,
                       from bpl-subset/bpl_subset/boost/graph/breadth_first_search.hpp:21,
                       from bpl-subset/bpl_subset/libs/python/src/object/inheritance.cpp:7:
      bpl-subset/bpl_subset/boost/concept/usage.hpp:22:5: note: in a call to non-static member function ‘pycudaboost::concepts::usage_requirements<Model>::~usage_requirements() [with Model = pycudaboost::Comparable<__gnu_cxx::__normal_iterator<long unsigned int*, std::vector<long unsigned int> > >]’
         22 |     ~usage_requirements() { ((Model*)0)->~Model(); }
            |     ^
      In file included from bpl-subset/bpl_subset/boost/concept/assert.hpp:36,
                       from bpl-subset/bpl_subset/boost/concept_check.hpp:20,
                       from bpl-subset/bpl_subset/boost/property_map/property_map.hpp:18,
                       from bpl-subset/bpl_subset/boost/graph/graph_concepts.hpp:17,
                       from bpl-subset/bpl_subset/boost/graph/breadth_first_search.hpp:21,
                       from bpl-subset/bpl_subset/libs/python/src/object/inheritance.cpp:7:
      bpl-subset/bpl_subset/boost/concept/detail/general.hpp: In instantiation of ‘static void pycudaboost::concepts::requirement<pycudaboost::concepts::failed************ Model::************>::failed() [with Model = pycudaboost::concepts::usage_requirements<pycudaboost::RandomAccessIterator<__gnu_cxx::__normal_iterator<long unsigned int*, std::vector<long unsigned int> > > >]’:
      bpl-subset/bpl_subset/boost/concept_check.hpp:604:7:   required from ‘struct pycudaboost::RandomAccessIterator<__gnu_cxx::__normal_iterator<long unsigned int*, std::vector<long unsigned int> > >’
      bpl-subset/bpl_subset/boost/concept_check.hpp:600:3:   required from ‘struct pycudaboost::RandomAccessIteratorConcept<__gnu_cxx::__normal_iterator<long unsigned int*, std::vector<long unsigned int> > >’
      bpl-subset/bpl_subset/boost/concept/detail/has_constraints.hpp:32:62:   required by substitution of ‘template<class Model> pycudaboost::concepts::detail::yes pycudaboost::concepts::detail::has_constraints_(Model*, pycudaboost::concepts::detail::wrap_constraints<Model, (& Model::constraints)>*) [with Model = pycudaboost::RandomAccessIteratorConcept<__gnu_cxx::__normal_iterator<long unsigned int*, std::vector<long unsigned int> > >]’
      bpl-subset/bpl_subset/boost/concept/detail/has_constraints.hpp:42:5:   required from ‘const bool pycudaboost::concepts::not_satisfied<pycudaboost::RandomAccessIteratorConcept<__gnu_cxx::__normal_iterator<long unsigned int*, std::vector<long unsigned int> > > >::value’
      bpl-subset/bpl_subset/boost/concept/detail/has_constraints.hpp:45:31:   required from ‘struct pycudaboost::concepts::not_satisfied<pycudaboost::RandomAccessIteratorConcept<__gnu_cxx::__normal_iterator<long unsigned int*, std::vector<long unsigned int> > > >’
      bpl-subset/bpl_subset/boost/mpl/if.hpp:63:11:   required from ‘struct pycudaboost::mpl::if_<pycudaboost::concepts::not_satisfied<pycudaboost::RandomAccessIteratorConcept<__gnu_cxx::__normal_iterator<long unsigned int*, std::vector<long unsigned int> > > >, pycudaboost::concepts::constraint<pycudaboost::RandomAccessIteratorConcept<__gnu_cxx::__normal_iterator<long unsigned int*, std::vector<long unsigned int> > > >, pycudaboost::concepts::requirement<pycudaboost::concepts::failed************ pycudaboost::RandomAccessIteratorConcept<__gnu_cxx::__normal_iterator<long unsigned int*, std::vector<long unsigned int> > >::************> >’
      bpl-subset/bpl_subset/boost/concept/detail/general.hpp:50:8:   required from ‘struct pycudaboost::concepts::requirement_<void (*)(pycudaboost::RandomAccessIteratorConcept<__gnu_cxx::__normal_iterator<long unsigned int*, std::vector<long unsigned int> > >)>’
      bpl-subset/bpl_subset/boost/concept_check.hpp:45:7:   required from ‘void pycudaboost::function_requires(Model*) [with Model = pycudaboost::RandomAccessIteratorConcept<__gnu_cxx::__normal_iterator<long unsigned int*, std::vector<long unsigned int> > >]’
      bpl-subset/bpl_subset/boost/property_map/property_map.hpp:404:61:   required from ‘pycudaboost::iterator_property_map<RAIter, ID, typename std::iterator_traits< <template-parameter-1-1> >::value_type, typename std::iterator_traits< <template-parameter-1-1> >::reference> pycudaboost::make_iterator_property_map(RAIter, ID) [with RAIter = __gnu_cxx::__normal_iterator<long unsigned int*, std::vector<long unsigned int> >; ID = pycudaboost::vec_adj_list_vertex_id_map<pycudaboost::no_property, long unsigned int>; typename std::iterator_traits< <template-parameter-1-1> >::reference = long unsigned int&; typename std::iterator_traits< <template-parameter-1-1> >::value_type = long unsigned int]’
      bpl-subset/bpl_subset/libs/python/src/object/inheritance.cpp:112:57:   required from here
      bpl-subset/bpl_subset/boost/concept/detail/general.hpp:38:47: warning: ‘this’ pointer is null [-Wnonnull]
         38 |     static void failed() { ((Model*)0)->~Model(); }
            |                            ~~~~~~~~~~~~~~~~~~~^~
      In file included from bpl-subset/bpl_subset/boost/concept_check.hpp:32,
                       from bpl-subset/bpl_subset/boost/property_map/property_map.hpp:18,
                       from bpl-subset/bpl_subset/boost/graph/graph_concepts.hpp:17,
                       from bpl-subset/bpl_subset/boost/graph/breadth_first_search.hpp:21,
                       from bpl-subset/bpl_subset/libs/python/src/object/inheritance.cpp:7:
      bpl-subset/bpl_subset/boost/concept/usage.hpp:22:5: note: in a call to non-static member function ‘pycudaboost::concepts::usage_requirements<Model>::~usage_requirements() [with Model = pycudaboost::RandomAccessIterator<__gnu_cxx::__normal_iterator<long unsigned int*, std::vector<long unsigned int> > >]’
         22 |     ~usage_requirements() { ((Model*)0)->~Model(); }
            |     ^
      In file included from bpl-subset/bpl_subset/boost/concept/assert.hpp:36,
                       from bpl-subset/bpl_subset/boost/concept_check.hpp:20,
                       from bpl-subset/bpl_subset/boost/property_map/property_map.hpp:18,
                       from bpl-subset/bpl_subset/boost/graph/graph_concepts.hpp:17,
                       from bpl-subset/bpl_subset/boost/graph/breadth_first_search.hpp:21,
                       from bpl-subset/bpl_subset/libs/python/src/object/inheritance.cpp:7:
      bpl-subset/bpl_subset/boost/concept/detail/general.hpp: In instantiation of ‘static void pycudaboost::concepts::requirement<pycudaboost::concepts::failed************ Model::************>::failed() [with Model = pycudaboost::RandomAccessIteratorConcept<__gnu_cxx::__normal_iterator<long unsigned int*, std::vector<long unsigned int> > >]’:
      bpl-subset/bpl_subset/boost/concept_check.hpp:45:7:   required from ‘void pycudaboost::function_requires(Model*) [with Model = pycudaboost::RandomAccessIteratorConcept<__gnu_cxx::__normal_iterator<long unsigned int*, std::vector<long unsigned int> > >]’
      bpl-subset/bpl_subset/boost/property_map/property_map.hpp:404:61:   required from ‘pycudaboost::iterator_property_map<RAIter, ID, typename std::iterator_traits< <template-parameter-1-1> >::value_type, typename std::iterator_traits< <template-parameter-1-1> >::reference> pycudaboost::make_iterator_property_map(RAIter, ID) [with RAIter = __gnu_cxx::__normal_iterator<long unsigned int*, std::vector<long unsigned int> >; ID = pycudaboost::vec_adj_list_vertex_id_map<pycudaboost::no_property, long unsigned int>; typename std::iterator_traits< <template-parameter-1-1> >::reference = long unsigned int&; typename std::iterator_traits< <template-parameter-1-1> >::value_type = long unsigned int]’
      bpl-subset/bpl_subset/libs/python/src/object/inheritance.cpp:112:57:   required from here
      bpl-subset/bpl_subset/boost/concept/detail/general.hpp:38:47: warning: ‘this’ pointer is null [-Wnonnull]
         38 |     static void failed() { ((Model*)0)->~Model(); }
            |                            ~~~~~~~~~~~~~~~~~~~^~
      In file included from bpl-subset/bpl_subset/boost/mpl/aux_/integral_wrapper.hpp:22,
                       from bpl-subset/bpl_subset/boost/mpl/int.hpp:20,
                       from bpl-subset/bpl_subset/boost/type_traits/detail/template_arity_spec.hpp:10,
                       from bpl-subset/bpl_subset/boost/type_traits/detail/bool_trait_def.hpp:14,
                       from bpl-subset/bpl_subset/boost/type_traits/is_same.hpp:31,
                       from bpl-subset/bpl_subset/boost/type_traits/same_traits.hpp:13,
                       from bpl-subset/bpl_subset/boost/python/type_id.hpp:17,
                       from bpl-subset/bpl_subset/boost/python/object/inheritance.hpp:8,
                       from bpl-subset/bpl_subset/libs/python/src/object/inheritance.cpp:5:
      bpl-subset/bpl_subset/boost/concept_check.hpp:600:17: note: in a call to non-static member function ‘pycudaboost::RandomAccessIteratorConcept<__gnu_cxx::__normal_iterator<long unsigned int*, std::vector<long unsigned int> > >::~RandomAccessIteratorConcept()’
        600 |   BOOST_concept(RandomAccessIterator,(TT))
            |                 ^~~~~~~~~~~~~~~~~~~~
      bpl-subset/bpl_subset/boost/preprocessor/cat.hpp:29:34: note: in definition of macro ‘BOOST_PP_CAT_I’
         29 | #    define BOOST_PP_CAT_I(a, b) a ## b
            |                                  ^
      bpl-subset/bpl_subset/boost/concept/detail/concept_def.hpp:39:12: note: in expansion of macro ‘BOOST_PP_CAT’
         39 |     struct BOOST_PP_CAT(name,Concept)                                           \
            |            ^~~~~~~~~~~~
      bpl-subset/bpl_subset/boost/concept_check.hpp:600:3: note: in expansion of macro ‘BOOST_concept’
        600 |   BOOST_concept(RandomAccessIterator,(TT))
            |   ^~~~~~~~~~~~~
      In file included from bpl-subset/bpl_subset/boost/concept_check.hpp:32,
                       from bpl-subset/bpl_subset/boost/property_map/property_map.hpp:18,
                       from bpl-subset/bpl_subset/boost/graph/graph_concepts.hpp:17,
                       from bpl-subset/bpl_subset/boost/graph/breadth_first_search.hpp:21,
                       from bpl-subset/bpl_subset/libs/python/src/object/inheritance.cpp:7:
      bpl-subset/bpl_subset/boost/concept/usage.hpp: In instantiation of ‘pycudaboost::concepts::usage_requirements<Model>::~usage_requirements() [with Model = pycudaboost::Assignable<__gnu_cxx::__normal_iterator<long unsigned int*, std::vector<long unsigned int> > >]’:
      bpl-subset/bpl_subset/boost/concept/detail/general.hpp:38:47:   required from ‘static void pycudaboost::concepts::requirement<pycudaboost::concepts::failed************ Model::************>::failed() [with Model = pycudaboost::concepts::usage_requirements<pycudaboost::Assignable<__gnu_cxx::__normal_iterator<long unsigned int*, std::vector<long unsigned int> > > >]’
      bpl-subset/bpl_subset/boost/concept_check.hpp:140:5:   required from ‘struct pycudaboost::Assignable<__gnu_cxx::__normal_iterator<long unsigned int*, std::vector<long unsigned int> > >’
      bpl-subset/bpl_subset/boost/concept_check.hpp:505:3:   required from ‘struct pycudaboost::InputIterator<__gnu_cxx::__normal_iterator<long unsigned int*, std::vector<long unsigned int> > >’
      bpl-subset/bpl_subset/boost/concept_check.hpp:543:3:   required from ‘struct pycudaboost::ForwardIterator<__gnu_cxx::__normal_iterator<long unsigned int*, std::vector<long unsigned int> > >’
      bpl-subset/bpl_subset/boost/concept_check.hpp:571:3:   required from ‘struct pycudaboost::BidirectionalIterator<__gnu_cxx::__normal_iterator<long unsigned int*, std::vector<long unsigned int> > >’
      bpl-subset/bpl_subset/boost/concept_check.hpp:600:3:   [ skipping 4 instantiation contexts, use -ftemplate-backtrace-limit=0 to disable ]
      bpl-subset/bpl_subset/boost/concept/detail/has_constraints.hpp:45:31:   required from ‘struct pycudaboost::concepts::not_satisfied<pycudaboost::RandomAccessIteratorConcept<__gnu_cxx::__normal_iterator<long unsigned int*, std::vector<long unsigned int> > > >’
      bpl-subset/bpl_subset/boost/mpl/if.hpp:63:11:   required from ‘struct pycudaboost::mpl::if_<pycudaboost::concepts::not_satisfied<pycudaboost::RandomAccessIteratorConcept<__gnu_cxx::__normal_iterator<long unsigned int*, std::vector<long unsigned int> > > >, pycudaboost::concepts::constraint<pycudaboost::RandomAccessIteratorConcept<__gnu_cxx::__normal_iterator<long unsigned int*, std::vector<long unsigned int> > > >, pycudaboost::concepts::requirement<pycudaboost::concepts::failed************ pycudaboost::RandomAccessIteratorConcept<__gnu_cxx::__normal_iterator<long unsigned int*, std::vector<long unsigned int> > >::************> >’
      bpl-subset/bpl_subset/boost/concept/detail/general.hpp:50:8:   required from ‘struct pycudaboost::concepts::requirement_<void (*)(pycudaboost::RandomAccessIteratorConcept<__gnu_cxx::__normal_iterator<long unsigned int*, std::vector<long unsigned int> > >)>’
      bpl-subset/bpl_subset/boost/concept_check.hpp:45:7:   required from ‘void pycudaboost::function_requires(Model*) [with Model = pycudaboost::RandomAccessIteratorConcept<__gnu_cxx::__normal_iterator<long unsigned int*, std::vector<long unsigned int> > >]’
      bpl-subset/bpl_subset/boost/property_map/property_map.hpp:404:61:   required from ‘pycudaboost::iterator_property_map<RAIter, ID, typename std::iterator_traits< <template-parameter-1-1> >::value_type, typename std::iterator_traits< <template-parameter-1-1> >::reference> pycudaboost::make_iterator_property_map(RAIter, ID) [with RAIter = __gnu_cxx::__normal_iterator<long unsigned int*, std::vector<long unsigned int> >; ID = pycudaboost::vec_adj_list_vertex_id_map<pycudaboost::no_property, long unsigned int>; typename std::iterator_traits< <template-parameter-1-1> >::reference = long unsigned int&; typename std::iterator_traits< <template-parameter-1-1> >::value_type = long unsigned int]’
      bpl-subset/bpl_subset/libs/python/src/object/inheritance.cpp:112:57:   required from here
      bpl-subset/bpl_subset/boost/concept/usage.hpp:22:48: warning: ‘this’ pointer is null [-Wnonnull]
         22 |     ~usage_requirements() { ((Model*)0)->~Model(); }
            |                             ~~~~~~~~~~~~~~~~~~~^~
      bpl-subset/bpl_subset/boost/concept/usage.hpp:36:7: note: in a call to non-static member function ‘pycudaboost::Assignable<TT>::~Assignable() [with TT = __gnu_cxx::__normal_iterator<long unsigned int*, std::vector<long unsigned int> >]’
         36 |       ~model()
            |       ^
      bpl-subset/bpl_subset/boost/concept_check.hpp:140:5: note: in expansion of macro ‘BOOST_CONCEPT_USAGE’
        140 |     BOOST_CONCEPT_USAGE(Assignable) {
            |     ^~~~~~~~~~~~~~~~~~~
      bpl-subset/bpl_subset/boost/concept/usage.hpp: In instantiation of ‘pycudaboost::concepts::usage_requirements<Model>::~usage_requirements() [with Model = pycudaboost::EqualityComparable<__gnu_cxx::__normal_iterator<long unsigned int*, std::vector<long unsigned int> > >]’:
      bpl-subset/bpl_subset/boost/concept/detail/general.hpp:38:47:   required from ‘static void pycudaboost::concepts::requirement<pycudaboost::concepts::failed************ Model::************>::failed() [with Model = pycudaboost::concepts::usage_requirements<pycudaboost::EqualityComparable<__gnu_cxx::__normal_iterator<long unsigned int*, std::vector<long unsigned int> > > >]’
      bpl-subset/bpl_subset/boost/concept_check.hpp:236:5:   required from ‘struct pycudaboost::EqualityComparable<__gnu_cxx::__normal_iterator<long unsigned int*, std::vector<long unsigned int> > >’
      bpl-subset/bpl_subset/boost/concept_check.hpp:505:3:   required from ‘struct pycudaboost::InputIterator<__gnu_cxx::__normal_iterator<long unsigned int*, std::vector<long unsigned int> > >’
      bpl-subset/bpl_subset/boost/concept_check.hpp:543:3:   required from ‘struct pycudaboost::ForwardIterator<__gnu_cxx::__normal_iterator<long unsigned int*, std::vector<long unsigned int> > >’
      bpl-subset/bpl_subset/boost/concept_check.hpp:571:3:   required from ‘struct pycudaboost::BidirectionalIterator<__gnu_cxx::__normal_iterator<long unsigned int*, std::vector<long unsigned int> > >’
      bpl-subset/bpl_subset/boost/concept_check.hpp:600:3:   [ skipping 4 instantiation contexts, use -ftemplate-backtrace-limit=0 to disable ]
      bpl-subset/bpl_subset/boost/concept/detail/has_constraints.hpp:45:31:   required from ‘struct pycudaboost::concepts::not_satisfied<pycudaboost::RandomAccessIteratorConcept<__gnu_cxx::__normal_iterator<long unsigned int*, std::vector<long unsigned int> > > >’
      bpl-subset/bpl_subset/boost/mpl/if.hpp:63:11:   required from ‘struct pycudaboost::mpl::if_<pycudaboost::concepts::not_satisfied<pycudaboost::RandomAccessIteratorConcept<__gnu_cxx::__normal_iterator<long unsigned int*, std::vector<long unsigned int> > > >, pycudaboost::concepts::constraint<pycudaboost::RandomAccessIteratorConcept<__gnu_cxx::__normal_iterator<long unsigned int*, std::vector<long unsigned int> > > >, pycudaboost::concepts::requirement<pycudaboost::concepts::failed************ pycudaboost::RandomAccessIteratorConcept<__gnu_cxx::__normal_iterator<long unsigned int*, std::vector<long unsigned int> > >::************> >’
      bpl-subset/bpl_subset/boost/concept/detail/general.hpp:50:8:   required from ‘struct pycudaboost::concepts::requirement_<void (*)(pycudaboost::RandomAccessIteratorConcept<__gnu_cxx::__normal_iterator<long unsigned int*, std::vector<long unsigned int> > >)>’
      bpl-subset/bpl_subset/boost/concept_check.hpp:45:7:   required from ‘void pycudaboost::function_requires(Model*) [with Model = pycudaboost::RandomAccessIteratorConcept<__gnu_cxx::__normal_iterator<long unsigned int*, std::vector<long unsigned int> > >]’
      bpl-subset/bpl_subset/boost/property_map/property_map.hpp:404:61:   required from ‘pycudaboost::iterator_property_map<RAIter, ID, typename std::iterator_traits< <template-parameter-1-1> >::value_type, typename std::iterator_traits< <template-parameter-1-1> >::reference> pycudaboost::make_iterator_property_map(RAIter, ID) [with RAIter = __gnu_cxx::__normal_iterator<long unsigned int*, std::vector<long unsigned int> >; ID = pycudaboost::vec_adj_list_vertex_id_map<pycudaboost::no_property, long unsigned int>; typename std::iterator_traits< <template-parameter-1-1> >::reference = long unsigned int&; typename std::iterator_traits< <template-parameter-1-1> >::value_type = long unsigned int]’
      bpl-subset/bpl_subset/libs/python/src/object/inheritance.cpp:112:57:   required from here
      bpl-subset/bpl_subset/boost/concept/usage.hpp:22:48: warning: ‘this’ pointer is null [-Wnonnull]
         22 |     ~usage_requirements() { ((Model*)0)->~Model(); }
            |                             ~~~~~~~~~~~~~~~~~~~^~
      bpl-subset/bpl_subset/boost/concept/usage.hpp:36:7: note: in a call to non-static member function ‘pycudaboost::EqualityComparable<TT>::~EqualityComparable() [with TT = __gnu_cxx::__normal_iterator<long unsigned int*, std::vector<long unsigned int> >]’
         36 |       ~model()
            |       ^
      bpl-subset/bpl_subset/boost/concept_check.hpp:236:5: note: in expansion of macro ‘BOOST_CONCEPT_USAGE’
        236 |     BOOST_CONCEPT_USAGE(EqualityComparable) {
            |     ^~~~~~~~~~~~~~~~~~~
      bpl-subset/bpl_subset/boost/concept/usage.hpp: In instantiation of ‘pycudaboost::concepts::usage_requirements<Model>::~usage_requirements() [with Model = pycudaboost::InputIterator<__gnu_cxx::__normal_iterator<long unsigned int*, std::vector<long unsigned int> > >]’:
      bpl-subset/bpl_subset/boost/concept/detail/general.hpp:38:47:   required from ‘static void pycudaboost::concepts::requirement<pycudaboost::concepts::failed************ Model::************>::failed() [with Model = pycudaboost::concepts::usage_requirements<pycudaboost::InputIterator<__gnu_cxx::__normal_iterator<long unsigned int*, std::vector<long unsigned int> > > >]’
      bpl-subset/bpl_subset/boost/concept_check.hpp:515:7:   required from ‘struct pycudaboost::InputIterator<__gnu_cxx::__normal_iterator<long unsigned int*, std::vector<long unsigned int> > >’
      bpl-subset/bpl_subset/boost/concept_check.hpp:543:3:   required from ‘struct pycudaboost::ForwardIterator<__gnu_cxx::__normal_iterator<long unsigned int*, std::vector<long unsigned int> > >’
      bpl-subset/bpl_subset/boost/concept_check.hpp:571:3:   required from ‘struct pycudaboost::BidirectionalIterator<__gnu_cxx::__normal_iterator<long unsigned int*, std::vector<long unsigned int> > >’
      bpl-subset/bpl_subset/boost/concept_check.hpp:600:3:   required from ‘struct pycudaboost::RandomAccessIterator<__gnu_cxx::__normal_iterator<long unsigned int*, std::vector<long unsigned int> > >’
      bpl-subset/bpl_subset/boost/concept_check.hpp:600:3:   [ skipping 3 instantiation contexts, use -ftemplate-backtrace-limit=0 to disable ]
      bpl-subset/bpl_subset/boost/concept/detail/has_constraints.hpp:45:31:   required from ‘struct pycudaboost::concepts::not_satisfied<pycudaboost::RandomAccessIteratorConcept<__gnu_cxx::__normal_iterator<long unsigned int*, std::vector<long unsigned int> > > >’
      bpl-subset/bpl_subset/boost/mpl/if.hpp:63:11:   required from ‘struct pycudaboost::mpl::if_<pycudaboost::concepts::not_satisfied<pycudaboost::RandomAccessIteratorConcept<__gnu_cxx::__normal_iterator<long unsigned int*, std::vector<long unsigned int> > > >, pycudaboost::concepts::constraint<pycudaboost::RandomAccessIteratorConcept<__gnu_cxx::__normal_iterator<long unsigned int*, std::vector<long unsigned int> > > >, pycudaboost::concepts::requirement<pycudaboost::concepts::failed************ pycudaboost::RandomAccessIteratorConcept<__gnu_cxx::__normal_iterator<long unsigned int*, std::vector<long unsigned int> > >::************> >’
      bpl-subset/bpl_subset/boost/concept/detail/general.hpp:50:8:   required from ‘struct pycudaboost::concepts::requirement_<void (*)(pycudaboost::RandomAccessIteratorConcept<__gnu_cxx::__normal_iterator<long unsigned int*, std::vector<long unsigned int> > >)>’
      bpl-subset/bpl_subset/boost/concept_check.hpp:45:7:   required from ‘void pycudaboost::function_requires(Model*) [with Model = pycudaboost::RandomAccessIteratorConcept<__gnu_cxx::__normal_iterator<long unsigned int*, std::vector<long unsigned int> > >]’
      bpl-subset/bpl_subset/boost/property_map/property_map.hpp:404:61:   required from ‘pycudaboost::iterator_property_map<RAIter, ID, typename std::iterator_traits< <template-parameter-1-1> >::value_type, typename std::iterator_traits< <template-parameter-1-1> >::reference> pycudaboost::make_iterator_property_map(RAIter, ID) [with RAIter = __gnu_cxx::__normal_iterator<long unsigned int*, std::vector<long unsigned int> >; ID = pycudaboost::vec_adj_list_vertex_id_map<pycudaboost::no_property, long unsigned int>; typename std::iterator_traits< <template-parameter-1-1> >::reference = long unsigned int&; typename std::iterator_traits< <template-parameter-1-1> >::value_type = long unsigned int]’
      bpl-subset/bpl_subset/libs/python/src/object/inheritance.cpp:112:57:   required from here
      bpl-subset/bpl_subset/boost/concept/usage.hpp:22:48: warning: ‘this’ pointer is null [-Wnonnull]
         22 |     ~usage_requirements() { ((Model*)0)->~Model(); }
            |                             ~~~~~~~~~~~~~~~~~~~^~
      bpl-subset/bpl_subset/boost/concept/usage.hpp:36:7: note: in a call to non-static member function ‘pycudaboost::InputIterator<TT>::~InputIterator() [with TT = __gnu_cxx::__normal_iterator<long unsigned int*, std::vector<long unsigned int> >]’
         36 |       ~model()
            |       ^
      bpl-subset/bpl_subset/boost/concept_check.hpp:515:7: note: in expansion of macro ‘BOOST_CONCEPT_USAGE’
        515 |       BOOST_CONCEPT_USAGE(InputIterator)
            |       ^~~~~~~~~~~~~~~~~~~
      bpl-subset/bpl_subset/boost/concept/usage.hpp: In instantiation of ‘pycudaboost::concepts::usage_requirements<Model>::~usage_requirements() [with Model = pycudaboost::ForwardIterator<__gnu_cxx::__normal_iterator<long unsigned int*, std::vector<long unsigned int> > >]’:
      bpl-subset/bpl_subset/boost/concept/detail/general.hpp:38:47:   required from ‘static void pycudaboost::concepts::requirement<pycudaboost::concepts::failed************ Model::************>::failed() [with Model = pycudaboost::concepts::usage_requirements<pycudaboost::ForwardIterator<__gnu_cxx::__normal_iterator<long unsigned int*, std::vector<long unsigned int> > > >]’
      bpl-subset/bpl_subset/boost/concept_check.hpp:546:7:   required from ‘struct pycudaboost::ForwardIterator<__gnu_cxx::__normal_iterator<long unsigned int*, std::vector<long unsigned int> > >’
      bpl-subset/bpl_subset/boost/concept_check.hpp:571:3:   required from ‘struct pycudaboost::BidirectionalIterator<__gnu_cxx::__normal_iterator<long unsigned int*, std::vector<long unsigned int> > >’
      bpl-subset/bpl_subset/boost/concept_check.hpp:600:3:   required from ‘struct pycudaboost::RandomAccessIterator<__gnu_cxx::__normal_iterator<long unsigned int*, std::vector<long unsigned int> > >’
      bpl-subset/bpl_subset/boost/concept_check.hpp:600:3:   required from ‘struct pycudaboost::RandomAccessIteratorConcept<__gnu_cxx::__normal_iterator<long unsigned int*, std::vector<long unsigned int> > >’
      bpl-subset/bpl_subset/boost/concept/detail/has_constraints.hpp:32:62:   [ skipping 2 instantiation contexts, use -ftemplate-backtrace-limit=0 to disable ]
      bpl-subset/bpl_subset/boost/concept/detail/has_constraints.hpp:45:31:   required from ‘struct pycudaboost::concepts::not_satisfied<pycudaboost::RandomAccessIteratorConcept<__gnu_cxx::__normal_iterator<long unsigned int*, std::vector<long unsigned int> > > >’
      bpl-subset/bpl_subset/boost/mpl/if.hpp:63:11:   required from ‘struct pycudaboost::mpl::if_<pycudaboost::concepts::not_satisfied<pycudaboost::RandomAccessIteratorConcept<__gnu_cxx::__normal_iterator<long unsigned int*, std::vector<long unsigned int> > > >, pycudaboost::concepts::constraint<pycudaboost::RandomAccessIteratorConcept<__gnu_cxx::__normal_iterator<long unsigned int*, std::vector<long unsigned int> > > >, pycudaboost::concepts::requirement<pycudaboost::concepts::failed************ pycudaboost::RandomAccessIteratorConcept<__gnu_cxx::__normal_iterator<long unsigned int*, std::vector<long unsigned int> > >::************> >’
      bpl-subset/bpl_subset/boost/concept/detail/general.hpp:50:8:   required from ‘struct pycudaboost::concepts::requirement_<void (*)(pycudaboost::RandomAccessIteratorConcept<__gnu_cxx::__normal_iterator<long unsigned int*, std::vector<long unsigned int> > >)>’
      bpl-subset/bpl_subset/boost/concept_check.hpp:45:7:   required from ‘void pycudaboost::function_requires(Model*) [with Model = pycudaboost::RandomAccessIteratorConcept<__gnu_cxx::__normal_iterator<long unsigned int*, std::vector<long unsigned int> > >]’
      bpl-subset/bpl_subset/boost/property_map/property_map.hpp:404:61:   required from ‘pycudaboost::iterator_property_map<RAIter, ID, typename std::iterator_traits< <template-parameter-1-1> >::value_type, typename std::iterator_traits< <template-parameter-1-1> >::reference> pycudaboost::make_iterator_property_map(RAIter, ID) [with RAIter = __gnu_cxx::__normal_iterator<long unsigned int*, std::vector<long unsigned int> >; ID = pycudaboost::vec_adj_list_vertex_id_map<pycudaboost::no_property, long unsigned int>; typename std::iterator_traits< <template-parameter-1-1> >::reference = long unsigned int&; typename std::iterator_traits< <template-parameter-1-1> >::value_type = long unsigned int]’
      bpl-subset/bpl_subset/libs/python/src/object/inheritance.cpp:112:57:   required from here
      bpl-subset/bpl_subset/boost/concept/usage.hpp:22:48: warning: ‘this’ pointer is null [-Wnonnull]
         22 |     ~usage_requirements() { ((Model*)0)->~Model(); }
            |                             ~~~~~~~~~~~~~~~~~~~^~
      bpl-subset/bpl_subset/boost/concept/usage.hpp:36:7: note: in a call to non-static member function ‘pycudaboost::ForwardIterator<TT>::~ForwardIterator() [with TT = __gnu_cxx::__normal_iterator<long unsigned int*, std::vector<long unsigned int> >]’
         36 |       ~model()
            |       ^
      bpl-subset/bpl_subset/boost/concept_check.hpp:546:7: note: in expansion of macro ‘BOOST_CONCEPT_USAGE’
        546 |       BOOST_CONCEPT_USAGE(ForwardIterator)
            |       ^~~~~~~~~~~~~~~~~~~
      bpl-subset/bpl_subset/boost/concept/usage.hpp: In instantiation of ‘pycudaboost::concepts::usage_requirements<Model>::~usage_requirements() [with Model = pycudaboost::BidirectionalIterator<__gnu_cxx::__normal_iterator<long unsigned int*, std::vector<long unsigned int> > >]’:
      bpl-subset/bpl_subset/boost/concept/detail/general.hpp:38:47:   required from ‘static void pycudaboost::concepts::requirement<pycudaboost::concepts::failed************ Model::************>::failed() [with Model = pycudaboost::concepts::usage_requirements<pycudaboost::BidirectionalIterator<__gnu_cxx::__normal_iterator<long unsigned int*, std::vector<long unsigned int> > > >]’
      bpl-subset/bpl_subset/boost/concept_check.hpp:574:7:   required from ‘struct pycudaboost::BidirectionalIterator<__gnu_cxx::__normal_iterator<long unsigned int*, std::vector<long unsigned int> > >’
      bpl-subset/bpl_subset/boost/concept_check.hpp:600:3:   required from ‘struct pycudaboost::RandomAccessIterator<__gnu_cxx::__normal_iterator<long unsigned int*, std::vector<long unsigned int> > >’
      bpl-subset/bpl_subset/boost/concept_check.hpp:600:3:   required from ‘struct pycudaboost::RandomAccessIteratorConcept<__gnu_cxx::__normal_iterator<long unsigned int*, std::vector<long unsigned int> > >’
      bpl-subset/bpl_subset/boost/concept/detail/has_constraints.hpp:32:62:   [ skipping 2 instantiation contexts, use -ftemplate-backtrace-limit=0 to disable ]
      bpl-subset/bpl_subset/boost/concept/detail/has_constraints.hpp:45:31:   required from ‘struct pycudaboost::concepts::not_satisfied<pycudaboost::RandomAccessIteratorConcept<__gnu_cxx::__normal_iterator<long unsigned int*, std::vector<long unsigned int> > > >’
      bpl-subset/bpl_subset/boost/mpl/if.hpp:63:11:   required from ‘struct pycudaboost::mpl::if_<pycudaboost::concepts::not_satisfied<pycudaboost::RandomAccessIteratorConcept<__gnu_cxx::__normal_iterator<long unsigned int*, std::vector<long unsigned int> > > >, pycudaboost::concepts::constraint<pycudaboost::RandomAccessIteratorConcept<__gnu_cxx::__normal_iterator<long unsigned int*, std::vector<long unsigned int> > > >, pycudaboost::concepts::requirement<pycudaboost::concepts::failed************ pycudaboost::RandomAccessIteratorConcept<__gnu_cxx::__normal_iterator<long unsigned int*, std::vector<long unsigned int> > >::************> >’
      bpl-subset/bpl_subset/boost/concept/detail/general.hpp:50:8:   required from ‘struct pycudaboost::concepts::requirement_<void (*)(pycudaboost::RandomAccessIteratorConcept<__gnu_cxx::__normal_iterator<long unsigned int*, std::vector<long unsigned int> > >)>’
      bpl-subset/bpl_subset/boost/concept_check.hpp:45:7:   required from ‘void pycudaboost::function_requires(Model*) [with Model = pycudaboost::RandomAccessIteratorConcept<__gnu_cxx::__normal_iterator<long unsigned int*, std::vector<long unsigned int> > >]’
      bpl-subset/bpl_subset/boost/property_map/property_map.hpp:404:61:   required from ‘pycudaboost::iterator_property_map<RAIter, ID, typename std::iterator_traits< <template-parameter-1-1> >::value_type, typename std::iterator_traits< <template-parameter-1-1> >::reference> pycudaboost::make_iterator_property_map(RAIter, ID) [with RAIter = __gnu_cxx::__normal_iterator<long unsigned int*, std::vector<long unsigned int> >; ID = pycudaboost::vec_adj_list_vertex_id_map<pycudaboost::no_property, long unsigned int>; typename std::iterator_traits< <template-parameter-1-1> >::reference = long unsigned int&; typename std::iterator_traits< <template-parameter-1-1> >::value_type = long unsigned int]’
      bpl-subset/bpl_subset/libs/python/src/object/inheritance.cpp:112:57:   required from here
      bpl-subset/bpl_subset/boost/concept/usage.hpp:22:48: warning: ‘this’ pointer is null [-Wnonnull]
         22 |     ~usage_requirements() { ((Model*)0)->~Model(); }
            |                             ~~~~~~~~~~~~~~~~~~~^~
      bpl-subset/bpl_subset/boost/concept/usage.hpp:36:7: note: in a call to non-static member function ‘pycudaboost::BidirectionalIterator<TT>::~BidirectionalIterator() [with TT = __gnu_cxx::__normal_iterator<long unsigned int*, std::vector<long unsigned int> >]’
         36 |       ~model()
            |       ^
      bpl-subset/bpl_subset/boost/concept_check.hpp:574:7: note: in expansion of macro ‘BOOST_CONCEPT_USAGE’
        574 |       BOOST_CONCEPT_USAGE(BidirectionalIterator)
            |       ^~~~~~~~~~~~~~~~~~~
      bpl-subset/bpl_subset/boost/concept/usage.hpp: In instantiation of ‘pycudaboost::concepts::usage_requirements<Model>::~usage_requirements() [with Model = pycudaboost::Comparable<__gnu_cxx::__normal_iterator<long unsigned int*, std::vector<long unsigned int> > >]’:
      bpl-subset/bpl_subset/boost/concept/detail/general.hpp:38:47:   required from ‘static void pycudaboost::concepts::requirement<pycudaboost::concepts::failed************ Model::************>::failed() [with Model = pycudaboost::concepts::usage_requirements<pycudaboost::Comparable<__gnu_cxx::__normal_iterator<long unsigned int*, std::vector<long unsigned int> > > >]’
      bpl-subset/bpl_subset/boost/concept_check.hpp:256:5:   required from ‘struct pycudaboost::Comparable<__gnu_cxx::__normal_iterator<long unsigned int*, std::vector<long unsigned int> > >’
      bpl-subset/bpl_subset/boost/concept_check.hpp:600:3:   required from ‘struct pycudaboost::RandomAccessIterator<__gnu_cxx::__normal_iterator<long unsigned int*, std::vector<long unsigned int> > >’
      bpl-subset/bpl_subset/boost/concept_check.hpp:600:3:   required from ‘struct pycudaboost::RandomAccessIteratorConcept<__gnu_cxx::__normal_iterator<long unsigned int*, std::vector<long unsigned int> > >’
      bpl-subset/bpl_subset/boost/concept/detail/has_constraints.hpp:32:62:   [ skipping 2 instantiation contexts, use -ftemplate-backtrace-limit=0 to disable ]
      bpl-subset/bpl_subset/boost/concept/detail/has_constraints.hpp:45:31:   required from ‘struct pycudaboost::concepts::not_satisfied<pycudaboost::RandomAccessIteratorConcept<__gnu_cxx::__normal_iterator<long unsigned int*, std::vector<long unsigned int> > > >’
      bpl-subset/bpl_subset/boost/mpl/if.hpp:63:11:   required from ‘struct pycudaboost::mpl::if_<pycudaboost::concepts::not_satisfied<pycudaboost::RandomAccessIteratorConcept<__gnu_cxx::__normal_iterator<long unsigned int*, std::vector<long unsigned int> > > >, pycudaboost::concepts::constraint<pycudaboost::RandomAccessIteratorConcept<__gnu_cxx::__normal_iterator<long unsigned int*, std::vector<long unsigned int> > > >, pycudaboost::concepts::requirement<pycudaboost::concepts::failed************ pycudaboost::RandomAccessIteratorConcept<__gnu_cxx::__normal_iterator<long unsigned int*, std::vector<long unsigned int> > >::************> >’
      bpl-subset/bpl_subset/boost/concept/detail/general.hpp:50:8:   required from ‘struct pycudaboost::concepts::requirement_<void (*)(pycudaboost::RandomAccessIteratorConcept<__gnu_cxx::__normal_iterator<long unsigned int*, std::vector<long unsigned int> > >)>’
      bpl-subset/bpl_subset/boost/concept_check.hpp:45:7:   required from ‘void pycudaboost::function_requires(Model*) [with Model = pycudaboost::RandomAccessIteratorConcept<__gnu_cxx::__normal_iterator<long unsigned int*, std::vector<long unsigned int> > >]’
      bpl-subset/bpl_subset/boost/property_map/property_map.hpp:404:61:   required from ‘pycudaboost::iterator_property_map<RAIter, ID, typename std::iterator_traits< <template-parameter-1-1> >::value_type, typename std::iterator_traits< <template-parameter-1-1> >::reference> pycudaboost::make_iterator_property_map(RAIter, ID) [with RAIter = __gnu_cxx::__normal_iterator<long unsigned int*, std::vector<long unsigned int> >; ID = pycudaboost::vec_adj_list_vertex_id_map<pycudaboost::no_property, long unsigned int>; typename std::iterator_traits< <template-parameter-1-1> >::reference = long unsigned int&; typename std::iterator_traits< <template-parameter-1-1> >::value_type = long unsigned int]’
      bpl-subset/bpl_subset/libs/python/src/object/inheritance.cpp:112:57:   required from here
      bpl-subset/bpl_subset/boost/concept/usage.hpp:22:48: warning: ‘this’ pointer is null [-Wnonnull]
         22 |     ~usage_requirements() { ((Model*)0)->~Model(); }
            |                             ~~~~~~~~~~~~~~~~~~~^~
      bpl-subset/bpl_subset/boost/concept/usage.hpp:36:7: note: in a call to non-static member function ‘pycudaboost::Comparable<TT>::~Comparable() [with TT = __gnu_cxx::__normal_iterator<long unsigned int*, std::vector<long unsigned int> >]’
         36 |       ~model()
            |       ^
      bpl-subset/bpl_subset/boost/concept_check.hpp:256:5: note: in expansion of macro ‘BOOST_CONCEPT_USAGE’
        256 |     BOOST_CONCEPT_USAGE(Comparable) {
            |     ^~~~~~~~~~~~~~~~~~~
      bpl-subset/bpl_subset/boost/concept/usage.hpp: In instantiation of ‘pycudaboost::concepts::usage_requirements<Model>::~usage_requirements() [with Model = pycudaboost::RandomAccessIterator<__gnu_cxx::__normal_iterator<long unsigned int*, std::vector<long unsigned int> > >]’:
      bpl-subset/bpl_subset/boost/concept/detail/general.hpp:38:47:   required from ‘static void pycudaboost::concepts::requirement<pycudaboost::concepts::failed************ Model::************>::failed() [with Model = pycudaboost::concepts::usage_requirements<pycudaboost::RandomAccessIterator<__gnu_cxx::__normal_iterator<long unsigned int*, std::vector<long unsigned int> > > >]’
      bpl-subset/bpl_subset/boost/concept_check.hpp:604:7:   required from ‘struct pycudaboost::RandomAccessIterator<__gnu_cxx::__normal_iterator<long unsigned int*, std::vector<long unsigned int> > >’
      bpl-subset/bpl_subset/boost/concept_check.hpp:600:3:   required from ‘struct pycudaboost::RandomAccessIteratorConcept<__gnu_cxx::__normal_iterator<long unsigned int*, std::vector<long unsigned int> > >’
      bpl-subset/bpl_subset/boost/concept/detail/has_constraints.hpp:32:62:   required by substitution of ‘template<class Model> pycudaboost::concepts::detail::yes pycudaboost::concepts::detail::has_constraints_(Model*, pycudaboost::concepts::detail::wrap_constraints<Model, (& Model::constraints)>*) [with Model = pycudaboost::RandomAccessIteratorConcept<__gnu_cxx::__normal_iterator<long unsigned int*, std::vector<long unsigned int> > >]’
      bpl-subset/bpl_subset/boost/concept/detail/has_constraints.hpp:42:5:   required from ‘const bool pycudaboost::concepts::not_satisfied<pycudaboost::RandomAccessIteratorConcept<__gnu_cxx::__normal_iterator<long unsigned int*, std::vector<long unsigned int> > > >::value’
      bpl-subset/bpl_subset/boost/concept/detail/has_constraints.hpp:45:31:   required from ‘struct pycudaboost::concepts::not_satisfied<pycudaboost::RandomAccessIteratorConcept<__gnu_cxx::__normal_iterator<long unsigned int*, std::vector<long unsigned int> > > >’
      bpl-subset/bpl_subset/boost/mpl/if.hpp:63:11:   required from ‘struct pycudaboost::mpl::if_<pycudaboost::concepts::not_satisfied<pycudaboost::RandomAccessIteratorConcept<__gnu_cxx::__normal_iterator<long unsigned int*, std::vector<long unsigned int> > > >, pycudaboost::concepts::constraint<pycudaboost::RandomAccessIteratorConcept<__gnu_cxx::__normal_iterator<long unsigned int*, std::vector<long unsigned int> > > >, pycudaboost::concepts::requirement<pycudaboost::concepts::failed************ pycudaboost::RandomAccessIteratorConcept<__gnu_cxx::__normal_iterator<long unsigned int*, std::vector<long unsigned int> > >::************> >’
      bpl-subset/bpl_subset/boost/concept/detail/general.hpp:50:8:   required from ‘struct pycudaboost::concepts::requirement_<void (*)(pycudaboost::RandomAccessIteratorConcept<__gnu_cxx::__normal_iterator<long unsigned int*, std::vector<long unsigned int> > >)>’
      bpl-subset/bpl_subset/boost/concept_check.hpp:45:7:   required from ‘void pycudaboost::function_requires(Model*) [with Model = pycudaboost::RandomAccessIteratorConcept<__gnu_cxx::__normal_iterator<long unsigned int*, std::vector<long unsigned int> > >]’
      bpl-subset/bpl_subset/boost/property_map/property_map.hpp:404:61:   required from ‘pycudaboost::iterator_property_map<RAIter, ID, typename std::iterator_traits< <template-parameter-1-1> >::value_type, typename std::iterator_traits< <template-parameter-1-1> >::reference> pycudaboost::make_iterator_property_map(RAIter, ID) [with RAIter = __gnu_cxx::__normal_iterator<long unsigned int*, std::vector<long unsigned int> >; ID = pycudaboost::vec_adj_list_vertex_id_map<pycudaboost::no_property, long unsigned int>; typename std::iterator_traits< <template-parameter-1-1> >::reference = long unsigned int&; typename std::iterator_traits< <template-parameter-1-1> >::value_type = long unsigned int]’
      bpl-subset/bpl_subset/libs/python/src/object/inheritance.cpp:112:57:   required from here
      bpl-subset/bpl_subset/boost/concept/usage.hpp:22:48: warning: ‘this’ pointer is null [-Wnonnull]
         22 |     ~usage_requirements() { ((Model*)0)->~Model(); }
            |                             ~~~~~~~~~~~~~~~~~~~^~
      bpl-subset/bpl_subset/boost/concept/usage.hpp:36:7: note: in a call to non-static member function ‘pycudaboost::RandomAccessIterator<TT>::~RandomAccessIterator() [with TT = __gnu_cxx::__normal_iterator<long unsigned int*, std::vector<long unsigned int> >]’
         36 |       ~model()
            |       ^
      bpl-subset/bpl_subset/boost/concept_check.hpp:604:7: note: in expansion of macro ‘BOOST_CONCEPT_USAGE’
        604 |       BOOST_CONCEPT_USAGE(RandomAccessIterator)
            |       ^~~~~~~~~~~~~~~~~~~
      In file included from bpl-subset/bpl_subset/boost/concept/assert.hpp:36,
                       from bpl-subset/bpl_subset/boost/concept_check.hpp:20,
                       from bpl-subset/bpl_subset/boost/property_map/property_map.hpp:18,
                       from bpl-subset/bpl_subset/boost/graph/graph_concepts.hpp:17,
                       from bpl-subset/bpl_subset/boost/graph/breadth_first_search.hpp:21,
                       from bpl-subset/bpl_subset/libs/python/src/object/inheritance.cpp:7:
      bpl-subset/bpl_subset/boost/concept/detail/general.hpp: In instantiation of ‘static void pycudaboost::concepts::requirement<pycudaboost::concepts::failed************ Model::************>::failed() [with Model = pycudaboost::concepts::usage_requirements<pycudaboost::Convertible<std::random_access_iterator_tag, std::random_access_iterator_tag> >]’:
      bpl-subset/bpl_subset/boost/concept_check.hpp:211:5:   required from ‘struct pycudaboost::Convertible<std::random_access_iterator_tag, std::random_access_iterator_tag>’
      bpl-subset/bpl_subset/boost/concept/detail/has_constraints.hpp:32:62:   required by substitution of ‘template<class Model> pycudaboost::concepts::detail::yes pycudaboost::concepts::detail::has_constraints_(Model*, pycudaboost::concepts::detail::wrap_constraints<Model, (& Model::constraints)>*) [with Model = pycudaboost::Convertible<std::random_access_iterator_tag, std::random_access_iterator_tag>]’
      bpl-subset/bpl_subset/boost/concept/detail/has_constraints.hpp:42:5:   required from ‘const bool pycudaboost::concepts::not_satisfied<pycudaboost::Convertible<std::random_access_iterator_tag, std::random_access_iterator_tag> >::value’
      bpl-subset/bpl_subset/boost/concept/detail/has_constraints.hpp:45:31:   required from ‘struct pycudaboost::concepts::not_satisfied<pycudaboost::Convertible<std::random_access_iterator_tag, std::random_access_iterator_tag> >’
      bpl-subset/bpl_subset/boost/mpl/if.hpp:63:11:   required from ‘struct pycudaboost::mpl::if_<pycudaboost::concepts::not_satisfied<pycudaboost::Convertible<std::random_access_iterator_tag, std::random_access_iterator_tag> >, pycudaboost::concepts::constraint<pycudaboost::Convertible<std::random_access_iterator_tag, std::random_access_iterator_tag> >, pycudaboost::concepts::requirement<pycudaboost::concepts::failed************ pycudaboost::Convertible<std::random_access_iterator_tag, std::random_access_iterator_tag>::************> >’
      bpl-subset/bpl_subset/boost/concept/detail/general.hpp:50:8:   required from ‘struct pycudaboost::concepts::requirement_<void (*)(pycudaboost::Convertible<std::random_access_iterator_tag, std::random_access_iterator_tag>)>’
      bpl-subset/bpl_subset/boost/concept_check.hpp:606:11:   required from ‘pycudaboost::RandomAccessIterator<TT>::~RandomAccessIterator() [with TT = __gnu_cxx::__normal_iterator<long unsigned int*, std::vector<long unsigned int> >]’
      bpl-subset/bpl_subset/boost/concept_check.hpp:600:3:   required from ‘static void pycudaboost::concepts::requirement<pycudaboost::concepts::failed************ Model::************>::failed() [with Model = pycudaboost::RandomAccessIteratorConcept<__gnu_cxx::__normal_iterator<long unsigned int*, std::vector<long unsigned int> > >]’
      bpl-subset/bpl_subset/boost/concept_check.hpp:45:7:   required from ‘void pycudaboost::function_requires(Model*) [with Model = pycudaboost::RandomAccessIteratorConcept<__gnu_cxx::__normal_iterator<long unsigned int*, std::vector<long unsigned int> > >]’
      bpl-subset/bpl_subset/boost/property_map/property_map.hpp:404:61:   required from ‘pycudaboost::iterator_property_map<RAIter, ID, typename std::iterator_traits< <template-parameter-1-1> >::value_type, typename std::iterator_traits< <template-parameter-1-1> >::reference> pycudaboost::make_iterator_property_map(RAIter, ID) [with RAIter = __gnu_cxx::__normal_iterator<long unsigned int*, std::vector<long unsigned int> >; ID = pycudaboost::vec_adj_list_vertex_id_map<pycudaboost::no_property, long unsigned int>; typename std::iterator_traits< <template-parameter-1-1> >::reference = long unsigned int&; typename std::iterator_traits< <template-parameter-1-1> >::value_type = long unsigned int]’
      bpl-subset/bpl_subset/libs/python/src/object/inheritance.cpp:112:57:   required from here
      bpl-subset/bpl_subset/boost/concept/detail/general.hpp:38:47: warning: ‘this’ pointer is null [-Wnonnull]
         38 |     static void failed() { ((Model*)0)->~Model(); }
            |                            ~~~~~~~~~~~~~~~~~~~^~
      In file included from bpl-subset/bpl_subset/boost/concept_check.hpp:32,
                       from bpl-subset/bpl_subset/boost/property_map/property_map.hpp:18,
                       from bpl-subset/bpl_subset/boost/graph/graph_concepts.hpp:17,
                       from bpl-subset/bpl_subset/boost/graph/breadth_first_search.hpp:21,
                       from bpl-subset/bpl_subset/libs/python/src/object/inheritance.cpp:7:
      bpl-subset/bpl_subset/boost/concept/usage.hpp:22:5: note: in a call to non-static member function ‘pycudaboost::concepts::usage_requirements<Model>::~usage_requirements() [with Model = pycudaboost::Convertible<std::random_access_iterator_tag, std::random_access_iterator_tag>]’
         22 |     ~usage_requirements() { ((Model*)0)->~Model(); }
            |     ^
      In file included from bpl-subset/bpl_subset/boost/concept/assert.hpp:36,
                       from bpl-subset/bpl_subset/boost/concept_check.hpp:20,
                       from bpl-subset/bpl_subset/boost/property_map/property_map.hpp:18,
                       from bpl-subset/bpl_subset/boost/graph/graph_concepts.hpp:17,
                       from bpl-subset/bpl_subset/boost/graph/breadth_first_search.hpp:21,
                       from bpl-subset/bpl_subset/libs/python/src/object/inheritance.cpp:7:
      bpl-subset/bpl_subset/boost/concept/detail/general.hpp: In instantiation of ‘static void pycudaboost::concepts::requirement<pycudaboost::concepts::failed************ Model::************>::failed() [with Model = pycudaboost::Convertible<std::random_access_iterator_tag, std::random_access_iterator_tag>]’:
      bpl-subset/bpl_subset/boost/concept_check.hpp:606:11:   required from ‘pycudaboost::RandomAccessIterator<TT>::~RandomAccessIterator() [with TT = __gnu_cxx::__normal_iterator<long unsigned int*, std::vector<long unsigned int> >]’
      bpl-subset/bpl_subset/boost/concept_check.hpp:600:3:   required from ‘static void pycudaboost::concepts::requirement<pycudaboost::concepts::failed************ Model::************>::failed() [with Model = pycudaboost::RandomAccessIteratorConcept<__gnu_cxx::__normal_iterator<long unsigned int*, std::vector<long unsigned int> > >]’
      bpl-subset/bpl_subset/boost/concept_check.hpp:45:7:   required from ‘void pycudaboost::function_requires(Model*) [with Model = pycudaboost::RandomAccessIteratorConcept<__gnu_cxx::__normal_iterator<long unsigned int*, std::vector<long unsigned int> > >]’
      bpl-subset/bpl_subset/boost/property_map/property_map.hpp:404:61:   required from ‘pycudaboost::iterator_property_map<RAIter, ID, typename std::iterator_traits< <template-parameter-1-1> >::value_type, typename std::iterator_traits< <template-parameter-1-1> >::reference> pycudaboost::make_iterator_property_map(RAIter, ID) [with RAIter = __gnu_cxx::__normal_iterator<long unsigned int*, std::vector<long unsigned int> >; ID = pycudaboost::vec_adj_list_vertex_id_map<pycudaboost::no_property, long unsigned int>; typename std::iterator_traits< <template-parameter-1-1> >::reference = long unsigned int&; typename std::iterator_traits< <template-parameter-1-1> >::value_type = long unsigned int]’
      bpl-subset/bpl_subset/libs/python/src/object/inheritance.cpp:112:57:   required from here
      bpl-subset/bpl_subset/boost/concept/detail/general.hpp:38:47: warning: ‘this’ pointer is null [-Wnonnull]
         38 |     static void failed() { ((Model*)0)->~Model(); }
            |                            ~~~~~~~~~~~~~~~~~~~^~
      In file included from bpl-subset/bpl_subset/boost/concept_check.hpp:32,
                       from bpl-subset/bpl_subset/boost/property_map/property_map.hpp:18,
                       from bpl-subset/bpl_subset/boost/graph/graph_concepts.hpp:17,
                       from bpl-subset/bpl_subset/boost/graph/breadth_first_search.hpp:21,
                       from bpl-subset/bpl_subset/libs/python/src/object/inheritance.cpp:7:
      bpl-subset/bpl_subset/boost/concept/usage.hpp:36:7: note: in a call to non-static member function ‘pycudaboost::Convertible<X, Y>::~Convertible() [with X = std::random_access_iterator_tag; Y = std::random_access_iterator_tag]’
         36 |       ~model()
            |       ^
      bpl-subset/bpl_subset/boost/concept_check.hpp:211:5: note: in expansion of macro ‘BOOST_CONCEPT_USAGE’
        211 |     BOOST_CONCEPT_USAGE(Convertible) {
            |     ^~~~~~~~~~~~~~~~~~~
      In file included from bpl-subset/bpl_subset/boost/concept/assert.hpp:36,
                       from bpl-subset/bpl_subset/boost/concept_check.hpp:20,
                       from bpl-subset/bpl_subset/boost/property_map/property_map.hpp:18,
                       from bpl-subset/bpl_subset/boost/graph/graph_concepts.hpp:17,
                       from bpl-subset/bpl_subset/boost/graph/breadth_first_search.hpp:21,
                       from bpl-subset/bpl_subset/libs/python/src/object/inheritance.cpp:7:
      bpl-subset/bpl_subset/boost/concept/detail/general.hpp: In instantiation of ‘static void pycudaboost::concepts::requirement<pycudaboost::concepts::failed************ Model::************>::failed() [with Model = pycudaboost::SignedInteger<long int>]’:
      bpl-subset/bpl_subset/boost/concept_check.hpp:517:9:   required from ‘pycudaboost::InputIterator<TT>::~InputIterator() [with TT = __gnu_cxx::__normal_iterator<long unsigned int*, std::vector<long unsigned int> >]’
      bpl-subset/bpl_subset/boost/concept/usage.hpp:22:48:   required from ‘pycudaboost::concepts::usage_requirements<Model>::~usage_requirements() [with Model = pycudaboost::InputIterator<__gnu_cxx::__normal_iterator<long unsigned int*, std::vector<long unsigned int> > >]’
      bpl-subset/bpl_subset/boost/concept/detail/general.hpp:38:47:   required from ‘static void pycudaboost::concepts::requirement<pycudaboost::concepts::failed************ Model::************>::failed() [with Model = pycudaboost::concepts::usage_requirements<pycudaboost::InputIterator<__gnu_cxx::__normal_iterator<long unsigned int*, std::vector<long unsigned int> > > >]’
      bpl-subset/bpl_subset/boost/concept_check.hpp:515:7:   required from ‘struct pycudaboost::InputIterator<__gnu_cxx::__normal_iterator<long unsigned int*, std::vector<long unsigned int> > >’
      bpl-subset/bpl_subset/boost/concept_check.hpp:543:3:   required from ‘struct pycudaboost::ForwardIterator<__gnu_cxx::__normal_iterator<long unsigned int*, std::vector<long unsigned int> > >’
      bpl-subset/bpl_subset/boost/concept_check.hpp:571:3:   [ skipping 5 instantiation contexts, use -ftemplate-backtrace-limit=0 to disable ]
      bpl-subset/bpl_subset/boost/concept/detail/has_constraints.hpp:45:31:   required from ‘struct pycudaboost::concepts::not_satisfied<pycudaboost::RandomAccessIteratorConcept<__gnu_cxx::__normal_iterator<long unsigned int*, std::vector<long unsigned int> > > >’
      bpl-subset/bpl_subset/boost/mpl/if.hpp:63:11:   required from ‘struct pycudaboost::mpl::if_<pycudaboost::concepts::not_satisfied<pycudaboost::RandomAccessIteratorConcept<__gnu_cxx::__normal_iterator<long unsigned int*, std::vector<long unsigned int> > > >, pycudaboost::concepts::constraint<pycudaboost::RandomAccessIteratorConcept<__gnu_cxx::__normal_iterator<long unsigned int*, std::vector<long unsigned int> > > >, pycudaboost::concepts::requirement<pycudaboost::concepts::failed************ pycudaboost::RandomAccessIteratorConcept<__gnu_cxx::__normal_iterator<long unsigned int*, std::vector<long unsigned int> > >::************> >’
      bpl-subset/bpl_subset/boost/concept/detail/general.hpp:50:8:   required from ‘struct pycudaboost::concepts::requirement_<void (*)(pycudaboost::RandomAccessIteratorConcept<__gnu_cxx::__normal_iterator<long unsigned int*, std::vector<long unsigned int> > >)>’
      bpl-subset/bpl_subset/boost/concept_check.hpp:45:7:   required from ‘void pycudaboost::function_requires(Model*) [with Model = pycudaboost::RandomAccessIteratorConcept<__gnu_cxx::__normal_iterator<long unsigned int*, std::vector<long unsigned int> > >]’
      bpl-subset/bpl_subset/boost/property_map/property_map.hpp:404:61:   required from ‘pycudaboost::iterator_property_map<RAIter, ID, typename std::iterator_traits< <template-parameter-1-1> >::value_type, typename std::iterator_traits< <template-parameter-1-1> >::reference> pycudaboost::make_iterator_property_map(RAIter, ID) [with RAIter = __gnu_cxx::__normal_iterator<long unsigned int*, std::vector<long unsigned int> >; ID = pycudaboost::vec_adj_list_vertex_id_map<pycudaboost::no_property, long unsigned int>; typename std::iterator_traits< <template-parameter-1-1> >::reference = long unsigned int&; typename std::iterator_traits< <template-parameter-1-1> >::value_type = long unsigned int]’
      bpl-subset/bpl_subset/libs/python/src/object/inheritance.cpp:112:57:   required from here
      bpl-subset/bpl_subset/boost/concept/detail/general.hpp:38:47: warning: ‘this’ pointer is null [-Wnonnull]
         38 |     static void failed() { ((Model*)0)->~Model(); }
            |                            ~~~~~~~~~~~~~~~~~~~^~
      In file included from bpl-subset/bpl_subset/boost/property_map/property_map.hpp:18,
                       from bpl-subset/bpl_subset/boost/graph/graph_concepts.hpp:17,
                       from bpl-subset/bpl_subset/boost/graph/breadth_first_search.hpp:21,
                       from bpl-subset/bpl_subset/libs/python/src/object/inheritance.cpp:7:
      bpl-subset/bpl_subset/boost/concept_check.hpp:102:22: note: in a call to non-static member function ‘pycudaboost::SignedInteger<long int>::~SignedInteger()’
        102 |   template <> struct SignedInteger<long> {};
            |                      ^~~~~~~~~~~~~~~~~~~
      In file included from bpl-subset/bpl_subset/boost/concept/assert.hpp:36,
                       from bpl-subset/bpl_subset/boost/concept_check.hpp:20,
                       from bpl-subset/bpl_subset/boost/property_map/property_map.hpp:18,
                       from bpl-subset/bpl_subset/boost/graph/graph_concepts.hpp:17,
                       from bpl-subset/bpl_subset/boost/graph/breadth_first_search.hpp:21,
                       from bpl-subset/bpl_subset/libs/python/src/object/inheritance.cpp:7:
      bpl-subset/bpl_subset/boost/concept/detail/general.hpp: In instantiation of ‘static void pycudaboost::concepts::requirement<pycudaboost::concepts::failed************ Model::************>::failed() [with Model = pycudaboost::concepts::usage_requirements<pycudaboost::Convertible<std::random_access_iterator_tag, std::input_iterator_tag> >]’:
      bpl-subset/bpl_subset/boost/concept_check.hpp:211:5:   required from ‘struct pycudaboost::Convertible<std::random_access_iterator_tag, std::input_iterator_tag>’
      bpl-subset/bpl_subset/boost/concept/detail/has_constraints.hpp:32:62:   required by substitution of ‘template<class Model> pycudaboost::concepts::detail::yes pycudaboost::concepts::detail::has_constraints_(Model*, pycudaboost::concepts::detail::wrap_constraints<Model, (& Model::constraints)>*) [with Model = pycudaboost::Convertible<std::random_access_iterator_tag, std::input_iterator_tag>]’
      bpl-subset/bpl_subset/boost/concept/detail/has_constraints.hpp:42:5:   required from ‘const bool pycudaboost::concepts::not_satisfied<pycudaboost::Convertible<std::random_access_iterator_tag, std::input_iterator_tag> >::value’
      bpl-subset/bpl_subset/boost/concept/detail/has_constraints.hpp:45:31:   required from ‘struct pycudaboost::concepts::not_satisfied<pycudaboost::Convertible<std::random_access_iterator_tag, std::input_iterator_tag> >’
      bpl-subset/bpl_subset/boost/mpl/if.hpp:63:11:   required from ‘struct pycudaboost::mpl::if_<pycudaboost::concepts::not_satisfied<pycudaboost::Convertible<std::random_access_iterator_tag, std::input_iterator_tag> >, pycudaboost::concepts::constraint<pycudaboost::Convertible<std::random_access_iterator_tag, std::input_iterator_tag> >, pycudaboost::concepts::requirement<pycudaboost::concepts::failed************ pycudaboost::Convertible<std::random_access_iterator_tag, std::input_iterator_tag>::************> >’
      bpl-subset/bpl_subset/boost/concept/detail/general.hpp:50:8:   [ skipping 11 instantiation contexts, use -ftemplate-backtrace-limit=0 to disable ]
      bpl-subset/bpl_subset/boost/concept/detail/has_constraints.hpp:45:31:   required from ‘struct pycudaboost::concepts::not_satisfied<pycudaboost::RandomAccessIteratorConcept<__gnu_cxx::__normal_iterator<long unsigned int*, std::vector<long unsigned int> > > >’
      bpl-subset/bpl_subset/boost/mpl/if.hpp:63:11:   required from ‘struct pycudaboost::mpl::if_<pycudaboost::concepts::not_satisfied<pycudaboost::RandomAccessIteratorConcept<__gnu_cxx::__normal_iterator<long unsigned int*, std::vector<long unsigned int> > > >, pycudaboost::concepts::constraint<pycudaboost::RandomAccessIteratorConcept<__gnu_cxx::__normal_iterator<long unsigned int*, std::vector<long unsigned int> > > >, pycudaboost::concepts::requirement<pycudaboost::concepts::failed************ pycudaboost::RandomAccessIteratorConcept<__gnu_cxx::__normal_iterator<long unsigned int*, std::vector<long unsigned int> > >::************> >’
      bpl-subset/bpl_subset/boost/concept/detail/general.hpp:50:8:   required from ‘struct pycudaboost::concepts::requirement_<void (*)(pycudaboost::RandomAccessIteratorConcept<__gnu_cxx::__normal_iterator<long unsigned int*, std::vector<long unsigned int> > >)>’
      bpl-subset/bpl_subset/boost/concept_check.hpp:45:7:   required from ‘void pycudaboost::function_requires(Model*) [with Model = pycudaboost::RandomAccessIteratorConcept<__gnu_cxx::__normal_iterator<long unsigned int*, std::vector<long unsigned int> > >]’
      bpl-subset/bpl_subset/boost/property_map/property_map.hpp:404:61:   required from ‘pycudaboost::iterator_property_map<RAIter, ID, typename std::iterator_traits< <template-parameter-1-1> >::value_type, typename std::iterator_traits< <template-parameter-1-1> >::reference> pycudaboost::make_iterator_property_map(RAIter, ID) [with RAIter = __gnu_cxx::__normal_iterator<long unsigned int*, std::vector<long unsigned int> >; ID = pycudaboost::vec_adj_list_vertex_id_map<pycudaboost::no_property, long unsigned int>; typename std::iterator_traits< <template-parameter-1-1> >::reference = long unsigned int&; typename std::iterator_traits< <template-parameter-1-1> >::value_type = long unsigned int]’
      bpl-subset/bpl_subset/libs/python/src/object/inheritance.cpp:112:57:   required from here
      bpl-subset/bpl_subset/boost/concept/detail/general.hpp:38:47: warning: ‘this’ pointer is null [-Wnonnull]
         38 |     static void failed() { ((Model*)0)->~Model(); }
            |                            ~~~~~~~~~~~~~~~~~~~^~
      In file included from bpl-subset/bpl_subset/boost/concept_check.hpp:32,
                       from bpl-subset/bpl_subset/boost/property_map/property_map.hpp:18,
                       from bpl-subset/bpl_subset/boost/graph/graph_concepts.hpp:17,
                       from bpl-subset/bpl_subset/boost/graph/breadth_first_search.hpp:21,
                       from bpl-subset/bpl_subset/libs/python/src/object/inheritance.cpp:7:
      bpl-subset/bpl_subset/boost/concept/usage.hpp:22:5: note: in a call to non-static member function ‘pycudaboost::concepts::usage_requirements<Model>::~usage_requirements() [with Model = pycudaboost::Convertible<std::random_access_iterator_tag, std::input_iterator_tag>]’
         22 |     ~usage_requirements() { ((Model*)0)->~Model(); }
            |     ^
      In file included from bpl-subset/bpl_subset/boost/concept/assert.hpp:36,
                       from bpl-subset/bpl_subset/boost/concept_check.hpp:20,
                       from bpl-subset/bpl_subset/boost/property_map/property_map.hpp:18,
                       from bpl-subset/bpl_subset/boost/graph/graph_concepts.hpp:17,
                       from bpl-subset/bpl_subset/boost/graph/breadth_first_search.hpp:21,
                       from bpl-subset/bpl_subset/libs/python/src/object/inheritance.cpp:7:
      bpl-subset/bpl_subset/boost/concept/detail/general.hpp: In instantiation of ‘static void pycudaboost::concepts::requirement<pycudaboost::concepts::failed************ Model::************>::failed() [with Model = pycudaboost::Convertible<std::random_access_iterator_tag, std::input_iterator_tag>]’:
      bpl-subset/bpl_subset/boost/concept_check.hpp:518:9:   required from ‘pycudaboost::InputIterator<TT>::~InputIterator() [with TT = __gnu_cxx::__normal_iterator<long unsigned int*, std::vector<long unsigned int> >]’
      bpl-subset/bpl_subset/boost/concept/usage.hpp:22:48:   required from ‘pycudaboost::concepts::usage_requirements<Model>::~usage_requirements() [with Model = pycudaboost::InputIterator<__gnu_cxx::__normal_iterator<long unsigned int*, std::vector<long unsigned int> > >]’
      bpl-subset/bpl_subset/boost/concept/detail/general.hpp:38:47:   required from ‘static void pycudaboost::concepts::requirement<pycudaboost::concepts::failed************ Model::************>::failed() [with Model = pycudaboost::concepts::usage_requirements<pycudaboost::InputIterator<__gnu_cxx::__normal_iterator<long unsigned int*, std::vector<long unsigned int> > > >]’
      bpl-subset/bpl_subset/boost/concept_check.hpp:515:7:   required from ‘struct pycudaboost::InputIterator<__gnu_cxx::__normal_iterator<long unsigned int*, std::vector<long unsigned int> > >’
      bpl-subset/bpl_subset/boost/concept_check.hpp:543:3:   required from ‘struct pycudaboost::ForwardIterator<__gnu_cxx::__normal_iterator<long unsigned int*, std::vector<long unsigned int> > >’
      bpl-subset/bpl_subset/boost/concept_check.hpp:571:3:   [ skipping 5 instantiation contexts, use -ftemplate-backtrace-limit=0 to disable ]
      bpl-subset/bpl_subset/boost/concept/detail/has_constraints.hpp:45:31:   required from ‘struct pycudaboost::concepts::not_satisfied<pycudaboost::RandomAccessIteratorConcept<__gnu_cxx::__normal_iterator<long unsigned int*, std::vector<long unsigned int> > > >’
      bpl-subset/bpl_subset/boost/mpl/if.hpp:63:11:   required from ‘struct pycudaboost::mpl::if_<pycudaboost::concepts::not_satisfied<pycudaboost::RandomAccessIteratorConcept<__gnu_cxx::__normal_iterator<long unsigned int*, std::vector<long unsigned int> > > >, pycudaboost::concepts::constraint<pycudaboost::RandomAccessIteratorConcept<__gnu_cxx::__normal_iterator<long unsigned int*, std::vector<long unsigned int> > > >, pycudaboost::concepts::requirement<pycudaboost::concepts::failed************ pycudaboost::RandomAccessIteratorConcept<__gnu_cxx::__normal_iterator<long unsigned int*, std::vector<long unsigned int> > >::************> >’
      bpl-subset/bpl_subset/boost/concept/detail/general.hpp:50:8:   required from ‘struct pycudaboost::concepts::requirement_<void (*)(pycudaboost::RandomAccessIteratorConcept<__gnu_cxx::__normal_iterator<long unsigned int*, std::vector<long unsigned int> > >)>’
      bpl-subset/bpl_subset/boost/concept_check.hpp:45:7:   required from ‘void pycudaboost::function_requires(Model*) [with Model = pycudaboost::RandomAccessIteratorConcept<__gnu_cxx::__normal_iterator<long unsigned int*, std::vector<long unsigned int> > >]’
      bpl-subset/bpl_subset/boost/property_map/property_map.hpp:404:61:   required from ‘pycudaboost::iterator_property_map<RAIter, ID, typename std::iterator_traits< <template-parameter-1-1> >::value_type, typename std::iterator_traits< <template-parameter-1-1> >::reference> pycudaboost::make_iterator_property_map(RAIter, ID) [with RAIter = __gnu_cxx::__normal_iterator<long unsigned int*, std::vector<long unsigned int> >; ID = pycudaboost::vec_adj_list_vertex_id_map<pycudaboost::no_property, long unsigned int>; typename std::iterator_traits< <template-parameter-1-1> >::reference = long unsigned int&; typename std::iterator_traits< <template-parameter-1-1> >::value_type = long unsigned int]’
      bpl-subset/bpl_subset/libs/python/src/object/inheritance.cpp:112:57:   required from here
      bpl-subset/bpl_subset/boost/concept/detail/general.hpp:38:47: warning: ‘this’ pointer is null [-Wnonnull]
         38 |     static void failed() { ((Model*)0)->~Model(); }
            |                            ~~~~~~~~~~~~~~~~~~~^~
      In file included from bpl-subset/bpl_subset/boost/concept_check.hpp:32,
                       from bpl-subset/bpl_subset/boost/property_map/property_map.hpp:18,
                       from bpl-subset/bpl_subset/boost/graph/graph_concepts.hpp:17,
                       from bpl-subset/bpl_subset/boost/graph/breadth_first_search.hpp:21,
                       from bpl-subset/bpl_subset/libs/python/src/object/inheritance.cpp:7:
      bpl-subset/bpl_subset/boost/concept/usage.hpp:36:7: note: in a call to non-static member function ‘pycudaboost::Convertible<X, Y>::~Convertible() [with X = std::random_access_iterator_tag; Y = std::input_iterator_tag]’
         36 |       ~model()
            |       ^
      bpl-subset/bpl_subset/boost/concept_check.hpp:211:5: note: in expansion of macro ‘BOOST_CONCEPT_USAGE’
        211 |     BOOST_CONCEPT_USAGE(Convertible) {
            |     ^~~~~~~~~~~~~~~~~~~
      In file included from bpl-subset/bpl_subset/boost/concept/assert.hpp:36,
                       from bpl-subset/bpl_subset/boost/concept_check.hpp:20,
                       from bpl-subset/bpl_subset/boost/property_map/property_map.hpp:18,
                       from bpl-subset/bpl_subset/boost/graph/graph_concepts.hpp:17,
                       from bpl-subset/bpl_subset/boost/graph/breadth_first_search.hpp:21,
                       from bpl-subset/bpl_subset/libs/python/src/object/inheritance.cpp:7:
      bpl-subset/bpl_subset/boost/concept/detail/general.hpp: In instantiation of ‘static void pycudaboost::concepts::requirement<pycudaboost::concepts::failed************ Model::************>::failed() [with Model = pycudaboost::concepts::usage_requirements<pycudaboost::Convertible<std::random_access_iterator_tag, std::forward_iterator_tag> >]’:
      bpl-subset/bpl_subset/boost/concept_check.hpp:211:5:   required from ‘struct pycudaboost::Convertible<std::random_access_iterator_tag, std::forward_iterator_tag>’
      bpl-subset/bpl_subset/boost/concept/detail/has_constraints.hpp:32:62:   required by substitution of ‘template<class Model> pycudaboost::concepts::detail::yes pycudaboost::concepts::detail::has_constraints_(Model*, pycudaboost::concepts::detail::wrap_constraints<Model, (& Model::constraints)>*) [with Model = pycudaboost::Convertible<std::random_access_iterator_tag, std::forward_iterator_tag>]’
      bpl-subset/bpl_subset/boost/concept/detail/has_constraints.hpp:42:5:   required from ‘const bool pycudaboost::concepts::not_satisfied<pycudaboost::Convertible<std::random_access_iterator_tag, std::forward_iterator_tag> >::value’
      bpl-subset/bpl_subset/boost/concept/detail/has_constraints.hpp:45:31:   required from ‘struct pycudaboost::concepts::not_satisfied<pycudaboost::Convertible<std::random_access_iterator_tag, std::forward_iterator_tag> >’
      bpl-subset/bpl_subset/boost/mpl/if.hpp:63:11:   required from ‘struct pycudaboost::mpl::if_<pycudaboost::concepts::not_satisfied<pycudaboost::Convertible<std::random_access_iterator_tag, std::forward_iterator_tag> >, pycudaboost::concepts::constraint<pycudaboost::Convertible<std::random_access_iterator_tag, std::forward_iterator_tag> >, pycudaboost::concepts::requirement<pycudaboost::concepts::failed************ pycudaboost::Convertible<std::random_access_iterator_tag, std::forward_iterator_tag>::************> >’
      bpl-subset/bpl_subset/boost/concept/detail/general.hpp:50:8:   [ skipping 10 instantiation contexts, use -ftemplate-backtrace-limit=0 to disable ]
      bpl-subset/bpl_subset/boost/concept/detail/has_constraints.hpp:45:31:   required from ‘struct pycudaboost::concepts::not_satisfied<pycudaboost::RandomAccessIteratorConcept<__gnu_cxx::__normal_iterator<long unsigned int*, std::vector<long unsigned int> > > >’
      bpl-subset/bpl_subset/boost/mpl/if.hpp:63:11:   required from ‘struct pycudaboost::mpl::if_<pycudaboost::concepts::not_satisfied<pycudaboost::RandomAccessIteratorConcept<__gnu_cxx::__normal_iterator<long unsigned int*, std::vector<long unsigned int> > > >, pycudaboost::concepts::constraint<pycudaboost::RandomAccessIteratorConcept<__gnu_cxx::__normal_iterator<long unsigned int*, std::vector<long unsigned int> > > >, pycudaboost::concepts::requirement<pycudaboost::concepts::failed************ pycudaboost::RandomAccessIteratorConcept<__gnu_cxx::__normal_iterator<long unsigned int*, std::vector<long unsigned int> > >::************> >’
      bpl-subset/bpl_subset/boost/concept/detail/general.hpp:50:8:   required from ‘struct pycudaboost::concepts::requirement_<void (*)(pycudaboost::RandomAccessIteratorConcept<__gnu_cxx::__normal_iterator<long unsigned int*, std::vector<long unsigned int> > >)>’
      bpl-subset/bpl_subset/boost/concept_check.hpp:45:7:   required from ‘void pycudaboost::function_requires(Model*) [with Model = pycudaboost::RandomAccessIteratorConcept<__gnu_cxx::__normal_iterator<long unsigned int*, std::vector<long unsigned int> > >]’
      bpl-subset/bpl_subset/boost/property_map/property_map.hpp:404:61:   required from ‘pycudaboost::iterator_property_map<RAIter, ID, typename std::iterator_traits< <template-parameter-1-1> >::value_type, typename std::iterator_traits< <template-parameter-1-1> >::reference> pycudaboost::make_iterator_property_map(RAIter, ID) [with RAIter = __gnu_cxx::__normal_iterator<long unsigned int*, std::vector<long unsigned int> >; ID = pycudaboost::vec_adj_list_vertex_id_map<pycudaboost::no_property, long unsigned int>; typename std::iterator_traits< <template-parameter-1-1> >::reference = long unsigned int&; typename std::iterator_traits< <template-parameter-1-1> >::value_type = long unsigned int]’
      bpl-subset/bpl_subset/libs/python/src/object/inheritance.cpp:112:57:   required from here
      bpl-subset/bpl_subset/boost/concept/detail/general.hpp:38:47: warning: ‘this’ pointer is null [-Wnonnull]
         38 |     static void failed() { ((Model*)0)->~Model(); }
            |                            ~~~~~~~~~~~~~~~~~~~^~
      In file included from bpl-subset/bpl_subset/boost/concept_check.hpp:32,
                       from bpl-subset/bpl_subset/boost/property_map/property_map.hpp:18,
                       from bpl-subset/bpl_subset/boost/graph/graph_concepts.hpp:17,
                       from bpl-subset/bpl_subset/boost/graph/breadth_first_search.hpp:21,
                       from bpl-subset/bpl_subset/libs/python/src/object/inheritance.cpp:7:
      bpl-subset/bpl_subset/boost/concept/usage.hpp:22:5: note: in a call to non-static member function ‘pycudaboost::concepts::usage_requirements<Model>::~usage_requirements() [with Model = pycudaboost::Convertible<std::random_access_iterator_tag, std::forward_iterator_tag>]’
         22 |     ~usage_requirements() { ((Model*)0)->~Model(); }
            |     ^
      In file included from bpl-subset/bpl_subset/boost/concept/assert.hpp:36,
                       from bpl-subset/bpl_subset/boost/concept_check.hpp:20,
                       from bpl-subset/bpl_subset/boost/property_map/property_map.hpp:18,
                       from bpl-subset/bpl_subset/boost/graph/graph_concepts.hpp:17,
                       from bpl-subset/bpl_subset/boost/graph/breadth_first_search.hpp:21,
                       from bpl-subset/bpl_subset/libs/python/src/object/inheritance.cpp:7:
      bpl-subset/bpl_subset/boost/concept/detail/general.hpp: In instantiation of ‘static void pycudaboost::concepts::requirement<pycudaboost::concepts::failed************ Model::************>::failed() [with Model = pycudaboost::Convertible<std::random_access_iterator_tag, std::forward_iterator_tag>]’:
      bpl-subset/bpl_subset/boost/concept_check.hpp:548:11:   required from ‘pycudaboost::ForwardIterator<TT>::~ForwardIterator() [with TT = __gnu_cxx::__normal_iterator<long unsigned int*, std::vector<long unsigned int> >]’
      bpl-subset/bpl_subset/boost/concept/usage.hpp:22:48:   required from ‘pycudaboost::concepts::usage_requirements<Model>::~usage_requirements() [with Model = pycudaboost::ForwardIterator<__gnu_cxx::__normal_iterator<long unsigned int*, std::vector<long unsigned int> > >]’
      bpl-subset/bpl_subset/boost/concept/detail/general.hpp:38:47:   required from ‘static void pycudaboost::concepts::requirement<pycudaboost::concepts::failed************ Model::************>::failed() [with Model = pycudaboost::concepts::usage_requirements<pycudaboost::ForwardIterator<__gnu_cxx::__normal_iterator<long unsigned int*, std::vector<long unsigned int> > > >]’
      bpl-subset/bpl_subset/boost/concept_check.hpp:546:7:   required from ‘struct pycudaboost::ForwardIterator<__gnu_cxx::__normal_iterator<long unsigned int*, std::vector<long unsigned int> > >’
      bpl-subset/bpl_subset/boost/concept_check.hpp:571:3:   required from ‘struct pycudaboost::BidirectionalIterator<__gnu_cxx::__normal_iterator<long unsigned int*, std::vector<long unsigned int> > >’
      bpl-subset/bpl_subset/boost/concept_check.hpp:600:3:   [ skipping 4 instantiation contexts, use -ftemplate-backtrace-limit=0 to disable ]
      bpl-subset/bpl_subset/boost/concept/detail/has_constraints.hpp:45:31:   required from ‘struct pycudaboost::concepts::not_satisfied<pycudaboost::RandomAccessIteratorConcept<__gnu_cxx::__normal_iterator<long unsigned int*, std::vector<long unsigned int> > > >’
      bpl-subset/bpl_subset/boost/mpl/if.hpp:63:11:   required from ‘struct pycudaboost::mpl::if_<pycudaboost::concepts::not_satisfied<pycudaboost::RandomAccessIteratorConcept<__gnu_cxx::__normal_iterator<long unsigned int*, std::vector<long unsigned int> > > >, pycudaboost::concepts::constraint<pycudaboost::RandomAccessIteratorConcept<__gnu_cxx::__normal_iterator<long unsigned int*, std::vector<long unsigned int> > > >, pycudaboost::concepts::requirement<pycudaboost::concepts::failed************ pycudaboost::RandomAccessIteratorConcept<__gnu_cxx::__normal_iterator<long unsigned int*, std::vector<long unsigned int> > >::************> >’
      bpl-subset/bpl_subset/boost/concept/detail/general.hpp:50:8:   required from ‘struct pycudaboost::concepts::requirement_<void (*)(pycudaboost::RandomAccessIteratorConcept<__gnu_cxx::__normal_iterator<long unsigned int*, std::vector<long unsigned int> > >)>’
      bpl-subset/bpl_subset/boost/concept_check.hpp:45:7:   required from ‘void pycudaboost::function_requires(Model*) [with Model = pycudaboost::RandomAccessIteratorConcept<__gnu_cxx::__normal_iterator<long unsigned int*, std::vector<long unsigned int> > >]’
      bpl-subset/bpl_subset/boost/property_map/property_map.hpp:404:61:   required from ‘pycudaboost::iterator_property_map<RAIter, ID, typename std::iterator_traits< <template-parameter-1-1> >::value_type, typename std::iterator_traits< <template-parameter-1-1> >::reference> pycudaboost::make_iterator_property_map(RAIter, ID) [with RAIter = __gnu_cxx::__normal_iterator<long unsigned int*, std::vector<long unsigned int> >; ID = pycudaboost::vec_adj_list_vertex_id_map<pycudaboost::no_property, long unsigned int>; typename std::iterator_traits< <template-parameter-1-1> >::reference = long unsigned int&; typename std::iterator_traits< <template-parameter-1-1> >::value_type = long unsigned int]’
      bpl-subset/bpl_subset/libs/python/src/object/inheritance.cpp:112:57:   required from here
      bpl-subset/bpl_subset/boost/concept/detail/general.hpp:38:47: warning: ‘this’ pointer is null [-Wnonnull]
         38 |     static void failed() { ((Model*)0)->~Model(); }
            |                            ~~~~~~~~~~~~~~~~~~~^~
      In file included from bpl-subset/bpl_subset/boost/concept_check.hpp:32,
                       from bpl-subset/bpl_subset/boost/property_map/property_map.hpp:18,
                       from bpl-subset/bpl_subset/boost/graph/graph_concepts.hpp:17,
                       from bpl-subset/bpl_subset/boost/graph/breadth_first_search.hpp:21,
                       from bpl-subset/bpl_subset/libs/python/src/object/inheritance.cpp:7:
      bpl-subset/bpl_subset/boost/concept/usage.hpp:36:7: note: in a call to non-static member function ‘pycudaboost::Convertible<X, Y>::~Convertible() [with X = std::random_access_iterator_tag; Y = std::forward_iterator_tag]’
         36 |       ~model()
            |       ^
      bpl-subset/bpl_subset/boost/concept_check.hpp:211:5: note: in expansion of macro ‘BOOST_CONCEPT_USAGE’
        211 |     BOOST_CONCEPT_USAGE(Convertible) {
            |     ^~~~~~~~~~~~~~~~~~~
      In file included from bpl-subset/bpl_subset/boost/concept/assert.hpp:36,
                       from bpl-subset/bpl_subset/boost/concept_check.hpp:20,
                       from bpl-subset/bpl_subset/boost/property_map/property_map.hpp:18,
                       from bpl-subset/bpl_subset/boost/graph/graph_concepts.hpp:17,
                       from bpl-subset/bpl_subset/boost/graph/breadth_first_search.hpp:21,
                       from bpl-subset/bpl_subset/libs/python/src/object/inheritance.cpp:7:
      bpl-subset/bpl_subset/boost/concept/detail/general.hpp: In instantiation of ‘static void pycudaboost::concepts::requirement<pycudaboost::concepts::failed************ Model::************>::failed() [with Model = pycudaboost::concepts::usage_requirements<pycudaboost::Convertible<std::random_access_iterator_tag, std::bidirectional_iterator_tag> >]’:
      bpl-subset/bpl_subset/boost/concept_check.hpp:211:5:   required from ‘struct pycudaboost::Convertible<std::random_access_iterator_tag, std::bidirectional_iterator_tag>’
      bpl-subset/bpl_subset/boost/concept/detail/has_constraints.hpp:32:62:   required by substitution of ‘template<class Model> pycudaboost::concepts::detail::yes pycudaboost::concepts::detail::has_constraints_(Model*, pycudaboost::concepts::detail::wrap_constraints<Model, (& Model::constraints)>*) [with Model = pycudaboost::Convertible<std::random_access_iterator_tag, std::bidirectional_iterator_tag>]’
      bpl-subset/bpl_subset/boost/concept/detail/has_constraints.hpp:42:5:   required from ‘const bool pycudaboost::concepts::not_satisfied<pycudaboost::Convertible<std::random_access_iterator_tag, std::bidirectional_iterator_tag> >::value’
      bpl-subset/bpl_subset/boost/concept/detail/has_constraints.hpp:45:31:   required from ‘struct pycudaboost::concepts::not_satisfied<pycudaboost::Convertible<std::random_access_iterator_tag, std::bidirectional_iterator_tag> >’
      bpl-subset/bpl_subset/boost/mpl/if.hpp:63:11:   required from ‘struct pycudaboost::mpl::if_<pycudaboost::concepts::not_satisfied<pycudaboost::Convertible<std::random_access_iterator_tag, std::bidirectional_iterator_tag> >, pycudaboost::concepts::constraint<pycudaboost::Convertible<std::random_access_iterator_tag, std::bidirectional_iterator_tag> >, pycudaboost::concepts::requirement<pycudaboost::concepts::failed************ pycudaboost::Convertible<std::random_access_iterator_tag, std::bidirectional_iterator_tag>::************> >’
      bpl-subset/bpl_subset/boost/concept/detail/general.hpp:50:8:   [ skipping 9 instantiation contexts, use -ftemplate-backtrace-limit=0 to disable ]
      bpl-subset/bpl_subset/boost/concept/detail/has_constraints.hpp:45:31:   required from ‘struct pycudaboost::concepts::not_satisfied<pycudaboost::RandomAccessIteratorConcept<__gnu_cxx::__normal_iterator<long unsigned int*, std::vector<long unsigned int> > > >’
      bpl-subset/bpl_subset/boost/mpl/if.hpp:63:11:   required from ‘struct pycudaboost::mpl::if_<pycudaboost::concepts::not_satisfied<pycudaboost::RandomAccessIteratorConcept<__gnu_cxx::__normal_iterator<long unsigned int*, std::vector<long unsigned int> > > >, pycudaboost::concepts::constraint<pycudaboost::RandomAccessIteratorConcept<__gnu_cxx::__normal_iterator<long unsigned int*, std::vector<long unsigned int> > > >, pycudaboost::concepts::requirement<pycudaboost::concepts::failed************ pycudaboost::RandomAccessIteratorConcept<__gnu_cxx::__normal_iterator<long unsigned int*, std::vector<long unsigned int> > >::************> >’
      bpl-subset/bpl_subset/boost/concept/detail/general.hpp:50:8:   required from ‘struct pycudaboost::concepts::requirement_<void (*)(pycudaboost::RandomAccessIteratorConcept<__gnu_cxx::__normal_iterator<long unsigned int*, std::vector<long unsigned int> > >)>’
      bpl-subset/bpl_subset/boost/concept_check.hpp:45:7:   required from ‘void pycudaboost::function_requires(Model*) [with Model = pycudaboost::RandomAccessIteratorConcept<__gnu_cxx::__normal_iterator<long unsigned int*, std::vector<long unsigned int> > >]’
      bpl-subset/bpl_subset/boost/property_map/property_map.hpp:404:61:   required from ‘pycudaboost::iterator_property_map<RAIter, ID, typename std::iterator_traits< <template-parameter-1-1> >::value_type, typename std::iterator_traits< <template-parameter-1-1> >::reference> pycudaboost::make_iterator_property_map(RAIter, ID) [with RAIter = __gnu_cxx::__normal_iterator<long unsigned int*, std::vector<long unsigned int> >; ID = pycudaboost::vec_adj_list_vertex_id_map<pycudaboost::no_property, long unsigned int>; typename std::iterator_traits< <template-parameter-1-1> >::reference = long unsigned int&; typename std::iterator_traits< <template-parameter-1-1> >::value_type = long unsigned int]’
      bpl-subset/bpl_subset/libs/python/src/object/inheritance.cpp:112:57:   required from here
      bpl-subset/bpl_subset/boost/concept/detail/general.hpp:38:47: warning: ‘this’ pointer is null [-Wnonnull]
         38 |     static void failed() { ((Model*)0)->~Model(); }
            |                            ~~~~~~~~~~~~~~~~~~~^~
      In file included from bpl-subset/bpl_subset/boost/concept_check.hpp:32,
                       from bpl-subset/bpl_subset/boost/property_map/property_map.hpp:18,
                       from bpl-subset/bpl_subset/boost/graph/graph_concepts.hpp:17,
                       from bpl-subset/bpl_subset/boost/graph/breadth_first_search.hpp:21,
                       from bpl-subset/bpl_subset/libs/python/src/object/inheritance.cpp:7:
      bpl-subset/bpl_subset/boost/concept/usage.hpp:22:5: note: in a call to non-static member function ‘pycudaboost::concepts::usage_requirements<Model>::~usage_requirements() [with Model = pycudaboost::Convertible<std::random_access_iterator_tag, std::bidirectional_iterator_tag>]’
         22 |     ~usage_requirements() { ((Model*)0)->~Model(); }
            |     ^
      In file included from bpl-subset/bpl_subset/boost/concept/assert.hpp:36,
                       from bpl-subset/bpl_subset/boost/concept_check.hpp:20,
                       from bpl-subset/bpl_subset/boost/property_map/property_map.hpp:18,
                       from bpl-subset/bpl_subset/boost/graph/graph_concepts.hpp:17,
                       from bpl-subset/bpl_subset/boost/graph/breadth_first_search.hpp:21,
                       from bpl-subset/bpl_subset/libs/python/src/object/inheritance.cpp:7:
      bpl-subset/bpl_subset/boost/concept/detail/general.hpp: In instantiation of ‘static void pycudaboost::concepts::requirement<pycudaboost::concepts::failed************ Model::************>::failed() [with Model = pycudaboost::Convertible<std::random_access_iterator_tag, std::bidirectional_iterator_tag>]’:
      bpl-subset/bpl_subset/boost/concept_check.hpp:576:11:   required from ‘pycudaboost::BidirectionalIterator<TT>::~BidirectionalIterator() [with TT = __gnu_cxx::__normal_iterator<long unsigned int*, std::vector<long unsigned int> >]’
      bpl-subset/bpl_subset/boost/concept/usage.hpp:22:48:   required from ‘pycudaboost::concepts::usage_requirements<Model>::~usage_requirements() [with Model = pycudaboost::BidirectionalIterator<__gnu_cxx::__normal_iterator<long unsigned int*, std::vector<long unsigned int> > >]’
      bpl-subset/bpl_subset/boost/concept/detail/general.hpp:38:47:   required from ‘static void pycudaboost::concepts::requirement<pycudaboost::concepts::failed************ Model::************>::failed() [with Model = pycudaboost::concepts::usage_requirements<pycudaboost::BidirectionalIterator<__gnu_cxx::__normal_iterator<long unsigned int*, std::vector<long unsigned int> > > >]’
      bpl-subset/bpl_subset/boost/concept_check.hpp:574:7:   required from ‘struct pycudaboost::BidirectionalIterator<__gnu_cxx::__normal_iterator<long unsigned int*, std::vector<long unsigned int> > >’
      bpl-subset/bpl_subset/boost/concept_check.hpp:600:3:   required from ‘struct pycudaboost::RandomAccessIterator<__gnu_cxx::__normal_iterator<long unsigned int*, std::vector<long unsigned int> > >’
      bpl-subset/bpl_subset/boost/concept_check.hpp:600:3:   [ skipping 3 instantiation contexts, use -ftemplate-backtrace-limit=0 to disable ]
      bpl-subset/bpl_subset/boost/concept/detail/has_constraints.hpp:45:31:   required from ‘struct pycudaboost::concepts::not_satisfied<pycudaboost::RandomAccessIteratorConcept<__gnu_cxx::__normal_iterator<long unsigned int*, std::vector<long unsigned int> > > >’
      bpl-subset/bpl_subset/boost/mpl/if.hpp:63:11:   required from ‘struct pycudaboost::mpl::if_<pycudaboost::concepts::not_satisfied<pycudaboost::RandomAccessIteratorConcept<__gnu_cxx::__normal_iterator<long unsigned int*, std::vector<long unsigned int> > > >, pycudaboost::concepts::constraint<pycudaboost::RandomAccessIteratorConcept<__gnu_cxx::__normal_iterator<long unsigned int*, std::vector<long unsigned int> > > >, pycudaboost::concepts::requirement<pycudaboost::concepts::failed************ pycudaboost::RandomAccessIteratorConcept<__gnu_cxx::__normal_iterator<long unsigned int*, std::vector<long unsigned int> > >::************> >’
      bpl-subset/bpl_subset/boost/concept/detail/general.hpp:50:8:   required from ‘struct pycudaboost::concepts::requirement_<void (*)(pycudaboost::RandomAccessIteratorConcept<__gnu_cxx::__normal_iterator<long unsigned int*, std::vector<long unsigned int> > >)>’
      bpl-subset/bpl_subset/boost/concept_check.hpp:45:7:   required from ‘void pycudaboost::function_requires(Model*) [with Model = pycudaboost::RandomAccessIteratorConcept<__gnu_cxx::__normal_iterator<long unsigned int*, std::vector<long unsigned int> > >]’
      bpl-subset/bpl_subset/boost/property_map/property_map.hpp:404:61:   required from ‘pycudaboost::iterator_property_map<RAIter, ID, typename std::iterator_traits< <template-parameter-1-1> >::value_type, typename std::iterator_traits< <template-parameter-1-1> >::reference> pycudaboost::make_iterator_property_map(RAIter, ID) [with RAIter = __gnu_cxx::__normal_iterator<long unsigned int*, std::vector<long unsigned int> >; ID = pycudaboost::vec_adj_list_vertex_id_map<pycudaboost::no_property, long unsigned int>; typename std::iterator_traits< <template-parameter-1-1> >::reference = long unsigned int&; typename std::iterator_traits< <template-parameter-1-1> >::value_type = long unsigned int]’
      bpl-subset/bpl_subset/libs/python/src/object/inheritance.cpp:112:57:   required from here
      bpl-subset/bpl_subset/boost/concept/detail/general.hpp:38:47: warning: ‘this’ pointer is null [-Wnonnull]
         38 |     static void failed() { ((Model*)0)->~Model(); }
            |                            ~~~~~~~~~~~~~~~~~~~^~
      In file included from bpl-subset/bpl_subset/boost/concept_check.hpp:32,
                       from bpl-subset/bpl_subset/boost/property_map/property_map.hpp:18,
                       from bpl-subset/bpl_subset/boost/graph/graph_concepts.hpp:17,
                       from bpl-subset/bpl_subset/boost/graph/breadth_first_search.hpp:21,
                       from bpl-subset/bpl_subset/libs/python/src/object/inheritance.cpp:7:
      bpl-subset/bpl_subset/boost/concept/usage.hpp:36:7: note: in a call to non-static member function ‘pycudaboost::Convertible<X, Y>::~Convertible() [with X = std::random_access_iterator_tag; Y = std::bidirectional_iterator_tag]’
         36 |       ~model()
            |       ^
      bpl-subset/bpl_subset/boost/concept_check.hpp:211:5: note: in expansion of macro ‘BOOST_CONCEPT_USAGE’
        211 |     BOOST_CONCEPT_USAGE(Convertible) {
            |     ^~~~~~~~~~~~~~~~~~~
      bpl-subset/bpl_subset/boost/concept/usage.hpp: In instantiation of ‘pycudaboost::concepts::usage_requirements<Model>::~usage_requirements() [with Model = pycudaboost::Convertible<std::random_access_iterator_tag, std::random_access_iterator_tag>]’:
      bpl-subset/bpl_subset/boost/concept/detail/general.hpp:38:47:   required from ‘static void pycudaboost::concepts::requirement<pycudaboost::concepts::failed************ Model::************>::failed() [with Model = pycudaboost::concepts::usage_requirements<pycudaboost::Convertible<std::random_access_iterator_tag, std::random_access_iterator_tag> >]’
      bpl-subset/bpl_subset/boost/concept_check.hpp:211:5:   required from ‘struct pycudaboost::Convertible<std::random_access_iterator_tag, std::random_access_iterator_tag>’
      bpl-subset/bpl_subset/boost/concept/detail/has_constraints.hpp:32:62:   required by substitution of ‘template<class Model> pycudaboost::concepts::detail::yes pycudaboost::concepts::detail::has_constraints_(Model*, pycudaboost::concepts::detail::wrap_constraints<Model, (& Model::constraints)>*) [with Model = pycudaboost::Convertible<std::random_access_iterator_tag, std::random_access_iterator_tag>]’
      bpl-subset/bpl_subset/boost/concept/detail/has_constraints.hpp:42:5:   required from ‘const bool pycudaboost::concepts::not_satisfied<pycudaboost::Convertible<std::random_access_iterator_tag, std::random_access_iterator_tag> >::value’
      bpl-subset/bpl_subset/boost/concept/detail/has_constraints.hpp:45:31:   [ skipping 2 instantiation contexts, use -ftemplate-backtrace-limit=0 to disable ]
      bpl-subset/bpl_subset/boost/concept/detail/general.hpp:50:8:   required from ‘struct pycudaboost::concepts::requirement_<void (*)(pycudaboost::Convertible<std::random_access_iterator_tag, std::random_access_iterator_tag>)>’
      bpl-subset/bpl_subset/boost/concept_check.hpp:606:11:   required from ‘pycudaboost::RandomAccessIterator<TT>::~RandomAccessIterator() [with TT = __gnu_cxx::__normal_iterator<long unsigned int*, std::vector<long unsigned int> >]’
      bpl-subset/bpl_subset/boost/concept_check.hpp:600:3:   required from ‘static void pycudaboost::concepts::requirement<pycudaboost::concepts::failed************ Model::************>::failed() [with Model = pycudaboost::RandomAccessIteratorConcept<__gnu_cxx::__normal_iterator<long unsigned int*, std::vector<long unsigned int> > >]’
      bpl-subset/bpl_subset/boost/concept_check.hpp:45:7:   required from ‘void pycudaboost::function_requires(Model*) [with Model = pycudaboost::RandomAccessIteratorConcept<__gnu_cxx::__normal_iterator<long unsigned int*, std::vector<long unsigned int> > >]’
      bpl-subset/bpl_subset/boost/property_map/property_map.hpp:404:61:   required from ‘pycudaboost::iterator_property_map<RAIter, ID, typename std::iterator_traits< <template-parameter-1-1> >::value_type, typename std::iterator_traits< <template-parameter-1-1> >::reference> pycudaboost::make_iterator_property_map(RAIter, ID) [with RAIter = __gnu_cxx::__normal_iterator<long unsigned int*, std::vector<long unsigned int> >; ID = pycudaboost::vec_adj_list_vertex_id_map<pycudaboost::no_property, long unsigned int>; typename std::iterator_traits< <template-parameter-1-1> >::reference = long unsigned int&; typename std::iterator_traits< <template-parameter-1-1> >::value_type = long unsigned int]’
      bpl-subset/bpl_subset/libs/python/src/object/inheritance.cpp:112:57:   required from here
      bpl-subset/bpl_subset/boost/concept/usage.hpp:22:48: warning: ‘this’ pointer is null [-Wnonnull]
         22 |     ~usage_requirements() { ((Model*)0)->~Model(); }
            |                             ~~~~~~~~~~~~~~~~~~~^~
      bpl-subset/bpl_subset/boost/concept/usage.hpp:36:7: note: in a call to non-static member function ‘pycudaboost::Convertible<X, Y>::~Convertible() [with X = std::random_access_iterator_tag; Y = std::random_access_iterator_tag]’
         36 |       ~model()
            |       ^
      bpl-subset/bpl_subset/boost/concept_check.hpp:211:5: note: in expansion of macro ‘BOOST_CONCEPT_USAGE’
        211 |     BOOST_CONCEPT_USAGE(Convertible) {
            |     ^~~~~~~~~~~~~~~~~~~
      bpl-subset/bpl_subset/boost/concept/usage.hpp: In instantiation of ‘pycudaboost::concepts::usage_requirements<Model>::~usage_requirements() [with Model = pycudaboost::Convertible<std::random_access_iterator_tag, std::input_iterator_tag>]’:
      bpl-subset/bpl_subset/boost/concept/detail/general.hpp:38:47:   required from ‘static void pycudaboost::concepts::requirement<pycudaboost::concepts::failed************ Model::************>::failed() [with Model = pycudaboost::concepts::usage_requirements<pycudaboost::Convertible<std::random_access_iterator_tag, std::input_iterator_tag> >]’
      bpl-subset/bpl_subset/boost/concept_check.hpp:211:5:   required from ‘struct pycudaboost::Convertible<std::random_access_iterator_tag, std::input_iterator_tag>’
      bpl-subset/bpl_subset/boost/concept/detail/has_constraints.hpp:32:62:   required by substitution of ‘template<class Model> pycudaboost::concepts::detail::yes pycudaboost::concepts::detail::has_constraints_(Model*, pycudaboost::concepts::detail::wrap_constraints<Model, (& Model::constraints)>*) [with Model = pycudaboost::Convertible<std::random_access_iterator_tag, std::input_iterator_tag>]’
      bpl-subset/bpl_subset/boost/concept/detail/has_constraints.hpp:42:5:   required from ‘const bool pycudaboost::concepts::not_satisfied<pycudaboost::Convertible<std::random_access_iterator_tag, std::input_iterator_tag> >::value’
      bpl-subset/bpl_subset/boost/concept/detail/has_constraints.hpp:45:31:   required from ‘struct pycudaboost::concepts::not_satisfied<pycudaboost::Convertible<std::random_access_iterator_tag, std::input_iterator_tag> >’
      bpl-subset/bpl_subset/boost/mpl/if.hpp:63:11:   [ skipping 12 instantiation contexts, use -ftemplate-backtrace-limit=0 to disable ]
      bpl-subset/bpl_subset/boost/concept/detail/has_constraints.hpp:45:31:   required from ‘struct pycudaboost::concepts::not_satisfied<pycudaboost::RandomAccessIteratorConcept<__gnu_cxx::__normal_iterator<long unsigned int*, std::vector<long unsigned int> > > >’
      bpl-subset/bpl_subset/boost/mpl/if.hpp:63:11:   required from ‘struct pycudaboost::mpl::if_<pycudaboost::concepts::not_satisfied<pycudaboost::RandomAccessIteratorConcept<__gnu_cxx::__normal_iterator<long unsigned int*, std::vector<long unsigned int> > > >, pycudaboost::concepts::constraint<pycudaboost::RandomAccessIteratorConcept<__gnu_cxx::__normal_iterator<long unsigned int*, std::vector<long unsigned int> > > >, pycudaboost::concepts::requirement<pycudaboost::concepts::failed************ pycudaboost::RandomAccessIteratorConcept<__gnu_cxx::__normal_iterator<long unsigned int*, std::vector<long unsigned int> > >::************> >’
      bpl-subset/bpl_subset/boost/concept/detail/general.hpp:50:8:   required from ‘struct pycudaboost::concepts::requirement_<void (*)(pycudaboost::RandomAccessIteratorConcept<__gnu_cxx::__normal_iterator<long unsigned int*, std::vector<long unsigned int> > >)>’
      bpl-subset/bpl_subset/boost/concept_check.hpp:45:7:   required from ‘void pycudaboost::function_requires(Model*) [with Model = pycudaboost::RandomAccessIteratorConcept<__gnu_cxx::__normal_iterator<long unsigned int*, std::vector<long unsigned int> > >]’
      bpl-subset/bpl_subset/boost/property_map/property_map.hpp:404:61:   required from ‘pycudaboost::iterator_property_map<RAIter, ID, typename std::iterator_traits< <template-parameter-1-1> >::value_type, typename std::iterator_traits< <template-parameter-1-1> >::reference> pycudaboost::make_iterator_property_map(RAIter, ID) [with RAIter = __gnu_cxx::__normal_iterator<long unsigned int*, std::vector<long unsigned int> >; ID = pycudaboost::vec_adj_list_vertex_id_map<pycudaboost::no_property, long unsigned int>; typename std::iterator_traits< <template-parameter-1-1> >::reference = long unsigned int&; typename std::iterator_traits< <template-parameter-1-1> >::value_type = long unsigned int]’
      bpl-subset/bpl_subset/libs/python/src/object/inheritance.cpp:112:57:   required from here
      bpl-subset/bpl_subset/boost/concept/usage.hpp:22:48: warning: ‘this’ pointer is null [-Wnonnull]
         22 |     ~usage_requirements() { ((Model*)0)->~Model(); }
            |                             ~~~~~~~~~~~~~~~~~~~^~
      bpl-subset/bpl_subset/boost/concept/usage.hpp:36:7: note: in a call to non-static member function ‘pycudaboost::Convertible<X, Y>::~Convertible() [with X = std::random_access_iterator_tag; Y = std::input_iterator_tag]’
         36 |       ~model()
            |       ^
      bpl-subset/bpl_subset/boost/concept_check.hpp:211:5: note: in expansion of macro ‘BOOST_CONCEPT_USAGE’
        211 |     BOOST_CONCEPT_USAGE(Convertible) {
            |     ^~~~~~~~~~~~~~~~~~~
      bpl-subset/bpl_subset/boost/concept/usage.hpp: In instantiation of ‘pycudaboost::concepts::usage_requirements<Model>::~usage_requirements() [with Model = pycudaboost::Convertible<std::random_access_iterator_tag, std::forward_iterator_tag>]’:
      bpl-subset/bpl_subset/boost/concept/detail/general.hpp:38:47:   required from ‘static void pycudaboost::concepts::requirement<pycudaboost::concepts::failed************ Model::************>::failed() [with Model = pycudaboost::concepts::usage_requirements<pycudaboost::Convertible<std::random_access_iterator_tag, std::forward_iterator_tag> >]’
      bpl-subset/bpl_subset/boost/concept_check.hpp:211:5:   required from ‘struct pycudaboost::Convertible<std::random_access_iterator_tag, std::forward_iterator_tag>’
      bpl-subset/bpl_subset/boost/concept/detail/has_constraints.hpp:32:62:   required by substitution of ‘template<class Model> pycudaboost::concepts::detail::yes pycudaboost::concepts::detail::has_constraints_(Model*, pycudaboost::concepts::detail::wrap_constraints<Model, (& Model::constraints)>*) [with Model = pycudaboost::Convertible<std::random_access_iterator_tag, std::forward_iterator_tag>]’
      bpl-subset/bpl_subset/boost/concept/detail/has_constraints.hpp:42:5:   required from ‘const bool pycudaboost::concepts::not_satisfied<pycudaboost::Convertible<std::random_access_iterator_tag, std::forward_iterator_tag> >::value’
      bpl-subset/bpl_subset/boost/concept/detail/has_constraints.hpp:45:31:   required from ‘struct pycudaboost::concepts::not_satisfied<pycudaboost::Convertible<std::random_access_iterator_tag, std::forward_iterator_tag> >’
      bpl-subset/bpl_subset/boost/mpl/if.hpp:63:11:   [ skipping 11 instantiation contexts, use -ftemplate-backtrace-limit=0 to disable ]
      bpl-subset/bpl_subset/boost/concept/detail/has_constraints.hpp:45:31:   required from ‘struct pycudaboost::concepts::not_satisfied<pycudaboost::RandomAccessIteratorConcept<__gnu_cxx::__normal_iterator<long unsigned int*, std::vector<long unsigned int> > > >’
      bpl-subset/bpl_subset/boost/mpl/if.hpp:63:11:   required from ‘struct pycudaboost::mpl::if_<pycudaboost::concepts::not_satisfied<pycudaboost::RandomAccessIteratorConcept<__gnu_cxx::__normal_iterator<long unsigned int*, std::vector<long unsigned int> > > >, pycudaboost::concepts::constraint<pycudaboost::RandomAccessIteratorConcept<__gnu_cxx::__normal_iterator<long unsigned int*, std::vector<long unsigned int> > > >, pycudaboost::concepts::requirement<pycudaboost::concepts::failed************ pycudaboost::RandomAccessIteratorConcept<__gnu_cxx::__normal_iterator<long unsigned int*, std::vector<long unsigned int> > >::************> >’
      bpl-subset/bpl_subset/boost/concept/detail/general.hpp:50:8:   required from ‘struct pycudaboost::concepts::requirement_<void (*)(pycudaboost::RandomAccessIteratorConcept<__gnu_cxx::__normal_iterator<long unsigned int*, std::vector<long unsigned int> > >)>’
      bpl-subset/bpl_subset/boost/concept_check.hpp:45:7:   required from ‘void pycudaboost::function_requires(Model*) [with Model = pycudaboost::RandomAccessIteratorConcept<__gnu_cxx::__normal_iterator<long unsigned int*, std::vector<long unsigned int> > >]’
      bpl-subset/bpl_subset/boost/property_map/property_map.hpp:404:61:   required from ‘pycudaboost::iterator_property_map<RAIter, ID, typename std::iterator_traits< <template-parameter-1-1> >::value_type, typename std::iterator_traits< <template-parameter-1-1> >::reference> pycudaboost::make_iterator_property_map(RAIter, ID) [with RAIter = __gnu_cxx::__normal_iterator<long unsigned int*, std::vector<long unsigned int> >; ID = pycudaboost::vec_adj_list_vertex_id_map<pycudaboost::no_property, long unsigned int>; typename std::iterator_traits< <template-parameter-1-1> >::reference = long unsigned int&; typename std::iterator_traits< <template-parameter-1-1> >::value_type = long unsigned int]’
      bpl-subset/bpl_subset/libs/python/src/object/inheritance.cpp:112:57:   required from here
      bpl-subset/bpl_subset/boost/concept/usage.hpp:22:48: warning: ‘this’ pointer is null [-Wnonnull]
         22 |     ~usage_requirements() { ((Model*)0)->~Model(); }
            |                             ~~~~~~~~~~~~~~~~~~~^~
      bpl-subset/bpl_subset/boost/concept/usage.hpp:36:7: note: in a call to non-static member function ‘pycudaboost::Convertible<X, Y>::~Convertible() [with X = std::random_access_iterator_tag; Y = std::forward_iterator_tag]’
         36 |       ~model()
            |       ^
      bpl-subset/bpl_subset/boost/concept_check.hpp:211:5: note: in expansion of macro ‘BOOST_CONCEPT_USAGE’
        211 |     BOOST_CONCEPT_USAGE(Convertible) {
            |     ^~~~~~~~~~~~~~~~~~~
      bpl-subset/bpl_subset/boost/concept/usage.hpp: In instantiation of ‘pycudaboost::concepts::usage_requirements<Model>::~usage_requirements() [with Model = pycudaboost::Convertible<std::random_access_iterator_tag, std::bidirectional_iterator_tag>]’:
      bpl-subset/bpl_subset/boost/concept/detail/general.hpp:38:47:   required from ‘static void pycudaboost::concepts::requirement<pycudaboost::concepts::failed************ Model::************>::failed() [with Model = pycudaboost::concepts::usage_requirements<pycudaboost::Convertible<std::random_access_iterator_tag, std::bidirectional_iterator_tag> >]’
      bpl-subset/bpl_subset/boost/concept_check.hpp:211:5:   required from ‘struct pycudaboost::Convertible<std::random_access_iterator_tag, std::bidirectional_iterator_tag>’
      bpl-subset/bpl_subset/boost/concept/detail/has_constraints.hpp:32:62:   required by substitution of ‘template<class Model> pycudaboost::concepts::detail::yes pycudaboost::concepts::detail::has_constraints_(Model*, pycudaboost::concepts::detail::wrap_constraints<Model, (& Model::constraints)>*) [with Model = pycudaboost::Convertible<std::random_access_iterator_tag, std::bidirectional_iterator_tag>]’
      bpl-subset/bpl_subset/boost/concept/detail/has_constraints.hpp:42:5:   required from ‘const bool pycudaboost::concepts::not_satisfied<pycudaboost::Convertible<std::random_access_iterator_tag, std::bidirectional_iterator_tag> >::value’
      bpl-subset/bpl_subset/boost/concept/detail/has_constraints.hpp:45:31:   required from ‘struct pycudaboost::concepts::not_satisfied<pycudaboost::Convertible<std::random_access_iterator_tag, std::bidirectional_iterator_tag> >’
      bpl-subset/bpl_subset/boost/mpl/if.hpp:63:11:   [ skipping 10 instantiation contexts, use -ftemplate-backtrace-limit=0 to disable ]
      bpl-subset/bpl_subset/boost/concept/detail/has_constraints.hpp:45:31:   required from ‘struct pycudaboost::concepts::not_satisfied<pycudaboost::RandomAccessIteratorConcept<__gnu_cxx::__normal_iterator<long unsigned int*, std::vector<long unsigned int> > > >’
      bpl-subset/bpl_subset/boost/mpl/if.hpp:63:11:   required from ‘struct pycudaboost::mpl::if_<pycudaboost::concepts::not_satisfied<pycudaboost::RandomAccessIteratorConcept<__gnu_cxx::__normal_iterator<long unsigned int*, std::vector<long unsigned int> > > >, pycudaboost::concepts::constraint<pycudaboost::RandomAccessIteratorConcept<__gnu_cxx::__normal_iterator<long unsigned int*, std::vector<long unsigned int> > > >, pycudaboost::concepts::requirement<pycudaboost::concepts::failed************ pycudaboost::RandomAccessIteratorConcept<__gnu_cxx::__normal_iterator<long unsigned int*, std::vector<long unsigned int> > >::************> >’
      bpl-subset/bpl_subset/boost/concept/detail/general.hpp:50:8:   required from ‘struct pycudaboost::concepts::requirement_<void (*)(pycudaboost::RandomAccessIteratorConcept<__gnu_cxx::__normal_iterator<long unsigned int*, std::vector<long unsigned int> > >)>’
      bpl-subset/bpl_subset/boost/concept_check.hpp:45:7:   required from ‘void pycudaboost::function_requires(Model*) [with Model = pycudaboost::RandomAccessIteratorConcept<__gnu_cxx::__normal_iterator<long unsigned int*, std::vector<long unsigned int> > >]’
      bpl-subset/bpl_subset/boost/property_map/property_map.hpp:404:61:   required from ‘pycudaboost::iterator_property_map<RAIter, ID, typename std::iterator_traits< <template-parameter-1-1> >::value_type, typename std::iterator_traits< <template-parameter-1-1> >::reference> pycudaboost::make_iterator_property_map(RAIter, ID) [with RAIter = __gnu_cxx::__normal_iterator<long unsigned int*, std::vector<long unsigned int> >; ID = pycudaboost::vec_adj_list_vertex_id_map<pycudaboost::no_property, long unsigned int>; typename std::iterator_traits< <template-parameter-1-1> >::reference = long unsigned int&; typename std::iterator_traits< <template-parameter-1-1> >::value_type = long unsigned int]’
      bpl-subset/bpl_subset/libs/python/src/object/inheritance.cpp:112:57:   required from here
      bpl-subset/bpl_subset/boost/concept/usage.hpp:22:48: warning: ‘this’ pointer is null [-Wnonnull]
         22 |     ~usage_requirements() { ((Model*)0)->~Model(); }
            |                             ~~~~~~~~~~~~~~~~~~~^~
      bpl-subset/bpl_subset/boost/concept/usage.hpp:36:7: note: in a call to non-static member function ‘pycudaboost::Convertible<X, Y>::~Convertible() [with X = std::random_access_iterator_tag; Y = std::bidirectional_iterator_tag]’
         36 |       ~model()
            |       ^
      bpl-subset/bpl_subset/boost/concept_check.hpp:211:5: note: in expansion of macro ‘BOOST_CONCEPT_USAGE’
        211 |     BOOST_CONCEPT_USAGE(Convertible) {
            |     ^~~~~~~~~~~~~~~~~~~
      In file included from bpl-subset/bpl_subset/boost/concept/assert.hpp:36,
                       from bpl-subset/bpl_subset/boost/concept_check.hpp:20,
                       from bpl-subset/bpl_subset/boost/property_map/property_map.hpp:18,
                       from bpl-subset/bpl_subset/boost/graph/graph_concepts.hpp:17,
                       from bpl-subset/bpl_subset/boost/graph/breadth_first_search.hpp:21,
                       from bpl-subset/bpl_subset/libs/python/src/object/inheritance.cpp:7:
      bpl-subset/bpl_subset/boost/concept/detail/general.hpp: In instantiation of ‘static void pycudaboost::concepts::requirement<pycudaboost::concepts::failed************ Model::************>::failed() [with Model = pycudaboost::concepts::usage_requirements<pycudaboost::concepts::Graph<pycudaboost::reverse_graph<pycudaboost::adjacency_list<pycudaboost::vecS, pycudaboost::vecS, pycudaboost::bidirectionalS, pycudaboost::no_property, pycudaboost::property<pycudaboost::edge_index_t, long unsigned int, pycudaboost::property<pycudaboost::{anonymous}::edge_cast_t, void* (*)(void*)> > > > > >]’:
      bpl-subset/bpl_subset/boost/graph/graph_concepts.hpp:65:9:   required from ‘struct pycudaboost::concepts::Graph<pycudaboost::reverse_graph<pycudaboost::adjacency_list<pycudaboost::vecS, pycudaboost::vecS, pycudaboost::bidirectionalS, pycudaboost::no_property, pycudaboost::property<pycudaboost::edge_index_t, long unsigned int, pycudaboost::property<pycudaboost::{anonymous}::edge_cast_t, void* (*)(void*)> > > > >’
      bpl-subset/bpl_subset/boost/graph/graph_concepts.hpp:74:5:   required from ‘struct pycudaboost::concepts::IncidenceGraph<pycudaboost::reverse_graph<pycudaboost::adjacency_list<pycudaboost::vecS, pycudaboost::vecS, pycudaboost::bidirectionalS, pycudaboost::no_property, pycudaboost::property<pycudaboost::edge_index_t, long unsigned int, pycudaboost::property<pycudaboost::{anonymous}::edge_cast_t, void* (*)(void*)> > > > >’
      bpl-subset/bpl_subset/boost/graph/graph_concepts.hpp:74:5:   required from ‘struct pycudaboost::concepts::IncidenceGraphConcept<pycudaboost::reverse_graph<pycudaboost::adjacency_list<pycudaboost::vecS, pycudaboost::vecS, pycudaboost::bidirectionalS, pycudaboost::no_property, pycudaboost::property<pycudaboost::edge_index_t, long unsigned int, pycudaboost::property<pycudaboost::{anonymous}::edge_cast_t, void* (*)(void*)> > > > >’
      bpl-subset/bpl_subset/boost/concept/detail/has_constraints.hpp:32:62:   required by substitution of ‘template<class Model> pycudaboost::concepts::detail::yes pycudaboost::concepts::detail::has_constraints_(Model*, pycudaboost::concepts::detail::wrap_constraints<Model, (& Model::constraints)>*) [with Model = pycudaboost::concepts::IncidenceGraphConcept<pycudaboost::reverse_graph<pycudaboost::adjacency_list<pycudaboost::vecS, pycudaboost::vecS, pycudaboost::bidirectionalS, pycudaboost::no_property, pycudaboost::property<pycudaboost::edge_index_t, long unsigned int, pycudaboost::property<pycudaboost::{anonymous}::edge_cast_t, void* (*)(void*)> > > > >]’
      bpl-subset/bpl_subset/boost/concept/detail/has_constraints.hpp:42:5:   required from ‘const bool pycudaboost::concepts::not_satisfied<pycudaboost::concepts::IncidenceGraphConcept<pycudaboost::reverse_graph<pycudaboost::adjacency_list<pycudaboost::vecS, pycudaboost::vecS, pycudaboost::bidirectionalS, pycudaboost::no_property, pycudaboost::property<pycudaboost::edge_index_t, long unsigned int, pycudaboost::property<pycudaboost::{anonymous}::edge_cast_t, void* (*)(void*)> > > > > >::value’
      bpl-subset/bpl_subset/boost/concept/detail/has_constraints.hpp:45:31:   [ skipping 4 instantiation contexts, use -ftemplate-backtrace-limit=0 to disable ]
      bpl-subset/bpl_subset/boost/graph/breadth_first_search.hpp:125:24:   required from ‘void pycudaboost::breadth_first_search(const VertexListGraph&, SourceIterator, SourceIterator, Buffer&, BFSVisitor, ColorMap) [with VertexListGraph = pycudaboost::reverse_graph<pycudaboost::adjacency_list<pycudaboost::vecS, pycudaboost::vecS, pycudaboost::bidirectionalS, pycudaboost::no_property, pycudaboost::property<pycudaboost::edge_index_t, long unsigned int, pycudaboost::property<pycudaboost::{anonymous}::edge_cast_t, void* (*)(void*)> > > >; SourceIterator = long unsigned int*; Buffer = pycudaboost::queue<long unsigned int, std::deque<long unsigned int, std::allocator<long unsigned int> > >; BFSVisitor = pycudaboost::bfs_visitor<pycudaboost::distance_recorder<pycudaboost::iterator_property_map<__gnu_cxx::__normal_iterator<long unsigned int*, std::vector<long unsigned int> >, pycudaboost::vec_adj_list_vertex_id_map<pycudaboost::no_property, long unsigned int>, long unsigned int, long unsigned int&>, pycudaboost::on_tree_edge> >; ColorMap = pycudaboost::two_bit_color_map<pycudaboost::vec_adj_list_vertex_id_map<pycudaboost::no_property, long unsigned int> >]’
      bpl-subset/bpl_subset/boost/graph/breadth_first_search.hpp:136:25:   required from ‘void pycudaboost::breadth_first_search(const VertexListGraph&, typename pycudaboost::graph_traits<Graph>::vertex_descriptor, Buffer&, BFSVisitor, ColorMap) [with VertexListGraph = pycudaboost::reverse_graph<pycudaboost::adjacency_list<pycudaboost::vecS, pycudaboost::vecS, pycudaboost::bidirectionalS, pycudaboost::no_property, pycudaboost::property<pycudaboost::edge_index_t, long unsigned int, pycudaboost::property<pycudaboost::{anonymous}::edge_cast_t, void* (*)(void*)> > > >; Buffer = pycudaboost::queue<long unsigned int, std::deque<long unsigned int, std::allocator<long unsigned int> > >; BFSVisitor = pycudaboost::bfs_visitor<pycudaboost::distance_recorder<pycudaboost::iterator_property_map<__gnu_cxx::__normal_iterator<long unsigned int*, std::vector<long unsigned int> >, pycudaboost::vec_adj_list_vertex_id_map<pycudaboost::no_property, long unsigned int>, long unsigned int, long unsigned int&>, pycudaboost::on_tree_edge> >; ColorMap = pycudaboost::two_bit_color_map<pycudaboost::vec_adj_list_vertex_id_map<pycudaboost::no_property, long unsigned int> >; typename pycudaboost::graph_traits<Graph>::vertex_descriptor = long unsigned int]’
      bpl-subset/bpl_subset/boost/graph/breadth_first_search.hpp:260:9:   required from ‘void pycudaboost::detail::bfs_helper(VertexListGraph&, typename pycudaboost::graph_traits<Graph>::vertex_descriptor, ColorMap, BFSVisitor, const pycudaboost::bgl_named_params<P, T, R>&, typename pycudaboost::enable_if_c<pycudaboost::is_base_and_derived<pycudaboost::vertex_list_graph_tag, typename pycudaboost::graph_traits<Graph>::traversal_category>::value, void>::type*) [with VertexListGraph = pycudaboost::reverse_graph<pycudaboost::adjacency_list<pycudaboost::vecS, pycudaboost::vecS, pycudaboost::bidirectionalS, pycudaboost::no_property, pycudaboost::property<pycudaboost::edge_index_t, long unsigned int, pycudaboost::property<pycudaboost::{anonymous}::edge_cast_t, void* (*)(void*)> > > >; ColorMap = pycudaboost::two_bit_color_map<pycudaboost::vec_adj_list_vertex_id_map<pycudaboost::no_property, long unsigned int> >; BFSVisitor = pycudaboost::bfs_visitor<pycudaboost::distance_recorder<pycudaboost::iterator_property_map<__gnu_cxx::__normal_iterator<long unsigned int*, std::vector<long unsigned int> >, pycudaboost::vec_adj_list_vertex_id_map<pycudaboost::no_property, long unsigned int>, long unsigned int, long unsigned int&>, pycudaboost::on_tree_edge> >; P = pycudaboost::bfs_visitor<pycudaboost::distance_recorder<pycudaboost::iterator_property_map<__gnu_cxx::__normal_iterator<long unsigned int*, std::vector<long unsigned int> >, pycudaboost::vec_adj_list_vertex_id_map<pycudaboost::no_property, long unsigned int>, long unsigned int, long unsigned int&>, pycudaboost::on_tree_edge> >; T = pycudaboost::graph_visitor_t; R = pycudaboost::no_property; typename pycudaboost::graph_traits<Graph>::vertex_descriptor = long unsigned int; typename pycudaboost::enable_if_c<pycudaboost::is_base_and_derived<pycudaboost::vertex_list_graph_tag, typename pycudaboost::graph_traits<Graph>::traversal_category>::value, void>::type = void; typename pycudaboost::graph_traits<Graph>::traversal_category = pycudaboost::bidir_adj_list_traversal_tag]’
      bpl-subset/bpl_subset/boost/graph/breadth_first_search.hpp:312:11:   required from ‘static void pycudaboost::detail::bfs_dispatch<pycudaboost::param_not_found>::apply(VertexListGraph&, typename pycudaboost::graph_traits<Graph>::vertex_descriptor, const pycudaboost::bgl_named_params<T, Tag, Base>&, pycudaboost::param_not_found) [with VertexListGraph = pycudaboost::reverse_graph<pycudaboost::adjacency_list<pycudaboost::vecS, pycudaboost::vecS, pycudaboost::bidirectionalS, pycudaboost::no_property, pycudaboost::property<pycudaboost::edge_index_t, long unsigned int, pycudaboost::property<pycudaboost::{anonymous}::edge_cast_t, void* (*)(void*)> > > >; P = pycudaboost::bfs_visitor<pycudaboost::distance_recorder<pycudaboost::iterator_property_map<__gnu_cxx::__normal_iterator<long unsigned int*, std::vector<long unsigned int> >, pycudaboost::vec_adj_list_vertex_id_map<pycudaboost::no_property, long unsigned int>, long unsigned int, long unsigned int&>, pycudaboost::on_tree_edge> >; T = pycudaboost::graph_visitor_t; R = pycudaboost::no_property; typename pycudaboost::graph_traits<Graph>::vertex_descriptor = long unsigned int]’
      bpl-subset/bpl_subset/boost/graph/breadth_first_search.hpp:339:35:   required from ‘void pycudaboost::breadth_first_search(const VertexListGraph&, typename pycudaboost::graph_traits<Graph>::vertex_descriptor, const pycudaboost::bgl_named_params<T, Tag, Base>&) [with VertexListGraph = pycudaboost::reverse_graph<pycudaboost::adjacency_list<pycudaboost::vecS, pycudaboost::vecS, pycudaboost::bidirectionalS, pycudaboost::no_property, pycudaboost::property<pycudaboost::edge_index_t, long unsigned int, pycudaboost::property<pycudaboost::{anonymous}::edge_cast_t, void* (*)(void*)> > > >; P = pycudaboost::bfs_visitor<pycudaboost::distance_recorder<pycudaboost::iterator_property_map<__gnu_cxx::__normal_iterator<long unsigned int*, std::vector<long unsigned int> >, pycudaboost::vec_adj_list_vertex_id_map<pycudaboost::no_property, long unsigned int>, long unsigned int, long unsigned int&>, pycudaboost::on_tree_edge> >; T = pycudaboost::graph_visitor_t; R = pycudaboost::no_property; typename pycudaboost::graph_traits<Graph>::vertex_descriptor = long unsigned int]’
      bpl-subset/bpl_subset/libs/python/src/object/inheritance.cpp:107:35:   required from here
      bpl-subset/bpl_subset/boost/concept/detail/general.hpp:38:47: warning: ‘this’ pointer is null [-Wnonnull]
         38 |     static void failed() { ((Model*)0)->~Model(); }
            |                            ~~~~~~~~~~~~~~~~~~~^~
      In file included from bpl-subset/bpl_subset/boost/concept_check.hpp:32,
                       from bpl-subset/bpl_subset/boost/property_map/property_map.hpp:18,
                       from bpl-subset/bpl_subset/boost/graph/graph_concepts.hpp:17,
                       from bpl-subset/bpl_subset/boost/graph/breadth_first_search.hpp:21,
                       from bpl-subset/bpl_subset/libs/python/src/object/inheritance.cpp:7:
      bpl-subset/bpl_subset/boost/concept/usage.hpp:22:5: note: in a call to non-static member function ‘pycudaboost::concepts::usage_requirements<Model>::~usage_requirements() [with Model = pycudaboost::concepts::Graph<pycudaboost::reverse_graph<pycudaboost::adjacency_list<pycudaboost::vecS, pycudaboost::vecS, pycudaboost::bidirectionalS, pycudaboost::no_property, pycudaboost::property<pycudaboost::edge_index_t, long unsigned int, pycudaboost::property<pycudaboost::{anonymous}::edge_cast_t, void* (*)(void*)> > > > >]’
         22 |     ~usage_requirements() { ((Model*)0)->~Model(); }
            |     ^
      In file included from bpl-subset/bpl_subset/boost/concept/assert.hpp:36,
                       from bpl-subset/bpl_subset/boost/concept_check.hpp:20,
                       from bpl-subset/bpl_subset/boost/property_map/property_map.hpp:18,
                       from bpl-subset/bpl_subset/boost/graph/graph_concepts.hpp:17,
                       from bpl-subset/bpl_subset/boost/graph/breadth_first_search.hpp:21,
                       from bpl-subset/bpl_subset/libs/python/src/object/inheritance.cpp:7:
      bpl-subset/bpl_subset/boost/concept/detail/general.hpp: In instantiation of ‘static void pycudaboost::concepts::requirement<pycudaboost::concepts::failed************ Model::************>::failed() [with Model = pycudaboost::concepts::usage_requirements<pycudaboost::concepts::IncidenceGraph<pycudaboost::reverse_graph<pycudaboost::adjacency_list<pycudaboost::vecS, pycudaboost::vecS, pycudaboost::bidirectionalS, pycudaboost::no_property, pycudaboost::property<pycudaboost::edge_index_t, long unsigned int, pycudaboost::property<pycudaboost::{anonymous}::edge_cast_t, void* (*)(void*)> > > > > >]’:
      bpl-subset/bpl_subset/boost/graph/graph_concepts.hpp:84:9:   required from ‘struct pycudaboost::concepts::IncidenceGraph<pycudaboost::reverse_graph<pycudaboost::adjacency_list<pycudaboost::vecS, pycudaboost::vecS, pycudaboost::bidirectionalS, pycudaboost::no_property, pycudaboost::property<pycudaboost::edge_index_t, long unsigned int, pycudaboost::property<pycudaboost::{anonymous}::edge_cast_t, void* (*)(void*)> > > > >’
      bpl-subset/bpl_subset/boost/graph/graph_concepts.hpp:74:5:   required from ‘struct pycudaboost::concepts::IncidenceGraphConcept<pycudaboost::reverse_graph<pycudaboost::adjacency_list<pycudaboost::vecS, pycudaboost::vecS, pycudaboost::bidirectionalS, pycudaboost::no_property, pycudaboost::property<pycudaboost::edge_index_t, long unsigned int, pycudaboost::property<pycudaboost::{anonymous}::edge_cast_t, void* (*)(void*)> > > > >’
      bpl-subset/bpl_subset/boost/concept/detail/has_constraints.hpp:32:62:   required by substitution of ‘template<class Model> pycudaboost::concepts::detail::yes pycudaboost::concepts::detail::has_constraints_(Model*, pycudaboost::concepts::detail::wrap_constraints<Model, (& Model::constraints)>*) [with Model = pycudaboost::concepts::IncidenceGraphConcept<pycudaboost::reverse_graph<pycudaboost::adjacency_list<pycudaboost::vecS, pycudaboost::vecS, pycudaboost::bidirectionalS, pycudaboost::no_property, pycudaboost::property<pycudaboost::edge_index_t, long unsigned int, pycudaboost::property<pycudaboost::{anonymous}::edge_cast_t, void* (*)(void*)> > > > >]’
      bpl-subset/bpl_subset/boost/concept/detail/has_constraints.hpp:42:5:   required from ‘const bool pycudaboost::concepts::not_satisfied<pycudaboost::concepts::IncidenceGraphConcept<pycudaboost::reverse_graph<pycudaboost::adjacency_list<pycudaboost::vecS, pycudaboost::vecS, pycudaboost::bidirectionalS, pycudaboost::no_property, pycudaboost::property<pycudaboost::edge_index_t, long unsigned int, pycudaboost::property<pycudaboost::{anonymous}::edge_cast_t, void* (*)(void*)> > > > > >::value’
      bpl-subset/bpl_subset/boost/concept/detail/has_constraints.hpp:45:31:   required from ‘struct pycudaboost::concepts::not_satisfied<pycudaboost::concepts::IncidenceGraphConcept<pycudaboost::reverse_graph<pycudaboost::adjacency_list<pycudaboost::vecS, pycudaboost::vecS, pycudaboost::bidirectionalS, pycudaboost::no_property, pycudaboost::property<pycudaboost::edge_index_t, long unsigned int, pycudaboost::property<pycudaboost::{anonymous}::edge_cast_t, void* (*)(void*)> > > > > >’
      bpl-subset/bpl_subset/boost/mpl/if.hpp:63:11:   [ skipping 3 instantiation contexts, use -ftemplate-backtrace-limit=0 to disable ]
      bpl-subset/bpl_subset/boost/graph/breadth_first_search.hpp:125:24:   required from ‘void pycudaboost::breadth_first_search(const VertexListGraph&, SourceIterator, SourceIterator, Buffer&, BFSVisitor, ColorMap) [with VertexListGraph = pycudaboost::reverse_graph<pycudaboost::adjacency_list<pycudaboost::vecS, pycudaboost::vecS, pycudaboost::bidirectionalS, pycudaboost::no_property, pycudaboost::property<pycudaboost::edge_index_t, long unsigned int, pycudaboost::property<pycudaboost::{anonymous}::edge_cast_t, void* (*)(void*)> > > >; SourceIterator = long unsigned int*; Buffer = pycudaboost::queue<long unsigned int, std::deque<long unsigned int, std::allocator<long unsigned int> > >; BFSVisitor = pycudaboost::bfs_visitor<pycudaboost::distance_recorder<pycudaboost::iterator_property_map<__gnu_cxx::__normal_iterator<long unsigned int*, std::vector<long unsigned int> >, pycudaboost::vec_adj_list_vertex_id_map<pycudaboost::no_property, long unsigned int>, long unsigned int, long unsigned int&>, pycudaboost::on_tree_edge> >; ColorMap = pycudaboost::two_bit_color_map<pycudaboost::vec_adj_list_vertex_id_map<pycudaboost::no_property, long unsigned int> >]’
      bpl-subset/bpl_subset/boost/graph/breadth_first_search.hpp:136:25:   required from ‘void pycudaboost::breadth_first_search(const VertexListGraph&, typename pycudaboost::graph_traits<Graph>::vertex_descriptor, Buffer&, BFSVisitor, ColorMap) [with VertexListGraph = pycudaboost::reverse_graph<pycudaboost::adjacency_list<pycudaboost::vecS, pycudaboost::vecS, pycudaboost::bidirectionalS, pycudaboost::no_property, pycudaboost::property<pycudaboost::edge_index_t, long unsigned int, pycudaboost::property<pycudaboost::{anonymous}::edge_cast_t, void* (*)(void*)> > > >; Buffer = pycudaboost::queue<long unsigned int, std::deque<long unsigned int, std::allocator<long unsigned int> > >; BFSVisitor = pycudaboost::bfs_visitor<pycudaboost::distance_recorder<pycudaboost::iterator_property_map<__gnu_cxx::__normal_iterator<long unsigned int*, std::vector<long unsigned int> >, pycudaboost::vec_adj_list_vertex_id_map<pycudaboost::no_property, long unsigned int>, long unsigned int, long unsigned int&>, pycudaboost::on_tree_edge> >; ColorMap = pycudaboost::two_bit_color_map<pycudaboost::vec_adj_list_vertex_id_map<pycudaboost::no_property, long unsigned int> >; typename pycudaboost::graph_traits<Graph>::vertex_descriptor = long unsigned int]’
      bpl-subset/bpl_subset/boost/graph/breadth_first_search.hpp:260:9:   required from ‘void pycudaboost::detail::bfs_helper(VertexListGraph&, typename pycudaboost::graph_traits<Graph>::vertex_descriptor, ColorMap, BFSVisitor, const pycudaboost::bgl_named_params<P, T, R>&, typename pycudaboost::enable_if_c<pycudaboost::is_base_and_derived<pycudaboost::vertex_list_graph_tag, typename pycudaboost::graph_traits<Graph>::traversal_category>::value, void>::type*) [with VertexListGraph = pycudaboost::reverse_graph<pycudaboost::adjacency_list<pycudaboost::vecS, pycudaboost::vecS, pycudaboost::bidirectionalS, pycudaboost::no_property, pycudaboost::property<pycudaboost::edge_index_t, long unsigned int, pycudaboost::property<pycudaboost::{anonymous}::edge_cast_t, void* (*)(void*)> > > >; ColorMap = pycudaboost::two_bit_color_map<pycudaboost::vec_adj_list_vertex_id_map<pycudaboost::no_property, long unsigned int> >; BFSVisitor = pycudaboost::bfs_visitor<pycudaboost::distance_recorder<pycudaboost::iterator_property_map<__gnu_cxx::__normal_iterator<long unsigned int*, std::vector<long unsigned int> >, pycudaboost::vec_adj_list_vertex_id_map<pycudaboost::no_property, long unsigned int>, long unsigned int, long unsigned int&>, pycudaboost::on_tree_edge> >; P = pycudaboost::bfs_visitor<pycudaboost::distance_recorder<pycudaboost::iterator_property_map<__gnu_cxx::__normal_iterator<long unsigned int*, std::vector<long unsigned int> >, pycudaboost::vec_adj_list_vertex_id_map<pycudaboost::no_property, long unsigned int>, long unsigned int, long unsigned int&>, pycudaboost::on_tree_edge> >; T = pycudaboost::graph_visitor_t; R = pycudaboost::no_property; typename pycudaboost::graph_traits<Graph>::vertex_descriptor = long unsigned int; typename pycudaboost::enable_if_c<pycudaboost::is_base_and_derived<pycudaboost::vertex_list_graph_tag, typename pycudaboost::graph_traits<Graph>::traversal_category>::value, void>::type = void; typename pycudaboost::graph_traits<Graph>::traversal_category = pycudaboost::bidir_adj_list_traversal_tag]’
      bpl-subset/bpl_subset/boost/graph/breadth_first_search.hpp:312:11:   required from ‘static void pycudaboost::detail::bfs_dispatch<pycudaboost::param_not_found>::apply(VertexListGraph&, typename pycudaboost::graph_traits<Graph>::vertex_descriptor, const pycudaboost::bgl_named_params<T, Tag, Base>&, pycudaboost::param_not_found) [with VertexListGraph = pycudaboost::reverse_graph<pycudaboost::adjacency_list<pycudaboost::vecS, pycudaboost::vecS, pycudaboost::bidirectionalS, pycudaboost::no_property, pycudaboost::property<pycudaboost::edge_index_t, long unsigned int, pycudaboost::property<pycudaboost::{anonymous}::edge_cast_t, void* (*)(void*)> > > >; P = pycudaboost::bfs_visitor<pycudaboost::distance_recorder<pycudaboost::iterator_property_map<__gnu_cxx::__normal_iterator<long unsigned int*, std::vector<long unsigned int> >, pycudaboost::vec_adj_list_vertex_id_map<pycudaboost::no_property, long unsigned int>, long unsigned int, long unsigned int&>, pycudaboost::on_tree_edge> >; T = pycudaboost::graph_visitor_t; R = pycudaboost::no_property; typename pycudaboost::graph_traits<Graph>::vertex_descriptor = long unsigned int]’
      bpl-subset/bpl_subset/boost/graph/breadth_first_search.hpp:339:35:   required from ‘void pycudaboost::breadth_first_search(const VertexListGraph&, typename pycudaboost::graph_traits<Graph>::vertex_descriptor, const pycudaboost::bgl_named_params<T, Tag, Base>&) [with VertexListGraph = pycudaboost::reverse_graph<pycudaboost::adjacency_list<pycudaboost::vecS, pycudaboost::vecS, pycudaboost::bidirectionalS, pycudaboost::no_property, pycudaboost::property<pycudaboost::edge_index_t, long unsigned int, pycudaboost::property<pycudaboost::{anonymous}::edge_cast_t, void* (*)(void*)> > > >; P = pycudaboost::bfs_visitor<pycudaboost::distance_recorder<pycudaboost::iterator_property_map<__gnu_cxx::__normal_iterator<long unsigned int*, std::vector<long unsigned int> >, pycudaboost::vec_adj_list_vertex_id_map<pycudaboost::no_property, long unsigned int>, long unsigned int, long unsigned int&>, pycudaboost::on_tree_edge> >; T = pycudaboost::graph_visitor_t; R = pycudaboost::no_property; typename pycudaboost::graph_traits<Graph>::vertex_descriptor = long unsigned int]’
      bpl-subset/bpl_subset/libs/python/src/object/inheritance.cpp:107:35:   required from here
      bpl-subset/bpl_subset/boost/concept/detail/general.hpp:38:47: warning: ‘this’ pointer is null [-Wnonnull]
         38 |     static void failed() { ((Model*)0)->~Model(); }
            |                            ~~~~~~~~~~~~~~~~~~~^~
      In file included from bpl-subset/bpl_subset/boost/concept_check.hpp:32,
                       from bpl-subset/bpl_subset/boost/property_map/property_map.hpp:18,
                       from bpl-subset/bpl_subset/boost/graph/graph_concepts.hpp:17,
                       from bpl-subset/bpl_subset/boost/graph/breadth_first_search.hpp:21,
                       from bpl-subset/bpl_subset/libs/python/src/object/inheritance.cpp:7:
      bpl-subset/bpl_subset/boost/concept/usage.hpp:22:5: note: in a call to non-static member function ‘pycudaboost::concepts::usage_requirements<Model>::~usage_requirements() [with Model = pycudaboost::concepts::IncidenceGraph<pycudaboost::reverse_graph<pycudaboost::adjacency_list<pycudaboost::vecS, pycudaboost::vecS, pycudaboost::bidirectionalS, pycudaboost::no_property, pycudaboost::property<pycudaboost::edge_index_t, long unsigned int, pycudaboost::property<pycudaboost::{anonymous}::edge_cast_t, void* (*)(void*)> > > > >]’
         22 |     ~usage_requirements() { ((Model*)0)->~Model(); }
            |     ^
      In file included from bpl-subset/bpl_subset/boost/concept/assert.hpp:36,
                       from bpl-subset/bpl_subset/boost/concept_check.hpp:20,
                       from bpl-subset/bpl_subset/boost/property_map/property_map.hpp:18,
                       from bpl-subset/bpl_subset/boost/graph/graph_concepts.hpp:17,
                       from bpl-subset/bpl_subset/boost/graph/breadth_first_search.hpp:21,
                       from bpl-subset/bpl_subset/libs/python/src/object/inheritance.cpp:7:
      bpl-subset/bpl_subset/boost/concept/detail/general.hpp: In instantiation of ‘static void pycudaboost::concepts::requirement<pycudaboost::concepts::failed************ Model::************>::failed() [with Model = pycudaboost::concepts::IncidenceGraphConcept<pycudaboost::reverse_graph<pycudaboost::adjacency_list<pycudaboost::vecS, pycudaboost::vecS, pycudaboost::bidirectionalS, pycudaboost::no_property, pycudaboost::property<pycudaboost::edge_index_t, long unsigned int, pycudaboost::property<pycudaboost::{anonymous}::edge_cast_t, void* (*)(void*)> > > > >]’:
      bpl-subset/bpl_subset/boost/graph/breadth_first_search.hpp:64:5:   required from ‘void pycudaboost::breadth_first_visit(const IncidenceGraph&, SourceIterator, SourceIterator, Buffer&, BFSVisitor, ColorMap) [with IncidenceGraph = pycudaboost::reverse_graph<pycudaboost::adjacency_list<pycudaboost::vecS, pycudaboost::vecS, pycudaboost::bidirectionalS, pycudaboost::no_property, pycudaboost::property<pycudaboost::edge_index_t, long unsigned int, pycudaboost::property<pycudaboost::{anonymous}::edge_cast_t, void* (*)(void*)> > > >; Buffer = pycudaboost::queue<long unsigned int, std::deque<long unsigned int, std::allocator<long unsigned int> > >; BFSVisitor = pycudaboost::bfs_visitor<pycudaboost::distance_recorder<pycudaboost::iterator_property_map<__gnu_cxx::__normal_iterator<long unsigned int*, std::vector<long unsigned int> >, pycudaboost::vec_adj_list_vertex_id_map<pycudaboost::no_property, long unsigned int>, long unsigned int, long unsigned int&>, pycudaboost::on_tree_edge> >; ColorMap = pycudaboost::two_bit_color_map<pycudaboost::vec_adj_list_vertex_id_map<pycudaboost::no_property, long unsigned int> >; SourceIterator = long unsigned int*]’
      bpl-subset/bpl_subset/boost/graph/breadth_first_search.hpp:125:24:   required from ‘void pycudaboost::breadth_first_search(const VertexListGraph&, SourceIterator, SourceIterator, Buffer&, BFSVisitor, ColorMap) [with VertexListGraph = pycudaboost::reverse_graph<pycudaboost::adjacency_list<pycudaboost::vecS, pycudaboost::vecS, pycudaboost::bidirectionalS, pycudaboost::no_property, pycudaboost::property<pycudaboost::edge_index_t, long unsigned int, pycudaboost::property<pycudaboost::{anonymous}::edge_cast_t, void* (*)(void*)> > > >; SourceIterator = long unsigned int*; Buffer = pycudaboost::queue<long unsigned int, std::deque<long unsigned int, std::allocator<long unsigned int> > >; BFSVisitor = pycudaboost::bfs_visitor<pycudaboost::distance_recorder<pycudaboost::iterator_property_map<__gnu_cxx::__normal_iterator<long unsigned int*, std::vector<long unsigned int> >, pycudaboost::vec_adj_list_vertex_id_map<pycudaboost::no_property, long unsigned int>, long unsigned int, long unsigned int&>, pycudaboost::on_tree_edge> >; ColorMap = pycudaboost::two_bit_color_map<pycudaboost::vec_adj_list_vertex_id_map<pycudaboost::no_property, long unsigned int> >]’
      bpl-subset/bpl_subset/boost/graph/breadth_first_search.hpp:136:25:   required from ‘void pycudaboost::breadth_first_search(const VertexListGraph&, typename pycudaboost::graph_traits<Graph>::vertex_descriptor, Buffer&, BFSVisitor, ColorMap) [with VertexListGraph = pycudaboost::reverse_graph<pycudaboost::adjacency_list<pycudaboost::vecS, pycudaboost::vecS, pycudaboost::bidirectionalS, pycudaboost::no_property, pycudaboost::property<pycudaboost::edge_index_t, long unsigned int, pycudaboost::property<pycudaboost::{anonymous}::edge_cast_t, void* (*)(void*)> > > >; Buffer = pycudaboost::queue<long unsigned int, std::deque<long unsigned int, std::allocator<long unsigned int> > >; BFSVisitor = pycudaboost::bfs_visitor<pycudaboost::distance_recorder<pycudaboost::iterator_property_map<__gnu_cxx::__normal_iterator<long unsigned int*, std::vector<long unsigned int> >, pycudaboost::vec_adj_list_vertex_id_map<pycudaboost::no_property, long unsigned int>, long unsigned int, long unsigned int&>, pycudaboost::on_tree_edge> >; ColorMap = pycudaboost::two_bit_color_map<pycudaboost::vec_adj_list_vertex_id_map<pycudaboost::no_property, long unsigned int> >; typename pycudaboost::graph_traits<Graph>::vertex_descriptor = long unsigned int]’
      bpl-subset/bpl_subset/boost/graph/breadth_first_search.hpp:260:9:   required from ‘void pycudaboost::detail::bfs_helper(VertexListGraph&, typename pycudaboost::graph_traits<Graph>::vertex_descriptor, ColorMap, BFSVisitor, const pycudaboost::bgl_named_params<P, T, R>&, typename pycudaboost::enable_if_c<pycudaboost::is_base_and_derived<pycudaboost::vertex_list_graph_tag, typename pycudaboost::graph_traits<Graph>::traversal_category>::value, void>::type*) [with VertexListGraph = pycudaboost::reverse_graph<pycudaboost::adjacency_list<pycudaboost::vecS, pycudaboost::vecS, pycudaboost::bidirectionalS, pycudaboost::no_property, pycudaboost::property<pycudaboost::edge_index_t, long unsigned int, pycudaboost::property<pycudaboost::{anonymous}::edge_cast_t, void* (*)(void*)> > > >; ColorMap = pycudaboost::two_bit_color_map<pycudaboost::vec_adj_list_vertex_id_map<pycudaboost::no_property, long unsigned int> >; BFSVisitor = pycudaboost::bfs_visitor<pycudaboost::distance_recorder<pycudaboost::iterator_property_map<__gnu_cxx::__normal_iterator<long unsigned int*, std::vector<long unsigned int> >, pycudaboost::vec_adj_list_vertex_id_map<pycudaboost::no_property, long unsigned int>, long unsigned int, long unsigned int&>, pycudaboost::on_tree_edge> >; P = pycudaboost::bfs_visitor<pycudaboost::distance_recorder<pycudaboost::iterator_property_map<__gnu_cxx::__normal_iterator<long unsigned int*, std::vector<long unsigned int> >, pycudaboost::vec_adj_list_vertex_id_map<pycudaboost::no_property, long unsigned int>, long unsigned int, long unsigned int&>, pycudaboost::on_tree_edge> >; T = pycudaboost::graph_visitor_t; R = pycudaboost::no_property; typename pycudaboost::graph_traits<Graph>::vertex_descriptor = long unsigned int; typename pycudaboost::enable_if_c<pycudaboost::is_base_and_derived<pycudaboost::vertex_list_graph_tag, typename pycudaboost::graph_traits<Graph>::traversal_category>::value, void>::type = void; typename pycudaboost::graph_traits<Graph>::traversal_category = pycudaboost::bidir_adj_list_traversal_tag]’
      bpl-subset/bpl_subset/boost/graph/breadth_first_search.hpp:312:11:   required from ‘static void pycudaboost::detail::bfs_dispatch<pycudaboost::param_not_found>::apply(VertexListGraph&, typename pycudaboost::graph_traits<Graph>::vertex_descriptor, const pycudaboost::bgl_named_params<T, Tag, Base>&, pycudaboost::param_not_found) [with VertexListGraph = pycudaboost::reverse_graph<pycudaboost::adjacency_list<pycudaboost::vecS, pycudaboost::vecS, pycudaboost::bidirectionalS, pycudaboost::no_property, pycudaboost::property<pycudaboost::edge_index_t, long unsigned int, pycudaboost::property<pycudaboost::{anonymous}::edge_cast_t, void* (*)(void*)> > > >; P = pycudaboost::bfs_visitor<pycudaboost::distance_recorder<pycudaboost::iterator_property_map<__gnu_cxx::__normal_iterator<long unsigned int*, std::vector<long unsigned int> >, pycudaboost::vec_adj_list_vertex_id_map<pycudaboost::no_property, long unsigned int>, long unsigned int, long unsigned int&>, pycudaboost::on_tree_edge> >; T = pycudaboost::graph_visitor_t; R = pycudaboost::no_property; typename pycudaboost::graph_traits<Graph>::vertex_descriptor = long unsigned int]’
      bpl-subset/bpl_subset/boost/graph/breadth_first_search.hpp:339:35:   required from ‘void pycudaboost::breadth_first_search(const VertexListGraph&, typename pycudaboost::graph_traits<Graph>::vertex_descriptor, const pycudaboost::bgl_named_params<T, Tag, Base>&) [with VertexListGraph = pycudaboost::reverse_graph<pycudaboost::adjacency_list<pycudaboost::vecS, pycudaboost::vecS, pycudaboost::bidirectionalS, pycudaboost::no_property, pycudaboost::property<pycudaboost::edge_index_t, long unsigned int, pycudaboost::property<pycudaboost::{anonymous}::edge_cast_t, void* (*)(void*)> > > >; P = pycudaboost::bfs_visitor<pycudaboost::distance_recorder<pycudaboost::iterator_property_map<__gnu_cxx::__normal_iterator<long unsigned int*, std::vector<long unsigned int> >, pycudaboost::vec_adj_list_vertex_id_map<pycudaboost::no_property, long unsigned int>, long unsigned int, long unsigned int&>, pycudaboost::on_tree_edge> >; T = pycudaboost::graph_visitor_t; R = pycudaboost::no_property; typename pycudaboost::graph_traits<Graph>::vertex_descriptor = long unsigned int]’
      bpl-subset/bpl_subset/libs/python/src/object/inheritance.cpp:107:35:   required from here
      bpl-subset/bpl_subset/boost/concept/detail/general.hpp:38:47: warning: ‘this’ pointer is null [-Wnonnull]
         38 |     static void failed() { ((Model*)0)->~Model(); }
            |                            ~~~~~~~~~~~~~~~~~~~^~
      In file included from bpl-subset/bpl_subset/boost/mpl/aux_/integral_wrapper.hpp:22,
                       from bpl-subset/bpl_subset/boost/mpl/int.hpp:20,
                       from bpl-subset/bpl_subset/boost/type_traits/detail/template_arity_spec.hpp:10,
                       from bpl-subset/bpl_subset/boost/type_traits/detail/bool_trait_def.hpp:14,
                       from bpl-subset/bpl_subset/boost/type_traits/is_same.hpp:31,
                       from bpl-subset/bpl_subset/boost/type_traits/same_traits.hpp:13,
                       from bpl-subset/bpl_subset/boost/python/type_id.hpp:17,
                       from bpl-subset/bpl_subset/boost/python/object/inheritance.hpp:8,
                       from bpl-subset/bpl_subset/libs/python/src/object/inheritance.cpp:5:
      bpl-subset/bpl_subset/boost/graph/graph_concepts.hpp:74:19: note: in a call to non-static member function ‘pycudaboost::concepts::IncidenceGraphConcept<pycudaboost::reverse_graph<pycudaboost::adjacency_list<pycudaboost::vecS, pycudaboost::vecS, pycudaboost::bidirectionalS, pycudaboost::no_property, pycudaboost::property<pycudaboost::edge_index_t, long unsigned int, pycudaboost::property<pycudaboost::{anonymous}::edge_cast_t, void* (*)(void*)> > > > >::~IncidenceGraphConcept()’
         74 |     BOOST_concept(IncidenceGraph,(G))
            |                   ^~~~~~~~~~~~~~
      bpl-subset/bpl_subset/boost/preprocessor/cat.hpp:29:34: note: in definition of macro ‘BOOST_PP_CAT_I’
         29 | #    define BOOST_PP_CAT_I(a, b) a ## b
            |                                  ^
      bpl-subset/bpl_subset/boost/concept/detail/concept_def.hpp:39:12: note: in expansion of macro ‘BOOST_PP_CAT’
         39 |     struct BOOST_PP_CAT(name,Concept)                                           \
            |            ^~~~~~~~~~~~
      bpl-subset/bpl_subset/boost/graph/graph_concepts.hpp:74:5: note: in expansion of macro ‘BOOST_concept’
         74 |     BOOST_concept(IncidenceGraph,(G))
            |     ^~~~~~~~~~~~~
      In file included from bpl-subset/bpl_subset/boost/concept/assert.hpp:36,
                       from bpl-subset/bpl_subset/boost/concept_check.hpp:20,
                       from bpl-subset/bpl_subset/boost/property_map/property_map.hpp:18,
                       from bpl-subset/bpl_subset/boost/graph/graph_concepts.hpp:17,
                       from bpl-subset/bpl_subset/boost/graph/breadth_first_search.hpp:21,
                       from bpl-subset/bpl_subset/libs/python/src/object/inheritance.cpp:7:
      bpl-subset/bpl_subset/boost/concept/detail/general.hpp: In instantiation of ‘static void pycudaboost::concepts::constraint<Model>::failed() [with Model = pycudaboost::BFSVisitorConcept<pycudaboost::bfs_visitor<pycudaboost::distance_recorder<pycudaboost::iterator_property_map<__gnu_cxx::__normal_iterator<long unsigned int*, std::vector<long unsigned int> >, pycudaboost::vec_adj_list_vertex_id_map<pycudaboost::no_property, long unsigned int>, long unsigned int, long unsigned int&>, pycudaboost::on_tree_edge> >, pycudaboost::reverse_graph<pycudaboost::adjacency_list<pycudaboost::vecS, pycudaboost::vecS, pycudaboost::bidirectionalS, pycudaboost::no_property, pycudaboost::property<pycudaboost::edge_index_t, long unsigned int, pycudaboost::property<pycudaboost::{anonymous}::edge_cast_t, void* (*)(void*)> > > > >]’:
      bpl-subset/bpl_subset/boost/graph/breadth_first_search.hpp:68:5:   required from ‘void pycudaboost::breadth_first_visit(const IncidenceGraph&, SourceIterator, SourceIterator, Buffer&, BFSVisitor, ColorMap) [with IncidenceGraph = pycudaboost::reverse_graph<pycudaboost::adjacency_list<pycudaboost::vecS, pycudaboost::vecS, pycudaboost::bidirectionalS, pycudaboost::no_property, pycudaboost::property<pycudaboost::edge_index_t, long unsigned int, pycudaboost::property<pycudaboost::{anonymous}::edge_cast_t, void* (*)(void*)> > > >; Buffer = pycudaboost::queue<long unsigned int, std::deque<long unsigned int, std::allocator<long unsigned int> > >; BFSVisitor = pycudaboost::bfs_visitor<pycudaboost::distance_recorder<pycudaboost::iterator_property_map<__gnu_cxx::__normal_iterator<long unsigned int*, std::vector<long unsigned int> >, pycudaboost::vec_adj_list_vertex_id_map<pycudaboost::no_property, long unsigned int>, long unsigned int, long unsigned int&>, pycudaboost::on_tree_edge> >; ColorMap = pycudaboost::two_bit_color_map<pycudaboost::vec_adj_list_vertex_id_map<pycudaboost::no_property, long unsigned int> >; SourceIterator = long unsigned int*]’
      bpl-subset/bpl_subset/boost/graph/breadth_first_search.hpp:125:24:   required from ‘void pycudaboost::breadth_first_search(const VertexListGraph&, SourceIterator, SourceIterator, Buffer&, BFSVisitor, ColorMap) [with VertexListGraph = pycudaboost::reverse_graph<pycudaboost::adjacency_list<pycudaboost::vecS, pycudaboost::vecS, pycudaboost::bidirectionalS, pycudaboost::no_property, pycudaboost::property<pycudaboost::edge_index_t, long unsigned int, pycudaboost::property<pycudaboost::{anonymous}::edge_cast_t, void* (*)(void*)> > > >; SourceIterator = long unsigned int*; Buffer = pycudaboost::queue<long unsigned int, std::deque<long unsigned int, std::allocator<long unsigned int> > >; BFSVisitor = pycudaboost::bfs_visitor<pycudaboost::distance_recorder<pycudaboost::iterator_property_map<__gnu_cxx::__normal_iterator<long unsigned int*, std::vector<long unsigned int> >, pycudaboost::vec_adj_list_vertex_id_map<pycudaboost::no_property, long unsigned int>, long unsigned int, long unsigned int&>, pycudaboost::on_tree_edge> >; ColorMap = pycudaboost::two_bit_color_map<pycudaboost::vec_adj_list_vertex_id_map<pycudaboost::no_property, long unsigned int> >]’
      bpl-subset/bpl_subset/boost/graph/breadth_first_search.hpp:136:25:   required from ‘void pycudaboost::breadth_first_search(const VertexListGraph&, typename pycudaboost::graph_traits<Graph>::vertex_descriptor, Buffer&, BFSVisitor, ColorMap) [with VertexListGraph = pycudaboost::reverse_graph<pycudaboost::adjacency_list<pycudaboost::vecS, pycudaboost::vecS, pycudaboost::bidirectionalS, pycudaboost::no_property, pycudaboost::property<pycudaboost::edge_index_t, long unsigned int, pycudaboost::property<pycudaboost::{anonymous}::edge_cast_t, void* (*)(void*)> > > >; Buffer = pycudaboost::queue<long unsigned int, std::deque<long unsigned int, std::allocator<long unsigned int> > >; BFSVisitor = pycudaboost::bfs_visitor<pycudaboost::distance_recorder<pycudaboost::iterator_property_map<__gnu_cxx::__normal_iterator<long unsigned int*, std::vector<long unsigned int> >, pycudaboost::vec_adj_list_vertex_id_map<pycudaboost::no_property, long unsigned int>, long unsigned int, long unsigned int&>, pycudaboost::on_tree_edge> >; ColorMap = pycudaboost::two_bit_color_map<pycudaboost::vec_adj_list_vertex_id_map<pycudaboost::no_property, long unsigned int> >; typename pycudaboost::graph_traits<Graph>::vertex_descriptor = long unsigned int]’
      bpl-subset/bpl_subset/boost/graph/breadth_first_search.hpp:260:9:   required from ‘void pycudaboost::detail::bfs_helper(VertexListGraph&, typename pycudaboost::graph_traits<Graph>::vertex_descriptor, ColorMap, BFSVisitor, const pycudaboost::bgl_named_params<P, T, R>&, typename pycudaboost::enable_if_c<pycudaboost::is_base_and_derived<pycudaboost::vertex_list_graph_tag, typename pycudaboost::graph_traits<Graph>::traversal_category>::value, void>::type*) [with VertexListGraph = pycudaboost::reverse_graph<pycudaboost::adjacency_list<pycudaboost::vecS, pycudaboost::vecS, pycudaboost::bidirectionalS, pycudaboost::no_property, pycudaboost::property<pycudaboost::edge_index_t, long unsigned int, pycudaboost::property<pycudaboost::{anonymous}::edge_cast_t, void* (*)(void*)> > > >; ColorMap = pycudaboost::two_bit_color_map<pycudaboost::vec_adj_list_vertex_id_map<pycudaboost::no_property, long unsigned int> >; BFSVisitor = pycudaboost::bfs_visitor<pycudaboost::distance_recorder<pycudaboost::iterator_property_map<__gnu_cxx::__normal_iterator<long unsigned int*, std::vector<long unsigned int> >, pycudaboost::vec_adj_list_vertex_id_map<pycudaboost::no_property, long unsigned int>, long unsigned int, long unsigned int&>, pycudaboost::on_tree_edge> >; P = pycudaboost::bfs_visitor<pycudaboost::distance_recorder<pycudaboost::iterator_property_map<__gnu_cxx::__normal_iterator<long unsigned int*, std::vector<long unsigned int> >, pycudaboost::vec_adj_list_vertex_id_map<pycudaboost::no_property, long unsigned int>, long unsigned int, long unsigned int&>, pycudaboost::on_tree_edge> >; T = pycudaboost::graph_visitor_t; R = pycudaboost::no_property; typename pycudaboost::graph_traits<Graph>::vertex_descriptor = long unsigned int; typename pycudaboost::enable_if_c<pycudaboost::is_base_and_derived<pycudaboost::vertex_list_graph_tag, typename pycudaboost::graph_traits<Graph>::traversal_category>::value, void>::type = void; typename pycudaboost::graph_traits<Graph>::traversal_category = pycudaboost::bidir_adj_list_traversal_tag]’
      bpl-subset/bpl_subset/boost/graph/breadth_first_search.hpp:312:11:   required from ‘static void pycudaboost::detail::bfs_dispatch<pycudaboost::param_not_found>::apply(VertexListGraph&, typename pycudaboost::graph_traits<Graph>::vertex_descriptor, const pycudaboost::bgl_named_params<T, Tag, Base>&, pycudaboost::param_not_found) [with VertexListGraph = pycudaboost::reverse_graph<pycudaboost::adjacency_list<pycudaboost::vecS, pycudaboost::vecS, pycudaboost::bidirectionalS, pycudaboost::no_property, pycudaboost::property<pycudaboost::edge_index_t, long unsigned int, pycudaboost::property<pycudaboost::{anonymous}::edge_cast_t, void* (*)(void*)> > > >; P = pycudaboost::bfs_visitor<pycudaboost::distance_recorder<pycudaboost::iterator_property_map<__gnu_cxx::__normal_iterator<long unsigned int*, std::vector<long unsigned int> >, pycudaboost::vec_adj_list_vertex_id_map<pycudaboost::no_property, long unsigned int>, long unsigned int, long unsigned int&>, pycudaboost::on_tree_edge> >; T = pycudaboost::graph_visitor_t; R = pycudaboost::no_property; typename pycudaboost::graph_traits<Graph>::vertex_descriptor = long unsigned int]’
      bpl-subset/bpl_subset/boost/graph/breadth_first_search.hpp:339:35:   required from ‘void pycudaboost::breadth_first_search(const VertexListGraph&, typename pycudaboost::graph_traits<Graph>::vertex_descriptor, const pycudaboost::bgl_named_params<T, Tag, Base>&) [with VertexListGraph = pycudaboost::reverse_graph<pycudaboost::adjacency_list<pycudaboost::vecS, pycudaboost::vecS, pycudaboost::bidirectionalS, pycudaboost::no_property, pycudaboost::property<pycudaboost::edge_index_t, long unsigned int, pycudaboost::property<pycudaboost::{anonymous}::edge_cast_t, void* (*)(void*)> > > >; P = pycudaboost::bfs_visitor<pycudaboost::distance_recorder<pycudaboost::iterator_property_map<__gnu_cxx::__normal_iterator<long unsigned int*, std::vector<long unsigned int> >, pycudaboost::vec_adj_list_vertex_id_map<pycudaboost::no_property, long unsigned int>, long unsigned int, long unsigned int&>, pycudaboost::on_tree_edge> >; T = pycudaboost::graph_visitor_t; R = pycudaboost::no_property; typename pycudaboost::graph_traits<Graph>::vertex_descriptor = long unsigned int]’
      bpl-subset/bpl_subset/libs/python/src/object/inheritance.cpp:107:35:   required from here
      bpl-subset/bpl_subset/boost/concept/detail/general.hpp:46:52: warning: ‘this’ pointer is null [-Wnonnull]
         46 |     static void failed() { ((Model*)0)->constraints(); }
            |                            ~~~~~~~~~~~~~~~~~~~~~~~~^~
      In file included from bpl-subset/bpl_subset/libs/python/src/object/inheritance.cpp:7:
      bpl-subset/bpl_subset/boost/graph/breadth_first_search.hpp:37:10: note: in a call to non-static member function ‘void pycudaboost::BFSVisitorConcept<Visitor, Graph>::constraints() [with Visitor = pycudaboost::bfs_visitor<pycudaboost::distance_recorder<pycudaboost::iterator_property_map<__gnu_cxx::__normal_iterator<long unsigned int*, std::vector<long unsigned int> >, pycudaboost::vec_adj_list_vertex_id_map<pycudaboost::no_property, long unsigned int>, long unsigned int, long unsigned int&>, pycudaboost::on_tree_edge> >; Graph = pycudaboost::reverse_graph<pycudaboost::adjacency_list<pycudaboost::vecS, pycudaboost::vecS, pycudaboost::bidirectionalS, pycudaboost::no_property, pycudaboost::property<pycudaboost::edge_index_t, long unsigned int, pycudaboost::property<pycudaboost::{anonymous}::edge_cast_t, void* (*)(void*)> > > >]’
         37 |     void constraints() {
            |          ^~~~~~~~~~~
      In file included from bpl-subset/bpl_subset/boost/concept/assert.hpp:36,
                       from bpl-subset/bpl_subset/boost/concept_check.hpp:20,
                       from bpl-subset/bpl_subset/boost/property_map/property_map.hpp:18,
                       from bpl-subset/bpl_subset/boost/graph/graph_concepts.hpp:17,
                       from bpl-subset/bpl_subset/boost/graph/breadth_first_search.hpp:21,
                       from bpl-subset/bpl_subset/libs/python/src/object/inheritance.cpp:7:
      bpl-subset/bpl_subset/boost/concept/detail/general.hpp: In instantiation of ‘static void pycudaboost::concepts::constraint<Model>::failed() [with Model = pycudaboost::ReadWritePropertyMapConcept<pycudaboost::two_bit_color_map<pycudaboost::vec_adj_list_vertex_id_map<pycudaboost::no_property, long unsigned int> >, long unsigned int>]’:
      bpl-subset/bpl_subset/boost/graph/breadth_first_search.hpp:69:5:   required from ‘void pycudaboost::breadth_first_visit(const IncidenceGraph&, SourceIterator, SourceIterator, Buffer&, BFSVisitor, ColorMap) [with IncidenceGraph = pycudaboost::reverse_graph<pycudaboost::adjacency_list<pycudaboost::vecS, pycudaboost::vecS, pycudaboost::bidirectionalS, pycudaboost::no_property, pycudaboost::property<pycudaboost::edge_index_t, long unsigned int, pycudaboost::property<pycudaboost::{anonymous}::edge_cast_t, void* (*)(void*)> > > >; Buffer = pycudaboost::queue<long unsigned int, std::deque<long unsigned int, std::allocator<long unsigned int> > >; BFSVisitor = pycudaboost::bfs_visitor<pycudaboost::distance_recorder<pycudaboost::iterator_property_map<__gnu_cxx::__normal_iterator<long unsigned int*, std::vector<long unsigned int> >, pycudaboost::vec_adj_list_vertex_id_map<pycudaboost::no_property, long unsigned int>, long unsigned int, long unsigned int&>, pycudaboost::on_tree_edge> >; ColorMap = pycudaboost::two_bit_color_map<pycudaboost::vec_adj_list_vertex_id_map<pycudaboost::no_property, long unsigned int> >; SourceIterator = long unsigned int*]’
      bpl-subset/bpl_subset/boost/graph/breadth_first_search.hpp:125:24:   required from ‘void pycudaboost::breadth_first_search(const VertexListGraph&, SourceIterator, SourceIterator, Buffer&, BFSVisitor, ColorMap) [with VertexListGraph = pycudaboost::reverse_graph<pycudaboost::adjacency_list<pycudaboost::vecS, pycudaboost::vecS, pycudaboost::bidirectionalS, pycudaboost::no_property, pycudaboost::property<pycudaboost::edge_index_t, long unsigned int, pycudaboost::property<pycudaboost::{anonymous}::edge_cast_t, void* (*)(void*)> > > >; SourceIterator = long unsigned int*; Buffer = pycudaboost::queue<long unsigned int, std::deque<long unsigned int, std::allocator<long unsigned int> > >; BFSVisitor = pycudaboost::bfs_visitor<pycudaboost::distance_recorder<pycudaboost::iterator_property_map<__gnu_cxx::__normal_iterator<long unsigned int*, std::vector<long unsigned int> >, pycudaboost::vec_adj_list_vertex_id_map<pycudaboost::no_property, long unsigned int>, long unsigned int, long unsigned int&>, pycudaboost::on_tree_edge> >; ColorMap = pycudaboost::two_bit_color_map<pycudaboost::vec_adj_list_vertex_id_map<pycudaboost::no_property, long unsigned int> >]’
      bpl-subset/bpl_subset/boost/graph/breadth_first_search.hpp:136:25:   required from ‘void pycudaboost::breadth_first_search(const VertexListGraph&, typename pycudaboost::graph_traits<Graph>::vertex_descriptor, Buffer&, BFSVisitor, ColorMap) [with VertexListGraph = pycudaboost::reverse_graph<pycudaboost::adjacency_list<pycudaboost::vecS, pycudaboost::vecS, pycudaboost::bidirectionalS, pycudaboost::no_property, pycudaboost::property<pycudaboost::edge_index_t, long unsigned int, pycudaboost::property<pycudaboost::{anonymous}::edge_cast_t, void* (*)(void*)> > > >; Buffer = pycudaboost::queue<long unsigned int, std::deque<long unsigned int, std::allocator<long unsigned int> > >; BFSVisitor = pycudaboost::bfs_visitor<pycudaboost::distance_recorder<pycudaboost::iterator_property_map<__gnu_cxx::__normal_iterator<long unsigned int*, std::vector<long unsigned int> >, pycudaboost::vec_adj_list_vertex_id_map<pycudaboost::no_property, long unsigned int>, long unsigned int, long unsigned int&>, pycudaboost::on_tree_edge> >; ColorMap = pycudaboost::two_bit_color_map<pycudaboost::vec_adj_list_vertex_id_map<pycudaboost::no_property, long unsigned int> >; typename pycudaboost::graph_traits<Graph>::vertex_descriptor = long unsigned int]’
      bpl-subset/bpl_subset/boost/graph/breadth_first_search.hpp:260:9:   required from ‘void pycudaboost::detail::bfs_helper(VertexListGraph&, typename pycudaboost::graph_traits<Graph>::vertex_descriptor, ColorMap, BFSVisitor, const pycudaboost::bgl_named_params<P, T, R>&, typename pycudaboost::enable_if_c<pycudaboost::is_base_and_derived<pycudaboost::vertex_list_graph_tag, typename pycudaboost::graph_traits<Graph>::traversal_category>::value, void>::type*) [with VertexListGraph = pycudaboost::reverse_graph<pycudaboost::adjacency_list<pycudaboost::vecS, pycudaboost::vecS, pycudaboost::bidirectionalS, pycudaboost::no_property, pycudaboost::property<pycudaboost::edge_index_t, long unsigned int, pycudaboost::property<pycudaboost::{anonymous}::edge_cast_t, void* (*)(void*)> > > >; ColorMap = pycudaboost::two_bit_color_map<pycudaboost::vec_adj_list_vertex_id_map<pycudaboost::no_property, long unsigned int> >; BFSVisitor = pycudaboost::bfs_visitor<pycudaboost::distance_recorder<pycudaboost::iterator_property_map<__gnu_cxx::__normal_iterator<long unsigned int*, std::vector<long unsigned int> >, pycudaboost::vec_adj_list_vertex_id_map<pycudaboost::no_property, long unsigned int>, long unsigned int, long unsigned int&>, pycudaboost::on_tree_edge> >; P = pycudaboost::bfs_visitor<pycudaboost::distance_recorder<pycudaboost::iterator_property_map<__gnu_cxx::__normal_iterator<long unsigned int*, std::vector<long unsigned int> >, pycudaboost::vec_adj_list_vertex_id_map<pycudaboost::no_property, long unsigned int>, long unsigned int, long unsigned int&>, pycudaboost::on_tree_edge> >; T = pycudaboost::graph_visitor_t; R = pycudaboost::no_property; typename pycudaboost::graph_traits<Graph>::vertex_descriptor = long unsigned int; typename pycudaboost::enable_if_c<pycudaboost::is_base_and_derived<pycudaboost::vertex_list_graph_tag, typename pycudaboost::graph_traits<Graph>::traversal_category>::value, void>::type = void; typename pycudaboost::graph_traits<Graph>::traversal_category = pycudaboost::bidir_adj_list_traversal_tag]’
      bpl-subset/bpl_subset/boost/graph/breadth_first_search.hpp:312:11:   required from ‘static void pycudaboost::detail::bfs_dispatch<pycudaboost::param_not_found>::apply(VertexListGraph&, typename pycudaboost::graph_traits<Graph>::vertex_descriptor, const pycudaboost::bgl_named_params<T, Tag, Base>&, pycudaboost::param_not_found) [with VertexListGraph = pycudaboost::reverse_graph<pycudaboost::adjacency_list<pycudaboost::vecS, pycudaboost::vecS, pycudaboost::bidirectionalS, pycudaboost::no_property, pycudaboost::property<pycudaboost::edge_index_t, long unsigned int, pycudaboost::property<pycudaboost::{anonymous}::edge_cast_t, void* (*)(void*)> > > >; P = pycudaboost::bfs_visitor<pycudaboost::distance_recorder<pycudaboost::iterator_property_map<__gnu_cxx::__normal_iterator<long unsigned int*, std::vector<long unsigned int> >, pycudaboost::vec_adj_list_vertex_id_map<pycudaboost::no_property, long unsigned int>, long unsigned int, long unsigned int&>, pycudaboost::on_tree_edge> >; T = pycudaboost::graph_visitor_t; R = pycudaboost::no_property; typename pycudaboost::graph_traits<Graph>::vertex_descriptor = long unsigned int]’
      bpl-subset/bpl_subset/boost/graph/breadth_first_search.hpp:339:35:   required from ‘void pycudaboost::breadth_first_search(const VertexListGraph&, typename pycudaboost::graph_traits<Graph>::vertex_descriptor, const pycudaboost::bgl_named_params<T, Tag, Base>&) [with VertexListGraph = pycudaboost::reverse_graph<pycudaboost::adjacency_list<pycudaboost::vecS, pycudaboost::vecS, pycudaboost::bidirectionalS, pycudaboost::no_property, pycudaboost::property<pycudaboost::edge_index_t, long unsigned int, pycudaboost::property<pycudaboost::{anonymous}::edge_cast_t, void* (*)(void*)> > > >; P = pycudaboost::bfs_visitor<pycudaboost::distance_recorder<pycudaboost::iterator_property_map<__gnu_cxx::__normal_iterator<long unsigned int*, std::vector<long unsigned int> >, pycudaboost::vec_adj_list_vertex_id_map<pycudaboost::no_property, long unsigned int>, long unsigned int, long unsigned int&>, pycudaboost::on_tree_edge> >; T = pycudaboost::graph_visitor_t; R = pycudaboost::no_property; typename pycudaboost::graph_traits<Graph>::vertex_descriptor = long unsigned int]’
      bpl-subset/bpl_subset/libs/python/src/object/inheritance.cpp:107:35:   required from here
      bpl-subset/bpl_subset/boost/concept/detail/general.hpp:46:52: warning: ‘this’ pointer is null [-Wnonnull]
         46 |     static void failed() { ((Model*)0)->constraints(); }
            |                            ~~~~~~~~~~~~~~~~~~~~~~~~^~
      In file included from bpl-subset/bpl_subset/boost/graph/graph_concepts.hpp:17,
                       from bpl-subset/bpl_subset/boost/graph/breadth_first_search.hpp:21,
                       from bpl-subset/bpl_subset/libs/python/src/object/inheritance.cpp:7:
      bpl-subset/bpl_subset/boost/property_map/property_map.hpp:255:10: note: in a call to non-static member function ‘void pycudaboost::ReadWritePropertyMapConcept<PMap, Key>::constraints() [with PMap = pycudaboost::two_bit_color_map<pycudaboost::vec_adj_list_vertex_id_map<pycudaboost::no_property, long unsigned int> >; Key = long unsigned int]’
        255 |     void constraints() {
            |          ^~~~~~~~~~~
      In file included from bpl-subset/bpl_subset/boost/concept_check.hpp:32,
                       from bpl-subset/bpl_subset/boost/property_map/property_map.hpp:18,
                       from bpl-subset/bpl_subset/boost/graph/graph_concepts.hpp:17,
                       from bpl-subset/bpl_subset/boost/graph/breadth_first_search.hpp:21,
                       from bpl-subset/bpl_subset/libs/python/src/object/inheritance.cpp:7:
      bpl-subset/bpl_subset/boost/concept/usage.hpp: In instantiation of ‘pycudaboost::concepts::usage_requirements<Model>::~usage_requirements() [with Model = pycudaboost::concepts::Graph<pycudaboost::reverse_graph<pycudaboost::adjacency_list<pycudaboost::vecS, pycudaboost::vecS, pycudaboost::bidirectionalS, pycudaboost::no_property, pycudaboost::property<pycudaboost::edge_index_t, long unsigned int, pycudaboost::property<pycudaboost::{anonymous}::edge_cast_t, void* (*)(void*)> > > > >]’:
      bpl-subset/bpl_subset/boost/concept/detail/general.hpp:38:47:   required from ‘static void pycudaboost::concepts::requirement<pycudaboost::concepts::failed************ Model::************>::failed() [with Model = pycudaboost::concepts::usage_requirements<pycudaboost::concepts::Graph<pycudaboost::reverse_graph<pycudaboost::adjacency_list<pycudaboost::vecS, pycudaboost::vecS, pycudaboost::bidirectionalS, pycudaboost::no_property, pycudaboost::property<pycudaboost::edge_index_t, long unsigned int, pycudaboost::property<pycudaboost::{anonymous}::edge_cast_t, void* (*)(void*)> > > > > >]’
      bpl-subset/bpl_subset/boost/graph/graph_concepts.hpp:65:9:   required from ‘struct pycudaboost::concepts::Graph<pycudaboost::reverse_graph<pycudaboost::adjacency_list<pycudaboost::vecS, pycudaboost::vecS, pycudaboost::bidirectionalS, pycudaboost::no_property, pycudaboost::property<pycudaboost::edge_index_t, long unsigned int, pycudaboost::property<pycudaboost::{anonymous}::edge_cast_t, void* (*)(void*)> > > > >’
      bpl-subset/bpl_subset/boost/graph/graph_concepts.hpp:74:5:   required from ‘struct pycudaboost::concepts::IncidenceGraph<pycudaboost::reverse_graph<pycudaboost::adjacency_list<pycudaboost::vecS, pycudaboost::vecS, pycudaboost::bidirectionalS, pycudaboost::no_property, pycudaboost::property<pycudaboost::edge_index_t, long unsigned int, pycudaboost::property<pycudaboost::{anonymous}::edge_cast_t, void* (*)(void*)> > > > >’
      bpl-subset/bpl_subset/boost/graph/graph_concepts.hpp:74:5:   required from ‘struct pycudaboost::concepts::IncidenceGraphConcept<pycudaboost::reverse_graph<pycudaboost::adjacency_list<pycudaboost::vecS, pycudaboost::vecS, pycudaboost::bidirectionalS, pycudaboost::no_property, pycudaboost::property<pycudaboost::edge_index_t, long unsigned int, pycudaboost::property<pycudaboost::{anonymous}::edge_cast_t, void* (*)(void*)> > > > >’
      bpl-subset/bpl_subset/boost/concept/detail/has_constraints.hpp:32:62:   required by substitution of ‘template<class Model> pycudaboost::concepts::detail::yes pycudaboost::concepts::detail::has_constraints_(Model*, pycudaboost::concepts::detail::wrap_constraints<Model, (& Model::constraints)>*) [with Model = pycudaboost::concepts::IncidenceGraphConcept<pycudaboost::reverse_graph<pycudaboost::adjacency_list<pycudaboost::vecS, pycudaboost::vecS, pycudaboost::bidirectionalS, pycudaboost::no_property, pycudaboost::property<pycudaboost::edge_index_t, long unsigned int, pycudaboost::property<pycudaboost::{anonymous}::edge_cast_t, void* (*)(void*)> > > > >]’
      bpl-subset/bpl_subset/boost/concept/detail/has_constraints.hpp:42:5:   [ skipping 5 instantiation contexts, use -ftemplate-backtrace-limit=0 to disable ]
      bpl-subset/bpl_subset/boost/graph/breadth_first_search.hpp:125:24:   required from ‘void pycudaboost::breadth_first_search(const VertexListGraph&, SourceIterator, SourceIterator, Buffer&, BFSVisitor, ColorMap) [with VertexListGraph = pycudaboost::reverse_graph<pycudaboost::adjacency_list<pycudaboost::vecS, pycudaboost::vecS, pycudaboost::bidirectionalS, pycudaboost::no_property, pycudaboost::property<pycudaboost::edge_index_t, long unsigned int, pycudaboost::property<pycudaboost::{anonymous}::edge_cast_t, void* (*)(void*)> > > >; SourceIterator = long unsigned int*; Buffer = pycudaboost::queue<long unsigned int, std::deque<long unsigned int, std::allocator<long unsigned int> > >; BFSVisitor = pycudaboost::bfs_visitor<pycudaboost::distance_recorder<pycudaboost::iterator_property_map<__gnu_cxx::__normal_iterator<long unsigned int*, std::vector<long unsigned int> >, pycudaboost::vec_adj_list_vertex_id_map<pycudaboost::no_property, long unsigned int>, long unsigned int, long unsigned int&>, pycudaboost::on_tree_edge> >; ColorMap = pycudaboost::two_bit_color_map<pycudaboost::vec_adj_list_vertex_id_map<pycudaboost::no_property, long unsigned int> >]’
      bpl-subset/bpl_subset/boost/graph/breadth_first_search.hpp:136:25:   required from ‘void pycudaboost::breadth_first_search(const VertexListGraph&, typename pycudaboost::graph_traits<Graph>::vertex_descriptor, Buffer&, BFSVisitor, ColorMap) [with VertexListGraph = pycudaboost::reverse_graph<pycudaboost::adjacency_list<pycudaboost::vecS, pycudaboost::vecS, pycudaboost::bidirectionalS, pycudaboost::no_property, pycudaboost::property<pycudaboost::edge_index_t, long unsigned int, pycudaboost::property<pycudaboost::{anonymous}::edge_cast_t, void* (*)(void*)> > > >; Buffer = pycudaboost::queue<long unsigned int, std::deque<long unsigned int, std::allocator<long unsigned int> > >; BFSVisitor = pycudaboost::bfs_visitor<pycudaboost::distance_recorder<pycudaboost::iterator_property_map<__gnu_cxx::__normal_iterator<long unsigned int*, std::vector<long unsigned int> >, pycudaboost::vec_adj_list_vertex_id_map<pycudaboost::no_property, long unsigned int>, long unsigned int, long unsigned int&>, pycudaboost::on_tree_edge> >; ColorMap = pycudaboost::two_bit_color_map<pycudaboost::vec_adj_list_vertex_id_map<pycudaboost::no_property, long unsigned int> >; typename pycudaboost::graph_traits<Graph>::vertex_descriptor = long unsigned int]’
      bpl-subset/bpl_subset/boost/graph/breadth_first_search.hpp:260:9:   required from ‘void pycudaboost::detail::bfs_helper(VertexListGraph&, typename pycudaboost::graph_traits<Graph>::vertex_descriptor, ColorMap, BFSVisitor, const pycudaboost::bgl_named_params<P, T, R>&, typename pycudaboost::enable_if_c<pycudaboost::is_base_and_derived<pycudaboost::vertex_list_graph_tag, typename pycudaboost::graph_traits<Graph>::traversal_category>::value, void>::type*) [with VertexListGraph = pycudaboost::reverse_graph<pycudaboost::adjacency_list<pycudaboost::vecS, pycudaboost::vecS, pycudaboost::bidirectionalS, pycudaboost::no_property, pycudaboost::property<pycudaboost::edge_index_t, long unsigned int, pycudaboost::property<pycudaboost::{anonymous}::edge_cast_t, void* (*)(void*)> > > >; ColorMap = pycudaboost::two_bit_color_map<pycudaboost::vec_adj_list_vertex_id_map<pycudaboost::no_property, long unsigned int> >; BFSVisitor = pycudaboost::bfs_visitor<pycudaboost::distance_recorder<pycudaboost::iterator_property_map<__gnu_cxx::__normal_iterator<long unsigned int*, std::vector<long unsigned int> >, pycudaboost::vec_adj_list_vertex_id_map<pycudaboost::no_property, long unsigned int>, long unsigned int, long unsigned int&>, pycudaboost::on_tree_edge> >; P = pycudaboost::bfs_visitor<pycudaboost::distance_recorder<pycudaboost::iterator_property_map<__gnu_cxx::__normal_iterator<long unsigned int*, std::vector<long unsigned int> >, pycudaboost::vec_adj_list_vertex_id_map<pycudaboost::no_property, long unsigned int>, long unsigned int, long unsigned int&>, pycudaboost::on_tree_edge> >; T = pycudaboost::graph_visitor_t; R = pycudaboost::no_property; typename pycudaboost::graph_traits<Graph>::vertex_descriptor = long unsigned int; typename pycudaboost::enable_if_c<pycudaboost::is_base_and_derived<pycudaboost::vertex_list_graph_tag, typename pycudaboost::graph_traits<Graph>::traversal_category>::value, void>::type = void; typename pycudaboost::graph_traits<Graph>::traversal_category = pycudaboost::bidir_adj_list_traversal_tag]’
      bpl-subset/bpl_subset/boost/graph/breadth_first_search.hpp:312:11:   required from ‘static void pycudaboost::detail::bfs_dispatch<pycudaboost::param_not_found>::apply(VertexListGraph&, typename pycudaboost::graph_traits<Graph>::vertex_descriptor, const pycudaboost::bgl_named_params<T, Tag, Base>&, pycudaboost::param_not_found) [with VertexListGraph = pycudaboost::reverse_graph<pycudaboost::adjacency_list<pycudaboost::vecS, pycudaboost::vecS, pycudaboost::bidirectionalS, pycudaboost::no_property, pycudaboost::property<pycudaboost::edge_index_t, long unsigned int, pycudaboost::property<pycudaboost::{anonymous}::edge_cast_t, void* (*)(void*)> > > >; P = pycudaboost::bfs_visitor<pycudaboost::distance_recorder<pycudaboost::iterator_property_map<__gnu_cxx::__normal_iterator<long unsigned int*, std::vector<long unsigned int> >, pycudaboost::vec_adj_list_vertex_id_map<pycudaboost::no_property, long unsigned int>, long unsigned int, long unsigned int&>, pycudaboost::on_tree_edge> >; T = pycudaboost::graph_visitor_t; R = pycudaboost::no_property; typename pycudaboost::graph_traits<Graph>::vertex_descriptor = long unsigned int]’
      bpl-subset/bpl_subset/boost/graph/breadth_first_search.hpp:339:35:   required from ‘void pycudaboost::breadth_first_search(const VertexListGraph&, typename pycudaboost::graph_traits<Graph>::vertex_descriptor, const pycudaboost::bgl_named_params<T, Tag, Base>&) [with VertexListGraph = pycudaboost::reverse_graph<pycudaboost::adjacency_list<pycudaboost::vecS, pycudaboost::vecS, pycudaboost::bidirectionalS, pycudaboost::no_property, pycudaboost::property<pycudaboost::edge_index_t, long unsigned int, pycudaboost::property<pycudaboost::{anonymous}::edge_cast_t, void* (*)(void*)> > > >; P = pycudaboost::bfs_visitor<pycudaboost::distance_recorder<pycudaboost::iterator_property_map<__gnu_cxx::__normal_iterator<long unsigned int*, std::vector<long unsigned int> >, pycudaboost::vec_adj_list_vertex_id_map<pycudaboost::no_property, long unsigned int>, long unsigned int, long unsigned int&>, pycudaboost::on_tree_edge> >; T = pycudaboost::graph_visitor_t; R = pycudaboost::no_property; typename pycudaboost::graph_traits<Graph>::vertex_descriptor = long unsigned int]’
      bpl-subset/bpl_subset/libs/python/src/object/inheritance.cpp:107:35:   required from here
      bpl-subset/bpl_subset/boost/concept/usage.hpp:22:48: warning: ‘this’ pointer is null [-Wnonnull]
         22 |     ~usage_requirements() { ((Model*)0)->~Model(); }
            |                             ~~~~~~~~~~~~~~~~~~~^~
      bpl-subset/bpl_subset/boost/concept/usage.hpp:36:7: note: in a call to non-static member function ‘pycudaboost::concepts::Graph<G>::~Graph() [with G = pycudaboost::reverse_graph<pycudaboost::adjacency_list<pycudaboost::vecS, pycudaboost::vecS, pycudaboost::bidirectionalS, pycudaboost::no_property, pycudaboost::property<pycudaboost::edge_index_t, long unsigned int, pycudaboost::property<pycudaboost::{anonymous}::edge_cast_t, void* (*)(void*)> > > >]’
         36 |       ~model()
            |       ^
      bpl-subset/bpl_subset/boost/graph/graph_concepts.hpp:65:9: note: in expansion of macro ‘BOOST_CONCEPT_USAGE’
         65 |         BOOST_CONCEPT_USAGE(Graph)
            |         ^~~~~~~~~~~~~~~~~~~
      bpl-subset/bpl_subset/boost/concept/usage.hpp: In instantiation of ‘pycudaboost::concepts::usage_requirements<Model>::~usage_requirements() [with Model = pycudaboost::concepts::IncidenceGraph<pycudaboost::reverse_graph<pycudaboost::adjacency_list<pycudaboost::vecS, pycudaboost::vecS, pycudaboost::bidirectionalS, pycudaboost::no_property, pycudaboost::property<pycudaboost::edge_index_t, long unsigned int, pycudaboost::property<pycudaboost::{anonymous}::edge_cast_t, void* (*)(void*)> > > > >]’:
      bpl-subset/bpl_subset/boost/concept/detail/general.hpp:38:47:   required from ‘static void pycudaboost::concepts::requirement<pycudaboost::concepts::failed************ Model::************>::failed() [with Model = pycudaboost::concepts::usage_requirements<pycudaboost::concepts::IncidenceGraph<pycudaboost::reverse_graph<pycudaboost::adjacency_list<pycudaboost::vecS, pycudaboost::vecS, pycudaboost::bidirectionalS, pycudaboost::no_property, pycudaboost::property<pycudaboost::edge_index_t, long unsigned int, pycudaboost::property<pycudaboost::{anonymous}::edge_cast_t, void* (*)(void*)> > > > > >]’
      bpl-subset/bpl_subset/boost/graph/graph_concepts.hpp:84:9:   required from ‘struct pycudaboost::concepts::IncidenceGraph<pycudaboost::reverse_graph<pycudaboost::adjacency_list<pycudaboost::vecS, pycudaboost::vecS, pycudaboost::bidirectionalS, pycudaboost::no_property, pycudaboost::property<pycudaboost::edge_index_t, long unsigned int, pycudaboost::property<pycudaboost::{anonymous}::edge_cast_t, void* (*)(void*)> > > > >’
      bpl-subset/bpl_subset/boost/graph/graph_concepts.hpp:74:5:   required from ‘struct pycudaboost::concepts::IncidenceGraphConcept<pycudaboost::reverse_graph<pycudaboost::adjacency_list<pycudaboost::vecS, pycudaboost::vecS, pycudaboost::bidirectionalS, pycudaboost::no_property, pycudaboost::property<pycudaboost::edge_index_t, long unsigned int, pycudaboost::property<pycudaboost::{anonymous}::edge_cast_t, void* (*)(void*)> > > > >’
      bpl-subset/bpl_subset/boost/concept/detail/has_constraints.hpp:32:62:   required by substitution of ‘template<class Model> pycudaboost::concepts::detail::yes pycudaboost::concepts::detail::has_constraints_(Model*, pycudaboost::concepts::detail::wrap_constraints<Model, (& Model::constraints)>*) [with Model = pycudaboost::concepts::IncidenceGraphConcept<pycudaboost::reverse_graph<pycudaboost::adjacency_list<pycudaboost::vecS, pycudaboost::vecS, pycudaboost::bidirectionalS, pycudaboost::no_property, pycudaboost::property<pycudaboost::edge_index_t, long unsigned int, pycudaboost::property<pycudaboost::{anonymous}::edge_cast_t, void* (*)(void*)> > > > >]’
      bpl-subset/bpl_subset/boost/concept/detail/has_constraints.hpp:42:5:   required from ‘const bool pycudaboost::concepts::not_satisfied<pycudaboost::concepts::IncidenceGraphConcept<pycudaboost::reverse_graph<pycudaboost::adjacency_list<pycudaboost::vecS, pycudaboost::vecS, pycudaboost::bidirectionalS, pycudaboost::no_property, pycudaboost::property<pycudaboost::edge_index_t, long unsigned int, pycudaboost::property<pycudaboost::{anonymous}::edge_cast_t, void* (*)(void*)> > > > > >::value’
      bpl-subset/bpl_subset/boost/concept/detail/has_constraints.hpp:45:31:   [ skipping 4 instantiation contexts, use -ftemplate-backtrace-limit=0 to disable ]
      bpl-subset/bpl_subset/boost/graph/breadth_first_search.hpp:125:24:   required from ‘void pycudaboost::breadth_first_search(const VertexListGraph&, SourceIterator, SourceIterator, Buffer&, BFSVisitor, ColorMap) [with VertexListGraph = pycudaboost::reverse_graph<pycudaboost::adjacency_list<pycudaboost::vecS, pycudaboost::vecS, pycudaboost::bidirectionalS, pycudaboost::no_property, pycudaboost::property<pycudaboost::edge_index_t, long unsigned int, pycudaboost::property<pycudaboost::{anonymous}::edge_cast_t, void* (*)(void*)> > > >; SourceIterator = long unsigned int*; Buffer = pycudaboost::queue<long unsigned int, std::deque<long unsigned int, std::allocator<long unsigned int> > >; BFSVisitor = pycudaboost::bfs_visitor<pycudaboost::distance_recorder<pycudaboost::iterator_property_map<__gnu_cxx::__normal_iterator<long unsigned int*, std::vector<long unsigned int> >, pycudaboost::vec_adj_list_vertex_id_map<pycudaboost::no_property, long unsigned int>, long unsigned int, long unsigned int&>, pycudaboost::on_tree_edge> >; ColorMap = pycudaboost::two_bit_color_map<pycudaboost::vec_adj_list_vertex_id_map<pycudaboost::no_property, long unsigned int> >]’
      bpl-subset/bpl_subset/boost/graph/breadth_first_search.hpp:136:25:   required from ‘void pycudaboost::breadth_first_search(const VertexListGraph&, typename pycudaboost::graph_traits<Graph>::vertex_descriptor, Buffer&, BFSVisitor, ColorMap) [with VertexListGraph = pycudaboost::reverse_graph<pycudaboost::adjacency_list<pycudaboost::vecS, pycudaboost::vecS, pycudaboost::bidirectionalS, pycudaboost::no_property, pycudaboost::property<pycudaboost::edge_index_t, long unsigned int, pycudaboost::property<pycudaboost::{anonymous}::edge_cast_t, void* (*)(void*)> > > >; Buffer = pycudaboost::queue<long unsigned int, std::deque<long unsigned int, std::allocator<long unsigned int> > >; BFSVisitor = pycudaboost::bfs_visitor<pycudaboost::distance_recorder<pycudaboost::iterator_property_map<__gnu_cxx::__normal_iterator<long unsigned int*, std::vector<long unsigned int> >, pycudaboost::vec_adj_list_vertex_id_map<pycudaboost::no_property, long unsigned int>, long unsigned int, long unsigned int&>, pycudaboost::on_tree_edge> >; ColorMap = pycudaboost::two_bit_color_map<pycudaboost::vec_adj_list_vertex_id_map<pycudaboost::no_property, long unsigned int> >; typename pycudaboost::graph_traits<Graph>::vertex_descriptor = long unsigned int]’
      bpl-subset/bpl_subset/boost/graph/breadth_first_search.hpp:260:9:   required from ‘void pycudaboost::detail::bfs_helper(VertexListGraph&, typename pycudaboost::graph_traits<Graph>::vertex_descriptor, ColorMap, BFSVisitor, const pycudaboost::bgl_named_params<P, T, R>&, typename pycudaboost::enable_if_c<pycudaboost::is_base_and_derived<pycudaboost::vertex_list_graph_tag, typename pycudaboost::graph_traits<Graph>::traversal_category>::value, void>::type*) [with VertexListGraph = pycudaboost::reverse_graph<pycudaboost::adjacency_list<pycudaboost::vecS, pycudaboost::vecS, pycudaboost::bidirectionalS, pycudaboost::no_property, pycudaboost::property<pycudaboost::edge_index_t, long unsigned int, pycudaboost::property<pycudaboost::{anonymous}::edge_cast_t, void* (*)(void*)> > > >; ColorMap = pycudaboost::two_bit_color_map<pycudaboost::vec_adj_list_vertex_id_map<pycudaboost::no_property, long unsigned int> >; BFSVisitor = pycudaboost::bfs_visitor<pycudaboost::distance_recorder<pycudaboost::iterator_property_map<__gnu_cxx::__normal_iterator<long unsigned int*, std::vector<long unsigned int> >, pycudaboost::vec_adj_list_vertex_id_map<pycudaboost::no_property, long unsigned int>, long unsigned int, long unsigned int&>, pycudaboost::on_tree_edge> >; P = pycudaboost::bfs_visitor<pycudaboost::distance_recorder<pycudaboost::iterator_property_map<__gnu_cxx::__normal_iterator<long unsigned int*, std::vector<long unsigned int> >, pycudaboost::vec_adj_list_vertex_id_map<pycudaboost::no_property, long unsigned int>, long unsigned int, long unsigned int&>, pycudaboost::on_tree_edge> >; T = pycudaboost::graph_visitor_t; R = pycudaboost::no_property; typename pycudaboost::graph_traits<Graph>::vertex_descriptor = long unsigned int; typename pycudaboost::enable_if_c<pycudaboost::is_base_and_derived<pycudaboost::vertex_list_graph_tag, typename pycudaboost::graph_traits<Graph>::traversal_category>::value, void>::type = void; typename pycudaboost::graph_traits<Graph>::traversal_category = pycudaboost::bidir_adj_list_traversal_tag]’
      bpl-subset/bpl_subset/boost/graph/breadth_first_search.hpp:312:11:   required from ‘static void pycudaboost::detail::bfs_dispatch<pycudaboost::param_not_found>::apply(VertexListGraph&, typename pycudaboost::graph_traits<Graph>::vertex_descriptor, const pycudaboost::bgl_named_params<T, Tag, Base>&, pycudaboost::param_not_found) [with VertexListGraph = pycudaboost::reverse_graph<pycudaboost::adjacency_list<pycudaboost::vecS, pycudaboost::vecS, pycudaboost::bidirectionalS, pycudaboost::no_property, pycudaboost::property<pycudaboost::edge_index_t, long unsigned int, pycudaboost::property<pycudaboost::{anonymous}::edge_cast_t, void* (*)(void*)> > > >; P = pycudaboost::bfs_visitor<pycudaboost::distance_recorder<pycudaboost::iterator_property_map<__gnu_cxx::__normal_iterator<long unsigned int*, std::vector<long unsigned int> >, pycudaboost::vec_adj_list_vertex_id_map<pycudaboost::no_property, long unsigned int>, long unsigned int, long unsigned int&>, pycudaboost::on_tree_edge> >; T = pycudaboost::graph_visitor_t; R = pycudaboost::no_property; typename pycudaboost::graph_traits<Graph>::vertex_descriptor = long unsigned int]’
      bpl-subset/bpl_subset/boost/graph/breadth_first_search.hpp:339:35:   required from ‘void pycudaboost::breadth_first_search(const VertexListGraph&, typename pycudaboost::graph_traits<Graph>::vertex_descriptor, const pycudaboost::bgl_named_params<T, Tag, Base>&) [with VertexListGraph = pycudaboost::reverse_graph<pycudaboost::adjacency_list<pycudaboost::vecS, pycudaboost::vecS, pycudaboost::bidirectionalS, pycudaboost::no_property, pycudaboost::property<pycudaboost::edge_index_t, long unsigned int, pycudaboost::property<pycudaboost::{anonymous}::edge_cast_t, void* (*)(void*)> > > >; P = pycudaboost::bfs_visitor<pycudaboost::distance_recorder<pycudaboost::iterator_property_map<__gnu_cxx::__normal_iterator<long unsigned int*, std::vector<long unsigned int> >, pycudaboost::vec_adj_list_vertex_id_map<pycudaboost::no_property, long unsigned int>, long unsigned int, long unsigned int&>, pycudaboost::on_tree_edge> >; T = pycudaboost::graph_visitor_t; R = pycudaboost::no_property; typename pycudaboost::graph_traits<Graph>::vertex_descriptor = long unsigned int]’
      bpl-subset/bpl_subset/libs/python/src/object/inheritance.cpp:107:35:   required from here
      bpl-subset/bpl_subset/boost/concept/usage.hpp:22:48: warning: ‘this’ pointer is null [-Wnonnull]
         22 |     ~usage_requirements() { ((Model*)0)->~Model(); }
            |                             ~~~~~~~~~~~~~~~~~~~^~
      bpl-subset/bpl_subset/boost/concept/usage.hpp:36:7: note: in a call to non-static member function ‘pycudaboost::concepts::IncidenceGraph<G>::~IncidenceGraph() [with G = pycudaboost::reverse_graph<pycudaboost::adjacency_list<pycudaboost::vecS, pycudaboost::vecS, pycudaboost::bidirectionalS, pycudaboost::no_property, pycudaboost::property<pycudaboost::edge_index_t, long unsigned int, pycudaboost::property<pycudaboost::{anonymous}::edge_cast_t, void* (*)(void*)> > > >]’
         36 |       ~model()
            |       ^
      bpl-subset/bpl_subset/boost/graph/graph_concepts.hpp:84:9: note: in expansion of macro ‘BOOST_CONCEPT_USAGE’
         84 |         BOOST_CONCEPT_USAGE(IncidenceGraph) {
            |         ^~~~~~~~~~~~~~~~~~~
      In file included from bpl-subset/bpl_subset/boost/concept/assert.hpp:36,
                       from bpl-subset/bpl_subset/boost/concept_check.hpp:20,
                       from bpl-subset/bpl_subset/boost/property_map/property_map.hpp:18,
                       from bpl-subset/bpl_subset/boost/graph/graph_concepts.hpp:17,
                       from bpl-subset/bpl_subset/boost/graph/breadth_first_search.hpp:21,
                       from bpl-subset/bpl_subset/libs/python/src/object/inheritance.cpp:7:
      bpl-subset/bpl_subset/boost/concept/detail/general.hpp: In instantiation of ‘static void pycudaboost::concepts::requirement<pycudaboost::concepts::failed************ Model::************>::failed() [with Model = pycudaboost::concepts::usage_requirements<pycudaboost::CopyConstructible<pycudaboost::bfs_visitor<pycudaboost::distance_recorder<pycudaboost::iterator_property_map<__gnu_cxx::__normal_iterator<long unsigned int*, std::vector<long unsigned int> >, pycudaboost::vec_adj_list_vertex_id_map<pycudaboost::no_property, long unsigned int>, long unsigned int, long unsigned int&>, pycudaboost::on_tree_edge> > > >]’:
      bpl-subset/bpl_subset/boost/concept_check.hpp:162:5:   required from ‘struct pycudaboost::CopyConstructible<pycudaboost::bfs_visitor<pycudaboost::distance_recorder<pycudaboost::iterator_property_map<__gnu_cxx::__normal_iterator<long unsigned int*, std::vector<long unsigned int> >, pycudaboost::vec_adj_list_vertex_id_map<pycudaboost::no_property, long unsigned int>, long unsigned int, long unsigned int&>, pycudaboost::on_tree_edge> > >’
      bpl-subset/bpl_subset/boost/concept_check.hpp:160:3:   required from ‘struct pycudaboost::CopyConstructibleConcept<pycudaboost::bfs_visitor<pycudaboost::distance_recorder<pycudaboost::iterator_property_map<__gnu_cxx::__normal_iterator<long unsigned int*, std::vector<long unsigned int> >, pycudaboost::vec_adj_list_vertex_id_map<pycudaboost::no_property, long unsigned int>, long unsigned int, long unsigned int&>, pycudaboost::on_tree_edge> > >’
      bpl-subset/bpl_subset/boost/concept/detail/has_constraints.hpp:32:62:   required by substitution of ‘template<class Model> pycudaboost::concepts::detail::yes pycudaboost::concepts::detail::has_constraints_(Model*, pycudaboost::concepts::detail::wrap_constraints<Model, (& Model::constraints)>*) [with Model = pycudaboost::CopyConstructibleConcept<pycudaboost::bfs_visitor<pycudaboost::distance_recorder<pycudaboost::iterator_property_map<__gnu_cxx::__normal_iterator<long unsigned int*, std::vector<long unsigned int> >, pycudaboost::vec_adj_list_vertex_id_map<pycudaboost::no_property, long unsigned int>, long unsigned int, long unsigned int&>, pycudaboost::on_tree_edge> > >]’
      bpl-subset/bpl_subset/boost/concept/detail/has_constraints.hpp:42:5:   required from ‘const bool pycudaboost::concepts::not_satisfied<pycudaboost::CopyConstructibleConcept<pycudaboost::bfs_visitor<pycudaboost::distance_recorder<pycudaboost::iterator_property_map<__gnu_cxx::__normal_iterator<long unsigned int*, std::vector<long unsigned int> >, pycudaboost::vec_adj_list_vertex_id_map<pycudaboost::no_property, long unsigned int>, long unsigned int, long unsigned int&>, pycudaboost::on_tree_edge> > > >::value’
      bpl-subset/bpl_subset/boost/concept/detail/has_constraints.hpp:45:31:   required from ‘struct pycudaboost::concepts::not_satisfied<pycudaboost::CopyConstructibleConcept<pycudaboost::bfs_visitor<pycudaboost::distance_recorder<pycudaboost::iterator_property_map<__gnu_cxx::__normal_iterator<long unsigned int*, std::vector<long unsigned int> >, pycudaboost::vec_adj_list_vertex_id_map<pycudaboost::no_property, long unsigned int>, long unsigned int, long unsigned int&>, pycudaboost::on_tree_edge> > > >’
      bpl-subset/bpl_subset/boost/mpl/if.hpp:63:11:   [ skipping 9 instantiation contexts, use -ftemplate-backtrace-limit=0 to disable ]
      bpl-subset/bpl_subset/boost/graph/breadth_first_search.hpp:125:24:   required from ‘void pycudaboost::breadth_first_search(const VertexListGraph&, SourceIterator, SourceIterator, Buffer&, BFSVisitor, ColorMap) [with VertexListGraph = pycudaboost::reverse_graph<pycudaboost::adjacency_list<pycudaboost::vecS, pycudaboost::vecS, pycudaboost::bidirectionalS, pycudaboost::no_property, pycudaboost::property<pycudaboost::edge_index_t, long unsigned int, pycudaboost::property<pycudaboost::{anonymous}::edge_cast_t, void* (*)(void*)> > > >; SourceIterator = long unsigned int*; Buffer = pycudaboost::queue<long unsigned int, std::deque<long unsigned int, std::allocator<long unsigned int> > >; BFSVisitor = pycudaboost::bfs_visitor<pycudaboost::distance_recorder<pycudaboost::iterator_property_map<__gnu_cxx::__normal_iterator<long unsigned int*, std::vector<long unsigned int> >, pycudaboost::vec_adj_list_vertex_id_map<pycudaboost::no_property, long unsigned int>, long unsigned int, long unsigned int&>, pycudaboost::on_tree_edge> >; ColorMap = pycudaboost::two_bit_color_map<pycudaboost::vec_adj_list_vertex_id_map<pycudaboost::no_property, long unsigned int> >]’
      bpl-subset/bpl_subset/boost/graph/breadth_first_search.hpp:136:25:   required from ‘void pycudaboost::breadth_first_search(const VertexListGraph&, typename pycudaboost::graph_traits<Graph>::vertex_descriptor, Buffer&, BFSVisitor, ColorMap) [with VertexListGraph = pycudaboost::reverse_graph<pycudaboost::adjacency_list<pycudaboost::vecS, pycudaboost::vecS, pycudaboost::bidirectionalS, pycudaboost::no_property, pycudaboost::property<pycudaboost::edge_index_t, long unsigned int, pycudaboost::property<pycudaboost::{anonymous}::edge_cast_t, void* (*)(void*)> > > >; Buffer = pycudaboost::queue<long unsigned int, std::deque<long unsigned int, std::allocator<long unsigned int> > >; BFSVisitor = pycudaboost::bfs_visitor<pycudaboost::distance_recorder<pycudaboost::iterator_property_map<__gnu_cxx::__normal_iterator<long unsigned int*, std::vector<long unsigned int> >, pycudaboost::vec_adj_list_vertex_id_map<pycudaboost::no_property, long unsigned int>, long unsigned int, long unsigned int&>, pycudaboost::on_tree_edge> >; ColorMap = pycudaboost::two_bit_color_map<pycudaboost::vec_adj_list_vertex_id_map<pycudaboost::no_property, long unsigned int> >; typename pycudaboost::graph_traits<Graph>::vertex_descriptor = long unsigned int]’
      bpl-subset/bpl_subset/boost/graph/breadth_first_search.hpp:260:9:   required from ‘void pycudaboost::detail::bfs_helper(VertexListGraph&, typename pycudaboost::graph_traits<Graph>::vertex_descriptor, ColorMap, BFSVisitor, const pycudaboost::bgl_named_params<P, T, R>&, typename pycudaboost::enable_if_c<pycudaboost::is_base_and_derived<pycudaboost::vertex_list_graph_tag, typename pycudaboost::graph_traits<Graph>::traversal_category>::value, void>::type*) [with VertexListGraph = pycudaboost::reverse_graph<pycudaboost::adjacency_list<pycudaboost::vecS, pycudaboost::vecS, pycudaboost::bidirectionalS, pycudaboost::no_property, pycudaboost::property<pycudaboost::edge_index_t, long unsigned int, pycudaboost::property<pycudaboost::{anonymous}::edge_cast_t, void* (*)(void*)> > > >; ColorMap = pycudaboost::two_bit_color_map<pycudaboost::vec_adj_list_vertex_id_map<pycudaboost::no_property, long unsigned int> >; BFSVisitor = pycudaboost::bfs_visitor<pycudaboost::distance_recorder<pycudaboost::iterator_property_map<__gnu_cxx::__normal_iterator<long unsigned int*, std::vector<long unsigned int> >, pycudaboost::vec_adj_list_vertex_id_map<pycudaboost::no_property, long unsigned int>, long unsigned int, long unsigned int&>, pycudaboost::on_tree_edge> >; P = pycudaboost::bfs_visitor<pycudaboost::distance_recorder<pycudaboost::iterator_property_map<__gnu_cxx::__normal_iterator<long unsigned int*, std::vector<long unsigned int> >, pycudaboost::vec_adj_list_vertex_id_map<pycudaboost::no_property, long unsigned int>, long unsigned int, long unsigned int&>, pycudaboost::on_tree_edge> >; T = pycudaboost::graph_visitor_t; R = pycudaboost::no_property; typename pycudaboost::graph_traits<Graph>::vertex_descriptor = long unsigned int; typename pycudaboost::enable_if_c<pycudaboost::is_base_and_derived<pycudaboost::vertex_list_graph_tag, typename pycudaboost::graph_traits<Graph>::traversal_category>::value, void>::type = void; typename pycudaboost::graph_traits<Graph>::traversal_category = pycudaboost::bidir_adj_list_traversal_tag]’
      bpl-subset/bpl_subset/boost/graph/breadth_first_search.hpp:312:11:   required from ‘static void pycudaboost::detail::bfs_dispatch<pycudaboost::param_not_found>::apply(VertexListGraph&, typename pycudaboost::graph_traits<Graph>::vertex_descriptor, const pycudaboost::bgl_named_params<T, Tag, Base>&, pycudaboost::param_not_found) [with VertexListGraph = pycudaboost::reverse_graph<pycudaboost::adjacency_list<pycudaboost::vecS, pycudaboost::vecS, pycudaboost::bidirectionalS, pycudaboost::no_property, pycudaboost::property<pycudaboost::edge_index_t, long unsigned int, pycudaboost::property<pycudaboost::{anonymous}::edge_cast_t, void* (*)(void*)> > > >; P = pycudaboost::bfs_visitor<pycudaboost::distance_recorder<pycudaboost::iterator_property_map<__gnu_cxx::__normal_iterator<long unsigned int*, std::vector<long unsigned int> >, pycudaboost::vec_adj_list_vertex_id_map<pycudaboost::no_property, long unsigned int>, long unsigned int, long unsigned int&>, pycudaboost::on_tree_edge> >; T = pycudaboost::graph_visitor_t; R = pycudaboost::no_property; typename pycudaboost::graph_traits<Graph>::vertex_descriptor = long unsigned int]’
      bpl-subset/bpl_subset/boost/graph/breadth_first_search.hpp:339:35:   required from ‘void pycudaboost::breadth_first_search(const VertexListGraph&, typename pycudaboost::graph_traits<Graph>::vertex_descriptor, const pycudaboost::bgl_named_params<T, Tag, Base>&) [with VertexListGraph = pycudaboost::reverse_graph<pycudaboost::adjacency_list<pycudaboost::vecS, pycudaboost::vecS, pycudaboost::bidirectionalS, pycudaboost::no_property, pycudaboost::property<pycudaboost::edge_index_t, long unsigned int, pycudaboost::property<pycudaboost::{anonymous}::edge_cast_t, void* (*)(void*)> > > >; P = pycudaboost::bfs_visitor<pycudaboost::distance_recorder<pycudaboost::iterator_property_map<__gnu_cxx::__normal_iterator<long unsigned int*, std::vector<long unsigned int> >, pycudaboost::vec_adj_list_vertex_id_map<pycudaboost::no_property, long unsigned int>, long unsigned int, long unsigned int&>, pycudaboost::on_tree_edge> >; T = pycudaboost::graph_visitor_t; R = pycudaboost::no_property; typename pycudaboost::graph_traits<Graph>::vertex_descriptor = long unsigned int]’
      bpl-subset/bpl_subset/libs/python/src/object/inheritance.cpp:107:35:   required from here
      bpl-subset/bpl_subset/boost/concept/detail/general.hpp:38:47: warning: ‘this’ pointer is null [-Wnonnull]
         38 |     static void failed() { ((Model*)0)->~Model(); }
            |                            ~~~~~~~~~~~~~~~~~~~^~
      In file included from bpl-subset/bpl_subset/boost/concept_check.hpp:32,
                       from bpl-subset/bpl_subset/boost/property_map/property_map.hpp:18,
                       from bpl-subset/bpl_subset/boost/graph/graph_concepts.hpp:17,
                       from bpl-subset/bpl_subset/boost/graph/breadth_first_search.hpp:21,
                       from bpl-subset/bpl_subset/libs/python/src/object/inheritance.cpp:7:
      bpl-subset/bpl_subset/boost/concept/usage.hpp:22:5: note: in a call to non-static member function ‘pycudaboost::concepts::usage_requirements<Model>::~usage_requirements() [with Model = pycudaboost::CopyConstructible<pycudaboost::bfs_visitor<pycudaboost::distance_recorder<pycudaboost::iterator_property_map<__gnu_cxx::__normal_iterator<long unsigned int*, std::vector<long unsigned int> >, pycudaboost::vec_adj_list_vertex_id_map<pycudaboost::no_property, long unsigned int>, long unsigned int, long unsigned int&>, pycudaboost::on_tree_edge> > >]’
         22 |     ~usage_requirements() { ((Model*)0)->~Model(); }
            |     ^
      In file included from bpl-subset/bpl_subset/boost/concept/assert.hpp:36,
                       from bpl-subset/bpl_subset/boost/concept_check.hpp:20,
                       from bpl-subset/bpl_subset/boost/property_map/property_map.hpp:18,
                       from bpl-subset/bpl_subset/boost/graph/graph_concepts.hpp:17,
                       from bpl-subset/bpl_subset/boost/graph/breadth_first_search.hpp:21,
                       from bpl-subset/bpl_subset/libs/python/src/object/inheritance.cpp:7:
      bpl-subset/bpl_subset/boost/concept/detail/general.hpp: In instantiation of ‘static void pycudaboost::concepts::requirement<pycudaboost::concepts::failed************ Model::************>::failed() [with Model = pycudaboost::CopyConstructibleConcept<pycudaboost::bfs_visitor<pycudaboost::distance_recorder<pycudaboost::iterator_property_map<__gnu_cxx::__normal_iterator<long unsigned int*, std::vector<long unsigned int> >, pycudaboost::vec_adj_list_vertex_id_map<pycudaboost::no_property, long unsigned int>, long unsigned int, long unsigned int&>, pycudaboost::on_tree_edge> > >]’:
      bpl-subset/bpl_subset/boost/graph/breadth_first_search.hpp:38:7:   required from ‘void pycudaboost::BFSVisitorConcept<Visitor, Graph>::constraints() [with Visitor = pycudaboost::bfs_visitor<pycudaboost::distance_recorder<pycudaboost::iterator_property_map<__gnu_cxx::__normal_iterator<long unsigned int*, std::vector<long unsigned int> >, pycudaboost::vec_adj_list_vertex_id_map<pycudaboost::no_property, long unsigned int>, long unsigned int, long unsigned int&>, pycudaboost::on_tree_edge> >; Graph = pycudaboost::reverse_graph<pycudaboost::adjacency_list<pycudaboost::vecS, pycudaboost::vecS, pycudaboost::bidirectionalS, pycudaboost::no_property, pycudaboost::property<pycudaboost::edge_index_t, long unsigned int, pycudaboost::property<pycudaboost::{anonymous}::edge_cast_t, void* (*)(void*)> > > >]’
      bpl-subset/bpl_subset/boost/concept/detail/has_constraints.hpp:32:62:   required by substitution of ‘template<class Model> pycudaboost::concepts::detail::yes pycudaboost::concepts::detail::has_constraints_(Model*, pycudaboost::concepts::detail::wrap_constraints<Model, (& Model::constraints)>*) [with Model = pycudaboost::BFSVisitorConcept<pycudaboost::bfs_visitor<pycudaboost::distance_recorder<pycudaboost::iterator_property_map<__gnu_cxx::__normal_iterator<long unsigned int*, std::vector<long unsigned int> >, pycudaboost::vec_adj_list_vertex_id_map<pycudaboost::no_property, long unsigned int>, long unsigned int, long unsigned int&>, pycudaboost::on_tree_edge> >, pycudaboost::reverse_graph<pycudaboost::adjacency_list<pycudaboost::vecS, pycudaboost::vecS, pycudaboost::bidirectionalS, pycudaboost::no_property, pycudaboost::property<pycudaboost::edge_index_t, long unsigned int, pycudaboost::property<pycudaboost::{anonymous}::edge_cast_t, void* (*)(void*)> > > > >]’
      bpl-subset/bpl_subset/boost/concept/detail/has_constraints.hpp:42:5:   required from ‘const bool pycudaboost::concepts::not_satisfied<pycudaboost::BFSVisitorConcept<pycudaboost::bfs_visitor<pycudaboost::distance_recorder<pycudaboost::iterator_property_map<__gnu_cxx::__normal_iterator<long unsigned int*, std::vector<long unsigned int> >, pycudaboost::vec_adj_list_vertex_id_map<pycudaboost::no_property, long unsigned int>, long unsigned int, long unsigned int&>, pycudaboost::on_tree_edge> >, pycudaboost::reverse_graph<pycudaboost::adjacency_list<pycudaboost::vecS, pycudaboost::vecS, pycudaboost::bidirectionalS, pycudaboost::no_property, pycudaboost::property<pycudaboost::edge_index_t, long unsigned int, pycudaboost::property<pycudaboost::{anonymous}::edge_cast_t, void* (*)(void*)> > > > > >::value’
      bpl-subset/bpl_subset/boost/concept/detail/has_constraints.hpp:45:31:   required from ‘struct pycudaboost::concepts::not_satisfied<pycudaboost::BFSVisitorConcept<pycudaboost::bfs_visitor<pycudaboost::distance_recorder<pycudaboost::iterator_property_map<__gnu_cxx::__normal_iterator<long unsigned int*, std::vector<long unsigned int> >, pycudaboost::vec_adj_list_vertex_id_map<pycudaboost::no_property, long unsigned int>, long unsigned int, long unsigned int&>, pycudaboost::on_tree_edge> >, pycudaboost::reverse_graph<pycudaboost::adjacency_list<pycudaboost::vecS, pycudaboost::vecS, pycudaboost::bidirectionalS, pycudaboost::no_property, pycudaboost::property<pycudaboost::edge_index_t, long unsigned int, pycudaboost::property<pycudaboost::{anonymous}::edge_cast_t, void* (*)(void*)> > > > > >’
      bpl-subset/bpl_subset/boost/mpl/if.hpp:63:11:   required from ‘struct pycudaboost::mpl::if_<pycudaboost::concepts::not_satisfied<pycudaboost::BFSVisitorConcept<pycudaboost::bfs_visitor<pycudaboost::distance_recorder<pycudaboost::iterator_property_map<__gnu_cxx::__normal_iterator<long unsigned int*, std::vector<long unsigned int> >, pycudaboost::vec_adj_list_vertex_id_map<pycudaboost::no_property, long unsigned int>, long unsigned int, long unsigned int&>, pycudaboost::on_tree_edge> >, pycudaboost::reverse_graph<pycudaboost::adjacency_list<pycudaboost::vecS, pycudaboost::vecS, pycudaboost::bidirectionalS, pycudaboost::no_property, pycudaboost::property<pycudaboost::edge_index_t, long unsigned int, pycudaboost::property<pycudaboost::{anonymous}::edge_cast_t, void* (*)(void*)> > > > > >, pycudaboost::concepts::constraint<pycudaboost::BFSVisitorConcept<pycudaboost::bfs_visitor<pycudaboost::distance_recorder<pycudaboost::iterator_property_map<__gnu_cxx::__normal_iterator<long unsigned int*, std::vector<long unsigned int> >, pycudaboost::vec_adj_list_vertex_id_map<pycudaboost::no_property, long unsigned int>, long unsigned int, long unsigned int&>, pycudaboost::on_tree_edge> >, pycudaboost::reverse_graph<pycudaboost::adjacency_list<pycudaboost::vecS, pycudaboost::vecS, pycudaboost::bidirectionalS, pycudaboost::no_property, pycudaboost::property<pycudaboost::edge_index_t, long unsigned int, pycudaboost::property<pycudaboost::{anonymous}::edge_cast_t, void* (*)(void*)> > > > > >, pycudaboost::concepts::requirement<pycudaboost::concepts::failed************ pycudaboost::BFSVisitorConcept<pycudaboost::bfs_visitor<pycudaboost::distance_recorder<pycudaboost::iterator_property_map<__gnu_cxx::__normal_iterator<long unsigned int*, std::vector<long unsigned int> >, pycudaboost::vec_adj_list_vertex_id_map<pycudaboost::no_property, long unsigned int>, long unsigned int, long unsigned int&>, pycudaboost::on_tree_edge> >, pycudaboost::reverse_graph<pycudaboost::adjacency_list<pycudaboost::vecS, pycudaboost::vecS, pycudaboost::bidirectionalS, pycudaboost::no_property, pycudaboost::property<pycudaboost::edge_index_t, long unsigned int, pycudaboost::property<pycudaboost::{anonymous}::edge_cast_t, void* (*)(void*)> > > > >::************> >’
      bpl-subset/bpl_subset/boost/concept/detail/general.hpp:50:8:   [ skipping 2 instantiation contexts, use -ftemplate-backtrace-limit=0 to disable ]
      bpl-subset/bpl_subset/boost/graph/breadth_first_search.hpp:125:24:   required from ‘void pycudaboost::breadth_first_search(const VertexListGraph&, SourceIterator, SourceIterator, Buffer&, BFSVisitor, ColorMap) [with VertexListGraph = pycudaboost::reverse_graph<pycudaboost::adjacency_list<pycudaboost::vecS, pycudaboost::vecS, pycudaboost::bidirectionalS, pycudaboost::no_property, pycudaboost::property<pycudaboost::edge_index_t, long unsigned int, pycudaboost::property<pycudaboost::{anonymous}::edge_cast_t, void* (*)(void*)> > > >; SourceIterator = long unsigned int*; Buffer = pycudaboost::queue<long unsigned int, std::deque<long unsigned int, std::allocator<long unsigned int> > >; BFSVisitor = pycudaboost::bfs_visitor<pycudaboost::distance_recorder<pycudaboost::iterator_property_map<__gnu_cxx::__normal_iterator<long unsigned int*, std::vector<long unsigned int> >, pycudaboost::vec_adj_list_vertex_id_map<pycudaboost::no_property, long unsigned int>, long unsigned int, long unsigned int&>, pycudaboost::on_tree_edge> >; ColorMap = pycudaboost::two_bit_color_map<pycudaboost::vec_adj_list_vertex_id_map<pycudaboost::no_property, long unsigned int> >]’
      bpl-subset/bpl_subset/boost/graph/breadth_first_search.hpp:136:25:   required from ‘void pycudaboost::breadth_first_search(const VertexListGraph&, typename pycudaboost::graph_traits<Graph>::vertex_descriptor, Buffer&, BFSVisitor, ColorMap) [with VertexListGraph = pycudaboost::reverse_graph<pycudaboost::adjacency_list<pycudaboost::vecS, pycudaboost::vecS, pycudaboost::bidirectionalS, pycudaboost::no_property, pycudaboost::property<pycudaboost::edge_index_t, long unsigned int, pycudaboost::property<pycudaboost::{anonymous}::edge_cast_t, void* (*)(void*)> > > >; Buffer = pycudaboost::queue<long unsigned int, std::deque<long unsigned int, std::allocator<long unsigned int> > >; BFSVisitor = pycudaboost::bfs_visitor<pycudaboost::distance_recorder<pycudaboost::iterator_property_map<__gnu_cxx::__normal_iterator<long unsigned int*, std::vector<long unsigned int> >, pycudaboost::vec_adj_list_vertex_id_map<pycudaboost::no_property, long unsigned int>, long unsigned int, long unsigned int&>, pycudaboost::on_tree_edge> >; ColorMap = pycudaboost::two_bit_color_map<pycudaboost::vec_adj_list_vertex_id_map<pycudaboost::no_property, long unsigned int> >; typename pycudaboost::graph_traits<Graph>::vertex_descriptor = long unsigned int]’
      bpl-subset/bpl_subset/boost/graph/breadth_first_search.hpp:260:9:   required from ‘void pycudaboost::detail::bfs_helper(VertexListGraph&, typename pycudaboost::graph_traits<Graph>::vertex_descriptor, ColorMap, BFSVisitor, const pycudaboost::bgl_named_params<P, T, R>&, typename pycudaboost::enable_if_c<pycudaboost::is_base_and_derived<pycudaboost::vertex_list_graph_tag, typename pycudaboost::graph_traits<Graph>::traversal_category>::value, void>::type*) [with VertexListGraph = pycudaboost::reverse_graph<pycudaboost::adjacency_list<pycudaboost::vecS, pycudaboost::vecS, pycudaboost::bidirectionalS, pycudaboost::no_property, pycudaboost::property<pycudaboost::edge_index_t, long unsigned int, pycudaboost::property<pycudaboost::{anonymous}::edge_cast_t, void* (*)(void*)> > > >; ColorMap = pycudaboost::two_bit_color_map<pycudaboost::vec_adj_list_vertex_id_map<pycudaboost::no_property, long unsigned int> >; BFSVisitor = pycudaboost::bfs_visitor<pycudaboost::distance_recorder<pycudaboost::iterator_property_map<__gnu_cxx::__normal_iterator<long unsigned int*, std::vector<long unsigned int> >, pycudaboost::vec_adj_list_vertex_id_map<pycudaboost::no_property, long unsigned int>, long unsigned int, long unsigned int&>, pycudaboost::on_tree_edge> >; P = pycudaboost::bfs_visitor<pycudaboost::distance_recorder<pycudaboost::iterator_property_map<__gnu_cxx::__normal_iterator<long unsigned int*, std::vector<long unsigned int> >, pycudaboost::vec_adj_list_vertex_id_map<pycudaboost::no_property, long unsigned int>, long unsigned int, long unsigned int&>, pycudaboost::on_tree_edge> >; T = pycudaboost::graph_visitor_t; R = pycudaboost::no_property; typename pycudaboost::graph_traits<Graph>::vertex_descriptor = long unsigned int; typename pycudaboost::enable_if_c<pycudaboost::is_base_and_derived<pycudaboost::vertex_list_graph_tag, typename pycudaboost::graph_traits<Graph>::traversal_category>::value, void>::type = void; typename pycudaboost::graph_traits<Graph>::traversal_category = pycudaboost::bidir_adj_list_traversal_tag]’
      bpl-subset/bpl_subset/boost/graph/breadth_first_search.hpp:312:11:   required from ‘static void pycudaboost::detail::bfs_dispatch<pycudaboost::param_not_found>::apply(VertexListGraph&, typename pycudaboost::graph_traits<Graph>::vertex_descriptor, const pycudaboost::bgl_named_params<T, Tag, Base>&, pycudaboost::param_not_found) [with VertexListGraph = pycudaboost::reverse_graph<pycudaboost::adjacency_list<pycudaboost::vecS, pycudaboost::vecS, pycudaboost::bidirectionalS, pycudaboost::no_property, pycudaboost::property<pycudaboost::edge_index_t, long unsigned int, pycudaboost::property<pycudaboost::{anonymous}::edge_cast_t, void* (*)(void*)> > > >; P = pycudaboost::bfs_visitor<pycudaboost::distance_recorder<pycudaboost::iterator_property_map<__gnu_cxx::__normal_iterator<long unsigned int*, std::vector<long unsigned int> >, pycudaboost::vec_adj_list_vertex_id_map<pycudaboost::no_property, long unsigned int>, long unsigned int, long unsigned int&>, pycudaboost::on_tree_edge> >; T = pycudaboost::graph_visitor_t; R = pycudaboost::no_property; typename pycudaboost::graph_traits<Graph>::vertex_descriptor = long unsigned int]’
      bpl-subset/bpl_subset/boost/graph/breadth_first_search.hpp:339:35:   required from ‘void pycudaboost::breadth_first_search(const VertexListGraph&, typename pycudaboost::graph_traits<Graph>::vertex_descriptor, const pycudaboost::bgl_named_params<T, Tag, Base>&) [with VertexListGraph = pycudaboost::reverse_graph<pycudaboost::adjacency_list<pycudaboost::vecS, pycudaboost::vecS, pycudaboost::bidirectionalS, pycudaboost::no_property, pycudaboost::property<pycudaboost::edge_index_t, long unsigned int, pycudaboost::property<pycudaboost::{anonymous}::edge_cast_t, void* (*)(void*)> > > >; P = pycudaboost::bfs_visitor<pycudaboost::distance_recorder<pycudaboost::iterator_property_map<__gnu_cxx::__normal_iterator<long unsigned int*, std::vector<long unsigned int> >, pycudaboost::vec_adj_list_vertex_id_map<pycudaboost::no_property, long unsigned int>, long unsigned int, long unsigned int&>, pycudaboost::on_tree_edge> >; T = pycudaboost::graph_visitor_t; R = pycudaboost::no_property; typename pycudaboost::graph_traits<Graph>::vertex_descriptor = long unsigned int]’
      bpl-subset/bpl_subset/libs/python/src/object/inheritance.cpp:107:35:   required from here
      bpl-subset/bpl_subset/boost/concept/detail/general.hpp:38:47: warning: ‘this’ pointer is null [-Wnonnull]
         38 |     static void failed() { ((Model*)0)->~Model(); }
            |                            ~~~~~~~~~~~~~~~~~~~^~
      In file included from bpl-subset/bpl_subset/boost/mpl/aux_/integral_wrapper.hpp:22,
                       from bpl-subset/bpl_subset/boost/mpl/int.hpp:20,
                       from bpl-subset/bpl_subset/boost/type_traits/detail/template_arity_spec.hpp:10,
                       from bpl-subset/bpl_subset/boost/type_traits/detail/bool_trait_def.hpp:14,
                       from bpl-subset/bpl_subset/boost/type_traits/is_same.hpp:31,
                       from bpl-subset/bpl_subset/boost/type_traits/same_traits.hpp:13,
                       from bpl-subset/bpl_subset/boost/python/type_id.hpp:17,
                       from bpl-subset/bpl_subset/boost/python/object/inheritance.hpp:8,
                       from bpl-subset/bpl_subset/libs/python/src/object/inheritance.cpp:5:
      bpl-subset/bpl_subset/boost/concept_check.hpp:160:17: note: in a call to non-static member function ‘pycudaboost::CopyConstructibleConcept<pycudaboost::bfs_visitor<pycudaboost::distance_recorder<pycudaboost::iterator_property_map<__gnu_cxx::__normal_iterator<long unsigned int*, std::vector<long unsigned int> >, pycudaboost::vec_adj_list_vertex_id_map<pycudaboost::no_property, long unsigned int>, long unsigned int, long unsigned int&>, pycudaboost::on_tree_edge> > >::~CopyConstructibleConcept()’
        160 |   BOOST_concept(CopyConstructible,(TT))
            |                 ^~~~~~~~~~~~~~~~~
      bpl-subset/bpl_subset/boost/preprocessor/cat.hpp:29:34: note: in definition of macro ‘BOOST_PP_CAT_I’
         29 | #    define BOOST_PP_CAT_I(a, b) a ## b
            |                                  ^
      bpl-subset/bpl_subset/boost/concept/detail/concept_def.hpp:39:12: note: in expansion of macro ‘BOOST_PP_CAT’
         39 |     struct BOOST_PP_CAT(name,Concept)                                           \
            |            ^~~~~~~~~~~~
      bpl-subset/bpl_subset/boost/concept_check.hpp:160:3: note: in expansion of macro ‘BOOST_concept’
        160 |   BOOST_concept(CopyConstructible,(TT))
            |   ^~~~~~~~~~~~~
      In file included from bpl-subset/bpl_subset/boost/concept/assert.hpp:36,
                       from bpl-subset/bpl_subset/boost/concept_check.hpp:20,
                       from bpl-subset/bpl_subset/boost/property_map/property_map.hpp:18,
                       from bpl-subset/bpl_subset/boost/graph/graph_concepts.hpp:17,
                       from bpl-subset/bpl_subset/boost/graph/breadth_first_search.hpp:21,
                       from bpl-subset/bpl_subset/libs/python/src/object/inheritance.cpp:7:
      bpl-subset/bpl_subset/boost/concept/detail/general.hpp: In instantiation of ‘static void pycudaboost::concepts::requirement<pycudaboost::concepts::failed************ Model::************>::failed() [with Model = pycudaboost::concepts::usage_requirements<pycudaboost::concepts::MultiPassInputIterator<pycudaboost::transform_iterator<pycudaboost::detail::reverse_graph_edge_descriptor_maker<pycudaboost::detail::edge_desc_impl<pycudaboost::bidirectional_tag, long unsigned int> >, pycudaboost::detail::in_edge_iter<__gnu_cxx::__normal_iterator<pycudaboost::detail::stored_edge_iter<long unsigned int, std::_List_iterator<pycudaboost::list_edge<long unsigned int, pycudaboost::property<pycudaboost::edge_index_t, long unsigned int, pycudaboost::property<pycudaboost::{anonymous}::edge_cast_t, void* (*)(void*)> > > >, pycudaboost::property<pycudaboost::edge_index_t, long unsigned int, pycudaboost::property<pycudaboost::{anonymous}::edge_cast_t, void* (*)(void*)> > >*, std::vector<pycudaboost::detail::stored_edge_iter<long unsigned int, std::_List_iterator<pycudaboost::list_edge<long unsigned int, pycudaboost::property<pycudaboost::edge_index_t, long unsigned int, pycudaboost::property<pycudaboost::{anonymous}::edge_cast_t, void* (*)(void*)> > > >, pycudaboost::property<pycudaboost::edge_index_t, long unsigned int, pycudaboost::property<pycudaboost::{anonymous}::edge_cast_t, void* (*)(void*)> > >, std::allocator<pycudaboost::detail::stored_edge_iter<long unsigned int, std::_List_iterator<pycudaboost::list_edge<long unsigned int, pycudaboost::property<pycudaboost::edge_index_t, long unsigned int, pycudaboost::property<pycudaboost::{anonymous}::edge_cast_t, void* (*)(void*)> > > >, pycudaboost::property<pycudaboost::edge_index_t, long unsigned int, pycudaboost::property<pycudaboost::{anonymous}::edge_cast_t, void* (*)(void*)> > > > > >, long unsigned int, pycudaboost::detail::edge_desc_impl<pycudaboost::bidirectional_tag, long unsigned int>, long int>, pycudaboost::use_default, pycudaboost::use_default> > >]’:
      bpl-subset/bpl_subset/boost/graph/graph_concepts.hpp:50:9:   required from ‘struct pycudaboost::concepts::MultiPassInputIterator<pycudaboost::transform_iterator<pycudaboost::detail::reverse_graph_edge_descriptor_maker<pycudaboost::detail::edge_desc_impl<pycudaboost::bidirectional_tag, long unsigned int> >, pycudaboost::detail::in_edge_iter<__gnu_cxx::__normal_iterator<pycudaboost::detail::stored_edge_iter<long unsigned int, std::_List_iterator<pycudaboost::list_edge<long unsigned int, pycudaboost::property<pycudaboost::edge_index_t, long unsigned int, pycudaboost::property<pycudaboost::{anonymous}::edge_cast_t, void* (*)(void*)> > > >, pycudaboost::property<pycudaboost::edge_index_t, long unsigned int, pycudaboost::property<pycudaboost::{anonymous}::edge_cast_t, void* (*)(void*)> > >*, std::vector<pycudaboost::detail::stored_edge_iter<long unsigned int, std::_List_iterator<pycudaboost::list_edge<long unsigned int, pycudaboost::property<pycudaboost::edge_index_t, long unsigned int, pycudaboost::property<pycudaboost::{anonymous}::edge_cast_t, void* (*)(void*)> > > >, pycudaboost::property<pycudaboost::edge_index_t, long unsigned int, pycudaboost::property<pycudaboost::{anonymous}::edge_cast_t, void* (*)(void*)> > >, std::allocator<pycudaboost::detail::stored_edge_iter<long unsigned int, std::_List_iterator<pycudaboost::list_edge<long unsigned int, pycudaboost::property<pycudaboost::edge_index_t, long unsigned int, pycudaboost::property<pycudaboost::{anonymous}::edge_cast_t, void* (*)(void*)> > > >, pycudaboost::property<pycudaboost::edge_index_t, long unsigned int, pycudaboost::property<pycudaboost::{anonymous}::edge_cast_t, void* (*)(void*)> > > > > >, long unsigned int, pycudaboost::detail::edge_desc_impl<pycudaboost::bidirectional_tag, long unsigned int>, long int>, pycudaboost::use_default, pycudaboost::use_default> >’
      bpl-subset/bpl_subset/boost/concept/detail/has_constraints.hpp:32:62:   required by substitution of ‘template<class Model> pycudaboost::concepts::detail::yes pycudaboost::concepts::detail::has_constraints_(Model*, pycudaboost::concepts::detail::wrap_constraints<Model, (& Model::constraints)>*) [with Model = pycudaboost::concepts::MultiPassInputIterator<pycudaboost::transform_iterator<pycudaboost::detail::reverse_graph_edge_descriptor_maker<pycudaboost::detail::edge_desc_impl<pycudaboost::bidirectional_tag, long unsigned int> >, pycudaboost::detail::in_edge_iter<__gnu_cxx::__normal_iterator<pycudaboost::detail::stored_edge_iter<long unsigned int, std::_List_iterator<pycudaboost::list_edge<long unsigned int, pycudaboost::property<pycudaboost::edge_index_t, long unsigned int, pycudaboost::property<pycudaboost::{anonymous}::edge_cast_t, void* (*)(void*)> > > >, pycudaboost::property<pycudaboost::edge_index_t, long unsigned int, pycudaboost::property<pycudaboost::{anonymous}::edge_cast_t, void* (*)(void*)> > >*, std::vector<pycudaboost::detail::stored_edge_iter<long unsigned int, std::_List_iterator<pycudaboost::list_edge<long unsigned int, pycudaboost::property<pycudaboost::edge_index_t, long unsigned int, pycudaboost::property<pycudaboost::{anonymous}::edge_cast_t, void* (*)(void*)> > > >, pycudaboost::property<pycudaboost::edge_index_t, long unsigned int, pycudaboost::property<pycudaboost::{anonymous}::edge_cast_t, void* (*)(void*)> > >, std::allocator<pycudaboost::detail::stored_edge_iter<long unsigned int, std::_List_iterator<pycudaboost::list_edge<long unsigned int, pycudaboost::property<pycudaboost::edge_index_t, long unsigned int, pycudaboost::property<pycudaboost::{anonymous}::edge_cast_t, void* (*)(void*)> > > >, pycudaboost::property<pycudaboost::edge_index_t, long unsigned int, pycudaboost::property<pycudaboost::{anonymous}::edge_cast_t, void* (*)(void*)> > > > > >, long unsigned int, pycudaboost::detail::edge_desc_impl<pycudaboost::bidirectional_tag, long unsigned int>, long int>, pycudaboost::use_default, pycudaboost::use_default> >]’
      bpl-subset/bpl_subset/boost/concept/detail/has_constraints.hpp:42:5:   required from ‘const bool pycudaboost::concepts::not_satisfied<pycudaboost::concepts::MultiPassInputIterator<pycudaboost::transform_iterator<pycudaboost::detail::reverse_graph_edge_descriptor_maker<pycudaboost::detail::edge_desc_impl<pycudaboost::bidirectional_tag, long unsigned int> >, pycudaboost::detail::in_edge_iter<__gnu_cxx::__normal_iterator<pycudaboost::detail::stored_edge_iter<long unsigned int, std::_List_iterator<pycudaboost::list_edge<long unsigned int, pycudaboost::property<pycudaboost::edge_index_t, long unsigned int, pycudaboost::property<pycudaboost::{anonymous}::edge_cast_t, void* (*)(void*)> > > >, pycudaboost::property<pycudaboost::edge_index_t, long unsigned int, pycudaboost::property<pycudaboost::{anonymous}::edge_cast_t, void* (*)(void*)> > >*, std::vector<pycudaboost::detail::stored_edge_iter<long unsigned int, std::_List_iterator<pycudaboost::list_edge<long unsigned int, pycudaboost::property<pycudaboost::edge_index_t, long unsigned int, pycudaboost::property<pycudaboost::{anonymous}::edge_cast_t, void* (*)(void*)> > > >, pycudaboost::property<pycudaboost::edge_index_t, long unsigned int, pycudaboost::property<pycudaboost::{anonymous}::edge_cast_t, void* (*)(void*)> > >, std::allocator<pycudaboost::detail::stored_edge_iter<long unsigned int, std::_List_iterator<pycudaboost::list_edge<long unsigned int, pycudaboost::property<pycudaboost::edge_index_t, long unsigned int, pycudaboost::property<pycudaboost::{anonymous}::edge_cast_t, void* (*)(void*)> > > >, pycudaboost::property<pycudaboost::edge_index_t, long unsigned int, pycudaboost::property<pycudaboost::{anonymous}::edge_cast_t, void* (*)(void*)> > > > > >, long unsigned int, pycudaboost::detail::edge_desc_impl<pycudaboost::bidirectional_tag, long unsigned int>, long int>, pycudaboost::use_default, pycudaboost::use_default> > >::value’
      bpl-subset/bpl_subset/boost/concept/detail/has_constraints.hpp:45:31:   required from ‘struct pycudaboost::concepts::not_satisfied<pycudaboost::concepts::MultiPassInputIterator<pycudaboost::transform_iterator<pycudaboost::detail::reverse_graph_edge_descriptor_maker<pycudaboost::detail::edge_desc_impl<pycudaboost::bidirectional_tag, long unsigned int> >, pycudaboost::detail::in_edge_iter<__gnu_cxx::__normal_iterator<pycudaboost::detail::stored_edge_iter<long unsigned int, std::_List_iterator<pycudaboost::list_edge<long unsigned int, pycudaboost::property<pycudaboost::edge_index_t, long unsigned int, pycudaboost::property<pycudaboost::{anonymous}::edge_cast_t, void* (*)(void*)> > > >, pycudaboost::property<pycudaboost::edge_index_t, long unsigned int, pycudaboost::property<pycudaboost::{anonymous}::edge_cast_t, void* (*)(void*)> > >*, std::vector<pycudaboost::detail::stored_edge_iter<long unsigned int, std::_List_iterator<pycudaboost::list_edge<long unsigned int, pycudaboost::property<pycudaboost::edge_index_t, long unsigned int, pycudaboost::property<pycudaboost::{anonymous}::edge_cast_t, void* (*)(void*)> > > >, pycudaboost::property<pycudaboost::edge_index_t, long unsigned int, pycudaboost::property<pycudaboost::{anonymous}::edge_cast_t, void* (*)(void*)> > >, std::allocator<pycudaboost::detail::stored_edge_iter<long unsigned int, std::_List_iterator<pycudaboost::list_edge<long unsigned int, pycudaboost::property<pycudaboost::edge_index_t, long unsigned int, pycudaboost::property<pycudaboost::{anonymous}::edge_cast_t, void* (*)(void*)> > > >, pycudaboost::property<pycudaboost::edge_index_t, long unsigned int, pycudaboost::property<pycudaboost::{anonymous}::edge_cast_t, void* (*)(void*)> > > > > >, long unsigned int, pycudaboost::detail::edge_desc_impl<pycudaboost::bidirectional_tag, long unsigned int>, long int>, pycudaboost::use_default, pycudaboost::use_default> > >’
      bpl-subset/bpl_subset/boost/mpl/if.hpp:63:11:   required from ‘struct pycudaboost::mpl::if_<pycudaboost::concepts::not_satisfied<pycudaboost::concepts::MultiPassInputIterator<pycudaboost::transform_iterator<pycudaboost::detail::reverse_graph_edge_descriptor_maker<pycudaboost::detail::edge_desc_impl<pycudaboost::bidirectional_tag, long unsigned int> >, pycudaboost::detail::in_edge_iter<__gnu_cxx::__normal_iterator<pycudaboost::detail::stored_edge_iter<long unsigned int, std::_List_iterator<pycudaboost::list_edge<long unsigned int, pycudaboost::property<pycudaboost::edge_index_t, long unsigned int, pycudaboost::property<pycudaboost::{anonymous}::edge_cast_t, void* (*)(void*)> > > >, pycudaboost::property<pycudaboost::edge_index_t, long unsigned int, pycudaboost::property<pycudaboost::{anonymous}::edge_cast_t, void* (*)(void*)> > >*, std::vector<pycudaboost::detail::stored_edge_iter<long unsigned int, std::_List_iterator<pycudaboost::list_edge<long unsigned int, pycudaboost::property<pycudaboost::edge_index_t, long unsigned int, pycudaboost::property<pycudaboost::{anonymous}::edge_cast_t, void* (*)(void*)> > > >, pycudaboost::property<pycudaboost::edge_index_t, long unsigned int, pycudaboost::property<pycudaboost::{anonymous}::edge_cast_t, void* (*)(void*)> > >, std::allocator<pycudaboost::detail::stored_edge_iter<long unsigned int, std::_List_iterator<pycudaboost::list_edge<long unsigned int, pycudaboost::property<pycudaboost::edge_index_t, long unsigned int, pycudaboost::property<pycudaboost::{anonymous}::edge_cast_t, void* (*)(void*)> > > >, pycudaboost::property<pycudaboost::edge_index_t, long unsigned int, pycudaboost::property<pycudaboost::{anonymous}::edge_cast_t, void* (*)(void*)> > > > > >, long unsigned int, pycudaboost::detail::edge_desc_impl<pycudaboost::bidirectional_tag, long unsigned int>, long int>, pycudaboost::use_default, pycudaboost::use_default> > >, pycudaboost::concepts::constraint<pycudaboost::concepts::MultiPassInputIterator<pycudaboost::transform_iterator<pycudaboost::detail::reverse_graph_edge_descriptor_maker<pycudaboost::detail::edge_desc_impl<pycudaboost::bidirectional_tag, long unsigned int> >, pycudaboost::detail::in_edge_iter<__gnu_cxx::__normal_iterator<pycudaboost::detail::stored_edge_iter<long unsigned int, std::_List_iterator<pycudaboost::list_edge<long unsigned int, pycudaboost::property<pycudaboost::edge_index_t, long unsigned int, pycudaboost::property<pycudaboost::{anonymous}::edge_cast_t, void* (*)(void*)> > > >, pycudaboost::property<pycudaboost::edge_index_t, long unsigned int, pycudaboost::property<pycudaboost::{anonymous}::edge_cast_t, void* (*)(void*)> > >*, std::vector<pycudaboost::detail::stored_edge_iter<long unsigned int, std::_List_iterator<pycudaboost::list_edge<long unsigned int, pycudaboost::property<pycudaboost::edge_index_t, long unsigned int, pycudaboost::property<pycudaboost::{anonymous}::edge_cast_t, void* (*)(void*)> > > >, pycudaboost::property<pycudaboost::edge_index_t, long unsigned int, pycudaboost::property<pycudaboost::{anonymous}::edge_cast_t, void* (*)(void*)> > >, std::allocator<pycudaboost::detail::stored_edge_iter<long unsigned int, std::_List_iterator<pycudaboost::list_edge<long unsigned int, pycudaboost::property<pycudaboost::edge_index_t, long unsigned int, pycudaboost::property<pycudaboost::{anonymous}::edge_cast_t, void* (*)(void*)> > > >, pycudaboost::property<pycudaboost::edge_index_t, long unsigned int, pycudaboost::property<pycudaboost::{anonymous}::edge_cast_t, void* (*)(void*)> > > > > >, long unsigned int, pycudaboost::detail::edge_desc_impl<pycudaboost::bidirectional_tag, long unsigned int>, long int>, pycudaboost::use_default, pycudaboost::use_default> > >, pycudaboost::concepts::requirement<pycudaboost::concepts::failed************ pycudaboost::concepts::MultiPassInputIterator<pycudaboost::transform_iterator<pycudaboost::detail::reverse_graph_edge_descriptor_maker<pycudaboost::detail::edge_desc_impl<pycudaboost::bidirectional_tag, long unsigned int> >, pycudaboost::detail::in_edge_iter<__gnu_cxx::__normal_iterator<pycudaboost::detail::stored_edge_iter<long unsigned int, std::_List_iterator<pycudaboost::list_edge<long unsigned int, pycudaboost::property<pycudaboost::edge_index_t, long unsigned int, pycudaboost::property<pycudaboost::{anonymous}::edge_cast_t, void* (*)(void*)> > > >, pycudaboost::property<pycudaboost::edge_index_t, long unsigned int, pycudaboost::property<pycudaboost::{anonymous}::edge_cast_t, void* (*)(void*)> > >*, std::vector<pycudaboost::detail::stored_edge_iter<long unsigned int, std::_List_iterator<pycudaboost::list_edge<long unsigned int, pycudaboost::property<pycudaboost::edge_index_t, long unsigned int, pycudaboost::property<pycudaboost::{anonymous}::edge_cast_t, void* (*)(void*)> > > >, pycudaboost::property<pycudaboost::edge_index_t, long unsigned int, pycudaboost::property<pycudaboost::{anonymous}::edge_cast_t, void* (*)(void*)> > >, std::allocator<pycudaboost::detail::stored_edge_iter<long unsigned int, std::_List_iterator<pycudaboost::list_edge<long unsigned int, pycudaboost::property<pycudaboost::edge_index_t, long unsigned int, pycudaboost::property<pycudaboost::{anonymous}::edge_cast_t, void* (*)(void*)> > > >, pycudaboost::property<pycudaboost::edge_index_t, long unsigned int, pycudaboost::property<pycudaboost::{anonymous}::edge_cast_t, void* (*)(void*)> > > > > >, long unsigned int, pycudaboost::detail::edge_desc_impl<pycudaboost::bidirectional_tag, long unsigned int>, long int>, pycudaboost::use_default, pycudaboost::use_default> >::************> >’
      bpl-subset/bpl_subset/boost/concept/detail/general.hpp:50:8:   [ skipping 4 instantiation contexts, use -ftemplate-backtrace-limit=0 to disable ]
      bpl-subset/bpl_subset/boost/graph/breadth_first_search.hpp:125:24:   required from ‘void pycudaboost::breadth_first_search(const VertexListGraph&, SourceIterator, SourceIterator, Buffer&, BFSVisitor, ColorMap) [with VertexListGraph = pycudaboost::reverse_graph<pycudaboost::adjacency_list<pycudaboost::vecS, pycudaboost::vecS, pycudaboost::bidirectionalS, pycudaboost::no_property, pycudaboost::property<pycudaboost::edge_index_t, long unsigned int, pycudaboost::property<pycudaboost::{anonymous}::edge_cast_t, void* (*)(void*)> > > >; SourceIterator = long unsigned int*; Buffer = pycudaboost::queue<long unsigned int, std::deque<long unsigned int, std::allocator<long unsigned int> > >; BFSVisitor = pycudaboost::bfs_visitor<pycudaboost::distance_recorder<pycudaboost::iterator_property_map<__gnu_cxx::__normal_iterator<long unsigned int*, std::vector<long unsigned int> >, pycudaboost::vec_adj_list_vertex_id_map<pycudaboost::no_property, long unsigned int>, long unsigned int, long unsigned int&>, pycudaboost::on_tree_edge> >; ColorMap = pycudaboost::two_bit_color_map<pycudaboost::vec_adj_list_vertex_id_map<pycudaboost::no_property, long unsigned int> >]’
      bpl-subset/bpl_subset/boost/graph/breadth_first_search.hpp:136:25:   required from ‘void pycudaboost::breadth_first_search(const VertexListGraph&, typename pycudaboost::graph_traits<Graph>::vertex_descriptor, Buffer&, BFSVisitor, ColorMap) [with VertexListGraph = pycudaboost::reverse_graph<pycudaboost::adjacency_list<pycudaboost::vecS, pycudaboost::vecS, pycudaboost::bidirectionalS, pycudaboost::no_property, pycudaboost::property<pycudaboost::edge_index_t, long unsigned int, pycudaboost::property<pycudaboost::{anonymous}::edge_cast_t, void* (*)(void*)> > > >; Buffer = pycudaboost::queue<long unsigned int, std::deque<long unsigned int, std::allocator<long unsigned int> > >; BFSVisitor = pycudaboost::bfs_visitor<pycudaboost::distance_recorder<pycudaboost::iterator_property_map<__gnu_cxx::__normal_iterator<long unsigned int*, std::vector<long unsigned int> >, pycudaboost::vec_adj_list_vertex_id_map<pycudaboost::no_property, long unsigned int>, long unsigned int, long unsigned int&>, pycudaboost::on_tree_edge> >; ColorMap = pycudaboost::two_bit_color_map<pycudaboost::vec_adj_list_vertex_id_map<pycudaboost::no_property, long unsigned int> >; typename pycudaboost::graph_traits<Graph>::vertex_descriptor = long unsigned int]’
      bpl-subset/bpl_subset/boost/graph/breadth_first_search.hpp:260:9:   required from ‘void pycudaboost::detail::bfs_helper(VertexListGraph&, typename pycudaboost::graph_traits<Graph>::vertex_descriptor, ColorMap, BFSVisitor, const pycudaboost::bgl_named_params<P, T, R>&, typename pycudaboost::enable_if_c<pycudaboost::is_base_and_derived<pycudaboost::vertex_list_graph_tag, typename pycudaboost::graph_traits<Graph>::traversal_category>::value, void>::type*) [with VertexListGraph = pycudaboost::reverse_graph<pycudaboost::adjacency_list<pycudaboost::vecS, pycudaboost::vecS, pycudaboost::bidirectionalS, pycudaboost::no_property, pycudaboost::property<pycudaboost::edge_index_t, long unsigned int, pycudaboost::property<pycudaboost::{anonymous}::edge_cast_t, void* (*)(void*)> > > >; ColorMap = pycudaboost::two_bit_color_map<pycudaboost::vec_adj_list_vertex_id_map<pycudaboost::no_property, long unsigned int> >; BFSVisitor = pycudaboost::bfs_visitor<pycudaboost::distance_recorder<pycudaboost::iterator_property_map<__gnu_cxx::__normal_iterator<long unsigned int*, std::vector<long unsigned int> >, pycudaboost::vec_adj_list_vertex_id_map<pycudaboost::no_property, long unsigned int>, long unsigned int, long unsigned int&>, pycudaboost::on_tree_edge> >; P = pycudaboost::bfs_visitor<pycudaboost::distance_recorder<pycudaboost::iterator_property_map<__gnu_cxx::__normal_iterator<long unsigned int*, std::vector<long unsigned int> >, pycudaboost::vec_adj_list_vertex_id_map<pycudaboost::no_property, long unsigned int>, long unsigned int, long unsigned int&>, pycudaboost::on_tree_edge> >; T = pycudaboost::graph_visitor_t; R = pycudaboost::no_property; typename pycudaboost::graph_traits<Graph>::vertex_descriptor = long unsigned int; typename pycudaboost::enable_if_c<pycudaboost::is_base_and_derived<pycudaboost::vertex_list_graph_tag, typename pycudaboost::graph_traits<Graph>::traversal_category>::value, void>::type = void; typename pycudaboost::graph_traits<Graph>::traversal_category = pycudaboost::bidir_adj_list_traversal_tag]’
      bpl-subset/bpl_subset/boost/graph/breadth_first_search.hpp:312:11:   required from ‘static void pycudaboost::detail::bfs_dispatch<pycudaboost::param_not_found>::apply(VertexListGraph&, typename pycudaboost::graph_traits<Graph>::vertex_descriptor, const pycudaboost::bgl_named_params<T, Tag, Base>&, pycudaboost::param_not_found) [with VertexListGraph = pycudaboost::reverse_graph<pycudaboost::adjacency_list<pycudaboost::vecS, pycudaboost::vecS, pycudaboost::bidirectionalS, pycudaboost::no_property, pycudaboost::property<pycudaboost::edge_index_t, long unsigned int, pycudaboost::property<pycudaboost::{anonymous}::edge_cast_t, void* (*)(void*)> > > >; P = pycudaboost::bfs_visitor<pycudaboost::distance_recorder<pycudaboost::iterator_property_map<__gnu_cxx::__normal_iterator<long unsigned int*, std::vector<long unsigned int> >, pycudaboost::vec_adj_list_vertex_id_map<pycudaboost::no_property, long unsigned int>, long unsigned int, long unsigned int&>, pycudaboost::on_tree_edge> >; T = pycudaboost::graph_visitor_t; R = pycudaboost::no_property; typename pycudaboost::graph_traits<Graph>::vertex_descriptor = long unsigned int]’
      bpl-subset/bpl_subset/boost/graph/breadth_first_search.hpp:339:35:   required from ‘void pycudaboost::breadth_first_search(const VertexListGraph&, typename pycudaboost::graph_traits<Graph>::vertex_descriptor, const pycudaboost::bgl_named_params<T, Tag, Base>&) [with VertexListGraph = pycudaboost::reverse_graph<pycudaboost::adjacency_list<pycudaboost::vecS, pycudaboost::vecS, pycudaboost::bidirectionalS, pycudaboost::no_property, pycudaboost::property<pycudaboost::edge_index_t, long unsigned int, pycudaboost::property<pycudaboost::{anonymous}::edge_cast_t, void* (*)(void*)> > > >; P = pycudaboost::bfs_visitor<pycudaboost::distance_recorder<pycudaboost::iterator_property_map<__gnu_cxx::__normal_iterator<long unsigned int*, std::vector<long unsigned int> >, pycudaboost::vec_adj_list_vertex_id_map<pycudaboost::no_property, long unsigned int>, long unsigned int, long unsigned int&>, pycudaboost::on_tree_edge> >; T = pycudaboost::graph_visitor_t; R = pycudaboost::no_property; typename pycudaboost::graph_traits<Graph>::vertex_descriptor = long unsigned int]’
      bpl-subset/bpl_subset/libs/python/src/object/inheritance.cpp:107:35:   required from here
      bpl-subset/bpl_subset/boost/concept/detail/general.hpp:38:47: warning: ‘this’ pointer is null [-Wnonnull]
         38 |     static void failed() { ((Model*)0)->~Model(); }
            |                            ~~~~~~~~~~~~~~~~~~~^~
      In file included from bpl-subset/bpl_subset/boost/concept_check.hpp:32,
                       from bpl-subset/bpl_subset/boost/property_map/property_map.hpp:18,
                       from bpl-subset/bpl_subset/boost/graph/graph_concepts.hpp:17,
                       from bpl-subset/bpl_subset/boost/graph/breadth_first_search.hpp:21,
                       from bpl-subset/bpl_subset/libs/python/src/object/inheritance.cpp:7:
      bpl-subset/bpl_subset/boost/concept/usage.hpp:22:5: note: in a call to non-static member function ‘pycudaboost::concepts::usage_requirements<Model>::~usage_requirements() [with Model = pycudaboost::concepts::MultiPassInputIterator<pycudaboost::transform_iterator<pycudaboost::detail::reverse_graph_edge_descriptor_maker<pycudaboost::detail::edge_desc_impl<pycudaboost::bidirectional_tag, long unsigned int> >, pycudaboost::detail::in_edge_iter<__gnu_cxx::__normal_iterator<pycudaboost::detail::stored_edge_iter<long unsigned int, std::_List_iterator<pycudaboost::list_edge<long unsigned int, pycudaboost::property<pycudaboost::edge_index_t, long unsigned int, pycudaboost::property<pycudaboost::{anonymous}::edge_cast_t, void* (*)(void*)> > > >, pycudaboost::property<pycudaboost::edge_index_t, long unsigned int, pycudaboost::property<pycudaboost::{anonymous}::edge_cast_t, void* (*)(void*)> > >*, std::vector<pycudaboost::detail::stored_edge_iter<long unsigned int, std::_List_iterator<pycudaboost::list_edge<long unsigned int, pycudaboost::property<pycudaboost::edge_index_t, long unsigned int, pycudaboost::property<pycudaboost::{anonymous}::edge_cast_t, void* (*)(void*)> > > >, pycudaboost::property<pycudaboost::edge_index_t, long unsigned int, pycudaboost::property<pycudaboost::{anonymous}::edge_cast_t, void* (*)(void*)> > >, std::allocator<pycudaboost::detail::stored_edge_iter<long unsigned int, std::_List_iterator<pycudaboost::list_edge<long unsigned int, pycudaboost::property<pycudaboost::edge_index_t, long unsigned int, pycudaboost::property<pycudaboost::{anonymous}::edge_cast_t, void* (*)(void*)> > > >, pycudaboost::property<pycudaboost::edge_index_t, long unsigned int, pycudaboost::property<pycudaboost::{anonymous}::edge_cast_t, void* (*)(void*)> > > > > >, long unsigned int, pycudaboost::detail::edge_desc_impl<pycudaboost::bidirectional_tag, long unsigned int>, long int>, pycudaboost::use_default, pycudaboost::use_default> >]’
         22 |     ~usage_requirements() { ((Model*)0)->~Model(); }
            |     ^
      In file included from bpl-subset/bpl_subset/boost/concept/assert.hpp:36,
                       from bpl-subset/bpl_subset/boost/concept_check.hpp:20,
                       from bpl-subset/bpl_subset/boost/property_map/property_map.hpp:18,
                       from bpl-subset/bpl_subset/boost/graph/graph_concepts.hpp:17,
                       from bpl-subset/bpl_subset/boost/graph/breadth_first_search.hpp:21,
                       from bpl-subset/bpl_subset/libs/python/src/object/inheritance.cpp:7:
      bpl-subset/bpl_subset/boost/concept/detail/general.hpp: In instantiation of ‘static void pycudaboost::concepts::requirement<pycudaboost::concepts::failed************ Model::************>::failed() [with Model = pycudaboost::concepts::MultiPassInputIterator<pycudaboost::transform_iterator<pycudaboost::detail::reverse_graph_edge_descriptor_maker<pycudaboost::detail::edge_desc_impl<pycudaboost::bidirectional_tag, long unsigned int> >, pycudaboost::detail::in_edge_iter<__gnu_cxx::__normal_iterator<pycudaboost::detail::stored_edge_iter<long unsigned int, std::_List_iterator<pycudaboost::list_edge<long unsigned int, pycudaboost::property<pycudaboost::edge_index_t, long unsigned int, pycudaboost::property<pycudaboost::{anonymous}::edge_cast_t, void* (*)(void*)> > > >, pycudaboost::property<pycudaboost::edge_index_t, long unsigned int, pycudaboost::property<pycudaboost::{anonymous}::edge_cast_t, void* (*)(void*)> > >*, std::vector<pycudaboost::detail::stored_edge_iter<long unsigned int, std::_List_iterator<pycudaboost::list_edge<long unsigned int, pycudaboost::property<pycudaboost::edge_index_t, long unsigned int, pycudaboost::property<pycudaboost::{anonymous}::edge_cast_t, void* (*)(void*)> > > >, pycudaboost::property<pycudaboost::edge_index_t, long unsigned int, pycudaboost::property<pycudaboost::{anonymous}::edge_cast_t, void* (*)(void*)> > >, std::allocator<pycudaboost::detail::stored_edge_iter<long unsigned int, std::_List_iterator<pycudaboost::list_edge<long unsigned int, pycudaboost::property<pycudaboost::edge_index_t, long unsigned int, pycudaboost::property<pycudaboost::{anonymous}::edge_cast_t, void* (*)(void*)> > > >, pycudaboost::property<pycudaboost::edge_index_t, long unsigned int, pycudaboost::property<pycudaboost::{anonymous}::edge_cast_t, void* (*)(void*)> > > > > >, long unsigned int, pycudaboost::detail::edge_desc_impl<pycudaboost::bidirectional_tag, long unsigned int>, long int>, pycudaboost::use_default, pycudaboost::use_default> >]’:
      bpl-subset/bpl_subset/boost/graph/graph_concepts.hpp:85:13:   required from ‘pycudaboost::concepts::IncidenceGraph<G>::~IncidenceGraph() [with G = pycudaboost::reverse_graph<pycudaboost::adjacency_list<pycudaboost::vecS, pycudaboost::vecS, pycudaboost::bidirectionalS, pycudaboost::no_property, pycudaboost::property<pycudaboost::edge_index_t, long unsigned int, pycudaboost::property<pycudaboost::{anonymous}::edge_cast_t, void* (*)(void*)> > > >]’
      bpl-subset/bpl_subset/boost/graph/graph_concepts.hpp:74:5:   required from ‘static void pycudaboost::concepts::requirement<pycudaboost::concepts::failed************ Model::************>::failed() [with Model = pycudaboost::concepts::IncidenceGraphConcept<pycudaboost::reverse_graph<pycudaboost::adjacency_list<pycudaboost::vecS, pycudaboost::vecS, pycudaboost::bidirectionalS, pycudaboost::no_property, pycudaboost::property<pycudaboost::edge_index_t, long unsigned int, pycudaboost::property<pycudaboost::{anonymous}::edge_cast_t, void* (*)(void*)> > > > >]’
      bpl-subset/bpl_subset/boost/graph/breadth_first_search.hpp:64:5:   required from ‘void pycudaboost::breadth_first_visit(const IncidenceGraph&, SourceIterator, SourceIterator, Buffer&, BFSVisitor, ColorMap) [with IncidenceGraph = pycudaboost::reverse_graph<pycudaboost::adjacency_list<pycudaboost::vecS, pycudaboost::vecS, pycudaboost::bidirectionalS, pycudaboost::no_property, pycudaboost::property<pycudaboost::edge_index_t, long unsigned int, pycudaboost::property<pycudaboost::{anonymous}::edge_cast_t, void* (*)(void*)> > > >; Buffer = pycudaboost::queue<long unsigned int, std::deque<long unsigned int, std::allocator<long unsigned int> > >; BFSVisitor = pycudaboost::bfs_visitor<pycudaboost::distance_recorder<pycudaboost::iterator_property_map<__gnu_cxx::__normal_iterator<long unsigned int*, std::vector<long unsigned int> >, pycudaboost::vec_adj_list_vertex_id_map<pycudaboost::no_property, long unsigned int>, long unsigned int, long unsigned int&>, pycudaboost::on_tree_edge> >; ColorMap = pycudaboost::two_bit_color_map<pycudaboost::vec_adj_list_vertex_id_map<pycudaboost::no_property, long unsigned int> >; SourceIterator = long unsigned int*]’
      bpl-subset/bpl_subset/boost/graph/breadth_first_search.hpp:125:24:   required from ‘void pycudaboost::breadth_first_search(const VertexListGraph&, SourceIterator, SourceIterator, Buffer&, BFSVisitor, ColorMap) [with VertexListGraph = pycudaboost::reverse_graph<pycudaboost::adjacency_list<pycudaboost::vecS, pycudaboost::vecS, pycudaboost::bidirectionalS, pycudaboost::no_property, pycudaboost::property<pycudaboost::edge_index_t, long unsigned int, pycudaboost::property<pycudaboost::{anonymous}::edge_cast_t, void* (*)(void*)> > > >; SourceIterator = long unsigned int*; Buffer = pycudaboost::queue<long unsigned int, std::deque<long unsigned int, std::allocator<long unsigned int> > >; BFSVisitor = pycudaboost::bfs_visitor<pycudaboost::distance_recorder<pycudaboost::iterator_property_map<__gnu_cxx::__normal_iterator<long unsigned int*, std::vector<long unsigned int> >, pycudaboost::vec_adj_list_vertex_id_map<pycudaboost::no_property, long unsigned int>, long unsigned int, long unsigned int&>, pycudaboost::on_tree_edge> >; ColorMap = pycudaboost::two_bit_color_map<pycudaboost::vec_adj_list_vertex_id_map<pycudaboost::no_property, long unsigned int> >]’
      bpl-subset/bpl_subset/boost/graph/breadth_first_search.hpp:136:25:   required from ‘void pycudaboost::breadth_first_search(const VertexListGraph&, typename pycudaboost::graph_traits<Graph>::vertex_descriptor, Buffer&, BFSVisitor, ColorMap) [with VertexListGraph = pycudaboost::reverse_graph<pycudaboost::adjacency_list<pycudaboost::vecS, pycudaboost::vecS, pycudaboost::bidirectionalS, pycudaboost::no_property, pycudaboost::property<pycudaboost::edge_index_t, long unsigned int, pycudaboost::property<pycudaboost::{anonymous}::edge_cast_t, void* (*)(void*)> > > >; Buffer = pycudaboost::queue<long unsigned int, std::deque<long unsigned int, std::allocator<long unsigned int> > >; BFSVisitor = pycudaboost::bfs_visitor<pycudaboost::distance_recorder<pycudaboost::iterator_property_map<__gnu_cxx::__normal_iterator<long unsigned int*, std::vector<long unsigned int> >, pycudaboost::vec_adj_list_vertex_id_map<pycudaboost::no_property, long unsigned int>, long unsigned int, long unsigned int&>, pycudaboost::on_tree_edge> >; ColorMap = pycudaboost::two_bit_color_map<pycudaboost::vec_adj_list_vertex_id_map<pycudaboost::no_property, long unsigned int> >; typename pycudaboost::graph_traits<Graph>::vertex_descriptor = long unsigned int]’
      bpl-subset/bpl_subset/boost/graph/breadth_first_search.hpp:260:9:   required from ‘void pycudaboost::detail::bfs_helper(VertexListGraph&, typename pycudaboost::graph_traits<Graph>::vertex_descriptor, ColorMap, BFSVisitor, const pycudaboost::bgl_named_params<P, T, R>&, typename pycudaboost::enable_if_c<pycudaboost::is_base_and_derived<pycudaboost::vertex_list_graph_tag, typename pycudaboost::graph_traits<Graph>::traversal_category>::value, void>::type*) [with VertexListGraph = pycudaboost::reverse_graph<pycudaboost::adjacency_list<pycudaboost::vecS, pycudaboost::vecS, pycudaboost::bidirectionalS, pycudaboost::no_property, pycudaboost::property<pycudaboost::edge_index_t, long unsigned int, pycudaboost::property<pycudaboost::{anonymous}::edge_cast_t, void* (*)(void*)> > > >; ColorMap = pycudaboost::two_bit_color_map<pycudaboost::vec_adj_list_vertex_id_map<pycudaboost::no_property, long unsigned int> >; BFSVisitor = pycudaboost::bfs_visitor<pycudaboost::distance_recorder<pycudaboost::iterator_property_map<__gnu_cxx::__normal_iterator<long unsigned int*, std::vector<long unsigned int> >, pycudaboost::vec_adj_list_vertex_id_map<pycudaboost::no_property, long unsigned int>, long unsigned int, long unsigned int&>, pycudaboost::on_tree_edge> >; P = pycudaboost::bfs_visitor<pycudaboost::distance_recorder<pycudaboost::iterator_property_map<__gnu_cxx::__normal_iterator<long unsigned int*, std::vector<long unsigned int> >, pycudaboost::vec_adj_list_vertex_id_map<pycudaboost::no_property, long unsigned int>, long unsigned int, long unsigned int&>, pycudaboost::on_tree_edge> >; T = pycudaboost::graph_visitor_t; R = pycudaboost::no_property; typename pycudaboost::graph_traits<Graph>::vertex_descriptor = long unsigned int; typename pycudaboost::enable_if_c<pycudaboost::is_base_and_derived<pycudaboost::vertex_list_graph_tag, typename pycudaboost::graph_traits<Graph>::traversal_category>::value, void>::type = void; typename pycudaboost::graph_traits<Graph>::traversal_category = pycudaboost::bidir_adj_list_traversal_tag]’
      bpl-subset/bpl_subset/boost/graph/breadth_first_search.hpp:312:11:   required from ‘static void pycudaboost::detail::bfs_dispatch<pycudaboost::param_not_found>::apply(VertexListGraph&, typename pycudaboost::graph_traits<Graph>::vertex_descriptor, const pycudaboost::bgl_named_params<T, Tag, Base>&, pycudaboost::param_not_found) [with VertexListGraph = pycudaboost::reverse_graph<pycudaboost::adjacency_list<pycudaboost::vecS, pycudaboost::vecS, pycudaboost::bidirectionalS, pycudaboost::no_property, pycudaboost::property<pycudaboost::edge_index_t, long unsigned int, pycudaboost::property<pycudaboost::{anonymous}::edge_cast_t, void* (*)(void*)> > > >; P = pycudaboost::bfs_visitor<pycudaboost::distance_recorder<pycudaboost::iterator_property_map<__gnu_cxx::__normal_iterator<long unsigned int*, std::vector<long unsigned int> >, pycudaboost::vec_adj_list_vertex_id_map<pycudaboost::no_property, long unsigned int>, long unsigned int, long unsigned int&>, pycudaboost::on_tree_edge> >; T = pycudaboost::graph_visitor_t; R = pycudaboost::no_property; typename pycudaboost::graph_traits<Graph>::vertex_descriptor = long unsigned int]’
      bpl-subset/bpl_subset/boost/graph/breadth_first_search.hpp:339:35:   required from ‘void pycudaboost::breadth_first_search(const VertexListGraph&, typename pycudaboost::graph_traits<Graph>::vertex_descriptor, const pycudaboost::bgl_named_params<T, Tag, Base>&) [with VertexListGraph = pycudaboost::reverse_graph<pycudaboost::adjacency_list<pycudaboost::vecS, pycudaboost::vecS, pycudaboost::bidirectionalS, pycudaboost::no_property, pycudaboost::property<pycudaboost::edge_index_t, long unsigned int, pycudaboost::property<pycudaboost::{anonymous}::edge_cast_t, void* (*)(void*)> > > >; P = pycudaboost::bfs_visitor<pycudaboost::distance_recorder<pycudaboost::iterator_property_map<__gnu_cxx::__normal_iterator<long unsigned int*, std::vector<long unsigned int> >, pycudaboost::vec_adj_list_vertex_id_map<pycudaboost::no_property, long unsigned int>, long unsigned int, long unsigned int&>, pycudaboost::on_tree_edge> >; T = pycudaboost::graph_visitor_t; R = pycudaboost::no_property; typename pycudaboost::graph_traits<Graph>::vertex_descriptor = long unsigned int]’
      bpl-subset/bpl_subset/libs/python/src/object/inheritance.cpp:107:35:   required from here
      bpl-subset/bpl_subset/boost/concept/detail/general.hpp:38:47: warning: ‘this’ pointer is null [-Wnonnull]
         38 |     static void failed() { ((Model*)0)->~Model(); }
            |                            ~~~~~~~~~~~~~~~~~~~^~
      In file included from bpl-subset/bpl_subset/boost/concept_check.hpp:32,
                       from bpl-subset/bpl_subset/boost/property_map/property_map.hpp:18,
                       from bpl-subset/bpl_subset/boost/graph/graph_concepts.hpp:17,
                       from bpl-subset/bpl_subset/boost/graph/breadth_first_search.hpp:21,
                       from bpl-subset/bpl_subset/libs/python/src/object/inheritance.cpp:7:
      bpl-subset/bpl_subset/boost/concept/usage.hpp:36:7: note: in a call to non-static member function ‘pycudaboost::concepts::MultiPassInputIterator<T>::~MultiPassInputIterator() [with T = pycudaboost::transform_iterator<pycudaboost::detail::reverse_graph_edge_descriptor_maker<pycudaboost::detail::edge_desc_impl<pycudaboost::bidirectional_tag, long unsigned int> >, pycudaboost::detail::in_edge_iter<__gnu_cxx::__normal_iterator<pycudaboost::detail::stored_edge_iter<long unsigned int, std::_List_iterator<pycudaboost::list_edge<long unsigned int, pycudaboost::property<pycudaboost::edge_index_t, long unsigned int, pycudaboost::property<pycudaboost::{anonymous}::edge_cast_t, void* (*)(void*)> > > >, pycudaboost::property<pycudaboost::edge_index_t, long unsigned int, pycudaboost::property<pycudaboost::{anonymous}::edge_cast_t, void* (*)(void*)> > >*, std::vector<pycudaboost::detail::stored_edge_iter<long unsigned int, std::_List_iterator<pycudaboost::list_edge<long unsigned int, pycudaboost::property<pycudaboost::edge_index_t, long unsigned int, pycudaboost::property<pycudaboost::{anonymous}::edge_cast_t, void* (*)(void*)> > > >, pycudaboost::property<pycudaboost::edge_index_t, long unsigned int, pycudaboost::property<pycudaboost::{anonymous}::edge_cast_t, void* (*)(void*)> > >, std::allocator<pycudaboost::detail::stored_edge_iter<long unsigned int, std::_List_iterator<pycudaboost::list_edge<long unsigned int, pycudaboost::property<pycudaboost::edge_index_t, long unsigned int, pycudaboost::property<pycudaboost::{anonymous}::edge_cast_t, void* (*)(void*)> > > >, pycudaboost::property<pycudaboost::edge_index_t, long unsigned int, pycudaboost::property<pycudaboost::{anonymous}::edge_cast_t, void* (*)(void*)> > > > > >, long unsigned int, pycudaboost::detail::edge_desc_impl<pycudaboost::bidirectional_tag, long unsigned int>, long int>, pycudaboost::use_default, pycudaboost::use_default>]’
         36 |       ~model()
            |       ^
      bpl-subset/bpl_subset/boost/graph/graph_concepts.hpp:50:9: note: in expansion of macro ‘BOOST_CONCEPT_USAGE’
         50 |         BOOST_CONCEPT_USAGE(MultiPassInputIterator) {
            |         ^~~~~~~~~~~~~~~~~~~
      In file included from bpl-subset/bpl_subset/boost/concept/assert.hpp:36,
                       from bpl-subset/bpl_subset/boost/concept_check.hpp:20,
                       from bpl-subset/bpl_subset/boost/property_map/property_map.hpp:18,
                       from bpl-subset/bpl_subset/boost/graph/graph_concepts.hpp:17,
                       from bpl-subset/bpl_subset/boost/graph/breadth_first_search.hpp:21,
                       from bpl-subset/bpl_subset/libs/python/src/object/inheritance.cpp:7:
      bpl-subset/bpl_subset/boost/concept/detail/general.hpp: In instantiation of ‘static void pycudaboost::concepts::requirement<pycudaboost::concepts::failed************ Model::************>::failed() [with Model = pycudaboost::concepts::usage_requirements<pycudaboost::DefaultConstructible<pycudaboost::detail::reverse_graph_edge_descriptor<pycudaboost::detail::edge_desc_impl<pycudaboost::bidirectional_tag, long unsigned int> > > >]’:
      bpl-subset/bpl_subset/boost/concept_check.hpp:132:5:   required from ‘struct pycudaboost::DefaultConstructible<pycudaboost::detail::reverse_graph_edge_descriptor<pycudaboost::detail::edge_desc_impl<pycudaboost::bidirectional_tag, long unsigned int> > >’
      bpl-subset/bpl_subset/boost/concept/detail/has_constraints.hpp:32:62:   required by substitution of ‘template<class Model> pycudaboost::concepts::detail::yes pycudaboost::concepts::detail::has_constraints_(Model*, pycudaboost::concepts::detail::wrap_constraints<Model, (& Model::constraints)>*) [with Model = pycudaboost::DefaultConstructible<pycudaboost::detail::reverse_graph_edge_descriptor<pycudaboost::detail::edge_desc_impl<pycudaboost::bidirectional_tag, long unsigned int> > >]’
      bpl-subset/bpl_subset/boost/concept/detail/has_constraints.hpp:42:5:   required from ‘const bool pycudaboost::concepts::not_satisfied<pycudaboost::DefaultConstructible<pycudaboost::detail::reverse_graph_edge_descriptor<pycudaboost::detail::edge_desc_impl<pycudaboost::bidirectional_tag, long unsigned int> > > >::value’
      bpl-subset/bpl_subset/boost/concept/detail/has_constraints.hpp:45:31:   required from ‘struct pycudaboost::concepts::not_satisfied<pycudaboost::DefaultConstructible<pycudaboost::detail::reverse_graph_edge_descriptor<pycudaboost::detail::edge_desc_impl<pycudaboost::bidirectional_tag, long unsigned int> > > >’
      bpl-subset/bpl_subset/boost/mpl/if.hpp:63:11:   required from ‘struct pycudaboost::mpl::if_<pycudaboost::concepts::not_satisfied<pycudaboost::DefaultConstructible<pycudaboost::detail::reverse_graph_edge_descriptor<pycudaboost::detail::edge_desc_impl<pycudaboost::bidirectional_tag, long unsigned int> > > >, pycudaboost::concepts::constraint<pycudaboost::DefaultConstructible<pycudaboost::detail::reverse_graph_edge_descriptor<pycudaboost::detail::edge_desc_impl<pycudaboost::bidirectional_tag, long unsigned int> > > >, pycudaboost::concepts::requirement<pycudaboost::concepts::failed************ pycudaboost::DefaultConstructible<pycudaboost::detail::reverse_graph_edge_descriptor<pycudaboost::detail::edge_desc_impl<pycudaboost::bidirectional_tag, long unsigned int> > >::************> >’
      bpl-subset/bpl_subset/boost/concept/detail/general.hpp:50:8:   [ skipping 4 instantiation contexts, use -ftemplate-backtrace-limit=0 to disable ]
      bpl-subset/bpl_subset/boost/graph/breadth_first_search.hpp:125:24:   required from ‘void pycudaboost::breadth_first_search(const VertexListGraph&, SourceIterator, SourceIterator, Buffer&, BFSVisitor, ColorMap) [with VertexListGraph = pycudaboost::reverse_graph<pycudaboost::adjacency_list<pycudaboost::vecS, pycudaboost::vecS, pycudaboost::bidirectionalS, pycudaboost::no_property, pycudaboost::property<pycudaboost::edge_index_t, long unsigned int, pycudaboost::property<pycudaboost::{anonymous}::edge_cast_t, void* (*)(void*)> > > >; SourceIterator = long unsigned int*; Buffer = pycudaboost::queue<long unsigned int, std::deque<long unsigned int, std::allocator<long unsigned int> > >; BFSVisitor = pycudaboost::bfs_visitor<pycudaboost::distance_recorder<pycudaboost::iterator_property_map<__gnu_cxx::__normal_iterator<long unsigned int*, std::vector<long unsigned int> >, pycudaboost::vec_adj_list_vertex_id_map<pycudaboost::no_property, long unsigned int>, long unsigned int, long unsigned int&>, pycudaboost::on_tree_edge> >; ColorMap = pycudaboost::two_bit_color_map<pycudaboost::vec_adj_list_vertex_id_map<pycudaboost::no_property, long unsigned int> >]’
      bpl-subset/bpl_subset/boost/graph/breadth_first_search.hpp:136:25:   required from ‘void pycudaboost::breadth_first_search(const VertexListGraph&, typename pycudaboost::graph_traits<Graph>::vertex_descriptor, Buffer&, BFSVisitor, ColorMap) [with VertexListGraph = pycudaboost::reverse_graph<pycudaboost::adjacency_list<pycudaboost::vecS, pycudaboost::vecS, pycudaboost::bidirectionalS, pycudaboost::no_property, pycudaboost::property<pycudaboost::edge_index_t, long unsigned int, pycudaboost::property<pycudaboost::{anonymous}::edge_cast_t, void* (*)(void*)> > > >; Buffer = pycudaboost::queue<long unsigned int, std::deque<long unsigned int, std::allocator<long unsigned int> > >; BFSVisitor = pycudaboost::bfs_visitor<pycudaboost::distance_recorder<pycudaboost::iterator_property_map<__gnu_cxx::__normal_iterator<long unsigned int*, std::vector<long unsigned int> >, pycudaboost::vec_adj_list_vertex_id_map<pycudaboost::no_property, long unsigned int>, long unsigned int, long unsigned int&>, pycudaboost::on_tree_edge> >; ColorMap = pycudaboost::two_bit_color_map<pycudaboost::vec_adj_list_vertex_id_map<pycudaboost::no_property, long unsigned int> >; typename pycudaboost::graph_traits<Graph>::vertex_descriptor = long unsigned int]’
      bpl-subset/bpl_subset/boost/graph/breadth_first_search.hpp:260:9:   required from ‘void pycudaboost::detail::bfs_helper(VertexListGraph&, typename pycudaboost::graph_traits<Graph>::vertex_descriptor, ColorMap, BFSVisitor, const pycudaboost::bgl_named_params<P, T, R>&, typename pycudaboost::enable_if_c<pycudaboost::is_base_and_derived<pycudaboost::vertex_list_graph_tag, typename pycudaboost::graph_traits<Graph>::traversal_category>::value, void>::type*) [with VertexListGraph = pycudaboost::reverse_graph<pycudaboost::adjacency_list<pycudaboost::vecS, pycudaboost::vecS, pycudaboost::bidirectionalS, pycudaboost::no_property, pycudaboost::property<pycudaboost::edge_index_t, long unsigned int, pycudaboost::property<pycudaboost::{anonymous}::edge_cast_t, void* (*)(void*)> > > >; ColorMap = pycudaboost::two_bit_color_map<pycudaboost::vec_adj_list_vertex_id_map<pycudaboost::no_property, long unsigned int> >; BFSVisitor = pycudaboost::bfs_visitor<pycudaboost::distance_recorder<pycudaboost::iterator_property_map<__gnu_cxx::__normal_iterator<long unsigned int*, std::vector<long unsigned int> >, pycudaboost::vec_adj_list_vertex_id_map<pycudaboost::no_property, long unsigned int>, long unsigned int, long unsigned int&>, pycudaboost::on_tree_edge> >; P = pycudaboost::bfs_visitor<pycudaboost::distance_recorder<pycudaboost::iterator_property_map<__gnu_cxx::__normal_iterator<long unsigned int*, std::vector<long unsigned int> >, pycudaboost::vec_adj_list_vertex_id_map<pycudaboost::no_property, long unsigned int>, long unsigned int, long unsigned int&>, pycudaboost::on_tree_edge> >; T = pycudaboost::graph_visitor_t; R = pycudaboost::no_property; typename pycudaboost::graph_traits<Graph>::vertex_descriptor = long unsigned int; typename pycudaboost::enable_if_c<pycudaboost::is_base_and_derived<pycudaboost::vertex_list_graph_tag, typename pycudaboost::graph_traits<Graph>::traversal_category>::value, void>::type = void; typename pycudaboost::graph_traits<Graph>::traversal_category = pycudaboost::bidir_adj_list_traversal_tag]’
      bpl-subset/bpl_subset/boost/graph/breadth_first_search.hpp:312:11:   required from ‘static void pycudaboost::detail::bfs_dispatch<pycudaboost::param_not_found>::apply(VertexListGraph&, typename pycudaboost::graph_traits<Graph>::vertex_descriptor, const pycudaboost::bgl_named_params<T, Tag, Base>&, pycudaboost::param_not_found) [with VertexListGraph = pycudaboost::reverse_graph<pycudaboost::adjacency_list<pycudaboost::vecS, pycudaboost::vecS, pycudaboost::bidirectionalS, pycudaboost::no_property, pycudaboost::property<pycudaboost::edge_index_t, long unsigned int, pycudaboost::property<pycudaboost::{anonymous}::edge_cast_t, void* (*)(void*)> > > >; P = pycudaboost::bfs_visitor<pycudaboost::distance_recorder<pycudaboost::iterator_property_map<__gnu_cxx::__normal_iterator<long unsigned int*, std::vector<long unsigned int> >, pycudaboost::vec_adj_list_vertex_id_map<pycudaboost::no_property, long unsigned int>, long unsigned int, long unsigned int&>, pycudaboost::on_tree_edge> >; T = pycudaboost::graph_visitor_t; R = pycudaboost::no_property; typename pycudaboost::graph_traits<Graph>::vertex_descriptor = long unsigned int]’
      bpl-subset/bpl_subset/boost/graph/breadth_first_search.hpp:339:35:   required from ‘void pycudaboost::breadth_first_search(const VertexListGraph&, typename pycudaboost::graph_traits<Graph>::vertex_descriptor, const pycudaboost::bgl_named_params<T, Tag, Base>&) [with VertexListGraph = pycudaboost::reverse_graph<pycudaboost::adjacency_list<pycudaboost::vecS, pycudaboost::vecS, pycudaboost::bidirectionalS, pycudaboost::no_property, pycudaboost::property<pycudaboost::edge_index_t, long unsigned int, pycudaboost::property<pycudaboost::{anonymous}::edge_cast_t, void* (*)(void*)> > > >; P = pycudaboost::bfs_visitor<pycudaboost::distance_recorder<pycudaboost::iterator_property_map<__gnu_cxx::__normal_iterator<long unsigned int*, std::vector<long unsigned int> >, pycudaboost::vec_adj_list_vertex_id_map<pycudaboost::no_property, long unsigned int>, long unsigned int, long unsigned int&>, pycudaboost::on_tree_edge> >; T = pycudaboost::graph_visitor_t; R = pycudaboost::no_property; typename pycudaboost::graph_traits<Graph>::vertex_descriptor = long unsigned int]’
      bpl-subset/bpl_subset/libs/python/src/object/inheritance.cpp:107:35:   required from here
      bpl-subset/bpl_subset/boost/concept/detail/general.hpp:38:47: warning: ‘this’ pointer is null [-Wnonnull]
         38 |     static void failed() { ((Model*)0)->~Model(); }
            |                            ~~~~~~~~~~~~~~~~~~~^~
      In file included from bpl-subset/bpl_subset/boost/concept_check.hpp:32,
                       from bpl-subset/bpl_subset/boost/property_map/property_map.hpp:18,
                       from bpl-subset/bpl_subset/boost/graph/graph_concepts.hpp:17,
                       from bpl-subset/bpl_subset/boost/graph/breadth_first_search.hpp:21,
                       from bpl-subset/bpl_subset/libs/python/src/object/inheritance.cpp:7:
      bpl-subset/bpl_subset/boost/concept/usage.hpp:22:5: note: in a call to non-static member function ‘pycudaboost::concepts::usage_requirements<Model>::~usage_requirements() [with Model = pycudaboost::DefaultConstructible<pycudaboost::detail::reverse_graph_edge_descriptor<pycudaboost::detail::edge_desc_impl<pycudaboost::bidirectional_tag, long unsigned int> > >]’
         22 |     ~usage_requirements() { ((Model*)0)->~Model(); }
            |     ^
      In file included from bpl-subset/bpl_subset/boost/concept/assert.hpp:36,
                       from bpl-subset/bpl_subset/boost/concept_check.hpp:20,
                       from bpl-subset/bpl_subset/boost/property_map/property_map.hpp:18,
                       from bpl-subset/bpl_subset/boost/graph/graph_concepts.hpp:17,
                       from bpl-subset/bpl_subset/boost/graph/breadth_first_search.hpp:21,
                       from bpl-subset/bpl_subset/libs/python/src/object/inheritance.cpp:7:
      bpl-subset/bpl_subset/boost/concept/detail/general.hpp: In instantiation of ‘static void pycudaboost::concepts::requirement<pycudaboost::concepts::failed************ Model::************>::failed() [with Model = pycudaboost::DefaultConstructible<pycudaboost::detail::reverse_graph_edge_descriptor<pycudaboost::detail::edge_desc_impl<pycudaboost::bidirectional_tag, long unsigned int> > >]’:
      bpl-subset/bpl_subset/boost/graph/graph_concepts.hpp:86:13:   required from ‘pycudaboost::concepts::IncidenceGraph<G>::~IncidenceGraph() [with G = pycudaboost::reverse_graph<pycudaboost::adjacency_list<pycudaboost::vecS, pycudaboost::vecS, pycudaboost::bidirectionalS, pycudaboost::no_property, pycudaboost::property<pycudaboost::edge_index_t, long unsigned int, pycudaboost::property<pycudaboost::{anonymous}::edge_cast_t, void* (*)(void*)> > > >]’
      bpl-subset/bpl_subset/boost/graph/graph_concepts.hpp:74:5:   required from ‘static void pycudaboost::concepts::requirement<pycudaboost::concepts::failed************ Model::************>::failed() [with Model = pycudaboost::concepts::IncidenceGraphConcept<pycudaboost::reverse_graph<pycudaboost::adjacency_list<pycudaboost::vecS, pycudaboost::vecS, pycudaboost::bidirectionalS, pycudaboost::no_property, pycudaboost::property<pycudaboost::edge_index_t, long unsigned int, pycudaboost::property<pycudaboost::{anonymous}::edge_cast_t, void* (*)(void*)> > > > >]’
      bpl-subset/bpl_subset/boost/graph/breadth_first_search.hpp:64:5:   required from ‘void pycudaboost::breadth_first_visit(const IncidenceGraph&, SourceIterator, SourceIterator, Buffer&, BFSVisitor, ColorMap) [with IncidenceGraph = pycudaboost::reverse_graph<pycudaboost::adjacency_list<pycudaboost::vecS, pycudaboost::vecS, pycudaboost::bidirectionalS, pycudaboost::no_property, pycudaboost::property<pycudaboost::edge_index_t, long unsigned int, pycudaboost::property<pycudaboost::{anonymous}::edge_cast_t, void* (*)(void*)> > > >; Buffer = pycudaboost::queue<long unsigned int, std::deque<long unsigned int, std::allocator<long unsigned int> > >; BFSVisitor = pycudaboost::bfs_visitor<pycudaboost::distance_recorder<pycudaboost::iterator_property_map<__gnu_cxx::__normal_iterator<long unsigned int*, std::vector<long unsigned int> >, pycudaboost::vec_adj_list_vertex_id_map<pycudaboost::no_property, long unsigned int>, long unsigned int, long unsigned int&>, pycudaboost::on_tree_edge> >; ColorMap = pycudaboost::two_bit_color_map<pycudaboost::vec_adj_list_vertex_id_map<pycudaboost::no_property, long unsigned int> >; SourceIterator = long unsigned int*]’
      bpl-subset/bpl_subset/boost/graph/breadth_first_search.hpp:125:24:   required from ‘void pycudaboost::breadth_first_search(const VertexListGraph&, SourceIterator, SourceIterator, Buffer&, BFSVisitor, ColorMap) [with VertexListGraph = pycudaboost::reverse_graph<pycudaboost::adjacency_list<pycudaboost::vecS, pycudaboost::vecS, pycudaboost::bidirectionalS, pycudaboost::no_property, pycudaboost::property<pycudaboost::edge_index_t, long unsigned int, pycudaboost::property<pycudaboost::{anonymous}::edge_cast_t, void* (*)(void*)> > > >; SourceIterator = long unsigned int*; Buffer = pycudaboost::queue<long unsigned int, std::deque<long unsigned int, std::allocator<long unsigned int> > >; BFSVisitor = pycudaboost::bfs_visitor<pycudaboost::distance_recorder<pycudaboost::iterator_property_map<__gnu_cxx::__normal_iterator<long unsigned int*, std::vector<long unsigned int> >, pycudaboost::vec_adj_list_vertex_id_map<pycudaboost::no_property, long unsigned int>, long unsigned int, long unsigned int&>, pycudaboost::on_tree_edge> >; ColorMap = pycudaboost::two_bit_color_map<pycudaboost::vec_adj_list_vertex_id_map<pycudaboost::no_property, long unsigned int> >]’
      bpl-subset/bpl_subset/boost/graph/breadth_first_search.hpp:136:25:   required from ‘void pycudaboost::breadth_first_search(const VertexListGraph&, typename pycudaboost::graph_traits<Graph>::vertex_descriptor, Buffer&, BFSVisitor, ColorMap) [with VertexListGraph = pycudaboost::reverse_graph<pycudaboost::adjacency_list<pycudaboost::vecS, pycudaboost::vecS, pycudaboost::bidirectionalS, pycudaboost::no_property, pycudaboost::property<pycudaboost::edge_index_t, long unsigned int, pycudaboost::property<pycudaboost::{anonymous}::edge_cast_t, void* (*)(void*)> > > >; Buffer = pycudaboost::queue<long unsigned int, std::deque<long unsigned int, std::allocator<long unsigned int> > >; BFSVisitor = pycudaboost::bfs_visitor<pycudaboost::distance_recorder<pycudaboost::iterator_property_map<__gnu_cxx::__normal_iterator<long unsigned int*, std::vector<long unsigned int> >, pycudaboost::vec_adj_list_vertex_id_map<pycudaboost::no_property, long unsigned int>, long unsigned int, long unsigned int&>, pycudaboost::on_tree_edge> >; ColorMap = pycudaboost::two_bit_color_map<pycudaboost::vec_adj_list_vertex_id_map<pycudaboost::no_property, long unsigned int> >; typename pycudaboost::graph_traits<Graph>::vertex_descriptor = long unsigned int]’
      bpl-subset/bpl_subset/boost/graph/breadth_first_search.hpp:260:9:   required from ‘void pycudaboost::detail::bfs_helper(VertexListGraph&, typename pycudaboost::graph_traits<Graph>::vertex_descriptor, ColorMap, BFSVisitor, const pycudaboost::bgl_named_params<P, T, R>&, typename pycudaboost::enable_if_c<pycudaboost::is_base_and_derived<pycudaboost::vertex_list_graph_tag, typename pycudaboost::graph_traits<Graph>::traversal_category>::value, void>::type*) [with VertexListGraph = pycudaboost::reverse_graph<pycudaboost::adjacency_list<pycudaboost::vecS, pycudaboost::vecS, pycudaboost::bidirectionalS, pycudaboost::no_property, pycudaboost::property<pycudaboost::edge_index_t, long unsigned int, pycudaboost::property<pycudaboost::{anonymous}::edge_cast_t, void* (*)(void*)> > > >; ColorMap = pycudaboost::two_bit_color_map<pycudaboost::vec_adj_list_vertex_id_map<pycudaboost::no_property, long unsigned int> >; BFSVisitor = pycudaboost::bfs_visitor<pycudaboost::distance_recorder<pycudaboost::iterator_property_map<__gnu_cxx::__normal_iterator<long unsigned int*, std::vector<long unsigned int> >, pycudaboost::vec_adj_list_vertex_id_map<pycudaboost::no_property, long unsigned int>, long unsigned int, long unsigned int&>, pycudaboost::on_tree_edge> >; P = pycudaboost::bfs_visitor<pycudaboost::distance_recorder<pycudaboost::iterator_property_map<__gnu_cxx::__normal_iterator<long unsigned int*, std::vector<long unsigned int> >, pycudaboost::vec_adj_list_vertex_id_map<pycudaboost::no_property, long unsigned int>, long unsigned int, long unsigned int&>, pycudaboost::on_tree_edge> >; T = pycudaboost::graph_visitor_t; R = pycudaboost::no_property; typename pycudaboost::graph_traits<Graph>::vertex_descriptor = long unsigned int; typename pycudaboost::enable_if_c<pycudaboost::is_base_and_derived<pycudaboost::vertex_list_graph_tag, typename pycudaboost::graph_traits<Graph>::traversal_category>::value, void>::type = void; typename pycudaboost::graph_traits<Graph>::traversal_category = pycudaboost::bidir_adj_list_traversal_tag]’
      bpl-subset/bpl_subset/boost/graph/breadth_first_search.hpp:312:11:   required from ‘static void pycudaboost::detail::bfs_dispatch<pycudaboost::param_not_found>::apply(VertexListGraph&, typename pycudaboost::graph_traits<Graph>::vertex_descriptor, const pycudaboost::bgl_named_params<T, Tag, Base>&, pycudaboost::param_not_found) [with VertexListGraph = pycudaboost::reverse_graph<pycudaboost::adjacency_list<pycudaboost::vecS, pycudaboost::vecS, pycudaboost::bidirectionalS, pycudaboost::no_property, pycudaboost::property<pycudaboost::edge_index_t, long unsigned int, pycudaboost::property<pycudaboost::{anonymous}::edge_cast_t, void* (*)(void*)> > > >; P = pycudaboost::bfs_visitor<pycudaboost::distance_recorder<pycudaboost::iterator_property_map<__gnu_cxx::__normal_iterator<long unsigned int*, std::vector<long unsigned int> >, pycudaboost::vec_adj_list_vertex_id_map<pycudaboost::no_property, long unsigned int>, long unsigned int, long unsigned int&>, pycudaboost::on_tree_edge> >; T = pycudaboost::graph_visitor_t; R = pycudaboost::no_property; typename pycudaboost::graph_traits<Graph>::vertex_descriptor = long unsigned int]’
      bpl-subset/bpl_subset/boost/graph/breadth_first_search.hpp:339:35:   required from ‘void pycudaboost::breadth_first_search(const VertexListGraph&, typename pycudaboost::graph_traits<Graph>::vertex_descriptor, const pycudaboost::bgl_named_params<T, Tag, Base>&) [with VertexListGraph = pycudaboost::reverse_graph<pycudaboost::adjacency_list<pycudaboost::vecS, pycudaboost::vecS, pycudaboost::bidirectionalS, pycudaboost::no_property, pycudaboost::property<pycudaboost::edge_index_t, long unsigned int, pycudaboost::property<pycudaboost::{anonymous}::edge_cast_t, void* (*)(void*)> > > >; P = pycudaboost::bfs_visitor<pycudaboost::distance_recorder<pycudaboost::iterator_property_map<__gnu_cxx::__normal_iterator<long unsigned int*, std::vector<long unsigned int> >, pycudaboost::vec_adj_list_vertex_id_map<pycudaboost::no_property, long unsigned int>, long unsigned int, long unsigned int&>, pycudaboost::on_tree_edge> >; T = pycudaboost::graph_visitor_t; R = pycudaboost::no_property; typename pycudaboost::graph_traits<Graph>::vertex_descriptor = long unsigned int]’
      bpl-subset/bpl_subset/libs/python/src/object/inheritance.cpp:107:35:   required from here
      bpl-subset/bpl_subset/boost/concept/detail/general.hpp:38:47: warning: ‘this’ pointer is null [-Wnonnull]
         38 |     static void failed() { ((Model*)0)->~Model(); }
            |                            ~~~~~~~~~~~~~~~~~~~^~
      In file included from bpl-subset/bpl_subset/boost/concept_check.hpp:32,
                       from bpl-subset/bpl_subset/boost/property_map/property_map.hpp:18,
                       from bpl-subset/bpl_subset/boost/graph/graph_concepts.hpp:17,
                       from bpl-subset/bpl_subset/boost/graph/breadth_first_search.hpp:21,
                       from bpl-subset/bpl_subset/libs/python/src/object/inheritance.cpp:7:
      bpl-subset/bpl_subset/boost/concept/usage.hpp:36:7: note: in a call to non-static member function ‘pycudaboost::DefaultConstructible<TT>::~DefaultConstructible() [with TT = pycudaboost::detail::reverse_graph_edge_descriptor<pycudaboost::detail::edge_desc_impl<pycudaboost::bidirectional_tag, long unsigned int> >]’
         36 |       ~model()
            |       ^
      bpl-subset/bpl_subset/boost/concept_check.hpp:132:5: note: in expansion of macro ‘BOOST_CONCEPT_USAGE’
        132 |     BOOST_CONCEPT_USAGE(DefaultConstructible) {
            |     ^~~~~~~~~~~~~~~~~~~
      In file included from bpl-subset/bpl_subset/boost/concept/assert.hpp:36,
                       from bpl-subset/bpl_subset/boost/concept_check.hpp:20,
                       from bpl-subset/bpl_subset/boost/property_map/property_map.hpp:18,
                       from bpl-subset/bpl_subset/boost/graph/graph_concepts.hpp:17,
                       from bpl-subset/bpl_subset/boost/graph/breadth_first_search.hpp:21,
                       from bpl-subset/bpl_subset/libs/python/src/object/inheritance.cpp:7:
      bpl-subset/bpl_subset/boost/concept/detail/general.hpp: In instantiation of ‘static void pycudaboost::concepts::requirement<pycudaboost::concepts::failed************ Model::************>::failed() [with Model = pycudaboost::concepts::usage_requirements<pycudaboost::EqualityComparable<pycudaboost::detail::reverse_graph_edge_descriptor<pycudaboost::detail::edge_desc_impl<pycudaboost::bidirectional_tag, long unsigned int> > > >]’:
      bpl-subset/bpl_subset/boost/concept_check.hpp:236:5:   required from ‘struct pycudaboost::EqualityComparable<pycudaboost::detail::reverse_graph_edge_descriptor<pycudaboost::detail::edge_desc_impl<pycudaboost::bidirectional_tag, long unsigned int> > >’
      bpl-subset/bpl_subset/boost/concept/detail/has_constraints.hpp:32:62:   required by substitution of ‘template<class Model> pycudaboost::concepts::detail::yes pycudaboost::concepts::detail::has_constraints_(Model*, pycudaboost::concepts::detail::wrap_constraints<Model, (& Model::constraints)>*) [with Model = pycudaboost::EqualityComparable<pycudaboost::detail::reverse_graph_edge_descriptor<pycudaboost::detail::edge_desc_impl<pycudaboost::bidirectional_tag, long unsigned int> > >]’
      bpl-subset/bpl_subset/boost/concept/detail/has_constraints.hpp:42:5:   required from ‘const bool pycudaboost::concepts::not_satisfied<pycudaboost::EqualityComparable<pycudaboost::detail::reverse_graph_edge_descriptor<pycudaboost::detail::edge_desc_impl<pycudaboost::bidirectional_tag, long unsigned int> > > >::value’
      bpl-subset/bpl_subset/boost/concept/detail/has_constraints.hpp:45:31:   required from ‘struct pycudaboost::concepts::not_satisfied<pycudaboost::EqualityComparable<pycudaboost::detail::reverse_graph_edge_descriptor<pycudaboost::detail::edge_desc_impl<pycudaboost::bidirectional_tag, long unsigned int> > > >’
      bpl-subset/bpl_subset/boost/mpl/if.hpp:63:11:   required from ‘struct pycudaboost::mpl::if_<pycudaboost::concepts::not_satisfied<pycudaboost::EqualityComparable<pycudaboost::detail::reverse_graph_edge_descriptor<pycudaboost::detail::edge_desc_impl<pycudaboost::bidirectional_tag, long unsigned int> > > >, pycudaboost::concepts::constraint<pycudaboost::EqualityComparable<pycudaboost::detail::reverse_graph_edge_descriptor<pycudaboost::detail::edge_desc_impl<pycudaboost::bidirectional_tag, long unsigned int> > > >, pycudaboost::concepts::requirement<pycudaboost::concepts::failed************ pycudaboost::EqualityComparable<pycudaboost::detail::reverse_graph_edge_descriptor<pycudaboost::detail::edge_desc_impl<pycudaboost::bidirectional_tag, long unsigned int> > >::************> >’
      bpl-subset/bpl_subset/boost/concept/detail/general.hpp:50:8:   [ skipping 4 instantiation contexts, use -ftemplate-backtrace-limit=0 to disable ]
      bpl-subset/bpl_subset/boost/graph/breadth_first_search.hpp:125:24:   required from ‘void pycudaboost::breadth_first_search(const VertexListGraph&, SourceIterator, SourceIterator, Buffer&, BFSVisitor, ColorMap) [with VertexListGraph = pycudaboost::reverse_graph<pycudaboost::adjacency_list<pycudaboost::vecS, pycudaboost::vecS, pycudaboost::bidirectionalS, pycudaboost::no_property, pycudaboost::property<pycudaboost::edge_index_t, long unsigned int, pycudaboost::property<pycudaboost::{anonymous}::edge_cast_t, void* (*)(void*)> > > >; SourceIterator = long unsigned int*; Buffer = pycudaboost::queue<long unsigned int, std::deque<long unsigned int, std::allocator<long unsigned int> > >; BFSVisitor = pycudaboost::bfs_visitor<pycudaboost::distance_recorder<pycudaboost::iterator_property_map<__gnu_cxx::__normal_iterator<long unsigned int*, std::vector<long unsigned int> >, pycudaboost::vec_adj_list_vertex_id_map<pycudaboost::no_property, long unsigned int>, long unsigned int, long unsigned int&>, pycudaboost::on_tree_edge> >; ColorMap = pycudaboost::two_bit_color_map<pycudaboost::vec_adj_list_vertex_id_map<pycudaboost::no_property, long unsigned int> >]’
      bpl-subset/bpl_subset/boost/graph/breadth_first_search.hpp:136:25:   required from ‘void pycudaboost::breadth_first_search(const VertexListGraph&, typename pycudaboost::graph_traits<Graph>::vertex_descriptor, Buffer&, BFSVisitor, ColorMap) [with VertexListGraph = pycudaboost::reverse_graph<pycudaboost::adjacency_list<pycudaboost::vecS, pycudaboost::vecS, pycudaboost::bidirectionalS, pycudaboost::no_property, pycudaboost::property<pycudaboost::edge_index_t, long unsigned int, pycudaboost::property<pycudaboost::{anonymous}::edge_cast_t, void* (*)(void*)> > > >; Buffer = pycudaboost::queue<long unsigned int, std::deque<long unsigned int, std::allocator<long unsigned int> > >; BFSVisitor = pycudaboost::bfs_visitor<pycudaboost::distance_recorder<pycudaboost::iterator_property_map<__gnu_cxx::__normal_iterator<long unsigned int*, std::vector<long unsigned int> >, pycudaboost::vec_adj_list_vertex_id_map<pycudaboost::no_property, long unsigned int>, long unsigned int, long unsigned int&>, pycudaboost::on_tree_edge> >; ColorMap = pycudaboost::two_bit_color_map<pycudaboost::vec_adj_list_vertex_id_map<pycudaboost::no_property, long unsigned int> >; typename pycudaboost::graph_traits<Graph>::vertex_descriptor = long unsigned int]’
      bpl-subset/bpl_subset/boost/graph/breadth_first_search.hpp:260:9:   required from ‘void pycudaboost::detail::bfs_helper(VertexListGraph&, typename pycudaboost::graph_traits<Graph>::vertex_descriptor, ColorMap, BFSVisitor, const pycudaboost::bgl_named_params<P, T, R>&, typename pycudaboost::enable_if_c<pycudaboost::is_base_and_derived<pycudaboost::vertex_list_graph_tag, typename pycudaboost::graph_traits<Graph>::traversal_category>::value, void>::type*) [with VertexListGraph = pycudaboost::reverse_graph<pycudaboost::adjacency_list<pycudaboost::vecS, pycudaboost::vecS, pycudaboost::bidirectionalS, pycudaboost::no_property, pycudaboost::property<pycudaboost::edge_index_t, long unsigned int, pycudaboost::property<pycudaboost::{anonymous}::edge_cast_t, void* (*)(void*)> > > >; ColorMap = pycudaboost::two_bit_color_map<pycudaboost::vec_adj_list_vertex_id_map<pycudaboost::no_property, long unsigned int> >; BFSVisitor = pycudaboost::bfs_visitor<pycudaboost::distance_recorder<pycudaboost::iterator_property_map<__gnu_cxx::__normal_iterator<long unsigned int*, std::vector<long unsigned int> >, pycudaboost::vec_adj_list_vertex_id_map<pycudaboost::no_property, long unsigned int>, long unsigned int, long unsigned int&>, pycudaboost::on_tree_edge> >; P = pycudaboost::bfs_visitor<pycudaboost::distance_recorder<pycudaboost::iterator_property_map<__gnu_cxx::__normal_iterator<long unsigned int*, std::vector<long unsigned int> >, pycudaboost::vec_adj_list_vertex_id_map<pycudaboost::no_property, long unsigned int>, long unsigned int, long unsigned int&>, pycudaboost::on_tree_edge> >; T = pycudaboost::graph_visitor_t; R = pycudaboost::no_property; typename pycudaboost::graph_traits<Graph>::vertex_descriptor = long unsigned int; typename pycudaboost::enable_if_c<pycudaboost::is_base_and_derived<pycudaboost::vertex_list_graph_tag, typename pycudaboost::graph_traits<Graph>::traversal_category>::value, void>::type = void; typename pycudaboost::graph_traits<Graph>::traversal_category = pycudaboost::bidir_adj_list_traversal_tag]’
      bpl-subset/bpl_subset/boost/graph/breadth_first_search.hpp:312:11:   required from ‘static void pycudaboost::detail::bfs_dispatch<pycudaboost::param_not_found>::apply(VertexListGraph&, typename pycudaboost::graph_traits<Graph>::vertex_descriptor, const pycudaboost::bgl_named_params<T, Tag, Base>&, pycudaboost::param_not_found) [with VertexListGraph = pycudaboost::reverse_graph<pycudaboost::adjacency_list<pycudaboost::vecS, pycudaboost::vecS, pycudaboost::bidirectionalS, pycudaboost::no_property, pycudaboost::property<pycudaboost::edge_index_t, long unsigned int, pycudaboost::property<pycudaboost::{anonymous}::edge_cast_t, void* (*)(void*)> > > >; P = pycudaboost::bfs_visitor<pycudaboost::distance_recorder<pycudaboost::iterator_property_map<__gnu_cxx::__normal_iterator<long unsigned int*, std::vector<long unsigned int> >, pycudaboost::vec_adj_list_vertex_id_map<pycudaboost::no_property, long unsigned int>, long unsigned int, long unsigned int&>, pycudaboost::on_tree_edge> >; T = pycudaboost::graph_visitor_t; R = pycudaboost::no_property; typename pycudaboost::graph_traits<Graph>::vertex_descriptor = long unsigned int]’
      bpl-subset/bpl_subset/boost/graph/breadth_first_search.hpp:339:35:   required from ‘void pycudaboost::breadth_first_search(const VertexListGraph&, typename pycudaboost::graph_traits<Graph>::vertex_descriptor, const pycudaboost::bgl_named_params<T, Tag, Base>&) [with VertexListGraph = pycudaboost::reverse_graph<pycudaboost::adjacency_list<pycudaboost::vecS, pycudaboost::vecS, pycudaboost::bidirectionalS, pycudaboost::no_property, pycudaboost::property<pycudaboost::edge_index_t, long unsigned int, pycudaboost::property<pycudaboost::{anonymous}::edge_cast_t, void* (*)(void*)> > > >; P = pycudaboost::bfs_visitor<pycudaboost::distance_recorder<pycudaboost::iterator_property_map<__gnu_cxx::__normal_iterator<long unsigned int*, std::vector<long unsigned int> >, pycudaboost::vec_adj_list_vertex_id_map<pycudaboost::no_property, long unsigned int>, long unsigned int, long unsigned int&>, pycudaboost::on_tree_edge> >; T = pycudaboost::graph_visitor_t; R = pycudaboost::no_property; typename pycudaboost::graph_traits<Graph>::vertex_descriptor = long unsigned int]’
      bpl-subset/bpl_subset/libs/python/src/object/inheritance.cpp:107:35:   required from here
      bpl-subset/bpl_subset/boost/concept/detail/general.hpp:38:47: warning: ‘this’ pointer is null [-Wnonnull]
         38 |     static void failed() { ((Model*)0)->~Model(); }
            |                            ~~~~~~~~~~~~~~~~~~~^~
      In file included from bpl-subset/bpl_subset/boost/concept_check.hpp:32,
                       from bpl-subset/bpl_subset/boost/property_map/property_map.hpp:18,
                       from bpl-subset/bpl_subset/boost/graph/graph_concepts.hpp:17,
                       from bpl-subset/bpl_subset/boost/graph/breadth_first_search.hpp:21,
                       from bpl-subset/bpl_subset/libs/python/src/object/inheritance.cpp:7:
      bpl-subset/bpl_subset/boost/concept/usage.hpp:22:5: note: in a call to non-static member function ‘pycudaboost::concepts::usage_requirements<Model>::~usage_requirements() [with Model = pycudaboost::EqualityComparable<pycudaboost::detail::reverse_graph_edge_descriptor<pycudaboost::detail::edge_desc_impl<pycudaboost::bidirectional_tag, long unsigned int> > >]’
         22 |     ~usage_requirements() { ((Model*)0)->~Model(); }
            |     ^
      In file included from bpl-subset/bpl_subset/boost/concept/assert.hpp:36,
                       from bpl-subset/bpl_subset/boost/concept_check.hpp:20,
                       from bpl-subset/bpl_subset/boost/property_map/property_map.hpp:18,
                       from bpl-subset/bpl_subset/boost/graph/graph_concepts.hpp:17,
                       from bpl-subset/bpl_subset/boost/graph/breadth_first_search.hpp:21,
                       from bpl-subset/bpl_subset/libs/python/src/object/inheritance.cpp:7:
      bpl-subset/bpl_subset/boost/concept/detail/general.hpp: In instantiation of ‘static void pycudaboost::concepts::requirement<pycudaboost::concepts::failed************ Model::************>::failed() [with Model = pycudaboost::EqualityComparable<pycudaboost::detail::reverse_graph_edge_descriptor<pycudaboost::detail::edge_desc_impl<pycudaboost::bidirectional_tag, long unsigned int> > >]’:
      bpl-subset/bpl_subset/boost/graph/graph_concepts.hpp:87:13:   required from ‘pycudaboost::concepts::IncidenceGraph<G>::~IncidenceGraph() [with G = pycudaboost::reverse_graph<pycudaboost::adjacency_list<pycudaboost::vecS, pycudaboost::vecS, pycudaboost::bidirectionalS, pycudaboost::no_property, pycudaboost::property<pycudaboost::edge_index_t, long unsigned int, pycudaboost::property<pycudaboost::{anonymous}::edge_cast_t, void* (*)(void*)> > > >]’
      bpl-subset/bpl_subset/boost/graph/graph_concepts.hpp:74:5:   required from ‘static void pycudaboost::concepts::requirement<pycudaboost::concepts::failed************ Model::************>::failed() [with Model = pycudaboost::concepts::IncidenceGraphConcept<pycudaboost::reverse_graph<pycudaboost::adjacency_list<pycudaboost::vecS, pycudaboost::vecS, pycudaboost::bidirectionalS, pycudaboost::no_property, pycudaboost::property<pycudaboost::edge_index_t, long unsigned int, pycudaboost::property<pycudaboost::{anonymous}::edge_cast_t, void* (*)(void*)> > > > >]’
      bpl-subset/bpl_subset/boost/graph/breadth_first_search.hpp:64:5:   required from ‘void pycudaboost::breadth_first_visit(const IncidenceGraph&, SourceIterator, SourceIterator, Buffer&, BFSVisitor, ColorMap) [with IncidenceGraph = pycudaboost::reverse_graph<pycudaboost::adjacency_list<pycudaboost::vecS, pycudaboost::vecS, pycudaboost::bidirectionalS, pycudaboost::no_property, pycudaboost::property<pycudaboost::edge_index_t, long unsigned int, pycudaboost::property<pycudaboost::{anonymous}::edge_cast_t, void* (*)(void*)> > > >; Buffer = pycudaboost::queue<long unsigned int, std::deque<long unsigned int, std::allocator<long unsigned int> > >; BFSVisitor = pycudaboost::bfs_visitor<pycudaboost::distance_recorder<pycudaboost::iterator_property_map<__gnu_cxx::__normal_iterator<long unsigned int*, std::vector<long unsigned int> >, pycudaboost::vec_adj_list_vertex_id_map<pycudaboost::no_property, long unsigned int>, long unsigned int, long unsigned int&>, pycudaboost::on_tree_edge> >; ColorMap = pycudaboost::two_bit_color_map<pycudaboost::vec_adj_list_vertex_id_map<pycudaboost::no_property, long unsigned int> >; SourceIterator = long unsigned int*]’
      bpl-subset/bpl_subset/boost/graph/breadth_first_search.hpp:125:24:   required from ‘void pycudaboost::breadth_first_search(const VertexListGraph&, SourceIterator, SourceIterator, Buffer&, BFSVisitor, ColorMap) [with VertexListGraph = pycudaboost::reverse_graph<pycudaboost::adjacency_list<pycudaboost::vecS, pycudaboost::vecS, pycudaboost::bidirectionalS, pycudaboost::no_property, pycudaboost::property<pycudaboost::edge_index_t, long unsigned int, pycudaboost::property<pycudaboost::{anonymous}::edge_cast_t, void* (*)(void*)> > > >; SourceIterator = long unsigned int*; Buffer = pycudaboost::queue<long unsigned int, std::deque<long unsigned int, std::allocator<long unsigned int> > >; BFSVisitor = pycudaboost::bfs_visitor<pycudaboost::distance_recorder<pycudaboost::iterator_property_map<__gnu_cxx::__normal_iterator<long unsigned int*, std::vector<long unsigned int> >, pycudaboost::vec_adj_list_vertex_id_map<pycudaboost::no_property, long unsigned int>, long unsigned int, long unsigned int&>, pycudaboost::on_tree_edge> >; ColorMap = pycudaboost::two_bit_color_map<pycudaboost::vec_adj_list_vertex_id_map<pycudaboost::no_property, long unsigned int> >]’
      bpl-subset/bpl_subset/boost/graph/breadth_first_search.hpp:136:25:   required from ‘void pycudaboost::breadth_first_search(const VertexListGraph&, typename pycudaboost::graph_traits<Graph>::vertex_descriptor, Buffer&, BFSVisitor, ColorMap) [with VertexListGraph = pycudaboost::reverse_graph<pycudaboost::adjacency_list<pycudaboost::vecS, pycudaboost::vecS, pycudaboost::bidirectionalS, pycudaboost::no_property, pycudaboost::property<pycudaboost::edge_index_t, long unsigned int, pycudaboost::property<pycudaboost::{anonymous}::edge_cast_t, void* (*)(void*)> > > >; Buffer = pycudaboost::queue<long unsigned int, std::deque<long unsigned int, std::allocator<long unsigned int> > >; BFSVisitor = pycudaboost::bfs_visitor<pycudaboost::distance_recorder<pycudaboost::iterator_property_map<__gnu_cxx::__normal_iterator<long unsigned int*, std::vector<long unsigned int> >, pycudaboost::vec_adj_list_vertex_id_map<pycudaboost::no_property, long unsigned int>, long unsigned int, long unsigned int&>, pycudaboost::on_tree_edge> >; ColorMap = pycudaboost::two_bit_color_map<pycudaboost::vec_adj_list_vertex_id_map<pycudaboost::no_property, long unsigned int> >; typename pycudaboost::graph_traits<Graph>::vertex_descriptor = long unsigned int]’
      bpl-subset/bpl_subset/boost/graph/breadth_first_search.hpp:260:9:   required from ‘void pycudaboost::detail::bfs_helper(VertexListGraph&, typename pycudaboost::graph_traits<Graph>::vertex_descriptor, ColorMap, BFSVisitor, const pycudaboost::bgl_named_params<P, T, R>&, typename pycudaboost::enable_if_c<pycudaboost::is_base_and_derived<pycudaboost::vertex_list_graph_tag, typename pycudaboost::graph_traits<Graph>::traversal_category>::value, void>::type*) [with VertexListGraph = pycudaboost::reverse_graph<pycudaboost::adjacency_list<pycudaboost::vecS, pycudaboost::vecS, pycudaboost::bidirectionalS, pycudaboost::no_property, pycudaboost::property<pycudaboost::edge_index_t, long unsigned int, pycudaboost::property<pycudaboost::{anonymous}::edge_cast_t, void* (*)(void*)> > > >; ColorMap = pycudaboost::two_bit_color_map<pycudaboost::vec_adj_list_vertex_id_map<pycudaboost::no_property, long unsigned int> >; BFSVisitor = pycudaboost::bfs_visitor<pycudaboost::distance_recorder<pycudaboost::iterator_property_map<__gnu_cxx::__normal_iterator<long unsigned int*, std::vector<long unsigned int> >, pycudaboost::vec_adj_list_vertex_id_map<pycudaboost::no_property, long unsigned int>, long unsigned int, long unsigned int&>, pycudaboost::on_tree_edge> >; P = pycudaboost::bfs_visitor<pycudaboost::distance_recorder<pycudaboost::iterator_property_map<__gnu_cxx::__normal_iterator<long unsigned int*, std::vector<long unsigned int> >, pycudaboost::vec_adj_list_vertex_id_map<pycudaboost::no_property, long unsigned int>, long unsigned int, long unsigned int&>, pycudaboost::on_tree_edge> >; T = pycudaboost::graph_visitor_t; R = pycudaboost::no_property; typename pycudaboost::graph_traits<Graph>::vertex_descriptor = long unsigned int; typename pycudaboost::enable_if_c<pycudaboost::is_base_and_derived<pycudaboost::vertex_list_graph_tag, typename pycudaboost::graph_traits<Graph>::traversal_category>::value, void>::type = void; typename pycudaboost::graph_traits<Graph>::traversal_category = pycudaboost::bidir_adj_list_traversal_tag]’
      bpl-subset/bpl_subset/boost/graph/breadth_first_search.hpp:312:11:   required from ‘static void pycudaboost::detail::bfs_dispatch<pycudaboost::param_not_found>::apply(VertexListGraph&, typename pycudaboost::graph_traits<Graph>::vertex_descriptor, const pycudaboost::bgl_named_params<T, Tag, Base>&, pycudaboost::param_not_found) [with VertexListGraph = pycudaboost::reverse_graph<pycudaboost::adjacency_list<pycudaboost::vecS, pycudaboost::vecS, pycudaboost::bidirectionalS, pycudaboost::no_property, pycudaboost::property<pycudaboost::edge_index_t, long unsigned int, pycudaboost::property<pycudaboost::{anonymous}::edge_cast_t, void* (*)(void*)> > > >; P = pycudaboost::bfs_visitor<pycudaboost::distance_recorder<pycudaboost::iterator_property_map<__gnu_cxx::__normal_iterator<long unsigned int*, std::vector<long unsigned int> >, pycudaboost::vec_adj_list_vertex_id_map<pycudaboost::no_property, long unsigned int>, long unsigned int, long unsigned int&>, pycudaboost::on_tree_edge> >; T = pycudaboost::graph_visitor_t; R = pycudaboost::no_property; typename pycudaboost::graph_traits<Graph>::vertex_descriptor = long unsigned int]’
      bpl-subset/bpl_subset/boost/graph/breadth_first_search.hpp:339:35:   required from ‘void pycudaboost::breadth_first_search(const VertexListGraph&, typename pycudaboost::graph_traits<Graph>::vertex_descriptor, const pycudaboost::bgl_named_params<T, Tag, Base>&) [with VertexListGraph = pycudaboost::reverse_graph<pycudaboost::adjacency_list<pycudaboost::vecS, pycudaboost::vecS, pycudaboost::bidirectionalS, pycudaboost::no_property, pycudaboost::property<pycudaboost::edge_index_t, long unsigned int, pycudaboost::property<pycudaboost::{anonymous}::edge_cast_t, void* (*)(void*)> > > >; P = pycudaboost::bfs_visitor<pycudaboost::distance_recorder<pycudaboost::iterator_property_map<__gnu_cxx::__normal_iterator<long unsigned int*, std::vector<long unsigned int> >, pycudaboost::vec_adj_list_vertex_id_map<pycudaboost::no_property, long unsigned int>, long unsigned int, long unsigned int&>, pycudaboost::on_tree_edge> >; T = pycudaboost::graph_visitor_t; R = pycudaboost::no_property; typename pycudaboost::graph_traits<Graph>::vertex_descriptor = long unsigned int]’
      bpl-subset/bpl_subset/libs/python/src/object/inheritance.cpp:107:35:   required from here
      bpl-subset/bpl_subset/boost/concept/detail/general.hpp:38:47: warning: ‘this’ pointer is null [-Wnonnull]
         38 |     static void failed() { ((Model*)0)->~Model(); }
            |                            ~~~~~~~~~~~~~~~~~~~^~
      In file included from bpl-subset/bpl_subset/boost/concept_check.hpp:32,
                       from bpl-subset/bpl_subset/boost/property_map/property_map.hpp:18,
                       from bpl-subset/bpl_subset/boost/graph/graph_concepts.hpp:17,
                       from bpl-subset/bpl_subset/boost/graph/breadth_first_search.hpp:21,
                       from bpl-subset/bpl_subset/libs/python/src/object/inheritance.cpp:7:
      bpl-subset/bpl_subset/boost/concept/usage.hpp:36:7: note: in a call to non-static member function ‘pycudaboost::EqualityComparable<TT>::~EqualityComparable() [with TT = pycudaboost::detail::reverse_graph_edge_descriptor<pycudaboost::detail::edge_desc_impl<pycudaboost::bidirectional_tag, long unsigned int> >]’
         36 |       ~model()
            |       ^
      bpl-subset/bpl_subset/boost/concept_check.hpp:236:5: note: in expansion of macro ‘BOOST_CONCEPT_USAGE’
        236 |     BOOST_CONCEPT_USAGE(EqualityComparable) {
            |     ^~~~~~~~~~~~~~~~~~~
      In file included from bpl-subset/bpl_subset/boost/concept/assert.hpp:36,
                       from bpl-subset/bpl_subset/boost/concept_check.hpp:20,
                       from bpl-subset/bpl_subset/boost/property_map/property_map.hpp:18,
                       from bpl-subset/bpl_subset/boost/graph/graph_concepts.hpp:17,
                       from bpl-subset/bpl_subset/boost/graph/breadth_first_search.hpp:21,
                       from bpl-subset/bpl_subset/libs/python/src/object/inheritance.cpp:7:
      bpl-subset/bpl_subset/boost/concept/detail/general.hpp: In instantiation of ‘static void pycudaboost::concepts::requirement<pycudaboost::concepts::failed************ Model::************>::failed() [with Model = pycudaboost::concepts::usage_requirements<pycudaboost::Assignable<pycudaboost::detail::reverse_graph_edge_descriptor<pycudaboost::detail::edge_desc_impl<pycudaboost::bidirectional_tag, long unsigned int> > > >]’:
      bpl-subset/bpl_subset/boost/concept_check.hpp:140:5:   required from ‘struct pycudaboost::Assignable<pycudaboost::detail::reverse_graph_edge_descriptor<pycudaboost::detail::edge_desc_impl<pycudaboost::bidirectional_tag, long unsigned int> > >’
      bpl-subset/bpl_subset/boost/concept/detail/has_constraints.hpp:32:62:   required by substitution of ‘template<class Model> pycudaboost::concepts::detail::yes pycudaboost::concepts::detail::has_constraints_(Model*, pycudaboost::concepts::detail::wrap_constraints<Model, (& Model::constraints)>*) [with Model = pycudaboost::Assignable<pycudaboost::detail::reverse_graph_edge_descriptor<pycudaboost::detail::edge_desc_impl<pycudaboost::bidirectional_tag, long unsigned int> > >]’
      bpl-subset/bpl_subset/boost/concept/detail/has_constraints.hpp:42:5:   required from ‘const bool pycudaboost::concepts::not_satisfied<pycudaboost::Assignable<pycudaboost::detail::reverse_graph_edge_descriptor<pycudaboost::detail::edge_desc_impl<pycudaboost::bidirectional_tag, long unsigned int> > > >::value’
      bpl-subset/bpl_subset/boost/concept/detail/has_constraints.hpp:45:31:   required from ‘struct pycudaboost::concepts::not_satisfied<pycudaboost::Assignable<pycudaboost::detail::reverse_graph_edge_descriptor<pycudaboost::detail::edge_desc_impl<pycudaboost::bidirectional_tag, long unsigned int> > > >’
      bpl-subset/bpl_subset/boost/mpl/if.hpp:63:11:   required from ‘struct pycudaboost::mpl::if_<pycudaboost::concepts::not_satisfied<pycudaboost::Assignable<pycudaboost::detail::reverse_graph_edge_descriptor<pycudaboost::detail::edge_desc_impl<pycudaboost::bidirectional_tag, long unsigned int> > > >, pycudaboost::concepts::constraint<pycudaboost::Assignable<pycudaboost::detail::reverse_graph_edge_descriptor<pycudaboost::detail::edge_desc_impl<pycudaboost::bidirectional_tag, long unsigned int> > > >, pycudaboost::concepts::requirement<pycudaboost::concepts::failed************ pycudaboost::Assignable<pycudaboost::detail::reverse_graph_edge_descriptor<pycudaboost::detail::edge_desc_impl<pycudaboost::bidirectional_tag, long unsigned int> > >::************> >’
      bpl-subset/bpl_subset/boost/concept/detail/general.hpp:50:8:   [ skipping 4 instantiation contexts, use -ftemplate-backtrace-limit=0 to disable ]
      bpl-subset/bpl_subset/boost/graph/breadth_first_search.hpp:125:24:   required from ‘void pycudaboost::breadth_first_search(const VertexListGraph&, SourceIterator, SourceIterator, Buffer&, BFSVisitor, ColorMap) [with VertexListGraph = pycudaboost::reverse_graph<pycudaboost::adjacency_list<pycudaboost::vecS, pycudaboost::vecS, pycudaboost::bidirectionalS, pycudaboost::no_property, pycudaboost::property<pycudaboost::edge_index_t, long unsigned int, pycudaboost::property<pycudaboost::{anonymous}::edge_cast_t, void* (*)(void*)> > > >; SourceIterator = long unsigned int*; Buffer = pycudaboost::queue<long unsigned int, std::deque<long unsigned int, std::allocator<long unsigned int> > >; BFSVisitor = pycudaboost::bfs_visitor<pycudaboost::distance_recorder<pycudaboost::iterator_property_map<__gnu_cxx::__normal_iterator<long unsigned int*, std::vector<long unsigned int> >, pycudaboost::vec_adj_list_vertex_id_map<pycudaboost::no_property, long unsigned int>, long unsigned int, long unsigned int&>, pycudaboost::on_tree_edge> >; ColorMap = pycudaboost::two_bit_color_map<pycudaboost::vec_adj_list_vertex_id_map<pycudaboost::no_property, long unsigned int> >]’
      bpl-subset/bpl_subset/boost/graph/breadth_first_search.hpp:136:25:   required from ‘void pycudaboost::breadth_first_search(const VertexListGraph&, typename pycudaboost::graph_traits<Graph>::vertex_descriptor, Buffer&, BFSVisitor, ColorMap) [with VertexListGraph = pycudaboost::reverse_graph<pycudaboost::adjacency_list<pycudaboost::vecS, pycudaboost::vecS, pycudaboost::bidirectionalS, pycudaboost::no_property, pycudaboost::property<pycudaboost::edge_index_t, long unsigned int, pycudaboost::property<pycudaboost::{anonymous}::edge_cast_t, void* (*)(void*)> > > >; Buffer = pycudaboost::queue<long unsigned int, std::deque<long unsigned int, std::allocator<long unsigned int> > >; BFSVisitor = pycudaboost::bfs_visitor<pycudaboost::distance_recorder<pycudaboost::iterator_property_map<__gnu_cxx::__normal_iterator<long unsigned int*, std::vector<long unsigned int> >, pycudaboost::vec_adj_list_vertex_id_map<pycudaboost::no_property, long unsigned int>, long unsigned int, long unsigned int&>, pycudaboost::on_tree_edge> >; ColorMap = pycudaboost::two_bit_color_map<pycudaboost::vec_adj_list_vertex_id_map<pycudaboost::no_property, long unsigned int> >; typename pycudaboost::graph_traits<Graph>::vertex_descriptor = long unsigned int]’
      bpl-subset/bpl_subset/boost/graph/breadth_first_search.hpp:260:9:   required from ‘void pycudaboost::detail::bfs_helper(VertexListGraph&, typename pycudaboost::graph_traits<Graph>::vertex_descriptor, ColorMap, BFSVisitor, const pycudaboost::bgl_named_params<P, T, R>&, typename pycudaboost::enable_if_c<pycudaboost::is_base_and_derived<pycudaboost::vertex_list_graph_tag, typename pycudaboost::graph_traits<Graph>::traversal_category>::value, void>::type*) [with VertexListGraph = pycudaboost::reverse_graph<pycudaboost::adjacency_list<pycudaboost::vecS, pycudaboost::vecS, pycudaboost::bidirectionalS, pycudaboost::no_property, pycudaboost::property<pycudaboost::edge_index_t, long unsigned int, pycudaboost::property<pycudaboost::{anonymous}::edge_cast_t, void* (*)(void*)> > > >; ColorMap = pycudaboost::two_bit_color_map<pycudaboost::vec_adj_list_vertex_id_map<pycudaboost::no_property, long unsigned int> >; BFSVisitor = pycudaboost::bfs_visitor<pycudaboost::distance_recorder<pycudaboost::iterator_property_map<__gnu_cxx::__normal_iterator<long unsigned int*, std::vector<long unsigned int> >, pycudaboost::vec_adj_list_vertex_id_map<pycudaboost::no_property, long unsigned int>, long unsigned int, long unsigned int&>, pycudaboost::on_tree_edge> >; P = pycudaboost::bfs_visitor<pycudaboost::distance_recorder<pycudaboost::iterator_property_map<__gnu_cxx::__normal_iterator<long unsigned int*, std::vector<long unsigned int> >, pycudaboost::vec_adj_list_vertex_id_map<pycudaboost::no_property, long unsigned int>, long unsigned int, long unsigned int&>, pycudaboost::on_tree_edge> >; T = pycudaboost::graph_visitor_t; R = pycudaboost::no_property; typename pycudaboost::graph_traits<Graph>::vertex_descriptor = long unsigned int; typename pycudaboost::enable_if_c<pycudaboost::is_base_and_derived<pycudaboost::vertex_list_graph_tag, typename pycudaboost::graph_traits<Graph>::traversal_category>::value, void>::type = void; typename pycudaboost::graph_traits<Graph>::traversal_category = pycudaboost::bidir_adj_list_traversal_tag]’
      bpl-subset/bpl_subset/boost/graph/breadth_first_search.hpp:312:11:   required from ‘static void pycudaboost::detail::bfs_dispatch<pycudaboost::param_not_found>::apply(VertexListGraph&, typename pycudaboost::graph_traits<Graph>::vertex_descriptor, const pycudaboost::bgl_named_params<T, Tag, Base>&, pycudaboost::param_not_found) [with VertexListGraph = pycudaboost::reverse_graph<pycudaboost::adjacency_list<pycudaboost::vecS, pycudaboost::vecS, pycudaboost::bidirectionalS, pycudaboost::no_property, pycudaboost::property<pycudaboost::edge_index_t, long unsigned int, pycudaboost::property<pycudaboost::{anonymous}::edge_cast_t, void* (*)(void*)> > > >; P = pycudaboost::bfs_visitor<pycudaboost::distance_recorder<pycudaboost::iterator_property_map<__gnu_cxx::__normal_iterator<long unsigned int*, std::vector<long unsigned int> >, pycudaboost::vec_adj_list_vertex_id_map<pycudaboost::no_property, long unsigned int>, long unsigned int, long unsigned int&>, pycudaboost::on_tree_edge> >; T = pycudaboost::graph_visitor_t; R = pycudaboost::no_property; typename pycudaboost::graph_traits<Graph>::vertex_descriptor = long unsigned int]’
      bpl-subset/bpl_subset/boost/graph/breadth_first_search.hpp:339:35:   required from ‘void pycudaboost::breadth_first_search(const VertexListGraph&, typename pycudaboost::graph_traits<Graph>::vertex_descriptor, const pycudaboost::bgl_named_params<T, Tag, Base>&) [with VertexListGraph = pycudaboost::reverse_graph<pycudaboost::adjacency_list<pycudaboost::vecS, pycudaboost::vecS, pycudaboost::bidirectionalS, pycudaboost::no_property, pycudaboost::property<pycudaboost::edge_index_t, long unsigned int, pycudaboost::property<pycudaboost::{anonymous}::edge_cast_t, void* (*)(void*)> > > >; P = pycudaboost::bfs_visitor<pycudaboost::distance_recorder<pycudaboost::iterator_property_map<__gnu_cxx::__normal_iterator<long unsigned int*, std::vector<long unsigned int> >, pycudaboost::vec_adj_list_vertex_id_map<pycudaboost::no_property, long unsigned int>, long unsigned int, long unsigned int&>, pycudaboost::on_tree_edge> >; T = pycudaboost::graph_visitor_t; R = pycudaboost::no_property; typename pycudaboost::graph_traits<Graph>::vertex_descriptor = long unsigned int]’
      bpl-subset/bpl_subset/libs/python/src/object/inheritance.cpp:107:35:   required from here
      bpl-subset/bpl_subset/boost/concept/detail/general.hpp:38:47: warning: ‘this’ pointer is null [-Wnonnull]
         38 |     static void failed() { ((Model*)0)->~Model(); }
            |                            ~~~~~~~~~~~~~~~~~~~^~
      In file included from bpl-subset/bpl_subset/boost/concept_check.hpp:32,
                       from bpl-subset/bpl_subset/boost/property_map/property_map.hpp:18,
                       from bpl-subset/bpl_subset/boost/graph/graph_concepts.hpp:17,
                       from bpl-subset/bpl_subset/boost/graph/breadth_first_search.hpp:21,
                       from bpl-subset/bpl_subset/libs/python/src/object/inheritance.cpp:7:
      bpl-subset/bpl_subset/boost/concept/usage.hpp:22:5: note: in a call to non-static member function ‘pycudaboost::concepts::usage_requirements<Model>::~usage_requirements() [with Model = pycudaboost::Assignable<pycudaboost::detail::reverse_graph_edge_descriptor<pycudaboost::detail::edge_desc_impl<pycudaboost::bidirectional_tag, long unsigned int> > >]’
         22 |     ~usage_requirements() { ((Model*)0)->~Model(); }
            |     ^
      In file included from bpl-subset/bpl_subset/boost/concept/assert.hpp:36,
                       from bpl-subset/bpl_subset/boost/concept_check.hpp:20,
                       from bpl-subset/bpl_subset/boost/property_map/property_map.hpp:18,
                       from bpl-subset/bpl_subset/boost/graph/graph_concepts.hpp:17,
                       from bpl-subset/bpl_subset/boost/graph/breadth_first_search.hpp:21,
                       from bpl-subset/bpl_subset/libs/python/src/object/inheritance.cpp:7:
      bpl-subset/bpl_subset/boost/concept/detail/general.hpp: In instantiation of ‘static void pycudaboost::concepts::requirement<pycudaboost::concepts::failed************ Model::************>::failed() [with Model = pycudaboost::Assignable<pycudaboost::detail::reverse_graph_edge_descriptor<pycudaboost::detail::edge_desc_impl<pycudaboost::bidirectional_tag, long unsigned int> > >]’:
      bpl-subset/bpl_subset/boost/graph/graph_concepts.hpp:88:13:   required from ‘pycudaboost::concepts::IncidenceGraph<G>::~IncidenceGraph() [with G = pycudaboost::reverse_graph<pycudaboost::adjacency_list<pycudaboost::vecS, pycudaboost::vecS, pycudaboost::bidirectionalS, pycudaboost::no_property, pycudaboost::property<pycudaboost::edge_index_t, long unsigned int, pycudaboost::property<pycudaboost::{anonymous}::edge_cast_t, void* (*)(void*)> > > >]’
      bpl-subset/bpl_subset/boost/graph/graph_concepts.hpp:74:5:   required from ‘static void pycudaboost::concepts::requirement<pycudaboost::concepts::failed************ Model::************>::failed() [with Model = pycudaboost::concepts::IncidenceGraphConcept<pycudaboost::reverse_graph<pycudaboost::adjacency_list<pycudaboost::vecS, pycudaboost::vecS, pycudaboost::bidirectionalS, pycudaboost::no_property, pycudaboost::property<pycudaboost::edge_index_t, long unsigned int, pycudaboost::property<pycudaboost::{anonymous}::edge_cast_t, void* (*)(void*)> > > > >]’
      bpl-subset/bpl_subset/boost/graph/breadth_first_search.hpp:64:5:   required from ‘void pycudaboost::breadth_first_visit(const IncidenceGraph&, SourceIterator, SourceIterator, Buffer&, BFSVisitor, ColorMap) [with IncidenceGraph = pycudaboost::reverse_graph<pycudaboost::adjacency_list<pycudaboost::vecS, pycudaboost::vecS, pycudaboost::bidirectionalS, pycudaboost::no_property, pycudaboost::property<pycudaboost::edge_index_t, long unsigned int, pycudaboost::property<pycudaboost::{anonymous}::edge_cast_t, void* (*)(void*)> > > >; Buffer = pycudaboost::queue<long unsigned int, std::deque<long unsigned int, std::allocator<long unsigned int> > >; BFSVisitor = pycudaboost::bfs_visitor<pycudaboost::distance_recorder<pycudaboost::iterator_property_map<__gnu_cxx::__normal_iterator<long unsigned int*, std::vector<long unsigned int> >, pycudaboost::vec_adj_list_vertex_id_map<pycudaboost::no_property, long unsigned int>, long unsigned int, long unsigned int&>, pycudaboost::on_tree_edge> >; ColorMap = pycudaboost::two_bit_color_map<pycudaboost::vec_adj_list_vertex_id_map<pycudaboost::no_property, long unsigned int> >; SourceIterator = long unsigned int*]’
      bpl-subset/bpl_subset/boost/graph/breadth_first_search.hpp:125:24:   required from ‘void pycudaboost::breadth_first_search(const VertexListGraph&, SourceIterator, SourceIterator, Buffer&, BFSVisitor, ColorMap) [with VertexListGraph = pycudaboost::reverse_graph<pycudaboost::adjacency_list<pycudaboost::vecS, pycudaboost::vecS, pycudaboost::bidirectionalS, pycudaboost::no_property, pycudaboost::property<pycudaboost::edge_index_t, long unsigned int, pycudaboost::property<pycudaboost::{anonymous}::edge_cast_t, void* (*)(void*)> > > >; SourceIterator = long unsigned int*; Buffer = pycudaboost::queue<long unsigned int, std::deque<long unsigned int, std::allocator<long unsigned int> > >; BFSVisitor = pycudaboost::bfs_visitor<pycudaboost::distance_recorder<pycudaboost::iterator_property_map<__gnu_cxx::__normal_iterator<long unsigned int*, std::vector<long unsigned int> >, pycudaboost::vec_adj_list_vertex_id_map<pycudaboost::no_property, long unsigned int>, long unsigned int, long unsigned int&>, pycudaboost::on_tree_edge> >; ColorMap = pycudaboost::two_bit_color_map<pycudaboost::vec_adj_list_vertex_id_map<pycudaboost::no_property, long unsigned int> >]’
      bpl-subset/bpl_subset/boost/graph/breadth_first_search.hpp:136:25:   required from ‘void pycudaboost::breadth_first_search(const VertexListGraph&, typename pycudaboost::graph_traits<Graph>::vertex_descriptor, Buffer&, BFSVisitor, ColorMap) [with VertexListGraph = pycudaboost::reverse_graph<pycudaboost::adjacency_list<pycudaboost::vecS, pycudaboost::vecS, pycudaboost::bidirectionalS, pycudaboost::no_property, pycudaboost::property<pycudaboost::edge_index_t, long unsigned int, pycudaboost::property<pycudaboost::{anonymous}::edge_cast_t, void* (*)(void*)> > > >; Buffer = pycudaboost::queue<long unsigned int, std::deque<long unsigned int, std::allocator<long unsigned int> > >; BFSVisitor = pycudaboost::bfs_visitor<pycudaboost::distance_recorder<pycudaboost::iterator_property_map<__gnu_cxx::__normal_iterator<long unsigned int*, std::vector<long unsigned int> >, pycudaboost::vec_adj_list_vertex_id_map<pycudaboost::no_property, long unsigned int>, long unsigned int, long unsigned int&>, pycudaboost::on_tree_edge> >; ColorMap = pycudaboost::two_bit_color_map<pycudaboost::vec_adj_list_vertex_id_map<pycudaboost::no_property, long unsigned int> >; typename pycudaboost::graph_traits<Graph>::vertex_descriptor = long unsigned int]’
      bpl-subset/bpl_subset/boost/graph/breadth_first_search.hpp:260:9:   required from ‘void pycudaboost::detail::bfs_helper(VertexListGraph&, typename pycudaboost::graph_traits<Graph>::vertex_descriptor, ColorMap, BFSVisitor, const pycudaboost::bgl_named_params<P, T, R>&, typename pycudaboost::enable_if_c<pycudaboost::is_base_and_derived<pycudaboost::vertex_list_graph_tag, typename pycudaboost::graph_traits<Graph>::traversal_category>::value, void>::type*) [with VertexListGraph = pycudaboost::reverse_graph<pycudaboost::adjacency_list<pycudaboost::vecS, pycudaboost::vecS, pycudaboost::bidirectionalS, pycudaboost::no_property, pycudaboost::property<pycudaboost::edge_index_t, long unsigned int, pycudaboost::property<pycudaboost::{anonymous}::edge_cast_t, void* (*)(void*)> > > >; ColorMap = pycudaboost::two_bit_color_map<pycudaboost::vec_adj_list_vertex_id_map<pycudaboost::no_property, long unsigned int> >; BFSVisitor = pycudaboost::bfs_visitor<pycudaboost::distance_recorder<pycudaboost::iterator_property_map<__gnu_cxx::__normal_iterator<long unsigned int*, std::vector<long unsigned int> >, pycudaboost::vec_adj_list_vertex_id_map<pycudaboost::no_property, long unsigned int>, long unsigned int, long unsigned int&>, pycudaboost::on_tree_edge> >; P = pycudaboost::bfs_visitor<pycudaboost::distance_recorder<pycudaboost::iterator_property_map<__gnu_cxx::__normal_iterator<long unsigned int*, std::vector<long unsigned int> >, pycudaboost::vec_adj_list_vertex_id_map<pycudaboost::no_property, long unsigned int>, long unsigned int, long unsigned int&>, pycudaboost::on_tree_edge> >; T = pycudaboost::graph_visitor_t; R = pycudaboost::no_property; typename pycudaboost::graph_traits<Graph>::vertex_descriptor = long unsigned int; typename pycudaboost::enable_if_c<pycudaboost::is_base_and_derived<pycudaboost::vertex_list_graph_tag, typename pycudaboost::graph_traits<Graph>::traversal_category>::value, void>::type = void; typename pycudaboost::graph_traits<Graph>::traversal_category = pycudaboost::bidir_adj_list_traversal_tag]’
      bpl-subset/bpl_subset/boost/graph/breadth_first_search.hpp:312:11:   required from ‘static void pycudaboost::detail::bfs_dispatch<pycudaboost::param_not_found>::apply(VertexListGraph&, typename pycudaboost::graph_traits<Graph>::vertex_descriptor, const pycudaboost::bgl_named_params<T, Tag, Base>&, pycudaboost::param_not_found) [with VertexListGraph = pycudaboost::reverse_graph<pycudaboost::adjacency_list<pycudaboost::vecS, pycudaboost::vecS, pycudaboost::bidirectionalS, pycudaboost::no_property, pycudaboost::property<pycudaboost::edge_index_t, long unsigned int, pycudaboost::property<pycudaboost::{anonymous}::edge_cast_t, void* (*)(void*)> > > >; P = pycudaboost::bfs_visitor<pycudaboost::distance_recorder<pycudaboost::iterator_property_map<__gnu_cxx::__normal_iterator<long unsigned int*, std::vector<long unsigned int> >, pycudaboost::vec_adj_list_vertex_id_map<pycudaboost::no_property, long unsigned int>, long unsigned int, long unsigned int&>, pycudaboost::on_tree_edge> >; T = pycudaboost::graph_visitor_t; R = pycudaboost::no_property; typename pycudaboost::graph_traits<Graph>::vertex_descriptor = long unsigned int]’
      bpl-subset/bpl_subset/boost/graph/breadth_first_search.hpp:339:35:   required from ‘void pycudaboost::breadth_first_search(const VertexListGraph&, typename pycudaboost::graph_traits<Graph>::vertex_descriptor, const pycudaboost::bgl_named_params<T, Tag, Base>&) [with VertexListGraph = pycudaboost::reverse_graph<pycudaboost::adjacency_list<pycudaboost::vecS, pycudaboost::vecS, pycudaboost::bidirectionalS, pycudaboost::no_property, pycudaboost::property<pycudaboost::edge_index_t, long unsigned int, pycudaboost::property<pycudaboost::{anonymous}::edge_cast_t, void* (*)(void*)> > > >; P = pycudaboost::bfs_visitor<pycudaboost::distance_recorder<pycudaboost::iterator_property_map<__gnu_cxx::__normal_iterator<long unsigned int*, std::vector<long unsigned int> >, pycudaboost::vec_adj_list_vertex_id_map<pycudaboost::no_property, long unsigned int>, long unsigned int, long unsigned int&>, pycudaboost::on_tree_edge> >; T = pycudaboost::graph_visitor_t; R = pycudaboost::no_property; typename pycudaboost::graph_traits<Graph>::vertex_descriptor = long unsigned int]’
      bpl-subset/bpl_subset/libs/python/src/object/inheritance.cpp:107:35:   required from here
      bpl-subset/bpl_subset/boost/concept/detail/general.hpp:38:47: warning: ‘this’ pointer is null [-Wnonnull]
         38 |     static void failed() { ((Model*)0)->~Model(); }
            |                            ~~~~~~~~~~~~~~~~~~~^~
      In file included from bpl-subset/bpl_subset/boost/concept_check.hpp:32,
                       from bpl-subset/bpl_subset/boost/property_map/property_map.hpp:18,
                       from bpl-subset/bpl_subset/boost/graph/graph_concepts.hpp:17,
                       from bpl-subset/bpl_subset/boost/graph/breadth_first_search.hpp:21,
                       from bpl-subset/bpl_subset/libs/python/src/object/inheritance.cpp:7:
      bpl-subset/bpl_subset/boost/concept/usage.hpp:36:7: note: in a call to non-static member function ‘pycudaboost::Assignable<TT>::~Assignable() [with TT = pycudaboost::detail::reverse_graph_edge_descriptor<pycudaboost::detail::edge_desc_impl<pycudaboost::bidirectional_tag, long unsigned int> >]’
         36 |       ~model()
            |       ^
      bpl-subset/bpl_subset/boost/concept_check.hpp:140:5: note: in expansion of macro ‘BOOST_CONCEPT_USAGE’
        140 |     BOOST_CONCEPT_USAGE(Assignable) {
            |     ^~~~~~~~~~~~~~~~~~~
      In file included from bpl-subset/bpl_subset/boost/concept/assert.hpp:36,
                       from bpl-subset/bpl_subset/boost/concept_check.hpp:20,
                       from bpl-subset/bpl_subset/boost/property_map/property_map.hpp:18,
                       from bpl-subset/bpl_subset/boost/graph/graph_concepts.hpp:17,
                       from bpl-subset/bpl_subset/boost/graph/breadth_first_search.hpp:21,
                       from bpl-subset/bpl_subset/libs/python/src/object/inheritance.cpp:7:
      bpl-subset/bpl_subset/boost/concept/detail/general.hpp: In instantiation of ‘static void pycudaboost::concepts::requirement<pycudaboost::concepts::failed************ Model::************>::failed() [with Model = pycudaboost::concepts::usage_requirements<pycudaboost::Convertible<pycudaboost::bidir_adj_list_traversal_tag, pycudaboost::incidence_graph_tag> >]’:
      bpl-subset/bpl_subset/boost/concept_check.hpp:211:5:   required from ‘struct pycudaboost::Convertible<pycudaboost::bidir_adj_list_traversal_tag, pycudaboost::incidence_graph_tag>’
      bpl-subset/bpl_subset/boost/concept/detail/has_constraints.hpp:32:62:   required by substitution of ‘template<class Model> pycudaboost::concepts::detail::yes pycudaboost::concepts::detail::has_constraints_(Model*, pycudaboost::concepts::detail::wrap_constraints<Model, (& Model::constraints)>*) [with Model = pycudaboost::Convertible<pycudaboost::bidir_adj_list_traversal_tag, pycudaboost::incidence_graph_tag>]’
      bpl-subset/bpl_subset/boost/concept/detail/has_constraints.hpp:42:5:   required from ‘const bool pycudaboost::concepts::not_satisfied<pycudaboost::Convertible<pycudaboost::bidir_adj_list_traversal_tag, pycudaboost::incidence_graph_tag> >::value’
      bpl-subset/bpl_subset/boost/concept/detail/has_constraints.hpp:45:31:   required from ‘struct pycudaboost::concepts::not_satisfied<pycudaboost::Convertible<pycudaboost::bidir_adj_list_traversal_tag, pycudaboost::incidence_graph_tag> >’
      bpl-subset/bpl_subset/boost/mpl/if.hpp:63:11:   required from ‘struct pycudaboost::mpl::if_<pycudaboost::concepts::not_satisfied<pycudaboost::Convertible<pycudaboost::bidir_adj_list_traversal_tag, pycudaboost::incidence_graph_tag> >, pycudaboost::concepts::constraint<pycudaboost::Convertible<pycudaboost::bidir_adj_list_traversal_tag, pycudaboost::incidence_graph_tag> >, pycudaboost::concepts::requirement<pycudaboost::concepts::failed************ pycudaboost::Convertible<pycudaboost::bidir_adj_list_traversal_tag, pycudaboost::incidence_graph_tag>::************> >’
      bpl-subset/bpl_subset/boost/concept/detail/general.hpp:50:8:   [ skipping 4 instantiation contexts, use -ftemplate-backtrace-limit=0 to disable ]
      bpl-subset/bpl_subset/boost/graph/breadth_first_search.hpp:125:24:   required from ‘void pycudaboost::breadth_first_search(const VertexListGraph&, SourceIterator, SourceIterator, Buffer&, BFSVisitor, ColorMap) [with VertexListGraph = pycudaboost::reverse_graph<pycudaboost::adjacency_list<pycudaboost::vecS, pycudaboost::vecS, pycudaboost::bidirectionalS, pycudaboost::no_property, pycudaboost::property<pycudaboost::edge_index_t, long unsigned int, pycudaboost::property<pycudaboost::{anonymous}::edge_cast_t, void* (*)(void*)> > > >; SourceIterator = long unsigned int*; Buffer = pycudaboost::queue<long unsigned int, std::deque<long unsigned int, std::allocator<long unsigned int> > >; BFSVisitor = pycudaboost::bfs_visitor<pycudaboost::distance_recorder<pycudaboost::iterator_property_map<__gnu_cxx::__normal_iterator<long unsigned int*, std::vector<long unsigned int> >, pycudaboost::vec_adj_list_vertex_id_map<pycudaboost::no_property, long unsigned int>, long unsigned int, long unsigned int&>, pycudaboost::on_tree_edge> >; ColorMap = pycudaboost::two_bit_color_map<pycudaboost::vec_adj_list_vertex_id_map<pycudaboost::no_property, long unsigned int> >]’
      bpl-subset/bpl_subset/boost/graph/breadth_first_search.hpp:136:25:   required from ‘void pycudaboost::breadth_first_search(const VertexListGraph&, typename pycudaboost::graph_traits<Graph>::vertex_descriptor, Buffer&, BFSVisitor, ColorMap) [with VertexListGraph = pycudaboost::reverse_graph<pycudaboost::adjacency_list<pycudaboost::vecS, pycudaboost::vecS, pycudaboost::bidirectionalS, pycudaboost::no_property, pycudaboost::property<pycudaboost::edge_index_t, long unsigned int, pycudaboost::property<pycudaboost::{anonymous}::edge_cast_t, void* (*)(void*)> > > >; Buffer = pycudaboost::queue<long unsigned int, std::deque<long unsigned int, std::allocator<long unsigned int> > >; BFSVisitor = pycudaboost::bfs_visitor<pycudaboost::distance_recorder<pycudaboost::iterator_property_map<__gnu_cxx::__normal_iterator<long unsigned int*, std::vector<long unsigned int> >, pycudaboost::vec_adj_list_vertex_id_map<pycudaboost::no_property, long unsigned int>, long unsigned int, long unsigned int&>, pycudaboost::on_tree_edge> >; ColorMap = pycudaboost::two_bit_color_map<pycudaboost::vec_adj_list_vertex_id_map<pycudaboost::no_property, long unsigned int> >; typename pycudaboost::graph_traits<Graph>::vertex_descriptor = long unsigned int]’
      bpl-subset/bpl_subset/boost/graph/breadth_first_search.hpp:260:9:   required from ‘void pycudaboost::detail::bfs_helper(VertexListGraph&, typename pycudaboost::graph_traits<Graph>::vertex_descriptor, ColorMap, BFSVisitor, const pycudaboost::bgl_named_params<P, T, R>&, typename pycudaboost::enable_if_c<pycudaboost::is_base_and_derived<pycudaboost::vertex_list_graph_tag, typename pycudaboost::graph_traits<Graph>::traversal_category>::value, void>::type*) [with VertexListGraph = pycudaboost::reverse_graph<pycudaboost::adjacency_list<pycudaboost::vecS, pycudaboost::vecS, pycudaboost::bidirectionalS, pycudaboost::no_property, pycudaboost::property<pycudaboost::edge_index_t, long unsigned int, pycudaboost::property<pycudaboost::{anonymous}::edge_cast_t, void* (*)(void*)> > > >; ColorMap = pycudaboost::two_bit_color_map<pycudaboost::vec_adj_list_vertex_id_map<pycudaboost::no_property, long unsigned int> >; BFSVisitor = pycudaboost::bfs_visitor<pycudaboost::distance_recorder<pycudaboost::iterator_property_map<__gnu_cxx::__normal_iterator<long unsigned int*, std::vector<long unsigned int> >, pycudaboost::vec_adj_list_vertex_id_map<pycudaboost::no_property, long unsigned int>, long unsigned int, long unsigned int&>, pycudaboost::on_tree_edge> >; P = pycudaboost::bfs_visitor<pycudaboost::distance_recorder<pycudaboost::iterator_property_map<__gnu_cxx::__normal_iterator<long unsigned int*, std::vector<long unsigned int> >, pycudaboost::vec_adj_list_vertex_id_map<pycudaboost::no_property, long unsigned int>, long unsigned int, long unsigned int&>, pycudaboost::on_tree_edge> >; T = pycudaboost::graph_visitor_t; R = pycudaboost::no_property; typename pycudaboost::graph_traits<Graph>::vertex_descriptor = long unsigned int; typename pycudaboost::enable_if_c<pycudaboost::is_base_and_derived<pycudaboost::vertex_list_graph_tag, typename pycudaboost::graph_traits<Graph>::traversal_category>::value, void>::type = void; typename pycudaboost::graph_traits<Graph>::traversal_category = pycudaboost::bidir_adj_list_traversal_tag]’
      bpl-subset/bpl_subset/boost/graph/breadth_first_search.hpp:312:11:   required from ‘static void pycudaboost::detail::bfs_dispatch<pycudaboost::param_not_found>::apply(VertexListGraph&, typename pycudaboost::graph_traits<Graph>::vertex_descriptor, const pycudaboost::bgl_named_params<T, Tag, Base>&, pycudaboost::param_not_found) [with VertexListGraph = pycudaboost::reverse_graph<pycudaboost::adjacency_list<pycudaboost::vecS, pycudaboost::vecS, pycudaboost::bidirectionalS, pycudaboost::no_property, pycudaboost::property<pycudaboost::edge_index_t, long unsigned int, pycudaboost::property<pycudaboost::{anonymous}::edge_cast_t, void* (*)(void*)> > > >; P = pycudaboost::bfs_visitor<pycudaboost::distance_recorder<pycudaboost::iterator_property_map<__gnu_cxx::__normal_iterator<long unsigned int*, std::vector<long unsigned int> >, pycudaboost::vec_adj_list_vertex_id_map<pycudaboost::no_property, long unsigned int>, long unsigned int, long unsigned int&>, pycudaboost::on_tree_edge> >; T = pycudaboost::graph_visitor_t; R = pycudaboost::no_property; typename pycudaboost::graph_traits<Graph>::vertex_descriptor = long unsigned int]’
      bpl-subset/bpl_subset/boost/graph/breadth_first_search.hpp:339:35:   required from ‘void pycudaboost::breadth_first_search(const VertexListGraph&, typename pycudaboost::graph_traits<Graph>::vertex_descriptor, const pycudaboost::bgl_named_params<T, Tag, Base>&) [with VertexListGraph = pycudaboost::reverse_graph<pycudaboost::adjacency_list<pycudaboost::vecS, pycudaboost::vecS, pycudaboost::bidirectionalS, pycudaboost::no_property, pycudaboost::property<pycudaboost::edge_index_t, long unsigned int, pycudaboost::property<pycudaboost::{anonymous}::edge_cast_t, void* (*)(void*)> > > >; P = pycudaboost::bfs_visitor<pycudaboost::distance_recorder<pycudaboost::iterator_property_map<__gnu_cxx::__normal_iterator<long unsigned int*, std::vector<long unsigned int> >, pycudaboost::vec_adj_list_vertex_id_map<pycudaboost::no_property, long unsigned int>, long unsigned int, long unsigned int&>, pycudaboost::on_tree_edge> >; T = pycudaboost::graph_visitor_t; R = pycudaboost::no_property; typename pycudaboost::graph_traits<Graph>::vertex_descriptor = long unsigned int]’
      bpl-subset/bpl_subset/libs/python/src/object/inheritance.cpp:107:35:   required from here
      bpl-subset/bpl_subset/boost/concept/detail/general.hpp:38:47: warning: ‘this’ pointer is null [-Wnonnull]
         38 |     static void failed() { ((Model*)0)->~Model(); }
            |                            ~~~~~~~~~~~~~~~~~~~^~
      In file included from bpl-subset/bpl_subset/boost/concept_check.hpp:32,
                       from bpl-subset/bpl_subset/boost/property_map/property_map.hpp:18,
                       from bpl-subset/bpl_subset/boost/graph/graph_concepts.hpp:17,
                       from bpl-subset/bpl_subset/boost/graph/breadth_first_search.hpp:21,
                       from bpl-subset/bpl_subset/libs/python/src/object/inheritance.cpp:7:
      bpl-subset/bpl_subset/boost/concept/usage.hpp:22:5: note: in a call to non-static member function ‘pycudaboost::concepts::usage_requirements<Model>::~usage_requirements() [with Model = pycudaboost::Convertible<pycudaboost::bidir_adj_list_traversal_tag, pycudaboost::incidence_graph_tag>]’
         22 |     ~usage_requirements() { ((Model*)0)->~Model(); }
            |     ^
      In file included from bpl-subset/bpl_subset/boost/concept/assert.hpp:36,
                       from bpl-subset/bpl_subset/boost/concept_check.hpp:20,
                       from bpl-subset/bpl_subset/boost/property_map/property_map.hpp:18,
                       from bpl-subset/bpl_subset/boost/graph/graph_concepts.hpp:17,
                       from bpl-subset/bpl_subset/boost/graph/breadth_first_search.hpp:21,
                       from bpl-subset/bpl_subset/libs/python/src/object/inheritance.cpp:7:
      bpl-subset/bpl_subset/boost/concept/detail/general.hpp: In instantiation of ‘static void pycudaboost::concepts::requirement<pycudaboost::concepts::failed************ Model::************>::failed() [with Model = pycudaboost::Convertible<pycudaboost::bidir_adj_list_traversal_tag, pycudaboost::incidence_graph_tag>]’:
      bpl-subset/bpl_subset/boost/graph/graph_concepts.hpp:89:13:   required from ‘pycudaboost::concepts::IncidenceGraph<G>::~IncidenceGraph() [with G = pycudaboost::reverse_graph<pycudaboost::adjacency_list<pycudaboost::vecS, pycudaboost::vecS, pycudaboost::bidirectionalS, pycudaboost::no_property, pycudaboost::property<pycudaboost::edge_index_t, long unsigned int, pycudaboost::property<pycudaboost::{anonymous}::edge_cast_t, void* (*)(void*)> > > >]’
      bpl-subset/bpl_subset/boost/graph/graph_concepts.hpp:74:5:   required from ‘static void pycudaboost::concepts::requirement<pycudaboost::concepts::failed************ Model::************>::failed() [with Model = pycudaboost::concepts::IncidenceGraphConcept<pycudaboost::reverse_graph<pycudaboost::adjacency_list<pycudaboost::vecS, pycudaboost::vecS, pycudaboost::bidirectionalS, pycudaboost::no_property, pycudaboost::property<pycudaboost::edge_index_t, long unsigned int, pycudaboost::property<pycudaboost::{anonymous}::edge_cast_t, void* (*)(void*)> > > > >]’
      bpl-subset/bpl_subset/boost/graph/breadth_first_search.hpp:64:5:   required from ‘void pycudaboost::breadth_first_visit(const IncidenceGraph&, SourceIterator, SourceIterator, Buffer&, BFSVisitor, ColorMap) [with IncidenceGraph = pycudaboost::reverse_graph<pycudaboost::adjacency_list<pycudaboost::vecS, pycudaboost::vecS, pycudaboost::bidirectionalS, pycudaboost::no_property, pycudaboost::property<pycudaboost::edge_index_t, long unsigned int, pycudaboost::property<pycudaboost::{anonymous}::edge_cast_t, void* (*)(void*)> > > >; Buffer = pycudaboost::queue<long unsigned int, std::deque<long unsigned int, std::allocator<long unsigned int> > >; BFSVisitor = pycudaboost::bfs_visitor<pycudaboost::distance_recorder<pycudaboost::iterator_property_map<__gnu_cxx::__normal_iterator<long unsigned int*, std::vector<long unsigned int> >, pycudaboost::vec_adj_list_vertex_id_map<pycudaboost::no_property, long unsigned int>, long unsigned int, long unsigned int&>, pycudaboost::on_tree_edge> >; ColorMap = pycudaboost::two_bit_color_map<pycudaboost::vec_adj_list_vertex_id_map<pycudaboost::no_property, long unsigned int> >; SourceIterator = long unsigned int*]’
      bpl-subset/bpl_subset/boost/graph/breadth_first_search.hpp:125:24:   required from ‘void pycudaboost::breadth_first_search(const VertexListGraph&, SourceIterator, SourceIterator, Buffer&, BFSVisitor, ColorMap) [with VertexListGraph = pycudaboost::reverse_graph<pycudaboost::adjacency_list<pycudaboost::vecS, pycudaboost::vecS, pycudaboost::bidirectionalS, pycudaboost::no_property, pycudaboost::property<pycudaboost::edge_index_t, long unsigned int, pycudaboost::property<pycudaboost::{anonymous}::edge_cast_t, void* (*)(void*)> > > >; SourceIterator = long unsigned int*; Buffer = pycudaboost::queue<long unsigned int, std::deque<long unsigned int, std::allocator<long unsigned int> > >; BFSVisitor = pycudaboost::bfs_visitor<pycudaboost::distance_recorder<pycudaboost::iterator_property_map<__gnu_cxx::__normal_iterator<long unsigned int*, std::vector<long unsigned int> >, pycudaboost::vec_adj_list_vertex_id_map<pycudaboost::no_property, long unsigned int>, long unsigned int, long unsigned int&>, pycudaboost::on_tree_edge> >; ColorMap = pycudaboost::two_bit_color_map<pycudaboost::vec_adj_list_vertex_id_map<pycudaboost::no_property, long unsigned int> >]’
      bpl-subset/bpl_subset/boost/graph/breadth_first_search.hpp:136:25:   required from ‘void pycudaboost::breadth_first_search(const VertexListGraph&, typename pycudaboost::graph_traits<Graph>::vertex_descriptor, Buffer&, BFSVisitor, ColorMap) [with VertexListGraph = pycudaboost::reverse_graph<pycudaboost::adjacency_list<pycudaboost::vecS, pycudaboost::vecS, pycudaboost::bidirectionalS, pycudaboost::no_property, pycudaboost::property<pycudaboost::edge_index_t, long unsigned int, pycudaboost::property<pycudaboost::{anonymous}::edge_cast_t, void* (*)(void*)> > > >; Buffer = pycudaboost::queue<long unsigned int, std::deque<long unsigned int, std::allocator<long unsigned int> > >; BFSVisitor = pycudaboost::bfs_visitor<pycudaboost::distance_recorder<pycudaboost::iterator_property_map<__gnu_cxx::__normal_iterator<long unsigned int*, std::vector<long unsigned int> >, pycudaboost::vec_adj_list_vertex_id_map<pycudaboost::no_property, long unsigned int>, long unsigned int, long unsigned int&>, pycudaboost::on_tree_edge> >; ColorMap = pycudaboost::two_bit_color_map<pycudaboost::vec_adj_list_vertex_id_map<pycudaboost::no_property, long unsigned int> >; typename pycudaboost::graph_traits<Graph>::vertex_descriptor = long unsigned int]’
      bpl-subset/bpl_subset/boost/graph/breadth_first_search.hpp:260:9:   required from ‘void pycudaboost::detail::bfs_helper(VertexListGraph&, typename pycudaboost::graph_traits<Graph>::vertex_descriptor, ColorMap, BFSVisitor, const pycudaboost::bgl_named_params<P, T, R>&, typename pycudaboost::enable_if_c<pycudaboost::is_base_and_derived<pycudaboost::vertex_list_graph_tag, typename pycudaboost::graph_traits<Graph>::traversal_category>::value, void>::type*) [with VertexListGraph = pycudaboost::reverse_graph<pycudaboost::adjacency_list<pycudaboost::vecS, pycudaboost::vecS, pycudaboost::bidirectionalS, pycudaboost::no_property, pycudaboost::property<pycudaboost::edge_index_t, long unsigned int, pycudaboost::property<pycudaboost::{anonymous}::edge_cast_t, void* (*)(void*)> > > >; ColorMap = pycudaboost::two_bit_color_map<pycudaboost::vec_adj_list_vertex_id_map<pycudaboost::no_property, long unsigned int> >; BFSVisitor = pycudaboost::bfs_visitor<pycudaboost::distance_recorder<pycudaboost::iterator_property_map<__gnu_cxx::__normal_iterator<long unsigned int*, std::vector<long unsigned int> >, pycudaboost::vec_adj_list_vertex_id_map<pycudaboost::no_property, long unsigned int>, long unsigned int, long unsigned int&>, pycudaboost::on_tree_edge> >; P = pycudaboost::bfs_visitor<pycudaboost::distance_recorder<pycudaboost::iterator_property_map<__gnu_cxx::__normal_iterator<long unsigned int*, std::vector<long unsigned int> >, pycudaboost::vec_adj_list_vertex_id_map<pycudaboost::no_property, long unsigned int>, long unsigned int, long unsigned int&>, pycudaboost::on_tree_edge> >; T = pycudaboost::graph_visitor_t; R = pycudaboost::no_property; typename pycudaboost::graph_traits<Graph>::vertex_descriptor = long unsigned int; typename pycudaboost::enable_if_c<pycudaboost::is_base_and_derived<pycudaboost::vertex_list_graph_tag, typename pycudaboost::graph_traits<Graph>::traversal_category>::value, void>::type = void; typename pycudaboost::graph_traits<Graph>::traversal_category = pycudaboost::bidir_adj_list_traversal_tag]’
      bpl-subset/bpl_subset/boost/graph/breadth_first_search.hpp:312:11:   required from ‘static void pycudaboost::detail::bfs_dispatch<pycudaboost::param_not_found>::apply(VertexListGraph&, typename pycudaboost::graph_traits<Graph>::vertex_descriptor, const pycudaboost::bgl_named_params<T, Tag, Base>&, pycudaboost::param_not_found) [with VertexListGraph = pycudaboost::reverse_graph<pycudaboost::adjacency_list<pycudaboost::vecS, pycudaboost::vecS, pycudaboost::bidirectionalS, pycudaboost::no_property, pycudaboost::property<pycudaboost::edge_index_t, long unsigned int, pycudaboost::property<pycudaboost::{anonymous}::edge_cast_t, void* (*)(void*)> > > >; P = pycudaboost::bfs_visitor<pycudaboost::distance_recorder<pycudaboost::iterator_property_map<__gnu_cxx::__normal_iterator<long unsigned int*, std::vector<long unsigned int> >, pycudaboost::vec_adj_list_vertex_id_map<pycudaboost::no_property, long unsigned int>, long unsigned int, long unsigned int&>, pycudaboost::on_tree_edge> >; T = pycudaboost::graph_visitor_t; R = pycudaboost::no_property; typename pycudaboost::graph_traits<Graph>::vertex_descriptor = long unsigned int]’
      bpl-subset/bpl_subset/boost/graph/breadth_first_search.hpp:339:35:   required from ‘void pycudaboost::breadth_first_search(const VertexListGraph&, typename pycudaboost::graph_traits<Graph>::vertex_descriptor, const pycudaboost::bgl_named_params<T, Tag, Base>&) [with VertexListGraph = pycudaboost::reverse_graph<pycudaboost::adjacency_list<pycudaboost::vecS, pycudaboost::vecS, pycudaboost::bidirectionalS, pycudaboost::no_property, pycudaboost::property<pycudaboost::edge_index_t, long unsigned int, pycudaboost::property<pycudaboost::{anonymous}::edge_cast_t, void* (*)(void*)> > > >; P = pycudaboost::bfs_visitor<pycudaboost::distance_recorder<pycudaboost::iterator_property_map<__gnu_cxx::__normal_iterator<long unsigned int*, std::vector<long unsigned int> >, pycudaboost::vec_adj_list_vertex_id_map<pycudaboost::no_property, long unsigned int>, long unsigned int, long unsigned int&>, pycudaboost::on_tree_edge> >; T = pycudaboost::graph_visitor_t; R = pycudaboost::no_property; typename pycudaboost::graph_traits<Graph>::vertex_descriptor = long unsigned int]’
      bpl-subset/bpl_subset/libs/python/src/object/inheritance.cpp:107:35:   required from here
      bpl-subset/bpl_subset/boost/concept/detail/general.hpp:38:47: warning: ‘this’ pointer is null [-Wnonnull]
         38 |     static void failed() { ((Model*)0)->~Model(); }
            |                            ~~~~~~~~~~~~~~~~~~~^~
      In file included from bpl-subset/bpl_subset/boost/concept_check.hpp:32,
                       from bpl-subset/bpl_subset/boost/property_map/property_map.hpp:18,
                       from bpl-subset/bpl_subset/boost/graph/graph_concepts.hpp:17,
                       from bpl-subset/bpl_subset/boost/graph/breadth_first_search.hpp:21,
                       from bpl-subset/bpl_subset/libs/python/src/object/inheritance.cpp:7:
      bpl-subset/bpl_subset/boost/concept/usage.hpp:36:7: note: in a call to non-static member function ‘pycudaboost::Convertible<X, Y>::~Convertible() [with X = pycudaboost::bidir_adj_list_traversal_tag; Y = pycudaboost::incidence_graph_tag]’
         36 |       ~model()
            |       ^
      bpl-subset/bpl_subset/boost/concept_check.hpp:211:5: note: in expansion of macro ‘BOOST_CONCEPT_USAGE’
        211 |     BOOST_CONCEPT_USAGE(Convertible) {
            |     ^~~~~~~~~~~~~~~~~~~
      bpl-subset/bpl_subset/boost/concept/usage.hpp: In instantiation of ‘pycudaboost::concepts::usage_requirements<Model>::~usage_requirements() [with Model = pycudaboost::CopyConstructible<pycudaboost::bfs_visitor<pycudaboost::distance_recorder<pycudaboost::iterator_property_map<__gnu_cxx::__normal_iterator<long unsigned int*, std::vector<long unsigned int> >, pycudaboost::vec_adj_list_vertex_id_map<pycudaboost::no_property, long unsigned int>, long unsigned int, long unsigned int&>, pycudaboost::on_tree_edge> > >]’:
      bpl-subset/bpl_subset/boost/concept/detail/general.hpp:38:47:   required from ‘static void pycudaboost::concepts::requirement<pycudaboost::concepts::failed************ Model::************>::failed() [with Model = pycudaboost::concepts::usage_requirements<pycudaboost::CopyConstructible<pycudaboost::bfs_visitor<pycudaboost::distance_recorder<pycudaboost::iterator_property_map<__gnu_cxx::__normal_iterator<long unsigned int*, std::vector<long unsigned int> >, pycudaboost::vec_adj_list_vertex_id_map<pycudaboost::no_property, long unsigned int>, long unsigned int, long unsigned int&>, pycudaboost::on_tree_edge> > > >]’
      bpl-subset/bpl_subset/boost/concept_check.hpp:162:5:   required from ‘struct pycudaboost::CopyConstructible<pycudaboost::bfs_visitor<pycudaboost::distance_recorder<pycudaboost::iterator_property_map<__gnu_cxx::__normal_iterator<long unsigned int*, std::vector<long unsigned int> >, pycudaboost::vec_adj_list_vertex_id_map<pycudaboost::no_property, long unsigned int>, long unsigned int, long unsigned int&>, pycudaboost::on_tree_edge> > >’
      bpl-subset/bpl_subset/boost/concept_check.hpp:160:3:   required from ‘struct pycudaboost::CopyConstructibleConcept<pycudaboost::bfs_visitor<pycudaboost::distance_recorder<pycudaboost::iterator_property_map<__gnu_cxx::__normal_iterator<long unsigned int*, std::vector<long unsigned int> >, pycudaboost::vec_adj_list_vertex_id_map<pycudaboost::no_property, long unsigned int>, long unsigned int, long unsigned int&>, pycudaboost::on_tree_edge> > >’
      bpl-subset/bpl_subset/boost/concept/detail/has_constraints.hpp:32:62:   required by substitution of ‘template<class Model> pycudaboost::concepts::detail::yes pycudaboost::concepts::detail::has_constraints_(Model*, pycudaboost::concepts::detail::wrap_constraints<Model, (& Model::constraints)>*) [with Model = pycudaboost::CopyConstructibleConcept<pycudaboost::bfs_visitor<pycudaboost::distance_recorder<pycudaboost::iterator_property_map<__gnu_cxx::__normal_iterator<long unsigned int*, std::vector<long unsigned int> >, pycudaboost::vec_adj_list_vertex_id_map<pycudaboost::no_property, long unsigned int>, long unsigned int, long unsigned int&>, pycudaboost::on_tree_edge> > >]’
      bpl-subset/bpl_subset/boost/concept/detail/has_constraints.hpp:42:5:   required from ‘const bool pycudaboost::concepts::not_satisfied<pycudaboost::CopyConstructibleConcept<pycudaboost::bfs_visitor<pycudaboost::distance_recorder<pycudaboost::iterator_property_map<__gnu_cxx::__normal_iterator<long unsigned int*, std::vector<long unsigned int> >, pycudaboost::vec_adj_list_vertex_id_map<pycudaboost::no_property, long unsigned int>, long unsigned int, long unsigned int&>, pycudaboost::on_tree_edge> > > >::value’
      bpl-subset/bpl_subset/boost/concept/detail/has_constraints.hpp:45:31:   [ skipping 10 instantiation contexts, use -ftemplate-backtrace-limit=0 to disable ]
      bpl-subset/bpl_subset/boost/graph/breadth_first_search.hpp:125:24:   required from ‘void pycudaboost::breadth_first_search(const VertexListGraph&, SourceIterator, SourceIterator, Buffer&, BFSVisitor, ColorMap) [with VertexListGraph = pycudaboost::reverse_graph<pycudaboost::adjacency_list<pycudaboost::vecS, pycudaboost::vecS, pycudaboost::bidirectionalS, pycudaboost::no_property, pycudaboost::property<pycudaboost::edge_index_t, long unsigned int, pycudaboost::property<pycudaboost::{anonymous}::edge_cast_t, void* (*)(void*)> > > >; SourceIterator = long unsigned int*; Buffer = pycudaboost::queue<long unsigned int, std::deque<long unsigned int, std::allocator<long unsigned int> > >; BFSVisitor = pycudaboost::bfs_visitor<pycudaboost::distance_recorder<pycudaboost::iterator_property_map<__gnu_cxx::__normal_iterator<long unsigned int*, std::vector<long unsigned int> >, pycudaboost::vec_adj_list_vertex_id_map<pycudaboost::no_property, long unsigned int>, long unsigned int, long unsigned int&>, pycudaboost::on_tree_edge> >; ColorMap = pycudaboost::two_bit_color_map<pycudaboost::vec_adj_list_vertex_id_map<pycudaboost::no_property, long unsigned int> >]’
      bpl-subset/bpl_subset/boost/graph/breadth_first_search.hpp:136:25:   required from ‘void pycudaboost::breadth_first_search(const VertexListGraph&, typename pycudaboost::graph_traits<Graph>::vertex_descriptor, Buffer&, BFSVisitor, ColorMap) [with VertexListGraph = pycudaboost::reverse_graph<pycudaboost::adjacency_list<pycudaboost::vecS, pycudaboost::vecS, pycudaboost::bidirectionalS, pycudaboost::no_property, pycudaboost::property<pycudaboost::edge_index_t, long unsigned int, pycudaboost::property<pycudaboost::{anonymous}::edge_cast_t, void* (*)(void*)> > > >; Buffer = pycudaboost::queue<long unsigned int, std::deque<long unsigned int, std::allocator<long unsigned int> > >; BFSVisitor = pycudaboost::bfs_visitor<pycudaboost::distance_recorder<pycudaboost::iterator_property_map<__gnu_cxx::__normal_iterator<long unsigned int*, std::vector<long unsigned int> >, pycudaboost::vec_adj_list_vertex_id_map<pycudaboost::no_property, long unsigned int>, long unsigned int, long unsigned int&>, pycudaboost::on_tree_edge> >; ColorMap = pycudaboost::two_bit_color_map<pycudaboost::vec_adj_list_vertex_id_map<pycudaboost::no_property, long unsigned int> >; typename pycudaboost::graph_traits<Graph>::vertex_descriptor = long unsigned int]’
      bpl-subset/bpl_subset/boost/graph/breadth_first_search.hpp:260:9:   required from ‘void pycudaboost::detail::bfs_helper(VertexListGraph&, typename pycudaboost::graph_traits<Graph>::vertex_descriptor, ColorMap, BFSVisitor, const pycudaboost::bgl_named_params<P, T, R>&, typename pycudaboost::enable_if_c<pycudaboost::is_base_and_derived<pycudaboost::vertex_list_graph_tag, typename pycudaboost::graph_traits<Graph>::traversal_category>::value, void>::type*) [with VertexListGraph = pycudaboost::reverse_graph<pycudaboost::adjacency_list<pycudaboost::vecS, pycudaboost::vecS, pycudaboost::bidirectionalS, pycudaboost::no_property, pycudaboost::property<pycudaboost::edge_index_t, long unsigned int, pycudaboost::property<pycudaboost::{anonymous}::edge_cast_t, void* (*)(void*)> > > >; ColorMap = pycudaboost::two_bit_color_map<pycudaboost::vec_adj_list_vertex_id_map<pycudaboost::no_property, long unsigned int> >; BFSVisitor = pycudaboost::bfs_visitor<pycudaboost::distance_recorder<pycudaboost::iterator_property_map<__gnu_cxx::__normal_iterator<long unsigned int*, std::vector<long unsigned int> >, pycudaboost::vec_adj_list_vertex_id_map<pycudaboost::no_property, long unsigned int>, long unsigned int, long unsigned int&>, pycudaboost::on_tree_edge> >; P = pycudaboost::bfs_visitor<pycudaboost::distance_recorder<pycudaboost::iterator_property_map<__gnu_cxx::__normal_iterator<long unsigned int*, std::vector<long unsigned int> >, pycudaboost::vec_adj_list_vertex_id_map<pycudaboost::no_property, long unsigned int>, long unsigned int, long unsigned int&>, pycudaboost::on_tree_edge> >; T = pycudaboost::graph_visitor_t; R = pycudaboost::no_property; typename pycudaboost::graph_traits<Graph>::vertex_descriptor = long unsigned int; typename pycudaboost::enable_if_c<pycudaboost::is_base_and_derived<pycudaboost::vertex_list_graph_tag, typename pycudaboost::graph_traits<Graph>::traversal_category>::value, void>::type = void; typename pycudaboost::graph_traits<Graph>::traversal_category = pycudaboost::bidir_adj_list_traversal_tag]’
      bpl-subset/bpl_subset/boost/graph/breadth_first_search.hpp:312:11:   required from ‘static void pycudaboost::detail::bfs_dispatch<pycudaboost::param_not_found>::apply(VertexListGraph&, typename pycudaboost::graph_traits<Graph>::vertex_descriptor, const pycudaboost::bgl_named_params<T, Tag, Base>&, pycudaboost::param_not_found) [with VertexListGraph = pycudaboost::reverse_graph<pycudaboost::adjacency_list<pycudaboost::vecS, pycudaboost::vecS, pycudaboost::bidirectionalS, pycudaboost::no_property, pycudaboost::property<pycudaboost::edge_index_t, long unsigned int, pycudaboost::property<pycudaboost::{anonymous}::edge_cast_t, void* (*)(void*)> > > >; P = pycudaboost::bfs_visitor<pycudaboost::distance_recorder<pycudaboost::iterator_property_map<__gnu_cxx::__normal_iterator<long unsigned int*, std::vector<long unsigned int> >, pycudaboost::vec_adj_list_vertex_id_map<pycudaboost::no_property, long unsigned int>, long unsigned int, long unsigned int&>, pycudaboost::on_tree_edge> >; T = pycudaboost::graph_visitor_t; R = pycudaboost::no_property; typename pycudaboost::graph_traits<Graph>::vertex_descriptor = long unsigned int]’
      bpl-subset/bpl_subset/boost/graph/breadth_first_search.hpp:339:35:   required from ‘void pycudaboost::breadth_first_search(const VertexListGraph&, typename pycudaboost::graph_traits<Graph>::vertex_descriptor, const pycudaboost::bgl_named_params<T, Tag, Base>&) [with VertexListGraph = pycudaboost::reverse_graph<pycudaboost::adjacency_list<pycudaboost::vecS, pycudaboost::vecS, pycudaboost::bidirectionalS, pycudaboost::no_property, pycudaboost::property<pycudaboost::edge_index_t, long unsigned int, pycudaboost::property<pycudaboost::{anonymous}::edge_cast_t, void* (*)(void*)> > > >; P = pycudaboost::bfs_visitor<pycudaboost::distance_recorder<pycudaboost::iterator_property_map<__gnu_cxx::__normal_iterator<long unsigned int*, std::vector<long unsigned int> >, pycudaboost::vec_adj_list_vertex_id_map<pycudaboost::no_property, long unsigned int>, long unsigned int, long unsigned int&>, pycudaboost::on_tree_edge> >; T = pycudaboost::graph_visitor_t; R = pycudaboost::no_property; typename pycudaboost::graph_traits<Graph>::vertex_descriptor = long unsigned int]’
      bpl-subset/bpl_subset/libs/python/src/object/inheritance.cpp:107:35:   required from here
      bpl-subset/bpl_subset/boost/concept/usage.hpp:22:48: warning: ‘this’ pointer is null [-Wnonnull]
         22 |     ~usage_requirements() { ((Model*)0)->~Model(); }
            |                             ~~~~~~~~~~~~~~~~~~~^~
      bpl-subset/bpl_subset/boost/concept/usage.hpp:36:7: note: in a call to non-static member function ‘pycudaboost::CopyConstructible<TT>::~CopyConstructible() [with TT = pycudaboost::bfs_visitor<pycudaboost::distance_recorder<pycudaboost::iterator_property_map<__gnu_cxx::__normal_iterator<long unsigned int*, std::vector<long unsigned int> >, pycudaboost::vec_adj_list_vertex_id_map<pycudaboost::no_property, long unsigned int>, long unsigned int, long unsigned int&>, pycudaboost::on_tree_edge> >]’
         36 |       ~model()
            |       ^
      bpl-subset/bpl_subset/boost/concept_check.hpp:162:5: note: in expansion of macro ‘BOOST_CONCEPT_USAGE’
        162 |     BOOST_CONCEPT_USAGE(CopyConstructible) {
            |     ^~~~~~~~~~~~~~~~~~~
      In file included from bpl-subset/bpl_subset/boost/concept/assert.hpp:36,
                       from bpl-subset/bpl_subset/boost/concept_check.hpp:20,
                       from bpl-subset/bpl_subset/boost/property_map/property_map.hpp:18,
                       from bpl-subset/bpl_subset/boost/graph/graph_concepts.hpp:17,
                       from bpl-subset/bpl_subset/boost/graph/breadth_first_search.hpp:21,
                       from bpl-subset/bpl_subset/libs/python/src/object/inheritance.cpp:7:
      bpl-subset/bpl_subset/boost/concept/detail/general.hpp: In instantiation of ‘static void pycudaboost::concepts::constraint<Model>::failed() [with Model = pycudaboost::ReadablePropertyMapConcept<pycudaboost::two_bit_color_map<pycudaboost::vec_adj_list_vertex_id_map<pycudaboost::no_property, long unsigned int> >, long unsigned int>]’:
      bpl-subset/bpl_subset/boost/concept_check.hpp:45:7:   required from ‘void pycudaboost::function_requires(Model*) [with Model = pycudaboost::ReadablePropertyMapConcept<pycudaboost::two_bit_color_map<pycudaboost::vec_adj_list_vertex_id_map<pycudaboost::no_property, long unsigned int> >, long unsigned int>]’
      bpl-subset/bpl_subset/boost/property_map/property_map.hpp:256:65:   required from ‘void pycudaboost::ReadWritePropertyMapConcept<PMap, Key>::constraints() [with PMap = pycudaboost::two_bit_color_map<pycudaboost::vec_adj_list_vertex_id_map<pycudaboost::no_property, long unsigned int> >; Key = long unsigned int]’
      bpl-subset/bpl_subset/boost/concept/detail/has_constraints.hpp:32:62:   required by substitution of ‘template<class Model> pycudaboost::concepts::detail::yes pycudaboost::concepts::detail::has_constraints_(Model*, pycudaboost::concepts::detail::wrap_constraints<Model, (& Model::constraints)>*) [with Model = pycudaboost::ReadWritePropertyMapConcept<pycudaboost::two_bit_color_map<pycudaboost::vec_adj_list_vertex_id_map<pycudaboost::no_property, long unsigned int> >, long unsigned int>]’
      bpl-subset/bpl_subset/boost/concept/detail/has_constraints.hpp:42:5:   required from ‘const bool pycudaboost::concepts::not_satisfied<pycudaboost::ReadWritePropertyMapConcept<pycudaboost::two_bit_color_map<pycudaboost::vec_adj_list_vertex_id_map<pycudaboost::no_property, long unsigned int> >, long unsigned int> >::value’
      bpl-subset/bpl_subset/boost/concept/detail/has_constraints.hpp:45:31:   required from ‘struct pycudaboost::concepts::not_satisfied<pycudaboost::ReadWritePropertyMapConcept<pycudaboost::two_bit_color_map<pycudaboost::vec_adj_list_vertex_id_map<pycudaboost::no_property, long unsigned int> >, long unsigned int> >’
      bpl-subset/bpl_subset/boost/mpl/if.hpp:63:11:   [ skipping 3 instantiation contexts, use -ftemplate-backtrace-limit=0 to disable ]
      bpl-subset/bpl_subset/boost/graph/breadth_first_search.hpp:125:24:   required from ‘void pycudaboost::breadth_first_search(const VertexListGraph&, SourceIterator, SourceIterator, Buffer&, BFSVisitor, ColorMap) [with VertexListGraph = pycudaboost::reverse_graph<pycudaboost::adjacency_list<pycudaboost::vecS, pycudaboost::vecS, pycudaboost::bidirectionalS, pycudaboost::no_property, pycudaboost::property<pycudaboost::edge_index_t, long unsigned int, pycudaboost::property<pycudaboost::{anonymous}::edge_cast_t, void* (*)(void*)> > > >; SourceIterator = long unsigned int*; Buffer = pycudaboost::queue<long unsigned int, std::deque<long unsigned int, std::allocator<long unsigned int> > >; BFSVisitor = pycudaboost::bfs_visitor<pycudaboost::distance_recorder<pycudaboost::iterator_property_map<__gnu_cxx::__normal_iterator<long unsigned int*, std::vector<long unsigned int> >, pycudaboost::vec_adj_list_vertex_id_map<pycudaboost::no_property, long unsigned int>, long unsigned int, long unsigned int&>, pycudaboost::on_tree_edge> >; ColorMap = pycudaboost::two_bit_color_map<pycudaboost::vec_adj_list_vertex_id_map<pycudaboost::no_property, long unsigned int> >]’
      bpl-subset/bpl_subset/boost/graph/breadth_first_search.hpp:136:25:   required from ‘void pycudaboost::breadth_first_search(const VertexListGraph&, typename pycudaboost::graph_traits<Graph>::vertex_descriptor, Buffer&, BFSVisitor, ColorMap) [with VertexListGraph = pycudaboost::reverse_graph<pycudaboost::adjacency_list<pycudaboost::vecS, pycudaboost::vecS, pycudaboost::bidirectionalS, pycudaboost::no_property, pycudaboost::property<pycudaboost::edge_index_t, long unsigned int, pycudaboost::property<pycudaboost::{anonymous}::edge_cast_t, void* (*)(void*)> > > >; Buffer = pycudaboost::queue<long unsigned int, std::deque<long unsigned int, std::allocator<long unsigned int> > >; BFSVisitor = pycudaboost::bfs_visitor<pycudaboost::distance_recorder<pycudaboost::iterator_property_map<__gnu_cxx::__normal_iterator<long unsigned int*, std::vector<long unsigned int> >, pycudaboost::vec_adj_list_vertex_id_map<pycudaboost::no_property, long unsigned int>, long unsigned int, long unsigned int&>, pycudaboost::on_tree_edge> >; ColorMap = pycudaboost::two_bit_color_map<pycudaboost::vec_adj_list_vertex_id_map<pycudaboost::no_property, long unsigned int> >; typename pycudaboost::graph_traits<Graph>::vertex_descriptor = long unsigned int]’
      bpl-subset/bpl_subset/boost/graph/breadth_first_search.hpp:260:9:   required from ‘void pycudaboost::detail::bfs_helper(VertexListGraph&, typename pycudaboost::graph_traits<Graph>::vertex_descriptor, ColorMap, BFSVisitor, const pycudaboost::bgl_named_params<P, T, R>&, typename pycudaboost::enable_if_c<pycudaboost::is_base_and_derived<pycudaboost::vertex_list_graph_tag, typename pycudaboost::graph_traits<Graph>::traversal_category>::value, void>::type*) [with VertexListGraph = pycudaboost::reverse_graph<pycudaboost::adjacency_list<pycudaboost::vecS, pycudaboost::vecS, pycudaboost::bidirectionalS, pycudaboost::no_property, pycudaboost::property<pycudaboost::edge_index_t, long unsigned int, pycudaboost::property<pycudaboost::{anonymous}::edge_cast_t, void* (*)(void*)> > > >; ColorMap = pycudaboost::two_bit_color_map<pycudaboost::vec_adj_list_vertex_id_map<pycudaboost::no_property, long unsigned int> >; BFSVisitor = pycudaboost::bfs_visitor<pycudaboost::distance_recorder<pycudaboost::iterator_property_map<__gnu_cxx::__normal_iterator<long unsigned int*, std::vector<long unsigned int> >, pycudaboost::vec_adj_list_vertex_id_map<pycudaboost::no_property, long unsigned int>, long unsigned int, long unsigned int&>, pycudaboost::on_tree_edge> >; P = pycudaboost::bfs_visitor<pycudaboost::distance_recorder<pycudaboost::iterator_property_map<__gnu_cxx::__normal_iterator<long unsigned int*, std::vector<long unsigned int> >, pycudaboost::vec_adj_list_vertex_id_map<pycudaboost::no_property, long unsigned int>, long unsigned int, long unsigned int&>, pycudaboost::on_tree_edge> >; T = pycudaboost::graph_visitor_t; R = pycudaboost::no_property; typename pycudaboost::graph_traits<Graph>::vertex_descriptor = long unsigned int; typename pycudaboost::enable_if_c<pycudaboost::is_base_and_derived<pycudaboost::vertex_list_graph_tag, typename pycudaboost::graph_traits<Graph>::traversal_category>::value, void>::type = void; typename pycudaboost::graph_traits<Graph>::traversal_category = pycudaboost::bidir_adj_list_traversal_tag]’
      bpl-subset/bpl_subset/boost/graph/breadth_first_search.hpp:312:11:   required from ‘static void pycudaboost::detail::bfs_dispatch<pycudaboost::param_not_found>::apply(VertexListGraph&, typename pycudaboost::graph_traits<Graph>::vertex_descriptor, const pycudaboost::bgl_named_params<T, Tag, Base>&, pycudaboost::param_not_found) [with VertexListGraph = pycudaboost::reverse_graph<pycudaboost::adjacency_list<pycudaboost::vecS, pycudaboost::vecS, pycudaboost::bidirectionalS, pycudaboost::no_property, pycudaboost::property<pycudaboost::edge_index_t, long unsigned int, pycudaboost::property<pycudaboost::{anonymous}::edge_cast_t, void* (*)(void*)> > > >; P = pycudaboost::bfs_visitor<pycudaboost::distance_recorder<pycudaboost::iterator_property_map<__gnu_cxx::__normal_iterator<long unsigned int*, std::vector<long unsigned int> >, pycudaboost::vec_adj_list_vertex_id_map<pycudaboost::no_property, long unsigned int>, long unsigned int, long unsigned int&>, pycudaboost::on_tree_edge> >; T = pycudaboost::graph_visitor_t; R = pycudaboost::no_property; typename pycudaboost::graph_traits<Graph>::vertex_descriptor = long unsigned int]’
      bpl-subset/bpl_subset/boost/graph/breadth_first_search.hpp:339:35:   required from ‘void pycudaboost::breadth_first_search(const VertexListGraph&, typename pycudaboost::graph_traits<Graph>::vertex_descriptor, const pycudaboost::bgl_named_params<T, Tag, Base>&) [with VertexListGraph = pycudaboost::reverse_graph<pycudaboost::adjacency_list<pycudaboost::vecS, pycudaboost::vecS, pycudaboost::bidirectionalS, pycudaboost::no_property, pycudaboost::property<pycudaboost::edge_index_t, long unsigned int, pycudaboost::property<pycudaboost::{anonymous}::edge_cast_t, void* (*)(void*)> > > >; P = pycudaboost::bfs_visitor<pycudaboost::distance_recorder<pycudaboost::iterator_property_map<__gnu_cxx::__normal_iterator<long unsigned int*, std::vector<long unsigned int> >, pycudaboost::vec_adj_list_vertex_id_map<pycudaboost::no_property, long unsigned int>, long unsigned int, long unsigned int&>, pycudaboost::on_tree_edge> >; T = pycudaboost::graph_visitor_t; R = pycudaboost::no_property; typename pycudaboost::graph_traits<Graph>::vertex_descriptor = long unsigned int]’
      bpl-subset/bpl_subset/libs/python/src/object/inheritance.cpp:107:35:   required from here
      bpl-subset/bpl_subset/boost/concept/detail/general.hpp:46:52: warning: ‘this’ pointer is null [-Wnonnull]
         46 |     static void failed() { ((Model*)0)->constraints(); }
            |                            ~~~~~~~~~~~~~~~~~~~~~~~~^~
      In file included from bpl-subset/bpl_subset/boost/graph/graph_concepts.hpp:17,
                       from bpl-subset/bpl_subset/boost/graph/breadth_first_search.hpp:21,
                       from bpl-subset/bpl_subset/libs/python/src/object/inheritance.cpp:7:
      bpl-subset/bpl_subset/boost/property_map/property_map.hpp:197:10: note: in a call to non-static member function ‘void pycudaboost::ReadablePropertyMapConcept<PMap, Key>::constraints() [with PMap = pycudaboost::two_bit_color_map<pycudaboost::vec_adj_list_vertex_id_map<pycudaboost::no_property, long unsigned int> >; Key = long unsigned int]’
        197 |     void constraints() {
            |          ^~~~~~~~~~~
      In file included from bpl-subset/bpl_subset/boost/concept/assert.hpp:36,
                       from bpl-subset/bpl_subset/boost/concept_check.hpp:20,
                       from bpl-subset/bpl_subset/boost/property_map/property_map.hpp:18,
                       from bpl-subset/bpl_subset/boost/graph/graph_concepts.hpp:17,
                       from bpl-subset/bpl_subset/boost/graph/breadth_first_search.hpp:21,
                       from bpl-subset/bpl_subset/libs/python/src/object/inheritance.cpp:7:
      bpl-subset/bpl_subset/boost/concept/detail/general.hpp: In instantiation of ‘static void pycudaboost::concepts::constraint<Model>::failed() [with Model = pycudaboost::WritablePropertyMapConcept<pycudaboost::two_bit_color_map<pycudaboost::vec_adj_list_vertex_id_map<pycudaboost::no_property, long unsigned int> >, long unsigned int>]’:
      bpl-subset/bpl_subset/boost/concept_check.hpp:45:7:   required from ‘void pycudaboost::function_requires(Model*) [with Model = pycudaboost::WritablePropertyMapConcept<pycudaboost::two_bit_color_map<pycudaboost::vec_adj_list_vertex_id_map<pycudaboost::no_property, long unsigned int> >, long unsigned int>]’
      bpl-subset/bpl_subset/boost/property_map/property_map.hpp:257:65:   required from ‘void pycudaboost::ReadWritePropertyMapConcept<PMap, Key>::constraints() [with PMap = pycudaboost::two_bit_color_map<pycudaboost::vec_adj_list_vertex_id_map<pycudaboost::no_property, long unsigned int> >; Key = long unsigned int]’
      bpl-subset/bpl_subset/boost/concept/detail/has_constraints.hpp:32:62:   required by substitution of ‘template<class Model> pycudaboost::concepts::detail::yes pycudaboost::concepts::detail::has_constraints_(Model*, pycudaboost::concepts::detail::wrap_constraints<Model, (& Model::constraints)>*) [with Model = pycudaboost::ReadWritePropertyMapConcept<pycudaboost::two_bit_color_map<pycudaboost::vec_adj_list_vertex_id_map<pycudaboost::no_property, long unsigned int> >, long unsigned int>]’
      bpl-subset/bpl_subset/boost/concept/detail/has_constraints.hpp:42:5:   required from ‘const bool pycudaboost::concepts::not_satisfied<pycudaboost::ReadWritePropertyMapConcept<pycudaboost::two_bit_color_map<pycudaboost::vec_adj_list_vertex_id_map<pycudaboost::no_property, long unsigned int> >, long unsigned int> >::value’
      bpl-subset/bpl_subset/boost/concept/detail/has_constraints.hpp:45:31:   required from ‘struct pycudaboost::concepts::not_satisfied<pycudaboost::ReadWritePropertyMapConcept<pycudaboost::two_bit_color_map<pycudaboost::vec_adj_list_vertex_id_map<pycudaboost::no_property, long unsigned int> >, long unsigned int> >’
      bpl-subset/bpl_subset/boost/mpl/if.hpp:63:11:   [ skipping 3 instantiation contexts, use -ftemplate-backtrace-limit=0 to disable ]
      bpl-subset/bpl_subset/boost/graph/breadth_first_search.hpp:125:24:   required from ‘void pycudaboost::breadth_first_search(const VertexListGraph&, SourceIterator, SourceIterator, Buffer&, BFSVisitor, ColorMap) [with VertexListGraph = pycudaboost::reverse_graph<pycudaboost::adjacency_list<pycudaboost::vecS, pycudaboost::vecS, pycudaboost::bidirectionalS, pycudaboost::no_property, pycudaboost::property<pycudaboost::edge_index_t, long unsigned int, pycudaboost::property<pycudaboost::{anonymous}::edge_cast_t, void* (*)(void*)> > > >; SourceIterator = long unsigned int*; Buffer = pycudaboost::queue<long unsigned int, std::deque<long unsigned int, std::allocator<long unsigned int> > >; BFSVisitor = pycudaboost::bfs_visitor<pycudaboost::distance_recorder<pycudaboost::iterator_property_map<__gnu_cxx::__normal_iterator<long unsigned int*, std::vector<long unsigned int> >, pycudaboost::vec_adj_list_vertex_id_map<pycudaboost::no_property, long unsigned int>, long unsigned int, long unsigned int&>, pycudaboost::on_tree_edge> >; ColorMap = pycudaboost::two_bit_color_map<pycudaboost::vec_adj_list_vertex_id_map<pycudaboost::no_property, long unsigned int> >]’
      bpl-subset/bpl_subset/boost/graph/breadth_first_search.hpp:136:25:   required from ‘void pycudaboost::breadth_first_search(const VertexListGraph&, typename pycudaboost::graph_traits<Graph>::vertex_descriptor, Buffer&, BFSVisitor, ColorMap) [with VertexListGraph = pycudaboost::reverse_graph<pycudaboost::adjacency_list<pycudaboost::vecS, pycudaboost::vecS, pycudaboost::bidirectionalS, pycudaboost::no_property, pycudaboost::property<pycudaboost::edge_index_t, long unsigned int, pycudaboost::property<pycudaboost::{anonymous}::edge_cast_t, void* (*)(void*)> > > >; Buffer = pycudaboost::queue<long unsigned int, std::deque<long unsigned int, std::allocator<long unsigned int> > >; BFSVisitor = pycudaboost::bfs_visitor<pycudaboost::distance_recorder<pycudaboost::iterator_property_map<__gnu_cxx::__normal_iterator<long unsigned int*, std::vector<long unsigned int> >, pycudaboost::vec_adj_list_vertex_id_map<pycudaboost::no_property, long unsigned int>, long unsigned int, long unsigned int&>, pycudaboost::on_tree_edge> >; ColorMap = pycudaboost::two_bit_color_map<pycudaboost::vec_adj_list_vertex_id_map<pycudaboost::no_property, long unsigned int> >; typename pycudaboost::graph_traits<Graph>::vertex_descriptor = long unsigned int]’
      bpl-subset/bpl_subset/boost/graph/breadth_first_search.hpp:260:9:   required from ‘void pycudaboost::detail::bfs_helper(VertexListGraph&, typename pycudaboost::graph_traits<Graph>::vertex_descriptor, ColorMap, BFSVisitor, const pycudaboost::bgl_named_params<P, T, R>&, typename pycudaboost::enable_if_c<pycudaboost::is_base_and_derived<pycudaboost::vertex_list_graph_tag, typename pycudaboost::graph_traits<Graph>::traversal_category>::value, void>::type*) [with VertexListGraph = pycudaboost::reverse_graph<pycudaboost::adjacency_list<pycudaboost::vecS, pycudaboost::vecS, pycudaboost::bidirectionalS, pycudaboost::no_property, pycudaboost::property<pycudaboost::edge_index_t, long unsigned int, pycudaboost::property<pycudaboost::{anonymous}::edge_cast_t, void* (*)(void*)> > > >; ColorMap = pycudaboost::two_bit_color_map<pycudaboost::vec_adj_list_vertex_id_map<pycudaboost::no_property, long unsigned int> >; BFSVisitor = pycudaboost::bfs_visitor<pycudaboost::distance_recorder<pycudaboost::iterator_property_map<__gnu_cxx::__normal_iterator<long unsigned int*, std::vector<long unsigned int> >, pycudaboost::vec_adj_list_vertex_id_map<pycudaboost::no_property, long unsigned int>, long unsigned int, long unsigned int&>, pycudaboost::on_tree_edge> >; P = pycudaboost::bfs_visitor<pycudaboost::distance_recorder<pycudaboost::iterator_property_map<__gnu_cxx::__normal_iterator<long unsigned int*, std::vector<long unsigned int> >, pycudaboost::vec_adj_list_vertex_id_map<pycudaboost::no_property, long unsigned int>, long unsigned int, long unsigned int&>, pycudaboost::on_tree_edge> >; T = pycudaboost::graph_visitor_t; R = pycudaboost::no_property; typename pycudaboost::graph_traits<Graph>::vertex_descriptor = long unsigned int; typename pycudaboost::enable_if_c<pycudaboost::is_base_and_derived<pycudaboost::vertex_list_graph_tag, typename pycudaboost::graph_traits<Graph>::traversal_category>::value, void>::type = void; typename pycudaboost::graph_traits<Graph>::traversal_category = pycudaboost::bidir_adj_list_traversal_tag]’
      bpl-subset/bpl_subset/boost/graph/breadth_first_search.hpp:312:11:   required from ‘static void pycudaboost::detail::bfs_dispatch<pycudaboost::param_not_found>::apply(VertexListGraph&, typename pycudaboost::graph_traits<Graph>::vertex_descriptor, const pycudaboost::bgl_named_params<T, Tag, Base>&, pycudaboost::param_not_found) [with VertexListGraph = pycudaboost::reverse_graph<pycudaboost::adjacency_list<pycudaboost::vecS, pycudaboost::vecS, pycudaboost::bidirectionalS, pycudaboost::no_property, pycudaboost::property<pycudaboost::edge_index_t, long unsigned int, pycudaboost::property<pycudaboost::{anonymous}::edge_cast_t, void* (*)(void*)> > > >; P = pycudaboost::bfs_visitor<pycudaboost::distance_recorder<pycudaboost::iterator_property_map<__gnu_cxx::__normal_iterator<long unsigned int*, std::vector<long unsigned int> >, pycudaboost::vec_adj_list_vertex_id_map<pycudaboost::no_property, long unsigned int>, long unsigned int, long unsigned int&>, pycudaboost::on_tree_edge> >; T = pycudaboost::graph_visitor_t; R = pycudaboost::no_property; typename pycudaboost::graph_traits<Graph>::vertex_descriptor = long unsigned int]’
      bpl-subset/bpl_subset/boost/graph/breadth_first_search.hpp:339:35:   required from ‘void pycudaboost::breadth_first_search(const VertexListGraph&, typename pycudaboost::graph_traits<Graph>::vertex_descriptor, const pycudaboost::bgl_named_params<T, Tag, Base>&) [with VertexListGraph = pycudaboost::reverse_graph<pycudaboost::adjacency_list<pycudaboost::vecS, pycudaboost::vecS, pycudaboost::bidirectionalS, pycudaboost::no_property, pycudaboost::property<pycudaboost::edge_index_t, long unsigned int, pycudaboost::property<pycudaboost::{anonymous}::edge_cast_t, void* (*)(void*)> > > >; P = pycudaboost::bfs_visitor<pycudaboost::distance_recorder<pycudaboost::iterator_property_map<__gnu_cxx::__normal_iterator<long unsigned int*, std::vector<long unsigned int> >, pycudaboost::vec_adj_list_vertex_id_map<pycudaboost::no_property, long unsigned int>, long unsigned int, long unsigned int&>, pycudaboost::on_tree_edge> >; T = pycudaboost::graph_visitor_t; R = pycudaboost::no_property; typename pycudaboost::graph_traits<Graph>::vertex_descriptor = long unsigned int]’
      bpl-subset/bpl_subset/libs/python/src/object/inheritance.cpp:107:35:   required from here
      bpl-subset/bpl_subset/boost/concept/detail/general.hpp:46:52: warning: ‘this’ pointer is null [-Wnonnull]
         46 |     static void failed() { ((Model*)0)->constraints(); }
            |                            ~~~~~~~~~~~~~~~~~~~~~~~~^~
      In file included from bpl-subset/bpl_subset/boost/graph/graph_concepts.hpp:17,
                       from bpl-subset/bpl_subset/boost/graph/breadth_first_search.hpp:21,
                       from bpl-subset/bpl_subset/libs/python/src/object/inheritance.cpp:7:
      bpl-subset/bpl_subset/boost/property_map/property_map.hpp:229:10: note: in a call to non-static member function ‘void pycudaboost::WritablePropertyMapConcept<PMap, Key>::constraints() [with PMap = pycudaboost::two_bit_color_map<pycudaboost::vec_adj_list_vertex_id_map<pycudaboost::no_property, long unsigned int> >; Key = long unsigned int]’
        229 |     void constraints() {
            |          ^~~~~~~~~~~
      In file included from bpl-subset/bpl_subset/boost/concept/assert.hpp:36,
                       from bpl-subset/bpl_subset/boost/concept_check.hpp:20,
                       from bpl-subset/bpl_subset/boost/property_map/property_map.hpp:18,
                       from bpl-subset/bpl_subset/boost/graph/graph_concepts.hpp:17,
                       from bpl-subset/bpl_subset/boost/graph/breadth_first_search.hpp:21,
                       from bpl-subset/bpl_subset/libs/python/src/object/inheritance.cpp:7:
      bpl-subset/bpl_subset/boost/concept/detail/general.hpp: In instantiation of ‘static void pycudaboost::concepts::requirement<pycudaboost::concepts::failed************ Model::************>::failed() [with Model = pycudaboost::concepts::usage_requirements<pycudaboost::Convertible<pycudaboost::read_write_property_map_tag, pycudaboost::read_write_property_map_tag> >]’:
      bpl-subset/bpl_subset/boost/concept_check.hpp:211:5:   required from ‘struct pycudaboost::Convertible<pycudaboost::read_write_property_map_tag, pycudaboost::read_write_property_map_tag>’
      bpl-subset/bpl_subset/boost/concept_check.hpp:209:3:   required from ‘struct pycudaboost::ConvertibleConcept<pycudaboost::read_write_property_map_tag, pycudaboost::read_write_property_map_tag>’
      bpl-subset/bpl_subset/boost/concept/detail/has_constraints.hpp:32:62:   required by substitution of ‘template<class Model> pycudaboost::concepts::detail::yes pycudaboost::concepts::detail::has_constraints_(Model*, pycudaboost::concepts::detail::wrap_constraints<Model, (& Model::constraints)>*) [with Model = pycudaboost::ConvertibleConcept<pycudaboost::read_write_property_map_tag, pycudaboost::read_write_property_map_tag>]’
      bpl-subset/bpl_subset/boost/concept/detail/has_constraints.hpp:42:5:   required from ‘const bool pycudaboost::concepts::not_satisfied<pycudaboost::ConvertibleConcept<pycudaboost::read_write_property_map_tag, pycudaboost::read_write_property_map_tag> >::value’
      bpl-subset/bpl_subset/boost/concept/detail/has_constraints.hpp:45:31:   required from ‘struct pycudaboost::concepts::not_satisfied<pycudaboost::ConvertibleConcept<pycudaboost::read_write_property_map_tag, pycudaboost::read_write_property_map_tag> >’
      bpl-subset/bpl_subset/boost/mpl/if.hpp:63:11:   [ skipping 10 instantiation contexts, use -ftemplate-backtrace-limit=0 to disable ]
      bpl-subset/bpl_subset/boost/graph/breadth_first_search.hpp:125:24:   required from ‘void pycudaboost::breadth_first_search(const VertexListGraph&, SourceIterator, SourceIterator, Buffer&, BFSVisitor, ColorMap) [with VertexListGraph = pycudaboost::reverse_graph<pycudaboost::adjacency_list<pycudaboost::vecS, pycudaboost::vecS, pycudaboost::bidirectionalS, pycudaboost::no_property, pycudaboost::property<pycudaboost::edge_index_t, long unsigned int, pycudaboost::property<pycudaboost::{anonymous}::edge_cast_t, void* (*)(void*)> > > >; SourceIterator = long unsigned int*; Buffer = pycudaboost::queue<long unsigned int, std::deque<long unsigned int, std::allocator<long unsigned int> > >; BFSVisitor = pycudaboost::bfs_visitor<pycudaboost::distance_recorder<pycudaboost::iterator_property_map<__gnu_cxx::__normal_iterator<long unsigned int*, std::vector<long unsigned int> >, pycudaboost::vec_adj_list_vertex_id_map<pycudaboost::no_property, long unsigned int>, long unsigned int, long unsigned int&>, pycudaboost::on_tree_edge> >; ColorMap = pycudaboost::two_bit_color_map<pycudaboost::vec_adj_list_vertex_id_map<pycudaboost::no_property, long unsigned int> >]’
      bpl-subset/bpl_subset/boost/graph/breadth_first_search.hpp:136:25:   required from ‘void pycudaboost::breadth_first_search(const VertexListGraph&, typename pycudaboost::graph_traits<Graph>::vertex_descriptor, Buffer&, BFSVisitor, ColorMap) [with VertexListGraph = pycudaboost::reverse_graph<pycudaboost::adjacency_list<pycudaboost::vecS, pycudaboost::vecS, pycudaboost::bidirectionalS, pycudaboost::no_property, pycudaboost::property<pycudaboost::edge_index_t, long unsigned int, pycudaboost::property<pycudaboost::{anonymous}::edge_cast_t, void* (*)(void*)> > > >; Buffer = pycudaboost::queue<long unsigned int, std::deque<long unsigned int, std::allocator<long unsigned int> > >; BFSVisitor = pycudaboost::bfs_visitor<pycudaboost::distance_recorder<pycudaboost::iterator_property_map<__gnu_cxx::__normal_iterator<long unsigned int*, std::vector<long unsigned int> >, pycudaboost::vec_adj_list_vertex_id_map<pycudaboost::no_property, long unsigned int>, long unsigned int, long unsigned int&>, pycudaboost::on_tree_edge> >; ColorMap = pycudaboost::two_bit_color_map<pycudaboost::vec_adj_list_vertex_id_map<pycudaboost::no_property, long unsigned int> >; typename pycudaboost::graph_traits<Graph>::vertex_descriptor = long unsigned int]’
      bpl-subset/bpl_subset/boost/graph/breadth_first_search.hpp:260:9:   required from ‘void pycudaboost::detail::bfs_helper(VertexListGraph&, typename pycudaboost::graph_traits<Graph>::vertex_descriptor, ColorMap, BFSVisitor, const pycudaboost::bgl_named_params<P, T, R>&, typename pycudaboost::enable_if_c<pycudaboost::is_base_and_derived<pycudaboost::vertex_list_graph_tag, typename pycudaboost::graph_traits<Graph>::traversal_category>::value, void>::type*) [with VertexListGraph = pycudaboost::reverse_graph<pycudaboost::adjacency_list<pycudaboost::vecS, pycudaboost::vecS, pycudaboost::bidirectionalS, pycudaboost::no_property, pycudaboost::property<pycudaboost::edge_index_t, long unsigned int, pycudaboost::property<pycudaboost::{anonymous}::edge_cast_t, void* (*)(void*)> > > >; ColorMap = pycudaboost::two_bit_color_map<pycudaboost::vec_adj_list_vertex_id_map<pycudaboost::no_property, long unsigned int> >; BFSVisitor = pycudaboost::bfs_visitor<pycudaboost::distance_recorder<pycudaboost::iterator_property_map<__gnu_cxx::__normal_iterator<long unsigned int*, std::vector<long unsigned int> >, pycudaboost::vec_adj_list_vertex_id_map<pycudaboost::no_property, long unsigned int>, long unsigned int, long unsigned int&>, pycudaboost::on_tree_edge> >; P = pycudaboost::bfs_visitor<pycudaboost::distance_recorder<pycudaboost::iterator_property_map<__gnu_cxx::__normal_iterator<long unsigned int*, std::vector<long unsigned int> >, pycudaboost::vec_adj_list_vertex_id_map<pycudaboost::no_property, long unsigned int>, long unsigned int, long unsigned int&>, pycudaboost::on_tree_edge> >; T = pycudaboost::graph_visitor_t; R = pycudaboost::no_property; typename pycudaboost::graph_traits<Graph>::vertex_descriptor = long unsigned int; typename pycudaboost::enable_if_c<pycudaboost::is_base_and_derived<pycudaboost::vertex_list_graph_tag, typename pycudaboost::graph_traits<Graph>::traversal_category>::value, void>::type = void; typename pycudaboost::graph_traits<Graph>::traversal_category = pycudaboost::bidir_adj_list_traversal_tag]’
      bpl-subset/bpl_subset/boost/graph/breadth_first_search.hpp:312:11:   required from ‘static void pycudaboost::detail::bfs_dispatch<pycudaboost::param_not_found>::apply(VertexListGraph&, typename pycudaboost::graph_traits<Graph>::vertex_descriptor, const pycudaboost::bgl_named_params<T, Tag, Base>&, pycudaboost::param_not_found) [with VertexListGraph = pycudaboost::reverse_graph<pycudaboost::adjacency_list<pycudaboost::vecS, pycudaboost::vecS, pycudaboost::bidirectionalS, pycudaboost::no_property, pycudaboost::property<pycudaboost::edge_index_t, long unsigned int, pycudaboost::property<pycudaboost::{anonymous}::edge_cast_t, void* (*)(void*)> > > >; P = pycudaboost::bfs_visitor<pycudaboost::distance_recorder<pycudaboost::iterator_property_map<__gnu_cxx::__normal_iterator<long unsigned int*, std::vector<long unsigned int> >, pycudaboost::vec_adj_list_vertex_id_map<pycudaboost::no_property, long unsigned int>, long unsigned int, long unsigned int&>, pycudaboost::on_tree_edge> >; T = pycudaboost::graph_visitor_t; R = pycudaboost::no_property; typename pycudaboost::graph_traits<Graph>::vertex_descriptor = long unsigned int]’
      bpl-subset/bpl_subset/boost/graph/breadth_first_search.hpp:339:35:   required from ‘void pycudaboost::breadth_first_search(const VertexListGraph&, typename pycudaboost::graph_traits<Graph>::vertex_descriptor, const pycudaboost::bgl_named_params<T, Tag, Base>&) [with VertexListGraph = pycudaboost::reverse_graph<pycudaboost::adjacency_list<pycudaboost::vecS, pycudaboost::vecS, pycudaboost::bidirectionalS, pycudaboost::no_property, pycudaboost::property<pycudaboost::edge_index_t, long unsigned int, pycudaboost::property<pycudaboost::{anonymous}::edge_cast_t, void* (*)(void*)> > > >; P = pycudaboost::bfs_visitor<pycudaboost::distance_recorder<pycudaboost::iterator_property_map<__gnu_cxx::__normal_iterator<long unsigned int*, std::vector<long unsigned int> >, pycudaboost::vec_adj_list_vertex_id_map<pycudaboost::no_property, long unsigned int>, long unsigned int, long unsigned int&>, pycudaboost::on_tree_edge> >; T = pycudaboost::graph_visitor_t; R = pycudaboost::no_property; typename pycudaboost::graph_traits<Graph>::vertex_descriptor = long unsigned int]’
      bpl-subset/bpl_subset/libs/python/src/object/inheritance.cpp:107:35:   required from here
      bpl-subset/bpl_subset/boost/concept/detail/general.hpp:38:47: warning: ‘this’ pointer is null [-Wnonnull]
         38 |     static void failed() { ((Model*)0)->~Model(); }
            |                            ~~~~~~~~~~~~~~~~~~~^~
      In file included from bpl-subset/bpl_subset/boost/concept_check.hpp:32,
                       from bpl-subset/bpl_subset/boost/property_map/property_map.hpp:18,
                       from bpl-subset/bpl_subset/boost/graph/graph_concepts.hpp:17,
                       from bpl-subset/bpl_subset/boost/graph/breadth_first_search.hpp:21,
                       from bpl-subset/bpl_subset/libs/python/src/object/inheritance.cpp:7:
      bpl-subset/bpl_subset/boost/concept/usage.hpp:22:5: note: in a call to non-static member function ‘pycudaboost::concepts::usage_requirements<Model>::~usage_requirements() [with Model = pycudaboost::Convertible<pycudaboost::read_write_property_map_tag, pycudaboost::read_write_property_map_tag>]’
         22 |     ~usage_requirements() { ((Model*)0)->~Model(); }
            |     ^
      In file included from bpl-subset/bpl_subset/boost/concept/assert.hpp:36,
                       from bpl-subset/bpl_subset/boost/concept_check.hpp:20,
                       from bpl-subset/bpl_subset/boost/property_map/property_map.hpp:18,
                       from bpl-subset/bpl_subset/boost/graph/graph_concepts.hpp:17,
                       from bpl-subset/bpl_subset/boost/graph/breadth_first_search.hpp:21,
                       from bpl-subset/bpl_subset/libs/python/src/object/inheritance.cpp:7:
      bpl-subset/bpl_subset/boost/concept/detail/general.hpp: In instantiation of ‘static void pycudaboost::concepts::requirement<pycudaboost::concepts::failed************ Model::************>::failed() [with Model = pycudaboost::ConvertibleConcept<pycudaboost::read_write_property_map_tag, pycudaboost::read_write_property_map_tag>]’:
      bpl-subset/bpl_subset/boost/concept_check.hpp:45:7:   required from ‘void pycudaboost::function_requires(Model*) [with Model = pycudaboost::ConvertibleConcept<pycudaboost::read_write_property_map_tag, pycudaboost::read_write_property_map_tag>]’
      bpl-subset/bpl_subset/boost/property_map/property_map.hpp:258:70:   required from ‘void pycudaboost::ReadWritePropertyMapConcept<PMap, Key>::constraints() [with PMap = pycudaboost::two_bit_color_map<pycudaboost::vec_adj_list_vertex_id_map<pycudaboost::no_property, long unsigned int> >; Key = long unsigned int]’
      bpl-subset/bpl_subset/boost/concept/detail/has_constraints.hpp:32:62:   required by substitution of ‘template<class Model> pycudaboost::concepts::detail::yes pycudaboost::concepts::detail::has_constraints_(Model*, pycudaboost::concepts::detail::wrap_constraints<Model, (& Model::constraints)>*) [with Model = pycudaboost::ReadWritePropertyMapConcept<pycudaboost::two_bit_color_map<pycudaboost::vec_adj_list_vertex_id_map<pycudaboost::no_property, long unsigned int> >, long unsigned int>]’
      bpl-subset/bpl_subset/boost/concept/detail/has_constraints.hpp:42:5:   required from ‘const bool pycudaboost::concepts::not_satisfied<pycudaboost::ReadWritePropertyMapConcept<pycudaboost::two_bit_color_map<pycudaboost::vec_adj_list_vertex_id_map<pycudaboost::no_property, long unsigned int> >, long unsigned int> >::value’
      bpl-subset/bpl_subset/boost/concept/detail/has_constraints.hpp:45:31:   required from ‘struct pycudaboost::concepts::not_satisfied<pycudaboost::ReadWritePropertyMapConcept<pycudaboost::two_bit_color_map<pycudaboost::vec_adj_list_vertex_id_map<pycudaboost::no_property, long unsigned int> >, long unsigned int> >’
      bpl-subset/bpl_subset/boost/mpl/if.hpp:63:11:   [ skipping 3 instantiation contexts, use -ftemplate-backtrace-limit=0 to disable ]
      bpl-subset/bpl_subset/boost/graph/breadth_first_search.hpp:125:24:   required from ‘void pycudaboost::breadth_first_search(const VertexListGraph&, SourceIterator, SourceIterator, Buffer&, BFSVisitor, ColorMap) [with VertexListGraph = pycudaboost::reverse_graph<pycudaboost::adjacency_list<pycudaboost::vecS, pycudaboost::vecS, pycudaboost::bidirectionalS, pycudaboost::no_property, pycudaboost::property<pycudaboost::edge_index_t, long unsigned int, pycudaboost::property<pycudaboost::{anonymous}::edge_cast_t, void* (*)(void*)> > > >; SourceIterator = long unsigned int*; Buffer = pycudaboost::queue<long unsigned int, std::deque<long unsigned int, std::allocator<long unsigned int> > >; BFSVisitor = pycudaboost::bfs_visitor<pycudaboost::distance_recorder<pycudaboost::iterator_property_map<__gnu_cxx::__normal_iterator<long unsigned int*, std::vector<long unsigned int> >, pycudaboost::vec_adj_list_vertex_id_map<pycudaboost::no_property, long unsigned int>, long unsigned int, long unsigned int&>, pycudaboost::on_tree_edge> >; ColorMap = pycudaboost::two_bit_color_map<pycudaboost::vec_adj_list_vertex_id_map<pycudaboost::no_property, long unsigned int> >]’
      bpl-subset/bpl_subset/boost/graph/breadth_first_search.hpp:136:25:   required from ‘void pycudaboost::breadth_first_search(const VertexListGraph&, typename pycudaboost::graph_traits<Graph>::vertex_descriptor, Buffer&, BFSVisitor, ColorMap) [with VertexListGraph = pycudaboost::reverse_graph<pycudaboost::adjacency_list<pycudaboost::vecS, pycudaboost::vecS, pycudaboost::bidirectionalS, pycudaboost::no_property, pycudaboost::property<pycudaboost::edge_index_t, long unsigned int, pycudaboost::property<pycudaboost::{anonymous}::edge_cast_t, void* (*)(void*)> > > >; Buffer = pycudaboost::queue<long unsigned int, std::deque<long unsigned int, std::allocator<long unsigned int> > >; BFSVisitor = pycudaboost::bfs_visitor<pycudaboost::distance_recorder<pycudaboost::iterator_property_map<__gnu_cxx::__normal_iterator<long unsigned int*, std::vector<long unsigned int> >, pycudaboost::vec_adj_list_vertex_id_map<pycudaboost::no_property, long unsigned int>, long unsigned int, long unsigned int&>, pycudaboost::on_tree_edge> >; ColorMap = pycudaboost::two_bit_color_map<pycudaboost::vec_adj_list_vertex_id_map<pycudaboost::no_property, long unsigned int> >; typename pycudaboost::graph_traits<Graph>::vertex_descriptor = long unsigned int]’
      bpl-subset/bpl_subset/boost/graph/breadth_first_search.hpp:260:9:   required from ‘void pycudaboost::detail::bfs_helper(VertexListGraph&, typename pycudaboost::graph_traits<Graph>::vertex_descriptor, ColorMap, BFSVisitor, const pycudaboost::bgl_named_params<P, T, R>&, typename pycudaboost::enable_if_c<pycudaboost::is_base_and_derived<pycudaboost::vertex_list_graph_tag, typename pycudaboost::graph_traits<Graph>::traversal_category>::value, void>::type*) [with VertexListGraph = pycudaboost::reverse_graph<pycudaboost::adjacency_list<pycudaboost::vecS, pycudaboost::vecS, pycudaboost::bidirectionalS, pycudaboost::no_property, pycudaboost::property<pycudaboost::edge_index_t, long unsigned int, pycudaboost::property<pycudaboost::{anonymous}::edge_cast_t, void* (*)(void*)> > > >; ColorMap = pycudaboost::two_bit_color_map<pycudaboost::vec_adj_list_vertex_id_map<pycudaboost::no_property, long unsigned int> >; BFSVisitor = pycudaboost::bfs_visitor<pycudaboost::distance_recorder<pycudaboost::iterator_property_map<__gnu_cxx::__normal_iterator<long unsigned int*, std::vector<long unsigned int> >, pycudaboost::vec_adj_list_vertex_id_map<pycudaboost::no_property, long unsigned int>, long unsigned int, long unsigned int&>, pycudaboost::on_tree_edge> >; P = pycudaboost::bfs_visitor<pycudaboost::distance_recorder<pycudaboost::iterator_property_map<__gnu_cxx::__normal_iterator<long unsigned int*, std::vector<long unsigned int> >, pycudaboost::vec_adj_list_vertex_id_map<pycudaboost::no_property, long unsigned int>, long unsigned int, long unsigned int&>, pycudaboost::on_tree_edge> >; T = pycudaboost::graph_visitor_t; R = pycudaboost::no_property; typename pycudaboost::graph_traits<Graph>::vertex_descriptor = long unsigned int; typename pycudaboost::enable_if_c<pycudaboost::is_base_and_derived<pycudaboost::vertex_list_graph_tag, typename pycudaboost::graph_traits<Graph>::traversal_category>::value, void>::type = void; typename pycudaboost::graph_traits<Graph>::traversal_category = pycudaboost::bidir_adj_list_traversal_tag]’
      bpl-subset/bpl_subset/boost/graph/breadth_first_search.hpp:312:11:   required from ‘static void pycudaboost::detail::bfs_dispatch<pycudaboost::param_not_found>::apply(VertexListGraph&, typename pycudaboost::graph_traits<Graph>::vertex_descriptor, const pycudaboost::bgl_named_params<T, Tag, Base>&, pycudaboost::param_not_found) [with VertexListGraph = pycudaboost::reverse_graph<pycudaboost::adjacency_list<pycudaboost::vecS, pycudaboost::vecS, pycudaboost::bidirectionalS, pycudaboost::no_property, pycudaboost::property<pycudaboost::edge_index_t, long unsigned int, pycudaboost::property<pycudaboost::{anonymous}::edge_cast_t, void* (*)(void*)> > > >; P = pycudaboost::bfs_visitor<pycudaboost::distance_recorder<pycudaboost::iterator_property_map<__gnu_cxx::__normal_iterator<long unsigned int*, std::vector<long unsigned int> >, pycudaboost::vec_adj_list_vertex_id_map<pycudaboost::no_property, long unsigned int>, long unsigned int, long unsigned int&>, pycudaboost::on_tree_edge> >; T = pycudaboost::graph_visitor_t; R = pycudaboost::no_property; typename pycudaboost::graph_traits<Graph>::vertex_descriptor = long unsigned int]’
      bpl-subset/bpl_subset/boost/graph/breadth_first_search.hpp:339:35:   required from ‘void pycudaboost::breadth_first_search(const VertexListGraph&, typename pycudaboost::graph_traits<Graph>::vertex_descriptor, const pycudaboost::bgl_named_params<T, Tag, Base>&) [with VertexListGraph = pycudaboost::reverse_graph<pycudaboost::adjacency_list<pycudaboost::vecS, pycudaboost::vecS, pycudaboost::bidirectionalS, pycudaboost::no_property, pycudaboost::property<pycudaboost::edge_index_t, long unsigned int, pycudaboost::property<pycudaboost::{anonymous}::edge_cast_t, void* (*)(void*)> > > >; P = pycudaboost::bfs_visitor<pycudaboost::distance_recorder<pycudaboost::iterator_property_map<__gnu_cxx::__normal_iterator<long unsigned int*, std::vector<long unsigned int> >, pycudaboost::vec_adj_list_vertex_id_map<pycudaboost::no_property, long unsigned int>, long unsigned int, long unsigned int&>, pycudaboost::on_tree_edge> >; T = pycudaboost::graph_visitor_t; R = pycudaboost::no_property; typename pycudaboost::graph_traits<Graph>::vertex_descriptor = long unsigned int]’
      bpl-subset/bpl_subset/libs/python/src/object/inheritance.cpp:107:35:   required from here
      bpl-subset/bpl_subset/boost/concept/detail/general.hpp:38:47: warning: ‘this’ pointer is null [-Wnonnull]
         38 |     static void failed() { ((Model*)0)->~Model(); }
            |                            ~~~~~~~~~~~~~~~~~~~^~
      In file included from bpl-subset/bpl_subset/boost/mpl/aux_/integral_wrapper.hpp:22,
                       from bpl-subset/bpl_subset/boost/mpl/int.hpp:20,
                       from bpl-subset/bpl_subset/boost/type_traits/detail/template_arity_spec.hpp:10,
                       from bpl-subset/bpl_subset/boost/type_traits/detail/bool_trait_def.hpp:14,
                       from bpl-subset/bpl_subset/boost/type_traits/is_same.hpp:31,
                       from bpl-subset/bpl_subset/boost/type_traits/same_traits.hpp:13,
                       from bpl-subset/bpl_subset/boost/python/type_id.hpp:17,
                       from bpl-subset/bpl_subset/boost/python/object/inheritance.hpp:8,
                       from bpl-subset/bpl_subset/libs/python/src/object/inheritance.cpp:5:
      bpl-subset/bpl_subset/boost/concept_check.hpp:209:17: note: in a call to non-static member function ‘pycudaboost::ConvertibleConcept<pycudaboost::read_write_property_map_tag, pycudaboost::read_write_property_map_tag>::~ConvertibleConcept()’
        209 |   BOOST_concept(Convertible,(X)(Y))
            |                 ^~~~~~~~~~~
      bpl-subset/bpl_subset/boost/preprocessor/cat.hpp:29:34: note: in definition of macro ‘BOOST_PP_CAT_I’
         29 | #    define BOOST_PP_CAT_I(a, b) a ## b
            |                                  ^
      bpl-subset/bpl_subset/boost/concept/detail/concept_def.hpp:39:12: note: in expansion of macro ‘BOOST_PP_CAT’
         39 |     struct BOOST_PP_CAT(name,Concept)                                           \
            |            ^~~~~~~~~~~~
      bpl-subset/bpl_subset/boost/concept_check.hpp:209:3: note: in expansion of macro ‘BOOST_concept’
        209 |   BOOST_concept(Convertible,(X)(Y))
            |   ^~~~~~~~~~~~~
      In file included from bpl-subset/bpl_subset/boost/concept/assert.hpp:36,
                       from bpl-subset/bpl_subset/boost/concept_check.hpp:20,
                       from bpl-subset/bpl_subset/boost/property_map/property_map.hpp:18,
                       from bpl-subset/bpl_subset/boost/graph/graph_concepts.hpp:17,
                       from bpl-subset/bpl_subset/boost/graph/breadth_first_search.hpp:21,
                       from bpl-subset/bpl_subset/libs/python/src/object/inheritance.cpp:7:
      bpl-subset/bpl_subset/boost/concept/detail/general.hpp: In instantiation of ‘static void pycudaboost::concepts::requirement<pycudaboost::concepts::failed************ Model::************>::failed() [with Model = pycudaboost::concepts::usage_requirements<pycudaboost::DefaultConstructible<long unsigned int> >]’:
      bpl-subset/bpl_subset/boost/concept_check.hpp:132:5:   required from ‘struct pycudaboost::DefaultConstructible<long unsigned int>’
      bpl-subset/bpl_subset/boost/concept/detail/has_constraints.hpp:32:62:   required by substitution of ‘template<class Model> pycudaboost::concepts::detail::yes pycudaboost::concepts::detail::has_constraints_(Model*, pycudaboost::concepts::detail::wrap_constraints<Model, (& Model::constraints)>*) [with Model = pycudaboost::DefaultConstructible<long unsigned int>]’
      bpl-subset/bpl_subset/boost/concept/detail/has_constraints.hpp:42:5:   required from ‘const bool pycudaboost::concepts::not_satisfied<pycudaboost::DefaultConstructible<long unsigned int> >::value’
      bpl-subset/bpl_subset/boost/concept/detail/has_constraints.hpp:45:31:   required from ‘struct pycudaboost::concepts::not_satisfied<pycudaboost::DefaultConstructible<long unsigned int> >’
      bpl-subset/bpl_subset/boost/mpl/if.hpp:63:11:   required from ‘struct pycudaboost::mpl::if_<pycudaboost::concepts::not_satisfied<pycudaboost::DefaultConstructible<long unsigned int> >, pycudaboost::concepts::constraint<pycudaboost::DefaultConstructible<long unsigned int> >, pycudaboost::concepts::requirement<pycudaboost::concepts::failed************ pycudaboost::DefaultConstructible<long unsigned int>::************> >’
      bpl-subset/bpl_subset/boost/concept/detail/general.hpp:50:8:   [ skipping 13 instantiation contexts, use -ftemplate-backtrace-limit=0 to disable ]
      bpl-subset/bpl_subset/boost/graph/breadth_first_search.hpp:125:24:   required from ‘void pycudaboost::breadth_first_search(const VertexListGraph&, SourceIterator, SourceIterator, Buffer&, BFSVisitor, ColorMap) [with VertexListGraph = pycudaboost::reverse_graph<pycudaboost::adjacency_list<pycudaboost::vecS, pycudaboost::vecS, pycudaboost::bidirectionalS, pycudaboost::no_property, pycudaboost::property<pycudaboost::edge_index_t, long unsigned int, pycudaboost::property<pycudaboost::{anonymous}::edge_cast_t, void* (*)(void*)> > > >; SourceIterator = long unsigned int*; Buffer = pycudaboost::queue<long unsigned int, std::deque<long unsigned int, std::allocator<long unsigned int> > >; BFSVisitor = pycudaboost::bfs_visitor<pycudaboost::distance_recorder<pycudaboost::iterator_property_map<__gnu_cxx::__normal_iterator<long unsigned int*, std::vector<long unsigned int> >, pycudaboost::vec_adj_list_vertex_id_map<pycudaboost::no_property, long unsigned int>, long unsigned int, long unsigned int&>, pycudaboost::on_tree_edge> >; ColorMap = pycudaboost::two_bit_color_map<pycudaboost::vec_adj_list_vertex_id_map<pycudaboost::no_property, long unsigned int> >]’
      bpl-subset/bpl_subset/boost/graph/breadth_first_search.hpp:136:25:   required from ‘void pycudaboost::breadth_first_search(const VertexListGraph&, typename pycudaboost::graph_traits<Graph>::vertex_descriptor, Buffer&, BFSVisitor, ColorMap) [with VertexListGraph = pycudaboost::reverse_graph<pycudaboost::adjacency_list<pycudaboost::vecS, pycudaboost::vecS, pycudaboost::bidirectionalS, pycudaboost::no_property, pycudaboost::property<pycudaboost::edge_index_t, long unsigned int, pycudaboost::property<pycudaboost::{anonymous}::edge_cast_t, void* (*)(void*)> > > >; Buffer = pycudaboost::queue<long unsigned int, std::deque<long unsigned int, std::allocator<long unsigned int> > >; BFSVisitor = pycudaboost::bfs_visitor<pycudaboost::distance_recorder<pycudaboost::iterator_property_map<__gnu_cxx::__normal_iterator<long unsigned int*, std::vector<long unsigned int> >, pycudaboost::vec_adj_list_vertex_id_map<pycudaboost::no_property, long unsigned int>, long unsigned int, long unsigned int&>, pycudaboost::on_tree_edge> >; ColorMap = pycudaboost::two_bit_color_map<pycudaboost::vec_adj_list_vertex_id_map<pycudaboost::no_property, long unsigned int> >; typename pycudaboost::graph_traits<Graph>::vertex_descriptor = long unsigned int]’
      bpl-subset/bpl_subset/boost/graph/breadth_first_search.hpp:260:9:   required from ‘void pycudaboost::detail::bfs_helper(VertexListGraph&, typename pycudaboost::graph_traits<Graph>::vertex_descriptor, ColorMap, BFSVisitor, const pycudaboost::bgl_named_params<P, T, R>&, typename pycudaboost::enable_if_c<pycudaboost::is_base_and_derived<pycudaboost::vertex_list_graph_tag, typename pycudaboost::graph_traits<Graph>::traversal_category>::value, void>::type*) [with VertexListGraph = pycudaboost::reverse_graph<pycudaboost::adjacency_list<pycudaboost::vecS, pycudaboost::vecS, pycudaboost::bidirectionalS, pycudaboost::no_property, pycudaboost::property<pycudaboost::edge_index_t, long unsigned int, pycudaboost::property<pycudaboost::{anonymous}::edge_cast_t, void* (*)(void*)> > > >; ColorMap = pycudaboost::two_bit_color_map<pycudaboost::vec_adj_list_vertex_id_map<pycudaboost::no_property, long unsigned int> >; BFSVisitor = pycudaboost::bfs_visitor<pycudaboost::distance_recorder<pycudaboost::iterator_property_map<__gnu_cxx::__normal_iterator<long unsigned int*, std::vector<long unsigned int> >, pycudaboost::vec_adj_list_vertex_id_map<pycudaboost::no_property, long unsigned int>, long unsigned int, long unsigned int&>, pycudaboost::on_tree_edge> >; P = pycudaboost::bfs_visitor<pycudaboost::distance_recorder<pycudaboost::iterator_property_map<__gnu_cxx::__normal_iterator<long unsigned int*, std::vector<long unsigned int> >, pycudaboost::vec_adj_list_vertex_id_map<pycudaboost::no_property, long unsigned int>, long unsigned int, long unsigned int&>, pycudaboost::on_tree_edge> >; T = pycudaboost::graph_visitor_t; R = pycudaboost::no_property; typename pycudaboost::graph_traits<Graph>::vertex_descriptor = long unsigned int; typename pycudaboost::enable_if_c<pycudaboost::is_base_and_derived<pycudaboost::vertex_list_graph_tag, typename pycudaboost::graph_traits<Graph>::traversal_category>::value, void>::type = void; typename pycudaboost::graph_traits<Graph>::traversal_category = pycudaboost::bidir_adj_list_traversal_tag]’
      bpl-subset/bpl_subset/boost/graph/breadth_first_search.hpp:312:11:   required from ‘static void pycudaboost::detail::bfs_dispatch<pycudaboost::param_not_found>::apply(VertexListGraph&, typename pycudaboost::graph_traits<Graph>::vertex_descriptor, const pycudaboost::bgl_named_params<T, Tag, Base>&, pycudaboost::param_not_found) [with VertexListGraph = pycudaboost::reverse_graph<pycudaboost::adjacency_list<pycudaboost::vecS, pycudaboost::vecS, pycudaboost::bidirectionalS, pycudaboost::no_property, pycudaboost::property<pycudaboost::edge_index_t, long unsigned int, pycudaboost::property<pycudaboost::{anonymous}::edge_cast_t, void* (*)(void*)> > > >; P = pycudaboost::bfs_visitor<pycudaboost::distance_recorder<pycudaboost::iterator_property_map<__gnu_cxx::__normal_iterator<long unsigned int*, std::vector<long unsigned int> >, pycudaboost::vec_adj_list_vertex_id_map<pycudaboost::no_property, long unsigned int>, long unsigned int, long unsigned int&>, pycudaboost::on_tree_edge> >; T = pycudaboost::graph_visitor_t; R = pycudaboost::no_property; typename pycudaboost::graph_traits<Graph>::vertex_descriptor = long unsigned int]’
      bpl-subset/bpl_subset/boost/graph/breadth_first_search.hpp:339:35:   required from ‘void pycudaboost::breadth_first_search(const VertexListGraph&, typename pycudaboost::graph_traits<Graph>::vertex_descriptor, const pycudaboost::bgl_named_params<T, Tag, Base>&) [with VertexListGraph = pycudaboost::reverse_graph<pycudaboost::adjacency_list<pycudaboost::vecS, pycudaboost::vecS, pycudaboost::bidirectionalS, pycudaboost::no_property, pycudaboost::property<pycudaboost::edge_index_t, long unsigned int, pycudaboost::property<pycudaboost::{anonymous}::edge_cast_t, void* (*)(void*)> > > >; P = pycudaboost::bfs_visitor<pycudaboost::distance_recorder<pycudaboost::iterator_property_map<__gnu_cxx::__normal_iterator<long unsigned int*, std::vector<long unsigned int> >, pycudaboost::vec_adj_list_vertex_id_map<pycudaboost::no_property, long unsigned int>, long unsigned int, long unsigned int&>, pycudaboost::on_tree_edge> >; T = pycudaboost::graph_visitor_t; R = pycudaboost::no_property; typename pycudaboost::graph_traits<Graph>::vertex_descriptor = long unsigned int]’
      bpl-subset/bpl_subset/libs/python/src/object/inheritance.cpp:107:35:   required from here
      bpl-subset/bpl_subset/boost/concept/detail/general.hpp:38:47: warning: ‘this’ pointer is null [-Wnonnull]
         38 |     static void failed() { ((Model*)0)->~Model(); }
            |                            ~~~~~~~~~~~~~~~~~~~^~
      In file included from bpl-subset/bpl_subset/boost/concept_check.hpp:32,
                       from bpl-subset/bpl_subset/boost/property_map/property_map.hpp:18,
                       from bpl-subset/bpl_subset/boost/graph/graph_concepts.hpp:17,
                       from bpl-subset/bpl_subset/boost/graph/breadth_first_search.hpp:21,
                       from bpl-subset/bpl_subset/libs/python/src/object/inheritance.cpp:7:
      bpl-subset/bpl_subset/boost/concept/usage.hpp:22:5: note: in a call to non-static member function ‘pycudaboost::concepts::usage_requirements<Model>::~usage_requirements() [with Model = pycudaboost::DefaultConstructible<long unsigned int>]’
         22 |     ~usage_requirements() { ((Model*)0)->~Model(); }
            |     ^
      In file included from bpl-subset/bpl_subset/boost/concept/assert.hpp:36,
                       from bpl-subset/bpl_subset/boost/concept_check.hpp:20,
                       from bpl-subset/bpl_subset/boost/property_map/property_map.hpp:18,
                       from bpl-subset/bpl_subset/boost/graph/graph_concepts.hpp:17,
                       from bpl-subset/bpl_subset/boost/graph/breadth_first_search.hpp:21,
                       from bpl-subset/bpl_subset/libs/python/src/object/inheritance.cpp:7:
      bpl-subset/bpl_subset/boost/concept/detail/general.hpp: In instantiation of ‘static void pycudaboost::concepts::requirement<pycudaboost::concepts::failed************ Model::************>::failed() [with Model = pycudaboost::DefaultConstructible<long unsigned int>]’:
      bpl-subset/bpl_subset/boost/graph/graph_concepts.hpp:67:13:   required from ‘pycudaboost::concepts::Graph<G>::~Graph() [with G = pycudaboost::reverse_graph<pycudaboost::adjacency_list<pycudaboost::vecS, pycudaboost::vecS, pycudaboost::bidirectionalS, pycudaboost::no_property, pycudaboost::property<pycudaboost::edge_index_t, long unsigned int, pycudaboost::property<pycudaboost::{anonymous}::edge_cast_t, void* (*)(void*)> > > >]’
      bpl-subset/bpl_subset/boost/concept/usage.hpp:22:48:   required from ‘pycudaboost::concepts::usage_requirements<Model>::~usage_requirements() [with Model = pycudaboost::concepts::Graph<pycudaboost::reverse_graph<pycudaboost::adjacency_list<pycudaboost::vecS, pycudaboost::vecS, pycudaboost::bidirectionalS, pycudaboost::no_property, pycudaboost::property<pycudaboost::edge_index_t, long unsigned int, pycudaboost::property<pycudaboost::{anonymous}::edge_cast_t, void* (*)(void*)> > > > >]’
      bpl-subset/bpl_subset/boost/concept/detail/general.hpp:38:47:   required from ‘static void pycudaboost::concepts::requirement<pycudaboost::concepts::failed************ Model::************>::failed() [with Model = pycudaboost::concepts::usage_requirements<pycudaboost::concepts::Graph<pycudaboost::reverse_graph<pycudaboost::adjacency_list<pycudaboost::vecS, pycudaboost::vecS, pycudaboost::bidirectionalS, pycudaboost::no_property, pycudaboost::property<pycudaboost::edge_index_t, long unsigned int, pycudaboost::property<pycudaboost::{anonymous}::edge_cast_t, void* (*)(void*)> > > > > >]’
      bpl-subset/bpl_subset/boost/graph/graph_concepts.hpp:65:9:   required from ‘struct pycudaboost::concepts::Graph<pycudaboost::reverse_graph<pycudaboost::adjacency_list<pycudaboost::vecS, pycudaboost::vecS, pycudaboost::bidirectionalS, pycudaboost::no_property, pycudaboost::property<pycudaboost::edge_index_t, long unsigned int, pycudaboost::property<pycudaboost::{anonymous}::edge_cast_t, void* (*)(void*)> > > > >’
      bpl-subset/bpl_subset/boost/graph/graph_concepts.hpp:74:5:   required from ‘struct pycudaboost::concepts::IncidenceGraph<pycudaboost::reverse_graph<pycudaboost::adjacency_list<pycudaboost::vecS, pycudaboost::vecS, pycudaboost::bidirectionalS, pycudaboost::no_property, pycudaboost::property<pycudaboost::edge_index_t, long unsigned int, pycudaboost::property<pycudaboost::{anonymous}::edge_cast_t, void* (*)(void*)> > > > >’
      bpl-subset/bpl_subset/boost/graph/graph_concepts.hpp:74:5:   [ skipping 7 instantiation contexts, use -ftemplate-backtrace-limit=0 to disable ]
      bpl-subset/bpl_subset/boost/graph/breadth_first_search.hpp:125:24:   required from ‘void pycudaboost::breadth_first_search(const VertexListGraph&, SourceIterator, SourceIterator, Buffer&, BFSVisitor, ColorMap) [with VertexListGraph = pycudaboost::reverse_graph<pycudaboost::adjacency_list<pycudaboost::vecS, pycudaboost::vecS, pycudaboost::bidirectionalS, pycudaboost::no_property, pycudaboost::property<pycudaboost::edge_index_t, long unsigned int, pycudaboost::property<pycudaboost::{anonymous}::edge_cast_t, void* (*)(void*)> > > >; SourceIterator = long unsigned int*; Buffer = pycudaboost::queue<long unsigned int, std::deque<long unsigned int, std::allocator<long unsigned int> > >; BFSVisitor = pycudaboost::bfs_visitor<pycudaboost::distance_recorder<pycudaboost::iterator_property_map<__gnu_cxx::__normal_iterator<long unsigned int*, std::vector<long unsigned int> >, pycudaboost::vec_adj_list_vertex_id_map<pycudaboost::no_property, long unsigned int>, long unsigned int, long unsigned int&>, pycudaboost::on_tree_edge> >; ColorMap = pycudaboost::two_bit_color_map<pycudaboost::vec_adj_list_vertex_id_map<pycudaboost::no_property, long unsigned int> >]’
      bpl-subset/bpl_subset/boost/graph/breadth_first_search.hpp:136:25:   required from ‘void pycudaboost::breadth_first_search(const VertexListGraph&, typename pycudaboost::graph_traits<Graph>::vertex_descriptor, Buffer&, BFSVisitor, ColorMap) [with VertexListGraph = pycudaboost::reverse_graph<pycudaboost::adjacency_list<pycudaboost::vecS, pycudaboost::vecS, pycudaboost::bidirectionalS, pycudaboost::no_property, pycudaboost::property<pycudaboost::edge_index_t, long unsigned int, pycudaboost::property<pycudaboost::{anonymous}::edge_cast_t, void* (*)(void*)> > > >; Buffer = pycudaboost::queue<long unsigned int, std::deque<long unsigned int, std::allocator<long unsigned int> > >; BFSVisitor = pycudaboost::bfs_visitor<pycudaboost::distance_recorder<pycudaboost::iterator_property_map<__gnu_cxx::__normal_iterator<long unsigned int*, std::vector<long unsigned int> >, pycudaboost::vec_adj_list_vertex_id_map<pycudaboost::no_property, long unsigned int>, long unsigned int, long unsigned int&>, pycudaboost::on_tree_edge> >; ColorMap = pycudaboost::two_bit_color_map<pycudaboost::vec_adj_list_vertex_id_map<pycudaboost::no_property, long unsigned int> >; typename pycudaboost::graph_traits<Graph>::vertex_descriptor = long unsigned int]’
      bpl-subset/bpl_subset/boost/graph/breadth_first_search.hpp:260:9:   required from ‘void pycudaboost::detail::bfs_helper(VertexListGraph&, typename pycudaboost::graph_traits<Graph>::vertex_descriptor, ColorMap, BFSVisitor, const pycudaboost::bgl_named_params<P, T, R>&, typename pycudaboost::enable_if_c<pycudaboost::is_base_and_derived<pycudaboost::vertex_list_graph_tag, typename pycudaboost::graph_traits<Graph>::traversal_category>::value, void>::type*) [with VertexListGraph = pycudaboost::reverse_graph<pycudaboost::adjacency_list<pycudaboost::vecS, pycudaboost::vecS, pycudaboost::bidirectionalS, pycudaboost::no_property, pycudaboost::property<pycudaboost::edge_index_t, long unsigned int, pycudaboost::property<pycudaboost::{anonymous}::edge_cast_t, void* (*)(void*)> > > >; ColorMap = pycudaboost::two_bit_color_map<pycudaboost::vec_adj_list_vertex_id_map<pycudaboost::no_property, long unsigned int> >; BFSVisitor = pycudaboost::bfs_visitor<pycudaboost::distance_recorder<pycudaboost::iterator_property_map<__gnu_cxx::__normal_iterator<long unsigned int*, std::vector<long unsigned int> >, pycudaboost::vec_adj_list_vertex_id_map<pycudaboost::no_property, long unsigned int>, long unsigned int, long unsigned int&>, pycudaboost::on_tree_edge> >; P = pycudaboost::bfs_visitor<pycudaboost::distance_recorder<pycudaboost::iterator_property_map<__gnu_cxx::__normal_iterator<long unsigned int*, std::vector<long unsigned int> >, pycudaboost::vec_adj_list_vertex_id_map<pycudaboost::no_property, long unsigned int>, long unsigned int, long unsigned int&>, pycudaboost::on_tree_edge> >; T = pycudaboost::graph_visitor_t; R = pycudaboost::no_property; typename pycudaboost::graph_traits<Graph>::vertex_descriptor = long unsigned int; typename pycudaboost::enable_if_c<pycudaboost::is_base_and_derived<pycudaboost::vertex_list_graph_tag, typename pycudaboost::graph_traits<Graph>::traversal_category>::value, void>::type = void; typename pycudaboost::graph_traits<Graph>::traversal_category = pycudaboost::bidir_adj_list_traversal_tag]’
      bpl-subset/bpl_subset/boost/graph/breadth_first_search.hpp:312:11:   required from ‘static void pycudaboost::detail::bfs_dispatch<pycudaboost::param_not_found>::apply(VertexListGraph&, typename pycudaboost::graph_traits<Graph>::vertex_descriptor, const pycudaboost::bgl_named_params<T, Tag, Base>&, pycudaboost::param_not_found) [with VertexListGraph = pycudaboost::reverse_graph<pycudaboost::adjacency_list<pycudaboost::vecS, pycudaboost::vecS, pycudaboost::bidirectionalS, pycudaboost::no_property, pycudaboost::property<pycudaboost::edge_index_t, long unsigned int, pycudaboost::property<pycudaboost::{anonymous}::edge_cast_t, void* (*)(void*)> > > >; P = pycudaboost::bfs_visitor<pycudaboost::distance_recorder<pycudaboost::iterator_property_map<__gnu_cxx::__normal_iterator<long unsigned int*, std::vector<long unsigned int> >, pycudaboost::vec_adj_list_vertex_id_map<pycudaboost::no_property, long unsigned int>, long unsigned int, long unsigned int&>, pycudaboost::on_tree_edge> >; T = pycudaboost::graph_visitor_t; R = pycudaboost::no_property; typename pycudaboost::graph_traits<Graph>::vertex_descriptor = long unsigned int]’
      bpl-subset/bpl_subset/boost/graph/breadth_first_search.hpp:339:35:   required from ‘void pycudaboost::breadth_first_search(const VertexListGraph&, typename pycudaboost::graph_traits<Graph>::vertex_descriptor, const pycudaboost::bgl_named_params<T, Tag, Base>&) [with VertexListGraph = pycudaboost::reverse_graph<pycudaboost::adjacency_list<pycudaboost::vecS, pycudaboost::vecS, pycudaboost::bidirectionalS, pycudaboost::no_property, pycudaboost::property<pycudaboost::edge_index_t, long unsigned int, pycudaboost::property<pycudaboost::{anonymous}::edge_cast_t, void* (*)(void*)> > > >; P = pycudaboost::bfs_visitor<pycudaboost::distance_recorder<pycudaboost::iterator_property_map<__gnu_cxx::__normal_iterator<long unsigned int*, std::vector<long unsigned int> >, pycudaboost::vec_adj_list_vertex_id_map<pycudaboost::no_property, long unsigned int>, long unsigned int, long unsigned int&>, pycudaboost::on_tree_edge> >; T = pycudaboost::graph_visitor_t; R = pycudaboost::no_property; typename pycudaboost::graph_traits<Graph>::vertex_descriptor = long unsigned int]’
      bpl-subset/bpl_subset/libs/python/src/object/inheritance.cpp:107:35:   required from here
      bpl-subset/bpl_subset/boost/concept/detail/general.hpp:38:47: warning: ‘this’ pointer is null [-Wnonnull]
         38 |     static void failed() { ((Model*)0)->~Model(); }
            |                            ~~~~~~~~~~~~~~~~~~~^~
      In file included from bpl-subset/bpl_subset/boost/concept_check.hpp:32,
                       from bpl-subset/bpl_subset/boost/property_map/property_map.hpp:18,
                       from bpl-subset/bpl_subset/boost/graph/graph_concepts.hpp:17,
                       from bpl-subset/bpl_subset/boost/graph/breadth_first_search.hpp:21,
                       from bpl-subset/bpl_subset/libs/python/src/object/inheritance.cpp:7:
      bpl-subset/bpl_subset/boost/concept/usage.hpp:36:7: note: in a call to non-static member function ‘pycudaboost::DefaultConstructible<TT>::~DefaultConstructible() [with TT = long unsigned int]’
         36 |       ~model()
            |       ^
      bpl-subset/bpl_subset/boost/concept_check.hpp:132:5: note: in expansion of macro ‘BOOST_CONCEPT_USAGE’
        132 |     BOOST_CONCEPT_USAGE(DefaultConstructible) {
            |     ^~~~~~~~~~~~~~~~~~~
      In file included from bpl-subset/bpl_subset/boost/concept/assert.hpp:36,
                       from bpl-subset/bpl_subset/boost/concept_check.hpp:20,
                       from bpl-subset/bpl_subset/boost/property_map/property_map.hpp:18,
                       from bpl-subset/bpl_subset/boost/graph/graph_concepts.hpp:17,
                       from bpl-subset/bpl_subset/boost/graph/breadth_first_search.hpp:21,
                       from bpl-subset/bpl_subset/libs/python/src/object/inheritance.cpp:7:
      bpl-subset/bpl_subset/boost/concept/detail/general.hpp: In instantiation of ‘static void pycudaboost::concepts::requirement<pycudaboost::concepts::failed************ Model::************>::failed() [with Model = pycudaboost::concepts::usage_requirements<pycudaboost::EqualityComparable<long unsigned int> >]’:
      bpl-subset/bpl_subset/boost/concept_check.hpp:236:5:   required from ‘struct pycudaboost::EqualityComparable<long unsigned int>’
      bpl-subset/bpl_subset/boost/concept/detail/has_constraints.hpp:32:62:   required by substitution of ‘template<class Model> pycudaboost::concepts::detail::yes pycudaboost::concepts::detail::has_constraints_(Model*, pycudaboost::concepts::detail::wrap_constraints<Model, (& Model::constraints)>*) [with Model = pycudaboost::EqualityComparable<long unsigned int>]’
      bpl-subset/bpl_subset/boost/concept/detail/has_constraints.hpp:42:5:   required from ‘const bool pycudaboost::concepts::not_satisfied<pycudaboost::EqualityComparable<long unsigned int> >::value’
      bpl-subset/bpl_subset/boost/concept/detail/has_constraints.hpp:45:31:   required from ‘struct pycudaboost::concepts::not_satisfied<pycudaboost::EqualityComparable<long unsigned int> >’
      bpl-subset/bpl_subset/boost/mpl/if.hpp:63:11:   required from ‘struct pycudaboost::mpl::if_<pycudaboost::concepts::not_satisfied<pycudaboost::EqualityComparable<long unsigned int> >, pycudaboost::concepts::constraint<pycudaboost::EqualityComparable<long unsigned int> >, pycudaboost::concepts::requirement<pycudaboost::concepts::failed************ pycudaboost::EqualityComparable<long unsigned int>::************> >’
      bpl-subset/bpl_subset/boost/concept/detail/general.hpp:50:8:   [ skipping 13 instantiation contexts, use -ftemplate-backtrace-limit=0 to disable ]
      bpl-subset/bpl_subset/boost/graph/breadth_first_search.hpp:125:24:   required from ‘void pycudaboost::breadth_first_search(const VertexListGraph&, SourceIterator, SourceIterator, Buffer&, BFSVisitor, ColorMap) [with VertexListGraph = pycudaboost::reverse_graph<pycudaboost::adjacency_list<pycudaboost::vecS, pycudaboost::vecS, pycudaboost::bidirectionalS, pycudaboost::no_property, pycudaboost::property<pycudaboost::edge_index_t, long unsigned int, pycudaboost::property<pycudaboost::{anonymous}::edge_cast_t, void* (*)(void*)> > > >; SourceIterator = long unsigned int*; Buffer = pycudaboost::queue<long unsigned int, std::deque<long unsigned int, std::allocator<long unsigned int> > >; BFSVisitor = pycudaboost::bfs_visitor<pycudaboost::distance_recorder<pycudaboost::iterator_property_map<__gnu_cxx::__normal_iterator<long unsigned int*, std::vector<long unsigned int> >, pycudaboost::vec_adj_list_vertex_id_map<pycudaboost::no_property, long unsigned int>, long unsigned int, long unsigned int&>, pycudaboost::on_tree_edge> >; ColorMap = pycudaboost::two_bit_color_map<pycudaboost::vec_adj_list_vertex_id_map<pycudaboost::no_property, long unsigned int> >]’
      bpl-subset/bpl_subset/boost/graph/breadth_first_search.hpp:136:25:   required from ‘void pycudaboost::breadth_first_search(const VertexListGraph&, typename pycudaboost::graph_traits<Graph>::vertex_descriptor, Buffer&, BFSVisitor, ColorMap) [with VertexListGraph = pycudaboost::reverse_graph<pycudaboost::adjacency_list<pycudaboost::vecS, pycudaboost::vecS, pycudaboost::bidirectionalS, pycudaboost::no_property, pycudaboost::property<pycudaboost::edge_index_t, long unsigned int, pycudaboost::property<pycudaboost::{anonymous}::edge_cast_t, void* (*)(void*)> > > >; Buffer = pycudaboost::queue<long unsigned int, std::deque<long unsigned int, std::allocator<long unsigned int> > >; BFSVisitor = pycudaboost::bfs_visitor<pycudaboost::distance_recorder<pycudaboost::iterator_property_map<__gnu_cxx::__normal_iterator<long unsigned int*, std::vector<long unsigned int> >, pycudaboost::vec_adj_list_vertex_id_map<pycudaboost::no_property, long unsigned int>, long unsigned int, long unsigned int&>, pycudaboost::on_tree_edge> >; ColorMap = pycudaboost::two_bit_color_map<pycudaboost::vec_adj_list_vertex_id_map<pycudaboost::no_property, long unsigned int> >; typename pycudaboost::graph_traits<Graph>::vertex_descriptor = long unsigned int]’
      bpl-subset/bpl_subset/boost/graph/breadth_first_search.hpp:260:9:   required from ‘void pycudaboost::detail::bfs_helper(VertexListGraph&, typename pycudaboost::graph_traits<Graph>::vertex_descriptor, ColorMap, BFSVisitor, const pycudaboost::bgl_named_params<P, T, R>&, typename pycudaboost::enable_if_c<pycudaboost::is_base_and_derived<pycudaboost::vertex_list_graph_tag, typename pycudaboost::graph_traits<Graph>::traversal_category>::value, void>::type*) [with VertexListGraph = pycudaboost::reverse_graph<pycudaboost::adjacency_list<pycudaboost::vecS, pycudaboost::vecS, pycudaboost::bidirectionalS, pycudaboost::no_property, pycudaboost::property<pycudaboost::edge_index_t, long unsigned int, pycudaboost::property<pycudaboost::{anonymous}::edge_cast_t, void* (*)(void*)> > > >; ColorMap = pycudaboost::two_bit_color_map<pycudaboost::vec_adj_list_vertex_id_map<pycudaboost::no_property, long unsigned int> >; BFSVisitor = pycudaboost::bfs_visitor<pycudaboost::distance_recorder<pycudaboost::iterator_property_map<__gnu_cxx::__normal_iterator<long unsigned int*, std::vector<long unsigned int> >, pycudaboost::vec_adj_list_vertex_id_map<pycudaboost::no_property, long unsigned int>, long unsigned int, long unsigned int&>, pycudaboost::on_tree_edge> >; P = pycudaboost::bfs_visitor<pycudaboost::distance_recorder<pycudaboost::iterator_property_map<__gnu_cxx::__normal_iterator<long unsigned int*, std::vector<long unsigned int> >, pycudaboost::vec_adj_list_vertex_id_map<pycudaboost::no_property, long unsigned int>, long unsigned int, long unsigned int&>, pycudaboost::on_tree_edge> >; T = pycudaboost::graph_visitor_t; R = pycudaboost::no_property; typename pycudaboost::graph_traits<Graph>::vertex_descriptor = long unsigned int; typename pycudaboost::enable_if_c<pycudaboost::is_base_and_derived<pycudaboost::vertex_list_graph_tag, typename pycudaboost::graph_traits<Graph>::traversal_category>::value, void>::type = void; typename pycudaboost::graph_traits<Graph>::traversal_category = pycudaboost::bidir_adj_list_traversal_tag]’
      bpl-subset/bpl_subset/boost/graph/breadth_first_search.hpp:312:11:   required from ‘static void pycudaboost::detail::bfs_dispatch<pycudaboost::param_not_found>::apply(VertexListGraph&, typename pycudaboost::graph_traits<Graph>::vertex_descriptor, const pycudaboost::bgl_named_params<T, Tag, Base>&, pycudaboost::param_not_found) [with VertexListGraph = pycudaboost::reverse_graph<pycudaboost::adjacency_list<pycudaboost::vecS, pycudaboost::vecS, pycudaboost::bidirectionalS, pycudaboost::no_property, pycudaboost::property<pycudaboost::edge_index_t, long unsigned int, pycudaboost::property<pycudaboost::{anonymous}::edge_cast_t, void* (*)(void*)> > > >; P = pycudaboost::bfs_visitor<pycudaboost::distance_recorder<pycudaboost::iterator_property_map<__gnu_cxx::__normal_iterator<long unsigned int*, std::vector<long unsigned int> >, pycudaboost::vec_adj_list_vertex_id_map<pycudaboost::no_property, long unsigned int>, long unsigned int, long unsigned int&>, pycudaboost::on_tree_edge> >; T = pycudaboost::graph_visitor_t; R = pycudaboost::no_property; typename pycudaboost::graph_traits<Graph>::vertex_descriptor = long unsigned int]’
      bpl-subset/bpl_subset/boost/graph/breadth_first_search.hpp:339:35:   required from ‘void pycudaboost::breadth_first_search(const VertexListGraph&, typename pycudaboost::graph_traits<Graph>::vertex_descriptor, const pycudaboost::bgl_named_params<T, Tag, Base>&) [with VertexListGraph = pycudaboost::reverse_graph<pycudaboost::adjacency_list<pycudaboost::vecS, pycudaboost::vecS, pycudaboost::bidirectionalS, pycudaboost::no_property, pycudaboost::property<pycudaboost::edge_index_t, long unsigned int, pycudaboost::property<pycudaboost::{anonymous}::edge_cast_t, void* (*)(void*)> > > >; P = pycudaboost::bfs_visitor<pycudaboost::distance_recorder<pycudaboost::iterator_property_map<__gnu_cxx::__normal_iterator<long unsigned int*, std::vector<long unsigned int> >, pycudaboost::vec_adj_list_vertex_id_map<pycudaboost::no_property, long unsigned int>, long unsigned int, long unsigned int&>, pycudaboost::on_tree_edge> >; T = pycudaboost::graph_visitor_t; R = pycudaboost::no_property; typename pycudaboost::graph_traits<Graph>::vertex_descriptor = long unsigned int]’
      bpl-subset/bpl_subset/libs/python/src/object/inheritance.cpp:107:35:   required from here
      bpl-subset/bpl_subset/boost/concept/detail/general.hpp:38:47: warning: ‘this’ pointer is null [-Wnonnull]
         38 |     static void failed() { ((Model*)0)->~Model(); }
            |                            ~~~~~~~~~~~~~~~~~~~^~
      In file included from bpl-subset/bpl_subset/boost/concept_check.hpp:32,
                       from bpl-subset/bpl_subset/boost/property_map/property_map.hpp:18,
                       from bpl-subset/bpl_subset/boost/graph/graph_concepts.hpp:17,
                       from bpl-subset/bpl_subset/boost/graph/breadth_first_search.hpp:21,
                       from bpl-subset/bpl_subset/libs/python/src/object/inheritance.cpp:7:
      bpl-subset/bpl_subset/boost/concept/usage.hpp:22:5: note: in a call to non-static member function ‘pycudaboost::concepts::usage_requirements<Model>::~usage_requirements() [with Model = pycudaboost::EqualityComparable<long unsigned int>]’
         22 |     ~usage_requirements() { ((Model*)0)->~Model(); }
            |     ^
      In file included from bpl-subset/bpl_subset/boost/concept/assert.hpp:36,
                       from bpl-subset/bpl_subset/boost/concept_check.hpp:20,
                       from bpl-subset/bpl_subset/boost/property_map/property_map.hpp:18,
                       from bpl-subset/bpl_subset/boost/graph/graph_concepts.hpp:17,
                       from bpl-subset/bpl_subset/boost/graph/breadth_first_search.hpp:21,
                       from bpl-subset/bpl_subset/libs/python/src/object/inheritance.cpp:7:
      bpl-subset/bpl_subset/boost/concept/detail/general.hpp: In instantiation of ‘static void pycudaboost::concepts::requirement<pycudaboost::concepts::failed************ Model::************>::failed() [with Model = pycudaboost::EqualityComparable<long unsigned int>]’:
      bpl-subset/bpl_subset/boost/graph/graph_concepts.hpp:68:13:   required from ‘pycudaboost::concepts::Graph<G>::~Graph() [with G = pycudaboost::reverse_graph<pycudaboost::adjacency_list<pycudaboost::vecS, pycudaboost::vecS, pycudaboost::bidirectionalS, pycudaboost::no_property, pycudaboost::property<pycudaboost::edge_index_t, long unsigned int, pycudaboost::property<pycudaboost::{anonymous}::edge_cast_t, void* (*)(void*)> > > >]’
      bpl-subset/bpl_subset/boost/concept/usage.hpp:22:48:   required from ‘pycudaboost::concepts::usage_requirements<Model>::~usage_requirements() [with Model = pycudaboost::concepts::Graph<pycudaboost::reverse_graph<pycudaboost::adjacency_list<pycudaboost::vecS, pycudaboost::vecS, pycudaboost::bidirectionalS, pycudaboost::no_property, pycudaboost::property<pycudaboost::edge_index_t, long unsigned int, pycudaboost::property<pycudaboost::{anonymous}::edge_cast_t, void* (*)(void*)> > > > >]’
      bpl-subset/bpl_subset/boost/concept/detail/general.hpp:38:47:   required from ‘static void pycudaboost::concepts::requirement<pycudaboost::concepts::failed************ Model::************>::failed() [with Model = pycudaboost::concepts::usage_requirements<pycudaboost::concepts::Graph<pycudaboost::reverse_graph<pycudaboost::adjacency_list<pycudaboost::vecS, pycudaboost::vecS, pycudaboost::bidirectionalS, pycudaboost::no_property, pycudaboost::property<pycudaboost::edge_index_t, long unsigned int, pycudaboost::property<pycudaboost::{anonymous}::edge_cast_t, void* (*)(void*)> > > > > >]’
      bpl-subset/bpl_subset/boost/graph/graph_concepts.hpp:65:9:   required from ‘struct pycudaboost::concepts::Graph<pycudaboost::reverse_graph<pycudaboost::adjacency_list<pycudaboost::vecS, pycudaboost::vecS, pycudaboost::bidirectionalS, pycudaboost::no_property, pycudaboost::property<pycudaboost::edge_index_t, long unsigned int, pycudaboost::property<pycudaboost::{anonymous}::edge_cast_t, void* (*)(void*)> > > > >’
      bpl-subset/bpl_subset/boost/graph/graph_concepts.hpp:74:5:   required from ‘struct pycudaboost::concepts::IncidenceGraph<pycudaboost::reverse_graph<pycudaboost::adjacency_list<pycudaboost::vecS, pycudaboost::vecS, pycudaboost::bidirectionalS, pycudaboost::no_property, pycudaboost::property<pycudaboost::edge_index_t, long unsigned int, pycudaboost::property<pycudaboost::{anonymous}::edge_cast_t, void* (*)(void*)> > > > >’
      bpl-subset/bpl_subset/boost/graph/graph_concepts.hpp:74:5:   [ skipping 7 instantiation contexts, use -ftemplate-backtrace-limit=0 to disable ]
      bpl-subset/bpl_subset/boost/graph/breadth_first_search.hpp:125:24:   required from ‘void pycudaboost::breadth_first_search(const VertexListGraph&, SourceIterator, SourceIterator, Buffer&, BFSVisitor, ColorMap) [with VertexListGraph = pycudaboost::reverse_graph<pycudaboost::adjacency_list<pycudaboost::vecS, pycudaboost::vecS, pycudaboost::bidirectionalS, pycudaboost::no_property, pycudaboost::property<pycudaboost::edge_index_t, long unsigned int, pycudaboost::property<pycudaboost::{anonymous}::edge_cast_t, void* (*)(void*)> > > >; SourceIterator = long unsigned int*; Buffer = pycudaboost::queue<long unsigned int, std::deque<long unsigned int, std::allocator<long unsigned int> > >; BFSVisitor = pycudaboost::bfs_visitor<pycudaboost::distance_recorder<pycudaboost::iterator_property_map<__gnu_cxx::__normal_iterator<long unsigned int*, std::vector<long unsigned int> >, pycudaboost::vec_adj_list_vertex_id_map<pycudaboost::no_property, long unsigned int>, long unsigned int, long unsigned int&>, pycudaboost::on_tree_edge> >; ColorMap = pycudaboost::two_bit_color_map<pycudaboost::vec_adj_list_vertex_id_map<pycudaboost::no_property, long unsigned int> >]’
      bpl-subset/bpl_subset/boost/graph/breadth_first_search.hpp:136:25:   required from ‘void pycudaboost::breadth_first_search(const VertexListGraph&, typename pycudaboost::graph_traits<Graph>::vertex_descriptor, Buffer&, BFSVisitor, ColorMap) [with VertexListGraph = pycudaboost::reverse_graph<pycudaboost::adjacency_list<pycudaboost::vecS, pycudaboost::vecS, pycudaboost::bidirectionalS, pycudaboost::no_property, pycudaboost::property<pycudaboost::edge_index_t, long unsigned int, pycudaboost::property<pycudaboost::{anonymous}::edge_cast_t, void* (*)(void*)> > > >; Buffer = pycudaboost::queue<long unsigned int, std::deque<long unsigned int, std::allocator<long unsigned int> > >; BFSVisitor = pycudaboost::bfs_visitor<pycudaboost::distance_recorder<pycudaboost::iterator_property_map<__gnu_cxx::__normal_iterator<long unsigned int*, std::vector<long unsigned int> >, pycudaboost::vec_adj_list_vertex_id_map<pycudaboost::no_property, long unsigned int>, long unsigned int, long unsigned int&>, pycudaboost::on_tree_edge> >; ColorMap = pycudaboost::two_bit_color_map<pycudaboost::vec_adj_list_vertex_id_map<pycudaboost::no_property, long unsigned int> >; typename pycudaboost::graph_traits<Graph>::vertex_descriptor = long unsigned int]’
      bpl-subset/bpl_subset/boost/graph/breadth_first_search.hpp:260:9:   required from ‘void pycudaboost::detail::bfs_helper(VertexListGraph&, typename pycudaboost::graph_traits<Graph>::vertex_descriptor, ColorMap, BFSVisitor, const pycudaboost::bgl_named_params<P, T, R>&, typename pycudaboost::enable_if_c<pycudaboost::is_base_and_derived<pycudaboost::vertex_list_graph_tag, typename pycudaboost::graph_traits<Graph>::traversal_category>::value, void>::type*) [with VertexListGraph = pycudaboost::reverse_graph<pycudaboost::adjacency_list<pycudaboost::vecS, pycudaboost::vecS, pycudaboost::bidirectionalS, pycudaboost::no_property, pycudaboost::property<pycudaboost::edge_index_t, long unsigned int, pycudaboost::property<pycudaboost::{anonymous}::edge_cast_t, void* (*)(void*)> > > >; ColorMap = pycudaboost::two_bit_color_map<pycudaboost::vec_adj_list_vertex_id_map<pycudaboost::no_property, long unsigned int> >; BFSVisitor = pycudaboost::bfs_visitor<pycudaboost::distance_recorder<pycudaboost::iterator_property_map<__gnu_cxx::__normal_iterator<long unsigned int*, std::vector<long unsigned int> >, pycudaboost::vec_adj_list_vertex_id_map<pycudaboost::no_property, long unsigned int>, long unsigned int, long unsigned int&>, pycudaboost::on_tree_edge> >; P = pycudaboost::bfs_visitor<pycudaboost::distance_recorder<pycudaboost::iterator_property_map<__gnu_cxx::__normal_iterator<long unsigned int*, std::vector<long unsigned int> >, pycudaboost::vec_adj_list_vertex_id_map<pycudaboost::no_property, long unsigned int>, long unsigned int, long unsigned int&>, pycudaboost::on_tree_edge> >; T = pycudaboost::graph_visitor_t; R = pycudaboost::no_property; typename pycudaboost::graph_traits<Graph>::vertex_descriptor = long unsigned int; typename pycudaboost::enable_if_c<pycudaboost::is_base_and_derived<pycudaboost::vertex_list_graph_tag, typename pycudaboost::graph_traits<Graph>::traversal_category>::value, void>::type = void; typename pycudaboost::graph_traits<Graph>::traversal_category = pycudaboost::bidir_adj_list_traversal_tag]’
      bpl-subset/bpl_subset/boost/graph/breadth_first_search.hpp:312:11:   required from ‘static void pycudaboost::detail::bfs_dispatch<pycudaboost::param_not_found>::apply(VertexListGraph&, typename pycudaboost::graph_traits<Graph>::vertex_descriptor, const pycudaboost::bgl_named_params<T, Tag, Base>&, pycudaboost::param_not_found) [with VertexListGraph = pycudaboost::reverse_graph<pycudaboost::adjacency_list<pycudaboost::vecS, pycudaboost::vecS, pycudaboost::bidirectionalS, pycudaboost::no_property, pycudaboost::property<pycudaboost::edge_index_t, long unsigned int, pycudaboost::property<pycudaboost::{anonymous}::edge_cast_t, void* (*)(void*)> > > >; P = pycudaboost::bfs_visitor<pycudaboost::distance_recorder<pycudaboost::iterator_property_map<__gnu_cxx::__normal_iterator<long unsigned int*, std::vector<long unsigned int> >, pycudaboost::vec_adj_list_vertex_id_map<pycudaboost::no_property, long unsigned int>, long unsigned int, long unsigned int&>, pycudaboost::on_tree_edge> >; T = pycudaboost::graph_visitor_t; R = pycudaboost::no_property; typename pycudaboost::graph_traits<Graph>::vertex_descriptor = long unsigned int]’
      bpl-subset/bpl_subset/boost/graph/breadth_first_search.hpp:339:35:   required from ‘void pycudaboost::breadth_first_search(const VertexListGraph&, typename pycudaboost::graph_traits<Graph>::vertex_descriptor, const pycudaboost::bgl_named_params<T, Tag, Base>&) [with VertexListGraph = pycudaboost::reverse_graph<pycudaboost::adjacency_list<pycudaboost::vecS, pycudaboost::vecS, pycudaboost::bidirectionalS, pycudaboost::no_property, pycudaboost::property<pycudaboost::edge_index_t, long unsigned int, pycudaboost::property<pycudaboost::{anonymous}::edge_cast_t, void* (*)(void*)> > > >; P = pycudaboost::bfs_visitor<pycudaboost::distance_recorder<pycudaboost::iterator_property_map<__gnu_cxx::__normal_iterator<long unsigned int*, std::vector<long unsigned int> >, pycudaboost::vec_adj_list_vertex_id_map<pycudaboost::no_property, long unsigned int>, long unsigned int, long unsigned int&>, pycudaboost::on_tree_edge> >; T = pycudaboost::graph_visitor_t; R = pycudaboost::no_property; typename pycudaboost::graph_traits<Graph>::vertex_descriptor = long unsigned int]’
      bpl-subset/bpl_subset/libs/python/src/object/inheritance.cpp:107:35:   required from here
      bpl-subset/bpl_subset/boost/concept/detail/general.hpp:38:47: warning: ‘this’ pointer is null [-Wnonnull]
         38 |     static void failed() { ((Model*)0)->~Model(); }
            |                            ~~~~~~~~~~~~~~~~~~~^~
      In file included from bpl-subset/bpl_subset/boost/concept_check.hpp:32,
                       from bpl-subset/bpl_subset/boost/property_map/property_map.hpp:18,
                       from bpl-subset/bpl_subset/boost/graph/graph_concepts.hpp:17,
                       from bpl-subset/bpl_subset/boost/graph/breadth_first_search.hpp:21,
                       from bpl-subset/bpl_subset/libs/python/src/object/inheritance.cpp:7:
      bpl-subset/bpl_subset/boost/concept/usage.hpp:36:7: note: in a call to non-static member function ‘pycudaboost::EqualityComparable<TT>::~EqualityComparable() [with TT = long unsigned int]’
         36 |       ~model()
            |       ^
      bpl-subset/bpl_subset/boost/concept_check.hpp:236:5: note: in expansion of macro ‘BOOST_CONCEPT_USAGE’
        236 |     BOOST_CONCEPT_USAGE(EqualityComparable) {
            |     ^~~~~~~~~~~~~~~~~~~
      In file included from bpl-subset/bpl_subset/boost/concept/assert.hpp:36,
                       from bpl-subset/bpl_subset/boost/concept_check.hpp:20,
                       from bpl-subset/bpl_subset/boost/property_map/property_map.hpp:18,
                       from bpl-subset/bpl_subset/boost/graph/graph_concepts.hpp:17,
                       from bpl-subset/bpl_subset/boost/graph/breadth_first_search.hpp:21,
                       from bpl-subset/bpl_subset/libs/python/src/object/inheritance.cpp:7:
      bpl-subset/bpl_subset/boost/concept/detail/general.hpp: In instantiation of ‘static void pycudaboost::concepts::requirement<pycudaboost::concepts::failed************ Model::************>::failed() [with Model = pycudaboost::concepts::usage_requirements<pycudaboost::Assignable<long unsigned int> >]’:
      bpl-subset/bpl_subset/boost/concept_check.hpp:140:5:   required from ‘struct pycudaboost::Assignable<long unsigned int>’
      bpl-subset/bpl_subset/boost/concept/detail/has_constraints.hpp:32:62:   required by substitution of ‘template<class Model> pycudaboost::concepts::detail::yes pycudaboost::concepts::detail::has_constraints_(Model*, pycudaboost::concepts::detail::wrap_constraints<Model, (& Model::constraints)>*) [with Model = pycudaboost::Assignable<long unsigned int>]’
      bpl-subset/bpl_subset/boost/concept/detail/has_constraints.hpp:42:5:   required from ‘const bool pycudaboost::concepts::not_satisfied<pycudaboost::Assignable<long unsigned int> >::value’
      bpl-subset/bpl_subset/boost/concept/detail/has_constraints.hpp:45:31:   required from ‘struct pycudaboost::concepts::not_satisfied<pycudaboost::Assignable<long unsigned int> >’
      bpl-subset/bpl_subset/boost/mpl/if.hpp:63:11:   required from ‘struct pycudaboost::mpl::if_<pycudaboost::concepts::not_satisfied<pycudaboost::Assignable<long unsigned int> >, pycudaboost::concepts::constraint<pycudaboost::Assignable<long unsigned int> >, pycudaboost::concepts::requirement<pycudaboost::concepts::failed************ pycudaboost::Assignable<long unsigned int>::************> >’
      bpl-subset/bpl_subset/boost/concept/detail/general.hpp:50:8:   [ skipping 13 instantiation contexts, use -ftemplate-backtrace-limit=0 to disable ]
      bpl-subset/bpl_subset/boost/graph/breadth_first_search.hpp:125:24:   required from ‘void pycudaboost::breadth_first_search(const VertexListGraph&, SourceIterator, SourceIterator, Buffer&, BFSVisitor, ColorMap) [with VertexListGraph = pycudaboost::reverse_graph<pycudaboost::adjacency_list<pycudaboost::vecS, pycudaboost::vecS, pycudaboost::bidirectionalS, pycudaboost::no_property, pycudaboost::property<pycudaboost::edge_index_t, long unsigned int, pycudaboost::property<pycudaboost::{anonymous}::edge_cast_t, void* (*)(void*)> > > >; SourceIterator = long unsigned int*; Buffer = pycudaboost::queue<long unsigned int, std::deque<long unsigned int, std::allocator<long unsigned int> > >; BFSVisitor = pycudaboost::bfs_visitor<pycudaboost::distance_recorder<pycudaboost::iterator_property_map<__gnu_cxx::__normal_iterator<long unsigned int*, std::vector<long unsigned int> >, pycudaboost::vec_adj_list_vertex_id_map<pycudaboost::no_property, long unsigned int>, long unsigned int, long unsigned int&>, pycudaboost::on_tree_edge> >; ColorMap = pycudaboost::two_bit_color_map<pycudaboost::vec_adj_list_vertex_id_map<pycudaboost::no_property, long unsigned int> >]’
      bpl-subset/bpl_subset/boost/graph/breadth_first_search.hpp:136:25:   required from ‘void pycudaboost::breadth_first_search(const VertexListGraph&, typename pycudaboost::graph_traits<Graph>::vertex_descriptor, Buffer&, BFSVisitor, ColorMap) [with VertexListGraph = pycudaboost::reverse_graph<pycudaboost::adjacency_list<pycudaboost::vecS, pycudaboost::vecS, pycudaboost::bidirectionalS, pycudaboost::no_property, pycudaboost::property<pycudaboost::edge_index_t, long unsigned int, pycudaboost::property<pycudaboost::{anonymous}::edge_cast_t, void* (*)(void*)> > > >; Buffer = pycudaboost::queue<long unsigned int, std::deque<long unsigned int, std::allocator<long unsigned int> > >; BFSVisitor = pycudaboost::bfs_visitor<pycudaboost::distance_recorder<pycudaboost::iterator_property_map<__gnu_cxx::__normal_iterator<long unsigned int*, std::vector<long unsigned int> >, pycudaboost::vec_adj_list_vertex_id_map<pycudaboost::no_property, long unsigned int>, long unsigned int, long unsigned int&>, pycudaboost::on_tree_edge> >; ColorMap = pycudaboost::two_bit_color_map<pycudaboost::vec_adj_list_vertex_id_map<pycudaboost::no_property, long unsigned int> >; typename pycudaboost::graph_traits<Graph>::vertex_descriptor = long unsigned int]’
      bpl-subset/bpl_subset/boost/graph/breadth_first_search.hpp:260:9:   required from ‘void pycudaboost::detail::bfs_helper(VertexListGraph&, typename pycudaboost::graph_traits<Graph>::vertex_descriptor, ColorMap, BFSVisitor, const pycudaboost::bgl_named_params<P, T, R>&, typename pycudaboost::enable_if_c<pycudaboost::is_base_and_derived<pycudaboost::vertex_list_graph_tag, typename pycudaboost::graph_traits<Graph>::traversal_category>::value, void>::type*) [with VertexListGraph = pycudaboost::reverse_graph<pycudaboost::adjacency_list<pycudaboost::vecS, pycudaboost::vecS, pycudaboost::bidirectionalS, pycudaboost::no_property, pycudaboost::property<pycudaboost::edge_index_t, long unsigned int, pycudaboost::property<pycudaboost::{anonymous}::edge_cast_t, void* (*)(void*)> > > >; ColorMap = pycudaboost::two_bit_color_map<pycudaboost::vec_adj_list_vertex_id_map<pycudaboost::no_property, long unsigned int> >; BFSVisitor = pycudaboost::bfs_visitor<pycudaboost::distance_recorder<pycudaboost::iterator_property_map<__gnu_cxx::__normal_iterator<long unsigned int*, std::vector<long unsigned int> >, pycudaboost::vec_adj_list_vertex_id_map<pycudaboost::no_property, long unsigned int>, long unsigned int, long unsigned int&>, pycudaboost::on_tree_edge> >; P = pycudaboost::bfs_visitor<pycudaboost::distance_recorder<pycudaboost::iterator_property_map<__gnu_cxx::__normal_iterator<long unsigned int*, std::vector<long unsigned int> >, pycudaboost::vec_adj_list_vertex_id_map<pycudaboost::no_property, long unsigned int>, long unsigned int, long unsigned int&>, pycudaboost::on_tree_edge> >; T = pycudaboost::graph_visitor_t; R = pycudaboost::no_property; typename pycudaboost::graph_traits<Graph>::vertex_descriptor = long unsigned int; typename pycudaboost::enable_if_c<pycudaboost::is_base_and_derived<pycudaboost::vertex_list_graph_tag, typename pycudaboost::graph_traits<Graph>::traversal_category>::value, void>::type = void; typename pycudaboost::graph_traits<Graph>::traversal_category = pycudaboost::bidir_adj_list_traversal_tag]’
      bpl-subset/bpl_subset/boost/graph/breadth_first_search.hpp:312:11:   required from ‘static void pycudaboost::detail::bfs_dispatch<pycudaboost::param_not_found>::apply(VertexListGraph&, typename pycudaboost::graph_traits<Graph>::vertex_descriptor, const pycudaboost::bgl_named_params<T, Tag, Base>&, pycudaboost::param_not_found) [with VertexListGraph = pycudaboost::reverse_graph<pycudaboost::adjacency_list<pycudaboost::vecS, pycudaboost::vecS, pycudaboost::bidirectionalS, pycudaboost::no_property, pycudaboost::property<pycudaboost::edge_index_t, long unsigned int, pycudaboost::property<pycudaboost::{anonymous}::edge_cast_t, void* (*)(void*)> > > >; P = pycudaboost::bfs_visitor<pycudaboost::distance_recorder<pycudaboost::iterator_property_map<__gnu_cxx::__normal_iterator<long unsigned int*, std::vector<long unsigned int> >, pycudaboost::vec_adj_list_vertex_id_map<pycudaboost::no_property, long unsigned int>, long unsigned int, long unsigned int&>, pycudaboost::on_tree_edge> >; T = pycudaboost::graph_visitor_t; R = pycudaboost::no_property; typename pycudaboost::graph_traits<Graph>::vertex_descriptor = long unsigned int]’
      bpl-subset/bpl_subset/boost/graph/breadth_first_search.hpp:339:35:   required from ‘void pycudaboost::breadth_first_search(const VertexListGraph&, typename pycudaboost::graph_traits<Graph>::vertex_descriptor, const pycudaboost::bgl_named_params<T, Tag, Base>&) [with VertexListGraph = pycudaboost::reverse_graph<pycudaboost::adjacency_list<pycudaboost::vecS, pycudaboost::vecS, pycudaboost::bidirectionalS, pycudaboost::no_property, pycudaboost::property<pycudaboost::edge_index_t, long unsigned int, pycudaboost::property<pycudaboost::{anonymous}::edge_cast_t, void* (*)(void*)> > > >; P = pycudaboost::bfs_visitor<pycudaboost::distance_recorder<pycudaboost::iterator_property_map<__gnu_cxx::__normal_iterator<long unsigned int*, std::vector<long unsigned int> >, pycudaboost::vec_adj_list_vertex_id_map<pycudaboost::no_property, long unsigned int>, long unsigned int, long unsigned int&>, pycudaboost::on_tree_edge> >; T = pycudaboost::graph_visitor_t; R = pycudaboost::no_property; typename pycudaboost::graph_traits<Graph>::vertex_descriptor = long unsigned int]’
      bpl-subset/bpl_subset/libs/python/src/object/inheritance.cpp:107:35:   required from here
      bpl-subset/bpl_subset/boost/concept/detail/general.hpp:38:47: warning: ‘this’ pointer is null [-Wnonnull]
         38 |     static void failed() { ((Model*)0)->~Model(); }
            |                            ~~~~~~~~~~~~~~~~~~~^~
      In file included from bpl-subset/bpl_subset/boost/concept_check.hpp:32,
                       from bpl-subset/bpl_subset/boost/property_map/property_map.hpp:18,
                       from bpl-subset/bpl_subset/boost/graph/graph_concepts.hpp:17,
                       from bpl-subset/bpl_subset/boost/graph/breadth_first_search.hpp:21,
                       from bpl-subset/bpl_subset/libs/python/src/object/inheritance.cpp:7:
      bpl-subset/bpl_subset/boost/concept/usage.hpp:22:5: note: in a call to non-static member function ‘pycudaboost::concepts::usage_requirements<Model>::~usage_requirements() [with Model = pycudaboost::Assignable<long unsigned int>]’
         22 |     ~usage_requirements() { ((Model*)0)->~Model(); }
            |     ^
      In file included from bpl-subset/bpl_subset/boost/concept/assert.hpp:36,
                       from bpl-subset/bpl_subset/boost/concept_check.hpp:20,
                       from bpl-subset/bpl_subset/boost/property_map/property_map.hpp:18,
                       from bpl-subset/bpl_subset/boost/graph/graph_concepts.hpp:17,
                       from bpl-subset/bpl_subset/boost/graph/breadth_first_search.hpp:21,
                       from bpl-subset/bpl_subset/libs/python/src/object/inheritance.cpp:7:
      bpl-subset/bpl_subset/boost/concept/detail/general.hpp: In instantiation of ‘static void pycudaboost::concepts::requirement<pycudaboost::concepts::failed************ Model::************>::failed() [with Model = pycudaboost::Assignable<long unsigned int>]’:
      bpl-subset/bpl_subset/boost/graph/graph_concepts.hpp:69:13:   required from ‘pycudaboost::concepts::Graph<G>::~Graph() [with G = pycudaboost::reverse_graph<pycudaboost::adjacency_list<pycudaboost::vecS, pycudaboost::vecS, pycudaboost::bidirectionalS, pycudaboost::no_property, pycudaboost::property<pycudaboost::edge_index_t, long unsigned int, pycudaboost::property<pycudaboost::{anonymous}::edge_cast_t, void* (*)(void*)> > > >]’
      bpl-subset/bpl_subset/boost/concept/usage.hpp:22:48:   required from ‘pycudaboost::concepts::usage_requirements<Model>::~usage_requirements() [with Model = pycudaboost::concepts::Graph<pycudaboost::reverse_graph<pycudaboost::adjacency_list<pycudaboost::vecS, pycudaboost::vecS, pycudaboost::bidirectionalS, pycudaboost::no_property, pycudaboost::property<pycudaboost::edge_index_t, long unsigned int, pycudaboost::property<pycudaboost::{anonymous}::edge_cast_t, void* (*)(void*)> > > > >]’
      bpl-subset/bpl_subset/boost/concept/detail/general.hpp:38:47:   required from ‘static void pycudaboost::concepts::requirement<pycudaboost::concepts::failed************ Model::************>::failed() [with Model = pycudaboost::concepts::usage_requirements<pycudaboost::concepts::Graph<pycudaboost::reverse_graph<pycudaboost::adjacency_list<pycudaboost::vecS, pycudaboost::vecS, pycudaboost::bidirectionalS, pycudaboost::no_property, pycudaboost::property<pycudaboost::edge_index_t, long unsigned int, pycudaboost::property<pycudaboost::{anonymous}::edge_cast_t, void* (*)(void*)> > > > > >]’
      bpl-subset/bpl_subset/boost/graph/graph_concepts.hpp:65:9:   required from ‘struct pycudaboost::concepts::Graph<pycudaboost::reverse_graph<pycudaboost::adjacency_list<pycudaboost::vecS, pycudaboost::vecS, pycudaboost::bidirectionalS, pycudaboost::no_property, pycudaboost::property<pycudaboost::edge_index_t, long unsigned int, pycudaboost::property<pycudaboost::{anonymous}::edge_cast_t, void* (*)(void*)> > > > >’
      bpl-subset/bpl_subset/boost/graph/graph_concepts.hpp:74:5:   required from ‘struct pycudaboost::concepts::IncidenceGraph<pycudaboost::reverse_graph<pycudaboost::adjacency_list<pycudaboost::vecS, pycudaboost::vecS, pycudaboost::bidirectionalS, pycudaboost::no_property, pycudaboost::property<pycudaboost::edge_index_t, long unsigned int, pycudaboost::property<pycudaboost::{anonymous}::edge_cast_t, void* (*)(void*)> > > > >’
      bpl-subset/bpl_subset/boost/graph/graph_concepts.hpp:74:5:   [ skipping 7 instantiation contexts, use -ftemplate-backtrace-limit=0 to disable ]
      bpl-subset/bpl_subset/boost/graph/breadth_first_search.hpp:125:24:   required from ‘void pycudaboost::breadth_first_search(const VertexListGraph&, SourceIterator, SourceIterator, Buffer&, BFSVisitor, ColorMap) [with VertexListGraph = pycudaboost::reverse_graph<pycudaboost::adjacency_list<pycudaboost::vecS, pycudaboost::vecS, pycudaboost::bidirectionalS, pycudaboost::no_property, pycudaboost::property<pycudaboost::edge_index_t, long unsigned int, pycudaboost::property<pycudaboost::{anonymous}::edge_cast_t, void* (*)(void*)> > > >; SourceIterator = long unsigned int*; Buffer = pycudaboost::queue<long unsigned int, std::deque<long unsigned int, std::allocator<long unsigned int> > >; BFSVisitor = pycudaboost::bfs_visitor<pycudaboost::distance_recorder<pycudaboost::iterator_property_map<__gnu_cxx::__normal_iterator<long unsigned int*, std::vector<long unsigned int> >, pycudaboost::vec_adj_list_vertex_id_map<pycudaboost::no_property, long unsigned int>, long unsigned int, long unsigned int&>, pycudaboost::on_tree_edge> >; ColorMap = pycudaboost::two_bit_color_map<pycudaboost::vec_adj_list_vertex_id_map<pycudaboost::no_property, long unsigned int> >]’
      bpl-subset/bpl_subset/boost/graph/breadth_first_search.hpp:136:25:   required from ‘void pycudaboost::breadth_first_search(const VertexListGraph&, typename pycudaboost::graph_traits<Graph>::vertex_descriptor, Buffer&, BFSVisitor, ColorMap) [with VertexListGraph = pycudaboost::reverse_graph<pycudaboost::adjacency_list<pycudaboost::vecS, pycudaboost::vecS, pycudaboost::bidirectionalS, pycudaboost::no_property, pycudaboost::property<pycudaboost::edge_index_t, long unsigned int, pycudaboost::property<pycudaboost::{anonymous}::edge_cast_t, void* (*)(void*)> > > >; Buffer = pycudaboost::queue<long unsigned int, std::deque<long unsigned int, std::allocator<long unsigned int> > >; BFSVisitor = pycudaboost::bfs_visitor<pycudaboost::distance_recorder<pycudaboost::iterator_property_map<__gnu_cxx::__normal_iterator<long unsigned int*, std::vector<long unsigned int> >, pycudaboost::vec_adj_list_vertex_id_map<pycudaboost::no_property, long unsigned int>, long unsigned int, long unsigned int&>, pycudaboost::on_tree_edge> >; ColorMap = pycudaboost::two_bit_color_map<pycudaboost::vec_adj_list_vertex_id_map<pycudaboost::no_property, long unsigned int> >; typename pycudaboost::graph_traits<Graph>::vertex_descriptor = long unsigned int]’
      bpl-subset/bpl_subset/boost/graph/breadth_first_search.hpp:260:9:   required from ‘void pycudaboost::detail::bfs_helper(VertexListGraph&, typename pycudaboost::graph_traits<Graph>::vertex_descriptor, ColorMap, BFSVisitor, const pycudaboost::bgl_named_params<P, T, R>&, typename pycudaboost::enable_if_c<pycudaboost::is_base_and_derived<pycudaboost::vertex_list_graph_tag, typename pycudaboost::graph_traits<Graph>::traversal_category>::value, void>::type*) [with VertexListGraph = pycudaboost::reverse_graph<pycudaboost::adjacency_list<pycudaboost::vecS, pycudaboost::vecS, pycudaboost::bidirectionalS, pycudaboost::no_property, pycudaboost::property<pycudaboost::edge_index_t, long unsigned int, pycudaboost::property<pycudaboost::{anonymous}::edge_cast_t, void* (*)(void*)> > > >; ColorMap = pycudaboost::two_bit_color_map<pycudaboost::vec_adj_list_vertex_id_map<pycudaboost::no_property, long unsigned int> >; BFSVisitor = pycudaboost::bfs_visitor<pycudaboost::distance_recorder<pycudaboost::iterator_property_map<__gnu_cxx::__normal_iterator<long unsigned int*, std::vector<long unsigned int> >, pycudaboost::vec_adj_list_vertex_id_map<pycudaboost::no_property, long unsigned int>, long unsigned int, long unsigned int&>, pycudaboost::on_tree_edge> >; P = pycudaboost::bfs_visitor<pycudaboost::distance_recorder<pycudaboost::iterator_property_map<__gnu_cxx::__normal_iterator<long unsigned int*, std::vector<long unsigned int> >, pycudaboost::vec_adj_list_vertex_id_map<pycudaboost::no_property, long unsigned int>, long unsigned int, long unsigned int&>, pycudaboost::on_tree_edge> >; T = pycudaboost::graph_visitor_t; R = pycudaboost::no_property; typename pycudaboost::graph_traits<Graph>::vertex_descriptor = long unsigned int; typename pycudaboost::enable_if_c<pycudaboost::is_base_and_derived<pycudaboost::vertex_list_graph_tag, typename pycudaboost::graph_traits<Graph>::traversal_category>::value, void>::type = void; typename pycudaboost::graph_traits<Graph>::traversal_category = pycudaboost::bidir_adj_list_traversal_tag]’
      bpl-subset/bpl_subset/boost/graph/breadth_first_search.hpp:312:11:   required from ‘static void pycudaboost::detail::bfs_dispatch<pycudaboost::param_not_found>::apply(VertexListGraph&, typename pycudaboost::graph_traits<Graph>::vertex_descriptor, const pycudaboost::bgl_named_params<T, Tag, Base>&, pycudaboost::param_not_found) [with VertexListGraph = pycudaboost::reverse_graph<pycudaboost::adjacency_list<pycudaboost::vecS, pycudaboost::vecS, pycudaboost::bidirectionalS, pycudaboost::no_property, pycudaboost::property<pycudaboost::edge_index_t, long unsigned int, pycudaboost::property<pycudaboost::{anonymous}::edge_cast_t, void* (*)(void*)> > > >; P = pycudaboost::bfs_visitor<pycudaboost::distance_recorder<pycudaboost::iterator_property_map<__gnu_cxx::__normal_iterator<long unsigned int*, std::vector<long unsigned int> >, pycudaboost::vec_adj_list_vertex_id_map<pycudaboost::no_property, long unsigned int>, long unsigned int, long unsigned int&>, pycudaboost::on_tree_edge> >; T = pycudaboost::graph_visitor_t; R = pycudaboost::no_property; typename pycudaboost::graph_traits<Graph>::vertex_descriptor = long unsigned int]’
      bpl-subset/bpl_subset/boost/graph/breadth_first_search.hpp:339:35:   required from ‘void pycudaboost::breadth_first_search(const VertexListGraph&, typename pycudaboost::graph_traits<Graph>::vertex_descriptor, const pycudaboost::bgl_named_params<T, Tag, Base>&) [with VertexListGraph = pycudaboost::reverse_graph<pycudaboost::adjacency_list<pycudaboost::vecS, pycudaboost::vecS, pycudaboost::bidirectionalS, pycudaboost::no_property, pycudaboost::property<pycudaboost::edge_index_t, long unsigned int, pycudaboost::property<pycudaboost::{anonymous}::edge_cast_t, void* (*)(void*)> > > >; P = pycudaboost::bfs_visitor<pycudaboost::distance_recorder<pycudaboost::iterator_property_map<__gnu_cxx::__normal_iterator<long unsigned int*, std::vector<long unsigned int> >, pycudaboost::vec_adj_list_vertex_id_map<pycudaboost::no_property, long unsigned int>, long unsigned int, long unsigned int&>, pycudaboost::on_tree_edge> >; T = pycudaboost::graph_visitor_t; R = pycudaboost::no_property; typename pycudaboost::graph_traits<Graph>::vertex_descriptor = long unsigned int]’
      bpl-subset/bpl_subset/libs/python/src/object/inheritance.cpp:107:35:   required from here
      bpl-subset/bpl_subset/boost/concept/detail/general.hpp:38:47: warning: ‘this’ pointer is null [-Wnonnull]
         38 |     static void failed() { ((Model*)0)->~Model(); }
            |                            ~~~~~~~~~~~~~~~~~~~^~
      In file included from bpl-subset/bpl_subset/boost/concept_check.hpp:32,
                       from bpl-subset/bpl_subset/boost/property_map/property_map.hpp:18,
                       from bpl-subset/bpl_subset/boost/graph/graph_concepts.hpp:17,
                       from bpl-subset/bpl_subset/boost/graph/breadth_first_search.hpp:21,
                       from bpl-subset/bpl_subset/libs/python/src/object/inheritance.cpp:7:
      bpl-subset/bpl_subset/boost/concept/usage.hpp:36:7: note: in a call to non-static member function ‘pycudaboost::Assignable<TT>::~Assignable() [with TT = long unsigned int]’
         36 |       ~model()
            |       ^
      bpl-subset/bpl_subset/boost/concept_check.hpp:140:5: note: in expansion of macro ‘BOOST_CONCEPT_USAGE’
        140 |     BOOST_CONCEPT_USAGE(Assignable) {
            |     ^~~~~~~~~~~~~~~~~~~
      bpl-subset/bpl_subset/boost/concept/usage.hpp: In instantiation of ‘pycudaboost::concepts::usage_requirements<Model>::~usage_requirements() [with Model = pycudaboost::concepts::MultiPassInputIterator<pycudaboost::transform_iterator<pycudaboost::detail::reverse_graph_edge_descriptor_maker<pycudaboost::detail::edge_desc_impl<pycudaboost::bidirectional_tag, long unsigned int> >, pycudaboost::detail::in_edge_iter<__gnu_cxx::__normal_iterator<pycudaboost::detail::stored_edge_iter<long unsigned int, std::_List_iterator<pycudaboost::list_edge<long unsigned int, pycudaboost::property<pycudaboost::edge_index_t, long unsigned int, pycudaboost::property<pycudaboost::{anonymous}::edge_cast_t, void* (*)(void*)> > > >, pycudaboost::property<pycudaboost::edge_index_t, long unsigned int, pycudaboost::property<pycudaboost::{anonymous}::edge_cast_t, void* (*)(void*)> > >*, std::vector<pycudaboost::detail::stored_edge_iter<long unsigned int, std::_List_iterator<pycudaboost::list_edge<long unsigned int, pycudaboost::property<pycudaboost::edge_index_t, long unsigned int, pycudaboost::property<pycudaboost::{anonymous}::edge_cast_t, void* (*)(void*)> > > >, pycudaboost::property<pycudaboost::edge_index_t, long unsigned int, pycudaboost::property<pycudaboost::{anonymous}::edge_cast_t, void* (*)(void*)> > >, std::allocator<pycudaboost::detail::stored_edge_iter<long unsigned int, std::_List_iterator<pycudaboost::list_edge<long unsigned int, pycudaboost::property<pycudaboost::edge_index_t, long unsigned int, pycudaboost::property<pycudaboost::{anonymous}::edge_cast_t, void* (*)(void*)> > > >, pycudaboost::property<pycudaboost::edge_index_t, long unsigned int, pycudaboost::property<pycudaboost::{anonymous}::edge_cast_t, void* (*)(void*)> > > > > >, long unsigned int, pycudaboost::detail::edge_desc_impl<pycudaboost::bidirectional_tag, long unsigned int>, long int>, pycudaboost::use_default, pycudaboost::use_default> >]’:
      bpl-subset/bpl_subset/boost/concept/detail/general.hpp:38:47:   required from ‘static void pycudaboost::concepts::requirement<pycudaboost::concepts::failed************ Model::************>::failed() [with Model = pycudaboost::concepts::usage_requirements<pycudaboost::concepts::MultiPassInputIterator<pycudaboost::transform_iterator<pycudaboost::detail::reverse_graph_edge_descriptor_maker<pycudaboost::detail::edge_desc_impl<pycudaboost::bidirectional_tag, long unsigned int> >, pycudaboost::detail::in_edge_iter<__gnu_cxx::__normal_iterator<pycudaboost::detail::stored_edge_iter<long unsigned int, std::_List_iterator<pycudaboost::list_edge<long unsigned int, pycudaboost::property<pycudaboost::edge_index_t, long unsigned int, pycudaboost::property<pycudaboost::{anonymous}::edge_cast_t, void* (*)(void*)> > > >, pycudaboost::property<pycudaboost::edge_index_t, long unsigned int, pycudaboost::property<pycudaboost::{anonymous}::edge_cast_t, void* (*)(void*)> > >*, std::vector<pycudaboost::detail::stored_edge_iter<long unsigned int, std::_List_iterator<pycudaboost::list_edge<long unsigned int, pycudaboost::property<pycudaboost::edge_index_t, long unsigned int, pycudaboost::property<pycudaboost::{anonymous}::edge_cast_t, void* (*)(void*)> > > >, pycudaboost::property<pycudaboost::edge_index_t, long unsigned int, pycudaboost::property<pycudaboost::{anonymous}::edge_cast_t, void* (*)(void*)> > >, std::allocator<pycudaboost::detail::stored_edge_iter<long unsigned int, std::_List_iterator<pycudaboost::list_edge<long unsigned int, pycudaboost::property<pycudaboost::edge_index_t, long unsigned int, pycudaboost::property<pycudaboost::{anonymous}::edge_cast_t, void* (*)(void*)> > > >, pycudaboost::property<pycudaboost::edge_index_t, long unsigned int, pycudaboost::property<pycudaboost::{anonymous}::edge_cast_t, void* (*)(void*)> > > > > >, long unsigned int, pycudaboost::detail::edge_desc_impl<pycudaboost::bidirectional_tag, long unsigned int>, long int>, pycudaboost::use_default, pycudaboost::use_default> > >]’
      bpl-subset/bpl_subset/boost/graph/graph_concepts.hpp:50:9:   required from ‘struct pycudaboost::concepts::MultiPassInputIterator<pycudaboost::transform_iterator<pycudaboost::detail::reverse_graph_edge_descriptor_maker<pycudaboost::detail::edge_desc_impl<pycudaboost::bidirectional_tag, long unsigned int> >, pycudaboost::detail::in_edge_iter<__gnu_cxx::__normal_iterator<pycudaboost::detail::stored_edge_iter<long unsigned int, std::_List_iterator<pycudaboost::list_edge<long unsigned int, pycudaboost::property<pycudaboost::edge_index_t, long unsigned int, pycudaboost::property<pycudaboost::{anonymous}::edge_cast_t, void* (*)(void*)> > > >, pycudaboost::property<pycudaboost::edge_index_t, long unsigned int, pycudaboost::property<pycudaboost::{anonymous}::edge_cast_t, void* (*)(void*)> > >*, std::vector<pycudaboost::detail::stored_edge_iter<long unsigned int, std::_List_iterator<pycudaboost::list_edge<long unsigned int, pycudaboost::property<pycudaboost::edge_index_t, long unsigned int, pycudaboost::property<pycudaboost::{anonymous}::edge_cast_t, void* (*)(void*)> > > >, pycudaboost::property<pycudaboost::edge_index_t, long unsigned int, pycudaboost::property<pycudaboost::{anonymous}::edge_cast_t, void* (*)(void*)> > >, std::allocator<pycudaboost::detail::stored_edge_iter<long unsigned int, std::_List_iterator<pycudaboost::list_edge<long unsigned int, pycudaboost::property<pycudaboost::edge_index_t, long unsigned int, pycudaboost::property<pycudaboost::{anonymous}::edge_cast_t, void* (*)(void*)> > > >, pycudaboost::property<pycudaboost::edge_index_t, long unsigned int, pycudaboost::property<pycudaboost::{anonymous}::edge_cast_t, void* (*)(void*)> > > > > >, long unsigned int, pycudaboost::detail::edge_desc_impl<pycudaboost::bidirectional_tag, long unsigned int>, long int>, pycudaboost::use_default, pycudaboost::use_default> >’
      bpl-subset/bpl_subset/boost/concept/detail/has_constraints.hpp:32:62:   required by substitution of ‘template<class Model> pycudaboost::concepts::detail::yes pycudaboost::concepts::detail::has_constraints_(Model*, pycudaboost::concepts::detail::wrap_constraints<Model, (& Model::constraints)>*) [with Model = pycudaboost::concepts::MultiPassInputIterator<pycudaboost::transform_iterator<pycudaboost::detail::reverse_graph_edge_descriptor_maker<pycudaboost::detail::edge_desc_impl<pycudaboost::bidirectional_tag, long unsigned int> >, pycudaboost::detail::in_edge_iter<__gnu_cxx::__normal_iterator<pycudaboost::detail::stored_edge_iter<long unsigned int, std::_List_iterator<pycudaboost::list_edge<long unsigned int, pycudaboost::property<pycudaboost::edge_index_t, long unsigned int, pycudaboost::property<pycudaboost::{anonymous}::edge_cast_t, void* (*)(void*)> > > >, pycudaboost::property<pycudaboost::edge_index_t, long unsigned int, pycudaboost::property<pycudaboost::{anonymous}::edge_cast_t, void* (*)(void*)> > >*, std::vector<pycudaboost::detail::stored_edge_iter<long unsigned int, std::_List_iterator<pycudaboost::list_edge<long unsigned int, pycudaboost::property<pycudaboost::edge_index_t, long unsigned int, pycudaboost::property<pycudaboost::{anonymous}::edge_cast_t, void* (*)(void*)> > > >, pycudaboost::property<pycudaboost::edge_index_t, long unsigned int, pycudaboost::property<pycudaboost::{anonymous}::edge_cast_t, void* (*)(void*)> > >, std::allocator<pycudaboost::detail::stored_edge_iter<long unsigned int, std::_List_iterator<pycudaboost::list_edge<long unsigned int, pycudaboost::property<pycudaboost::edge_index_t, long unsigned int, pycudaboost::property<pycudaboost::{anonymous}::edge_cast_t, void* (*)(void*)> > > >, pycudaboost::property<pycudaboost::edge_index_t, long unsigned int, pycudaboost::property<pycudaboost::{anonymous}::edge_cast_t, void* (*)(void*)> > > > > >, long unsigned int, pycudaboost::detail::edge_desc_impl<pycudaboost::bidirectional_tag, long unsigned int>, long int>, pycudaboost::use_default, pycudaboost::use_default> >]’
      bpl-subset/bpl_subset/boost/concept/detail/has_constraints.hpp:42:5:   required from ‘const bool pycudaboost::concepts::not_satisfied<pycudaboost::concepts::MultiPassInputIterator<pycudaboost::transform_iterator<pycudaboost::detail::reverse_graph_edge_descriptor_maker<pycudaboost::detail::edge_desc_impl<pycudaboost::bidirectional_tag, long unsigned int> >, pycudaboost::detail::in_edge_iter<__gnu_cxx::__normal_iterator<pycudaboost::detail::stored_edge_iter<long unsigned int, std::_List_iterator<pycudaboost::list_edge<long unsigned int, pycudaboost::property<pycudaboost::edge_index_t, long unsigned int, pycudaboost::property<pycudaboost::{anonymous}::edge_cast_t, void* (*)(void*)> > > >, pycudaboost::property<pycudaboost::edge_index_t, long unsigned int, pycudaboost::property<pycudaboost::{anonymous}::edge_cast_t, void* (*)(void*)> > >*, std::vector<pycudaboost::detail::stored_edge_iter<long unsigned int, std::_List_iterator<pycudaboost::list_edge<long unsigned int, pycudaboost::property<pycudaboost::edge_index_t, long unsigned int, pycudaboost::property<pycudaboost::{anonymous}::edge_cast_t, void* (*)(void*)> > > >, pycudaboost::property<pycudaboost::edge_index_t, long unsigned int, pycudaboost::property<pycudaboost::{anonymous}::edge_cast_t, void* (*)(void*)> > >, std::allocator<pycudaboost::detail::stored_edge_iter<long unsigned int, std::_List_iterator<pycudaboost::list_edge<long unsigned int, pycudaboost::property<pycudaboost::edge_index_t, long unsigned int, pycudaboost::property<pycudaboost::{anonymous}::edge_cast_t, void* (*)(void*)> > > >, pycudaboost::property<pycudaboost::edge_index_t, long unsigned int, pycudaboost::property<pycudaboost::{anonymous}::edge_cast_t, void* (*)(void*)> > > > > >, long unsigned int, pycudaboost::detail::edge_desc_impl<pycudaboost::bidirectional_tag, long unsigned int>, long int>, pycudaboost::use_default, pycudaboost::use_default> > >::value’
      bpl-subset/bpl_subset/boost/concept/detail/has_constraints.hpp:45:31:   required from ‘struct pycudaboost::concepts::not_satisfied<pycudaboost::concepts::MultiPassInputIterator<pycudaboost::transform_iterator<pycudaboost::detail::reverse_graph_edge_descriptor_maker<pycudaboost::detail::edge_desc_impl<pycudaboost::bidirectional_tag, long unsigned int> >, pycudaboost::detail::in_edge_iter<__gnu_cxx::__normal_iterator<pycudaboost::detail::stored_edge_iter<long unsigned int, std::_List_iterator<pycudaboost::list_edge<long unsigned int, pycudaboost::property<pycudaboost::edge_index_t, long unsigned int, pycudaboost::property<pycudaboost::{anonymous}::edge_cast_t, void* (*)(void*)> > > >, pycudaboost::property<pycudaboost::edge_index_t, long unsigned int, pycudaboost::property<pycudaboost::{anonymous}::edge_cast_t, void* (*)(void*)> > >*, std::vector<pycudaboost::detail::stored_edge_iter<long unsigned int, std::_List_iterator<pycudaboost::list_edge<long unsigned int, pycudaboost::property<pycudaboost::edge_index_t, long unsigned int, pycudaboost::property<pycudaboost::{anonymous}::edge_cast_t, void* (*)(void*)> > > >, pycudaboost::property<pycudaboost::edge_index_t, long unsigned int, pycudaboost::property<pycudaboost::{anonymous}::edge_cast_t, void* (*)(void*)> > >, std::allocator<pycudaboost::detail::stored_edge_iter<long unsigned int, std::_List_iterator<pycudaboost::list_edge<long unsigned int, pycudaboost::property<pycudaboost::edge_index_t, long unsigned int, pycudaboost::property<pycudaboost::{anonymous}::edge_cast_t, void* (*)(void*)> > > >, pycudaboost::property<pycudaboost::edge_index_t, long unsigned int, pycudaboost::property<pycudaboost::{anonymous}::edge_cast_t, void* (*)(void*)> > > > > >, long unsigned int, pycudaboost::detail::edge_desc_impl<pycudaboost::bidirectional_tag, long unsigned int>, long int>, pycudaboost::use_default, pycudaboost::use_default> > >’
      bpl-subset/bpl_subset/boost/mpl/if.hpp:63:11:   [ skipping 5 instantiation contexts, use -ftemplate-backtrace-limit=0 to disable ]
      bpl-subset/bpl_subset/boost/graph/breadth_first_search.hpp:125:24:   required from ‘void pycudaboost::breadth_first_search(const VertexListGraph&, SourceIterator, SourceIterator, Buffer&, BFSVisitor, ColorMap) [with VertexListGraph = pycudaboost::reverse_graph<pycudaboost::adjacency_list<pycudaboost::vecS, pycudaboost::vecS, pycudaboost::bidirectionalS, pycudaboost::no_property, pycudaboost::property<pycudaboost::edge_index_t, long unsigned int, pycudaboost::property<pycudaboost::{anonymous}::edge_cast_t, void* (*)(void*)> > > >; SourceIterator = long unsigned int*; Buffer = pycudaboost::queue<long unsigned int, std::deque<long unsigned int, std::allocator<long unsigned int> > >; BFSVisitor = pycudaboost::bfs_visitor<pycudaboost::distance_recorder<pycudaboost::iterator_property_map<__gnu_cxx::__normal_iterator<long unsigned int*, std::vector<long unsigned int> >, pycudaboost::vec_adj_list_vertex_id_map<pycudaboost::no_property, long unsigned int>, long unsigned int, long unsigned int&>, pycudaboost::on_tree_edge> >; ColorMap = pycudaboost::two_bit_color_map<pycudaboost::vec_adj_list_vertex_id_map<pycudaboost::no_property, long unsigned int> >]’
      bpl-subset/bpl_subset/boost/graph/breadth_first_search.hpp:136:25:   required from ‘void pycudaboost::breadth_first_search(const VertexListGraph&, typename pycudaboost::graph_traits<Graph>::vertex_descriptor, Buffer&, BFSVisitor, ColorMap) [with VertexListGraph = pycudaboost::reverse_graph<pycudaboost::adjacency_list<pycudaboost::vecS, pycudaboost::vecS, pycudaboost::bidirectionalS, pycudaboost::no_property, pycudaboost::property<pycudaboost::edge_index_t, long unsigned int, pycudaboost::property<pycudaboost::{anonymous}::edge_cast_t, void* (*)(void*)> > > >; Buffer = pycudaboost::queue<long unsigned int, std::deque<long unsigned int, std::allocator<long unsigned int> > >; BFSVisitor = pycudaboost::bfs_visitor<pycudaboost::distance_recorder<pycudaboost::iterator_property_map<__gnu_cxx::__normal_iterator<long unsigned int*, std::vector<long unsigned int> >, pycudaboost::vec_adj_list_vertex_id_map<pycudaboost::no_property, long unsigned int>, long unsigned int, long unsigned int&>, pycudaboost::on_tree_edge> >; ColorMap = pycudaboost::two_bit_color_map<pycudaboost::vec_adj_list_vertex_id_map<pycudaboost::no_property, long unsigned int> >; typename pycudaboost::graph_traits<Graph>::vertex_descriptor = long unsigned int]’
      bpl-subset/bpl_subset/boost/graph/breadth_first_search.hpp:260:9:   required from ‘void pycudaboost::detail::bfs_helper(VertexListGraph&, typename pycudaboost::graph_traits<Graph>::vertex_descriptor, ColorMap, BFSVisitor, const pycudaboost::bgl_named_params<P, T, R>&, typename pycudaboost::enable_if_c<pycudaboost::is_base_and_derived<pycudaboost::vertex_list_graph_tag, typename pycudaboost::graph_traits<Graph>::traversal_category>::value, void>::type*) [with VertexListGraph = pycudaboost::reverse_graph<pycudaboost::adjacency_list<pycudaboost::vecS, pycudaboost::vecS, pycudaboost::bidirectionalS, pycudaboost::no_property, pycudaboost::property<pycudaboost::edge_index_t, long unsigned int, pycudaboost::property<pycudaboost::{anonymous}::edge_cast_t, void* (*)(void*)> > > >; ColorMap = pycudaboost::two_bit_color_map<pycudaboost::vec_adj_list_vertex_id_map<pycudaboost::no_property, long unsigned int> >; BFSVisitor = pycudaboost::bfs_visitor<pycudaboost::distance_recorder<pycudaboost::iterator_property_map<__gnu_cxx::__normal_iterator<long unsigned int*, std::vector<long unsigned int> >, pycudaboost::vec_adj_list_vertex_id_map<pycudaboost::no_property, long unsigned int>, long unsigned int, long unsigned int&>, pycudaboost::on_tree_edge> >; P = pycudaboost::bfs_visitor<pycudaboost::distance_recorder<pycudaboost::iterator_property_map<__gnu_cxx::__normal_iterator<long unsigned int*, std::vector<long unsigned int> >, pycudaboost::vec_adj_list_vertex_id_map<pycudaboost::no_property, long unsigned int>, long unsigned int, long unsigned int&>, pycudaboost::on_tree_edge> >; T = pycudaboost::graph_visitor_t; R = pycudaboost::no_property; typename pycudaboost::graph_traits<Graph>::vertex_descriptor = long unsigned int; typename pycudaboost::enable_if_c<pycudaboost::is_base_and_derived<pycudaboost::vertex_list_graph_tag, typename pycudaboost::graph_traits<Graph>::traversal_category>::value, void>::type = void; typename pycudaboost::graph_traits<Graph>::traversal_category = pycudaboost::bidir_adj_list_traversal_tag]’
      bpl-subset/bpl_subset/boost/graph/breadth_first_search.hpp:312:11:   required from ‘static void pycudaboost::detail::bfs_dispatch<pycudaboost::param_not_found>::apply(VertexListGraph&, typename pycudaboost::graph_traits<Graph>::vertex_descriptor, const pycudaboost::bgl_named_params<T, Tag, Base>&, pycudaboost::param_not_found) [with VertexListGraph = pycudaboost::reverse_graph<pycudaboost::adjacency_list<pycudaboost::vecS, pycudaboost::vecS, pycudaboost::bidirectionalS, pycudaboost::no_property, pycudaboost::property<pycudaboost::edge_index_t, long unsigned int, pycudaboost::property<pycudaboost::{anonymous}::edge_cast_t, void* (*)(void*)> > > >; P = pycudaboost::bfs_visitor<pycudaboost::distance_recorder<pycudaboost::iterator_property_map<__gnu_cxx::__normal_iterator<long unsigned int*, std::vector<long unsigned int> >, pycudaboost::vec_adj_list_vertex_id_map<pycudaboost::no_property, long unsigned int>, long unsigned int, long unsigned int&>, pycudaboost::on_tree_edge> >; T = pycudaboost::graph_visitor_t; R = pycudaboost::no_property; typename pycudaboost::graph_traits<Graph>::vertex_descriptor = long unsigned int]’
      bpl-subset/bpl_subset/boost/graph/breadth_first_search.hpp:339:35:   required from ‘void pycudaboost::breadth_first_search(const VertexListGraph&, typename pycudaboost::graph_traits<Graph>::vertex_descriptor, const pycudaboost::bgl_named_params<T, Tag, Base>&) [with VertexListGraph = pycudaboost::reverse_graph<pycudaboost::adjacency_list<pycudaboost::vecS, pycudaboost::vecS, pycudaboost::bidirectionalS, pycudaboost::no_property, pycudaboost::property<pycudaboost::edge_index_t, long unsigned int, pycudaboost::property<pycudaboost::{anonymous}::edge_cast_t, void* (*)(void*)> > > >; P = pycudaboost::bfs_visitor<pycudaboost::distance_recorder<pycudaboost::iterator_property_map<__gnu_cxx::__normal_iterator<long unsigned int*, std::vector<long unsigned int> >, pycudaboost::vec_adj_list_vertex_id_map<pycudaboost::no_property, long unsigned int>, long unsigned int, long unsigned int&>, pycudaboost::on_tree_edge> >; T = pycudaboost::graph_visitor_t; R = pycudaboost::no_property; typename pycudaboost::graph_traits<Graph>::vertex_descriptor = long unsigned int]’
      bpl-subset/bpl_subset/libs/python/src/object/inheritance.cpp:107:35:   required from here
      bpl-subset/bpl_subset/boost/concept/usage.hpp:22:48: warning: ‘this’ pointer is null [-Wnonnull]
         22 |     ~usage_requirements() { ((Model*)0)->~Model(); }
            |                             ~~~~~~~~~~~~~~~~~~~^~
      bpl-subset/bpl_subset/boost/concept/usage.hpp:36:7: note: in a call to non-static member function ‘pycudaboost::concepts::MultiPassInputIterator<T>::~MultiPassInputIterator() [with T = pycudaboost::transform_iterator<pycudaboost::detail::reverse_graph_edge_descriptor_maker<pycudaboost::detail::edge_desc_impl<pycudaboost::bidirectional_tag, long unsigned int> >, pycudaboost::detail::in_edge_iter<__gnu_cxx::__normal_iterator<pycudaboost::detail::stored_edge_iter<long unsigned int, std::_List_iterator<pycudaboost::list_edge<long unsigned int, pycudaboost::property<pycudaboost::edge_index_t, long unsigned int, pycudaboost::property<pycudaboost::{anonymous}::edge_cast_t, void* (*)(void*)> > > >, pycudaboost::property<pycudaboost::edge_index_t, long unsigned int, pycudaboost::property<pycudaboost::{anonymous}::edge_cast_t, void* (*)(void*)> > >*, std::vector<pycudaboost::detail::stored_edge_iter<long unsigned int, std::_List_iterator<pycudaboost::list_edge<long unsigned int, pycudaboost::property<pycudaboost::edge_index_t, long unsigned int, pycudaboost::property<pycudaboost::{anonymous}::edge_cast_t, void* (*)(void*)> > > >, pycudaboost::property<pycudaboost::edge_index_t, long unsigned int, pycudaboost::property<pycudaboost::{anonymous}::edge_cast_t, void* (*)(void*)> > >, std::allocator<pycudaboost::detail::stored_edge_iter<long unsigned int, std::_List_iterator<pycudaboost::list_edge<long unsigned int, pycudaboost::property<pycudaboost::edge_index_t, long unsigned int, pycudaboost::property<pycudaboost::{anonymous}::edge_cast_t, void* (*)(void*)> > > >, pycudaboost::property<pycudaboost::edge_index_t, long unsigned int, pycudaboost::property<pycudaboost::{anonymous}::edge_cast_t, void* (*)(void*)> > > > > >, long unsigned int, pycudaboost::detail::edge_desc_impl<pycudaboost::bidirectional_tag, long unsigned int>, long int>, pycudaboost::use_default, pycudaboost::use_default>]’
         36 |       ~model()
            |       ^
      bpl-subset/bpl_subset/boost/graph/graph_concepts.hpp:50:9: note: in expansion of macro ‘BOOST_CONCEPT_USAGE’
         50 |         BOOST_CONCEPT_USAGE(MultiPassInputIterator) {
            |         ^~~~~~~~~~~~~~~~~~~
      bpl-subset/bpl_subset/boost/concept/usage.hpp: In instantiation of ‘pycudaboost::concepts::usage_requirements<Model>::~usage_requirements() [with Model = pycudaboost::DefaultConstructible<pycudaboost::detail::reverse_graph_edge_descriptor<pycudaboost::detail::edge_desc_impl<pycudaboost::bidirectional_tag, long unsigned int> > >]’:
      bpl-subset/bpl_subset/boost/concept/detail/general.hpp:38:47:   required from ‘static void pycudaboost::concepts::requirement<pycudaboost::concepts::failed************ Model::************>::failed() [with Model = pycudaboost::concepts::usage_requirements<pycudaboost::DefaultConstructible<pycudaboost::detail::reverse_graph_edge_descriptor<pycudaboost::detail::edge_desc_impl<pycudaboost::bidirectional_tag, long unsigned int> > > >]’
      bpl-subset/bpl_subset/boost/concept_check.hpp:132:5:   required from ‘struct pycudaboost::DefaultConstructible<pycudaboost::detail::reverse_graph_edge_descriptor<pycudaboost::detail::edge_desc_impl<pycudaboost::bidirectional_tag, long unsigned int> > >’
      bpl-subset/bpl_subset/boost/concept/detail/has_constraints.hpp:32:62:   required by substitution of ‘template<class Model> pycudaboost::concepts::detail::yes pycudaboost::concepts::detail::has_constraints_(Model*, pycudaboost::concepts::detail::wrap_constraints<Model, (& Model::constraints)>*) [with Model = pycudaboost::DefaultConstructible<pycudaboost::detail::reverse_graph_edge_descriptor<pycudaboost::detail::edge_desc_impl<pycudaboost::bidirectional_tag, long unsigned int> > >]’
      bpl-subset/bpl_subset/boost/concept/detail/has_constraints.hpp:42:5:   required from ‘const bool pycudaboost::concepts::not_satisfied<pycudaboost::DefaultConstructible<pycudaboost::detail::reverse_graph_edge_descriptor<pycudaboost::detail::edge_desc_impl<pycudaboost::bidirectional_tag, long unsigned int> > > >::value’
      bpl-subset/bpl_subset/boost/concept/detail/has_constraints.hpp:45:31:   required from ‘struct pycudaboost::concepts::not_satisfied<pycudaboost::DefaultConstructible<pycudaboost::detail::reverse_graph_edge_descriptor<pycudaboost::detail::edge_desc_impl<pycudaboost::bidirectional_tag, long unsigned int> > > >’
      bpl-subset/bpl_subset/boost/mpl/if.hpp:63:11:   [ skipping 5 instantiation contexts, use -ftemplate-backtrace-limit=0 to disable ]
      bpl-subset/bpl_subset/boost/graph/breadth_first_search.hpp:125:24:   required from ‘void pycudaboost::breadth_first_search(const VertexListGraph&, SourceIterator, SourceIterator, Buffer&, BFSVisitor, ColorMap) [with VertexListGraph = pycudaboost::reverse_graph<pycudaboost::adjacency_list<pycudaboost::vecS, pycudaboost::vecS, pycudaboost::bidirectionalS, pycudaboost::no_property, pycudaboost::property<pycudaboost::edge_index_t, long unsigned int, pycudaboost::property<pycudaboost::{anonymous}::edge_cast_t, void* (*)(void*)> > > >; SourceIterator = long unsigned int*; Buffer = pycudaboost::queue<long unsigned int, std::deque<long unsigned int, std::allocator<long unsigned int> > >; BFSVisitor = pycudaboost::bfs_visitor<pycudaboost::distance_recorder<pycudaboost::iterator_property_map<__gnu_cxx::__normal_iterator<long unsigned int*, std::vector<long unsigned int> >, pycudaboost::vec_adj_list_vertex_id_map<pycudaboost::no_property, long unsigned int>, long unsigned int, long unsigned int&>, pycudaboost::on_tree_edge> >; ColorMap = pycudaboost::two_bit_color_map<pycudaboost::vec_adj_list_vertex_id_map<pycudaboost::no_property, long unsigned int> >]’
      bpl-subset/bpl_subset/boost/graph/breadth_first_search.hpp:136:25:   required from ‘void pycudaboost::breadth_first_search(const VertexListGraph&, typename pycudaboost::graph_traits<Graph>::vertex_descriptor, Buffer&, BFSVisitor, ColorMap) [with VertexListGraph = pycudaboost::reverse_graph<pycudaboost::adjacency_list<pycudaboost::vecS, pycudaboost::vecS, pycudaboost::bidirectionalS, pycudaboost::no_property, pycudaboost::property<pycudaboost::edge_index_t, long unsigned int, pycudaboost::property<pycudaboost::{anonymous}::edge_cast_t, void* (*)(void*)> > > >; Buffer = pycudaboost::queue<long unsigned int, std::deque<long unsigned int, std::allocator<long unsigned int> > >; BFSVisitor = pycudaboost::bfs_visitor<pycudaboost::distance_recorder<pycudaboost::iterator_property_map<__gnu_cxx::__normal_iterator<long unsigned int*, std::vector<long unsigned int> >, pycudaboost::vec_adj_list_vertex_id_map<pycudaboost::no_property, long unsigned int>, long unsigned int, long unsigned int&>, pycudaboost::on_tree_edge> >; ColorMap = pycudaboost::two_bit_color_map<pycudaboost::vec_adj_list_vertex_id_map<pycudaboost::no_property, long unsigned int> >; typename pycudaboost::graph_traits<Graph>::vertex_descriptor = long unsigned int]’
      bpl-subset/bpl_subset/boost/graph/breadth_first_search.hpp:260:9:   required from ‘void pycudaboost::detail::bfs_helper(VertexListGraph&, typename pycudaboost::graph_traits<Graph>::vertex_descriptor, ColorMap, BFSVisitor, const pycudaboost::bgl_named_params<P, T, R>&, typename pycudaboost::enable_if_c<pycudaboost::is_base_and_derived<pycudaboost::vertex_list_graph_tag, typename pycudaboost::graph_traits<Graph>::traversal_category>::value, void>::type*) [with VertexListGraph = pycudaboost::reverse_graph<pycudaboost::adjacency_list<pycudaboost::vecS, pycudaboost::vecS, pycudaboost::bidirectionalS, pycudaboost::no_property, pycudaboost::property<pycudaboost::edge_index_t, long unsigned int, pycudaboost::property<pycudaboost::{anonymous}::edge_cast_t, void* (*)(void*)> > > >; ColorMap = pycudaboost::two_bit_color_map<pycudaboost::vec_adj_list_vertex_id_map<pycudaboost::no_property, long unsigned int> >; BFSVisitor = pycudaboost::bfs_visitor<pycudaboost::distance_recorder<pycudaboost::iterator_property_map<__gnu_cxx::__normal_iterator<long unsigned int*, std::vector<long unsigned int> >, pycudaboost::vec_adj_list_vertex_id_map<pycudaboost::no_property, long unsigned int>, long unsigned int, long unsigned int&>, pycudaboost::on_tree_edge> >; P = pycudaboost::bfs_visitor<pycudaboost::distance_recorder<pycudaboost::iterator_property_map<__gnu_cxx::__normal_iterator<long unsigned int*, std::vector<long unsigned int> >, pycudaboost::vec_adj_list_vertex_id_map<pycudaboost::no_property, long unsigned int>, long unsigned int, long unsigned int&>, pycudaboost::on_tree_edge> >; T = pycudaboost::graph_visitor_t; R = pycudaboost::no_property; typename pycudaboost::graph_traits<Graph>::vertex_descriptor = long unsigned int; typename pycudaboost::enable_if_c<pycudaboost::is_base_and_derived<pycudaboost::vertex_list_graph_tag, typename pycudaboost::graph_traits<Graph>::traversal_category>::value, void>::type = void; typename pycudaboost::graph_traits<Graph>::traversal_category = pycudaboost::bidir_adj_list_traversal_tag]’
      bpl-subset/bpl_subset/boost/graph/breadth_first_search.hpp:312:11:   required from ‘static void pycudaboost::detail::bfs_dispatch<pycudaboost::param_not_found>::apply(VertexListGraph&, typename pycudaboost::graph_traits<Graph>::vertex_descriptor, const pycudaboost::bgl_named_params<T, Tag, Base>&, pycudaboost::param_not_found) [with VertexListGraph = pycudaboost::reverse_graph<pycudaboost::adjacency_list<pycudaboost::vecS, pycudaboost::vecS, pycudaboost::bidirectionalS, pycudaboost::no_property, pycudaboost::property<pycudaboost::edge_index_t, long unsigned int, pycudaboost::property<pycudaboost::{anonymous}::edge_cast_t, void* (*)(void*)> > > >; P = pycudaboost::bfs_visitor<pycudaboost::distance_recorder<pycudaboost::iterator_property_map<__gnu_cxx::__normal_iterator<long unsigned int*, std::vector<long unsigned int> >, pycudaboost::vec_adj_list_vertex_id_map<pycudaboost::no_property, long unsigned int>, long unsigned int, long unsigned int&>, pycudaboost::on_tree_edge> >; T = pycudaboost::graph_visitor_t; R = pycudaboost::no_property; typename pycudaboost::graph_traits<Graph>::vertex_descriptor = long unsigned int]’
      bpl-subset/bpl_subset/boost/graph/breadth_first_search.hpp:339:35:   required from ‘void pycudaboost::breadth_first_search(const VertexListGraph&, typename pycudaboost::graph_traits<Graph>::vertex_descriptor, const pycudaboost::bgl_named_params<T, Tag, Base>&) [with VertexListGraph = pycudaboost::reverse_graph<pycudaboost::adjacency_list<pycudaboost::vecS, pycudaboost::vecS, pycudaboost::bidirectionalS, pycudaboost::no_property, pycudaboost::property<pycudaboost::edge_index_t, long unsigned int, pycudaboost::property<pycudaboost::{anonymous}::edge_cast_t, void* (*)(void*)> > > >; P = pycudaboost::bfs_visitor<pycudaboost::distance_recorder<pycudaboost::iterator_property_map<__gnu_cxx::__normal_iterator<long unsigned int*, std::vector<long unsigned int> >, pycudaboost::vec_adj_list_vertex_id_map<pycudaboost::no_property, long unsigned int>, long unsigned int, long unsigned int&>, pycudaboost::on_tree_edge> >; T = pycudaboost::graph_visitor_t; R = pycudaboost::no_property; typename pycudaboost::graph_traits<Graph>::vertex_descriptor = long unsigned int]’
      bpl-subset/bpl_subset/libs/python/src/object/inheritance.cpp:107:35:   required from here
      bpl-subset/bpl_subset/boost/concept/usage.hpp:22:48: warning: ‘this’ pointer is null [-Wnonnull]
         22 |     ~usage_requirements() { ((Model*)0)->~Model(); }
            |                             ~~~~~~~~~~~~~~~~~~~^~
      bpl-subset/bpl_subset/boost/concept/usage.hpp:36:7: note: in a call to non-static member function ‘pycudaboost::DefaultConstructible<TT>::~DefaultConstructible() [with TT = pycudaboost::detail::reverse_graph_edge_descriptor<pycudaboost::detail::edge_desc_impl<pycudaboost::bidirectional_tag, long unsigned int> >]’
         36 |       ~model()
            |       ^
      bpl-subset/bpl_subset/boost/concept_check.hpp:132:5: note: in expansion of macro ‘BOOST_CONCEPT_USAGE’
        132 |     BOOST_CONCEPT_USAGE(DefaultConstructible) {
            |     ^~~~~~~~~~~~~~~~~~~
      bpl-subset/bpl_subset/boost/concept/usage.hpp: In instantiation of ‘pycudaboost::concepts::usage_requirements<Model>::~usage_requirements() [with Model = pycudaboost::EqualityComparable<pycudaboost::detail::reverse_graph_edge_descriptor<pycudaboost::detail::edge_desc_impl<pycudaboost::bidirectional_tag, long unsigned int> > >]’:
      bpl-subset/bpl_subset/boost/concept/detail/general.hpp:38:47:   required from ‘static void pycudaboost::concepts::requirement<pycudaboost::concepts::failed************ Model::************>::failed() [with Model = pycudaboost::concepts::usage_requirements<pycudaboost::EqualityComparable<pycudaboost::detail::reverse_graph_edge_descriptor<pycudaboost::detail::edge_desc_impl<pycudaboost::bidirectional_tag, long unsigned int> > > >]’
      bpl-subset/bpl_subset/boost/concept_check.hpp:236:5:   required from ‘struct pycudaboost::EqualityComparable<pycudaboost::detail::reverse_graph_edge_descriptor<pycudaboost::detail::edge_desc_impl<pycudaboost::bidirectional_tag, long unsigned int> > >’
      bpl-subset/bpl_subset/boost/concept/detail/has_constraints.hpp:32:62:   required by substitution of ‘template<class Model> pycudaboost::concepts::detail::yes pycudaboost::concepts::detail::has_constraints_(Model*, pycudaboost::concepts::detail::wrap_constraints<Model, (& Model::constraints)>*) [with Model = pycudaboost::EqualityComparable<pycudaboost::detail::reverse_graph_edge_descriptor<pycudaboost::detail::edge_desc_impl<pycudaboost::bidirectional_tag, long unsigned int> > >]’
      bpl-subset/bpl_subset/boost/concept/detail/has_constraints.hpp:42:5:   required from ‘const bool pycudaboost::concepts::not_satisfied<pycudaboost::EqualityComparable<pycudaboost::detail::reverse_graph_edge_descriptor<pycudaboost::detail::edge_desc_impl<pycudaboost::bidirectional_tag, long unsigned int> > > >::value’
      bpl-subset/bpl_subset/boost/concept/detail/has_constraints.hpp:45:31:   required from ‘struct pycudaboost::concepts::not_satisfied<pycudaboost::EqualityComparable<pycudaboost::detail::reverse_graph_edge_descriptor<pycudaboost::detail::edge_desc_impl<pycudaboost::bidirectional_tag, long unsigned int> > > >’
      bpl-subset/bpl_subset/boost/mpl/if.hpp:63:11:   [ skipping 5 instantiation contexts, use -ftemplate-backtrace-limit=0 to disable ]
      bpl-subset/bpl_subset/boost/graph/breadth_first_search.hpp:125:24:   required from ‘void pycudaboost::breadth_first_search(const VertexListGraph&, SourceIterator, SourceIterator, Buffer&, BFSVisitor, ColorMap) [with VertexListGraph = pycudaboost::reverse_graph<pycudaboost::adjacency_list<pycudaboost::vecS, pycudaboost::vecS, pycudaboost::bidirectionalS, pycudaboost::no_property, pycudaboost::property<pycudaboost::edge_index_t, long unsigned int, pycudaboost::property<pycudaboost::{anonymous}::edge_cast_t, void* (*)(void*)> > > >; SourceIterator = long unsigned int*; Buffer = pycudaboost::queue<long unsigned int, std::deque<long unsigned int, std::allocator<long unsigned int> > >; BFSVisitor = pycudaboost::bfs_visitor<pycudaboost::distance_recorder<pycudaboost::iterator_property_map<__gnu_cxx::__normal_iterator<long unsigned int*, std::vector<long unsigned int> >, pycudaboost::vec_adj_list_vertex_id_map<pycudaboost::no_property, long unsigned int>, long unsigned int, long unsigned int&>, pycudaboost::on_tree_edge> >; ColorMap = pycudaboost::two_bit_color_map<pycudaboost::vec_adj_list_vertex_id_map<pycudaboost::no_property, long unsigned int> >]’
      bpl-subset/bpl_subset/boost/graph/breadth_first_search.hpp:136:25:   required from ‘void pycudaboost::breadth_first_search(const VertexListGraph&, typename pycudaboost::graph_traits<Graph>::vertex_descriptor, Buffer&, BFSVisitor, ColorMap) [with VertexListGraph = pycudaboost::reverse_graph<pycudaboost::adjacency_list<pycudaboost::vecS, pycudaboost::vecS, pycudaboost::bidirectionalS, pycudaboost::no_property, pycudaboost::property<pycudaboost::edge_index_t, long unsigned int, pycudaboost::property<pycudaboost::{anonymous}::edge_cast_t, void* (*)(void*)> > > >; Buffer = pycudaboost::queue<long unsigned int, std::deque<long unsigned int, std::allocator<long unsigned int> > >; BFSVisitor = pycudaboost::bfs_visitor<pycudaboost::distance_recorder<pycudaboost::iterator_property_map<__gnu_cxx::__normal_iterator<long unsigned int*, std::vector<long unsigned int> >, pycudaboost::vec_adj_list_vertex_id_map<pycudaboost::no_property, long unsigned int>, long unsigned int, long unsigned int&>, pycudaboost::on_tree_edge> >; ColorMap = pycudaboost::two_bit_color_map<pycudaboost::vec_adj_list_vertex_id_map<pycudaboost::no_property, long unsigned int> >; typename pycudaboost::graph_traits<Graph>::vertex_descriptor = long unsigned int]’
      bpl-subset/bpl_subset/boost/graph/breadth_first_search.hpp:260:9:   required from ‘void pycudaboost::detail::bfs_helper(VertexListGraph&, typename pycudaboost::graph_traits<Graph>::vertex_descriptor, ColorMap, BFSVisitor, const pycudaboost::bgl_named_params<P, T, R>&, typename pycudaboost::enable_if_c<pycudaboost::is_base_and_derived<pycudaboost::vertex_list_graph_tag, typename pycudaboost::graph_traits<Graph>::traversal_category>::value, void>::type*) [with VertexListGraph = pycudaboost::reverse_graph<pycudaboost::adjacency_list<pycudaboost::vecS, pycudaboost::vecS, pycudaboost::bidirectionalS, pycudaboost::no_property, pycudaboost::property<pycudaboost::edge_index_t, long unsigned int, pycudaboost::property<pycudaboost::{anonymous}::edge_cast_t, void* (*)(void*)> > > >; ColorMap = pycudaboost::two_bit_color_map<pycudaboost::vec_adj_list_vertex_id_map<pycudaboost::no_property, long unsigned int> >; BFSVisitor = pycudaboost::bfs_visitor<pycudaboost::distance_recorder<pycudaboost::iterator_property_map<__gnu_cxx::__normal_iterator<long unsigned int*, std::vector<long unsigned int> >, pycudaboost::vec_adj_list_vertex_id_map<pycudaboost::no_property, long unsigned int>, long unsigned int, long unsigned int&>, pycudaboost::on_tree_edge> >; P = pycudaboost::bfs_visitor<pycudaboost::distance_recorder<pycudaboost::iterator_property_map<__gnu_cxx::__normal_iterator<long unsigned int*, std::vector<long unsigned int> >, pycudaboost::vec_adj_list_vertex_id_map<pycudaboost::no_property, long unsigned int>, long unsigned int, long unsigned int&>, pycudaboost::on_tree_edge> >; T = pycudaboost::graph_visitor_t; R = pycudaboost::no_property; typename pycudaboost::graph_traits<Graph>::vertex_descriptor = long unsigned int; typename pycudaboost::enable_if_c<pycudaboost::is_base_and_derived<pycudaboost::vertex_list_graph_tag, typename pycudaboost::graph_traits<Graph>::traversal_category>::value, void>::type = void; typename pycudaboost::graph_traits<Graph>::traversal_category = pycudaboost::bidir_adj_list_traversal_tag]’
      bpl-subset/bpl_subset/boost/graph/breadth_first_search.hpp:312:11:   required from ‘static void pycudaboost::detail::bfs_dispatch<pycudaboost::param_not_found>::apply(VertexListGraph&, typename pycudaboost::graph_traits<Graph>::vertex_descriptor, const pycudaboost::bgl_named_params<T, Tag, Base>&, pycudaboost::param_not_found) [with VertexListGraph = pycudaboost::reverse_graph<pycudaboost::adjacency_list<pycudaboost::vecS, pycudaboost::vecS, pycudaboost::bidirectionalS, pycudaboost::no_property, pycudaboost::property<pycudaboost::edge_index_t, long unsigned int, pycudaboost::property<pycudaboost::{anonymous}::edge_cast_t, void* (*)(void*)> > > >; P = pycudaboost::bfs_visitor<pycudaboost::distance_recorder<pycudaboost::iterator_property_map<__gnu_cxx::__normal_iterator<long unsigned int*, std::vector<long unsigned int> >, pycudaboost::vec_adj_list_vertex_id_map<pycudaboost::no_property, long unsigned int>, long unsigned int, long unsigned int&>, pycudaboost::on_tree_edge> >; T = pycudaboost::graph_visitor_t; R = pycudaboost::no_property; typename pycudaboost::graph_traits<Graph>::vertex_descriptor = long unsigned int]’
      bpl-subset/bpl_subset/boost/graph/breadth_first_search.hpp:339:35:   required from ‘void pycudaboost::breadth_first_search(const VertexListGraph&, typename pycudaboost::graph_traits<Graph>::vertex_descriptor, const pycudaboost::bgl_named_params<T, Tag, Base>&) [with VertexListGraph = pycudaboost::reverse_graph<pycudaboost::adjacency_list<pycudaboost::vecS, pycudaboost::vecS, pycudaboost::bidirectionalS, pycudaboost::no_property, pycudaboost::property<pycudaboost::edge_index_t, long unsigned int, pycudaboost::property<pycudaboost::{anonymous}::edge_cast_t, void* (*)(void*)> > > >; P = pycudaboost::bfs_visitor<pycudaboost::distance_recorder<pycudaboost::iterator_property_map<__gnu_cxx::__normal_iterator<long unsigned int*, std::vector<long unsigned int> >, pycudaboost::vec_adj_list_vertex_id_map<pycudaboost::no_property, long unsigned int>, long unsigned int, long unsigned int&>, pycudaboost::on_tree_edge> >; T = pycudaboost::graph_visitor_t; R = pycudaboost::no_property; typename pycudaboost::graph_traits<Graph>::vertex_descriptor = long unsigned int]’
      bpl-subset/bpl_subset/libs/python/src/object/inheritance.cpp:107:35:   required from here
      bpl-subset/bpl_subset/boost/concept/usage.hpp:22:48: warning: ‘this’ pointer is null [-Wnonnull]
         22 |     ~usage_requirements() { ((Model*)0)->~Model(); }
            |                             ~~~~~~~~~~~~~~~~~~~^~
      bpl-subset/bpl_subset/boost/concept/usage.hpp:36:7: note: in a call to non-static member function ‘pycudaboost::EqualityComparable<TT>::~EqualityComparable() [with TT = pycudaboost::detail::reverse_graph_edge_descriptor<pycudaboost::detail::edge_desc_impl<pycudaboost::bidirectional_tag, long unsigned int> >]’
         36 |       ~model()
            |       ^
      bpl-subset/bpl_subset/boost/concept_check.hpp:236:5: note: in expansion of macro ‘BOOST_CONCEPT_USAGE’
        236 |     BOOST_CONCEPT_USAGE(EqualityComparable) {
            |     ^~~~~~~~~~~~~~~~~~~
      bpl-subset/bpl_subset/boost/concept/usage.hpp: In instantiation of ‘pycudaboost::concepts::usage_requirements<Model>::~usage_requirements() [with Model = pycudaboost::Assignable<pycudaboost::detail::reverse_graph_edge_descriptor<pycudaboost::detail::edge_desc_impl<pycudaboost::bidirectional_tag, long unsigned int> > >]’:
      bpl-subset/bpl_subset/boost/concept/detail/general.hpp:38:47:   required from ‘static void pycudaboost::concepts::requirement<pycudaboost::concepts::failed************ Model::************>::failed() [with Model = pycudaboost::concepts::usage_requirements<pycudaboost::Assignable<pycudaboost::detail::reverse_graph_edge_descriptor<pycudaboost::detail::edge_desc_impl<pycudaboost::bidirectional_tag, long unsigned int> > > >]’
      bpl-subset/bpl_subset/boost/concept_check.hpp:140:5:   required from ‘struct pycudaboost::Assignable<pycudaboost::detail::reverse_graph_edge_descriptor<pycudaboost::detail::edge_desc_impl<pycudaboost::bidirectional_tag, long unsigned int> > >’
      bpl-subset/bpl_subset/boost/concept/detail/has_constraints.hpp:32:62:   required by substitution of ‘template<class Model> pycudaboost::concepts::detail::yes pycudaboost::concepts::detail::has_constraints_(Model*, pycudaboost::concepts::detail::wrap_constraints<Model, (& Model::constraints)>*) [with Model = pycudaboost::Assignable<pycudaboost::detail::reverse_graph_edge_descriptor<pycudaboost::detail::edge_desc_impl<pycudaboost::bidirectional_tag, long unsigned int> > >]’
      bpl-subset/bpl_subset/boost/concept/detail/has_constraints.hpp:42:5:   required from ‘const bool pycudaboost::concepts::not_satisfied<pycudaboost::Assignable<pycudaboost::detail::reverse_graph_edge_descriptor<pycudaboost::detail::edge_desc_impl<pycudaboost::bidirectional_tag, long unsigned int> > > >::value’
      bpl-subset/bpl_subset/boost/concept/detail/has_constraints.hpp:45:31:   required from ‘struct pycudaboost::concepts::not_satisfied<pycudaboost::Assignable<pycudaboost::detail::reverse_graph_edge_descriptor<pycudaboost::detail::edge_desc_impl<pycudaboost::bidirectional_tag, long unsigned int> > > >’
      bpl-subset/bpl_subset/boost/mpl/if.hpp:63:11:   [ skipping 5 instantiation contexts, use -ftemplate-backtrace-limit=0 to disable ]
      bpl-subset/bpl_subset/boost/graph/breadth_first_search.hpp:125:24:   required from ‘void pycudaboost::breadth_first_search(const VertexListGraph&, SourceIterator, SourceIterator, Buffer&, BFSVisitor, ColorMap) [with VertexListGraph = pycudaboost::reverse_graph<pycudaboost::adjacency_list<pycudaboost::vecS, pycudaboost::vecS, pycudaboost::bidirectionalS, pycudaboost::no_property, pycudaboost::property<pycudaboost::edge_index_t, long unsigned int, pycudaboost::property<pycudaboost::{anonymous}::edge_cast_t, void* (*)(void*)> > > >; SourceIterator = long unsigned int*; Buffer = pycudaboost::queue<long unsigned int, std::deque<long unsigned int, std::allocator<long unsigned int> > >; BFSVisitor = pycudaboost::bfs_visitor<pycudaboost::distance_recorder<pycudaboost::iterator_property_map<__gnu_cxx::__normal_iterator<long unsigned int*, std::vector<long unsigned int> >, pycudaboost::vec_adj_list_vertex_id_map<pycudaboost::no_property, long unsigned int>, long unsigned int, long unsigned int&>, pycudaboost::on_tree_edge> >; ColorMap = pycudaboost::two_bit_color_map<pycudaboost::vec_adj_list_vertex_id_map<pycudaboost::no_property, long unsigned int> >]’
      bpl-subset/bpl_subset/boost/graph/breadth_first_search.hpp:136:25:   required from ‘void pycudaboost::breadth_first_search(const VertexListGraph&, typename pycudaboost::graph_traits<Graph>::vertex_descriptor, Buffer&, BFSVisitor, ColorMap) [with VertexListGraph = pycudaboost::reverse_graph<pycudaboost::adjacency_list<pycudaboost::vecS, pycudaboost::vecS, pycudaboost::bidirectionalS, pycudaboost::no_property, pycudaboost::property<pycudaboost::edge_index_t, long unsigned int, pycudaboost::property<pycudaboost::{anonymous}::edge_cast_t, void* (*)(void*)> > > >; Buffer = pycudaboost::queue<long unsigned int, std::deque<long unsigned int, std::allocator<long unsigned int> > >; BFSVisitor = pycudaboost::bfs_visitor<pycudaboost::distance_recorder<pycudaboost::iterator_property_map<__gnu_cxx::__normal_iterator<long unsigned int*, std::vector<long unsigned int> >, pycudaboost::vec_adj_list_vertex_id_map<pycudaboost::no_property, long unsigned int>, long unsigned int, long unsigned int&>, pycudaboost::on_tree_edge> >; ColorMap = pycudaboost::two_bit_color_map<pycudaboost::vec_adj_list_vertex_id_map<pycudaboost::no_property, long unsigned int> >; typename pycudaboost::graph_traits<Graph>::vertex_descriptor = long unsigned int]’
      bpl-subset/bpl_subset/boost/graph/breadth_first_search.hpp:260:9:   required from ‘void pycudaboost::detail::bfs_helper(VertexListGraph&, typename pycudaboost::graph_traits<Graph>::vertex_descriptor, ColorMap, BFSVisitor, const pycudaboost::bgl_named_params<P, T, R>&, typename pycudaboost::enable_if_c<pycudaboost::is_base_and_derived<pycudaboost::vertex_list_graph_tag, typename pycudaboost::graph_traits<Graph>::traversal_category>::value, void>::type*) [with VertexListGraph = pycudaboost::reverse_graph<pycudaboost::adjacency_list<pycudaboost::vecS, pycudaboost::vecS, pycudaboost::bidirectionalS, pycudaboost::no_property, pycudaboost::property<pycudaboost::edge_index_t, long unsigned int, pycudaboost::property<pycudaboost::{anonymous}::edge_cast_t, void* (*)(void*)> > > >; ColorMap = pycudaboost::two_bit_color_map<pycudaboost::vec_adj_list_vertex_id_map<pycudaboost::no_property, long unsigned int> >; BFSVisitor = pycudaboost::bfs_visitor<pycudaboost::distance_recorder<pycudaboost::iterator_property_map<__gnu_cxx::__normal_iterator<long unsigned int*, std::vector<long unsigned int> >, pycudaboost::vec_adj_list_vertex_id_map<pycudaboost::no_property, long unsigned int>, long unsigned int, long unsigned int&>, pycudaboost::on_tree_edge> >; P = pycudaboost::bfs_visitor<pycudaboost::distance_recorder<pycudaboost::iterator_property_map<__gnu_cxx::__normal_iterator<long unsigned int*, std::vector<long unsigned int> >, pycudaboost::vec_adj_list_vertex_id_map<pycudaboost::no_property, long unsigned int>, long unsigned int, long unsigned int&>, pycudaboost::on_tree_edge> >; T = pycudaboost::graph_visitor_t; R = pycudaboost::no_property; typename pycudaboost::graph_traits<Graph>::vertex_descriptor = long unsigned int; typename pycudaboost::enable_if_c<pycudaboost::is_base_and_derived<pycudaboost::vertex_list_graph_tag, typename pycudaboost::graph_traits<Graph>::traversal_category>::value, void>::type = void; typename pycudaboost::graph_traits<Graph>::traversal_category = pycudaboost::bidir_adj_list_traversal_tag]’
      bpl-subset/bpl_subset/boost/graph/breadth_first_search.hpp:312:11:   required from ‘static void pycudaboost::detail::bfs_dispatch<pycudaboost::param_not_found>::apply(VertexListGraph&, typename pycudaboost::graph_traits<Graph>::vertex_descriptor, const pycudaboost::bgl_named_params<T, Tag, Base>&, pycudaboost::param_not_found) [with VertexListGraph = pycudaboost::reverse_graph<pycudaboost::adjacency_list<pycudaboost::vecS, pycudaboost::vecS, pycudaboost::bidirectionalS, pycudaboost::no_property, pycudaboost::property<pycudaboost::edge_index_t, long unsigned int, pycudaboost::property<pycudaboost::{anonymous}::edge_cast_t, void* (*)(void*)> > > >; P = pycudaboost::bfs_visitor<pycudaboost::distance_recorder<pycudaboost::iterator_property_map<__gnu_cxx::__normal_iterator<long unsigned int*, std::vector<long unsigned int> >, pycudaboost::vec_adj_list_vertex_id_map<pycudaboost::no_property, long unsigned int>, long unsigned int, long unsigned int&>, pycudaboost::on_tree_edge> >; T = pycudaboost::graph_visitor_t; R = pycudaboost::no_property; typename pycudaboost::graph_traits<Graph>::vertex_descriptor = long unsigned int]’
      bpl-subset/bpl_subset/boost/graph/breadth_first_search.hpp:339:35:   required from ‘void pycudaboost::breadth_first_search(const VertexListGraph&, typename pycudaboost::graph_traits<Graph>::vertex_descriptor, const pycudaboost::bgl_named_params<T, Tag, Base>&) [with VertexListGraph = pycudaboost::reverse_graph<pycudaboost::adjacency_list<pycudaboost::vecS, pycudaboost::vecS, pycudaboost::bidirectionalS, pycudaboost::no_property, pycudaboost::property<pycudaboost::edge_index_t, long unsigned int, pycudaboost::property<pycudaboost::{anonymous}::edge_cast_t, void* (*)(void*)> > > >; P = pycudaboost::bfs_visitor<pycudaboost::distance_recorder<pycudaboost::iterator_property_map<__gnu_cxx::__normal_iterator<long unsigned int*, std::vector<long unsigned int> >, pycudaboost::vec_adj_list_vertex_id_map<pycudaboost::no_property, long unsigned int>, long unsigned int, long unsigned int&>, pycudaboost::on_tree_edge> >; T = pycudaboost::graph_visitor_t; R = pycudaboost::no_property; typename pycudaboost::graph_traits<Graph>::vertex_descriptor = long unsigned int]’
      bpl-subset/bpl_subset/libs/python/src/object/inheritance.cpp:107:35:   required from here
      bpl-subset/bpl_subset/boost/concept/usage.hpp:22:48: warning: ‘this’ pointer is null [-Wnonnull]
         22 |     ~usage_requirements() { ((Model*)0)->~Model(); }
            |                             ~~~~~~~~~~~~~~~~~~~^~
      bpl-subset/bpl_subset/boost/concept/usage.hpp:36:7: note: in a call to non-static member function ‘pycudaboost::Assignable<TT>::~Assignable() [with TT = pycudaboost::detail::reverse_graph_edge_descriptor<pycudaboost::detail::edge_desc_impl<pycudaboost::bidirectional_tag, long unsigned int> >]’
         36 |       ~model()
            |       ^
      bpl-subset/bpl_subset/boost/concept_check.hpp:140:5: note: in expansion of macro ‘BOOST_CONCEPT_USAGE’
        140 |     BOOST_CONCEPT_USAGE(Assignable) {
            |     ^~~~~~~~~~~~~~~~~~~
      bpl-subset/bpl_subset/boost/concept/usage.hpp: In instantiation of ‘pycudaboost::concepts::usage_requirements<Model>::~usage_requirements() [with Model = pycudaboost::Convertible<pycudaboost::bidir_adj_list_traversal_tag, pycudaboost::incidence_graph_tag>]’:
      bpl-subset/bpl_subset/boost/concept/detail/general.hpp:38:47:   required from ‘static void pycudaboost::concepts::requirement<pycudaboost::concepts::failed************ Model::************>::failed() [with Model = pycudaboost::concepts::usage_requirements<pycudaboost::Convertible<pycudaboost::bidir_adj_list_traversal_tag, pycudaboost::incidence_graph_tag> >]’
      bpl-subset/bpl_subset/boost/concept_check.hpp:211:5:   required from ‘struct pycudaboost::Convertible<pycudaboost::bidir_adj_list_traversal_tag, pycudaboost::incidence_graph_tag>’
      bpl-subset/bpl_subset/boost/concept/detail/has_constraints.hpp:32:62:   required by substitution of ‘template<class Model> pycudaboost::concepts::detail::yes pycudaboost::concepts::detail::has_constraints_(Model*, pycudaboost::concepts::detail::wrap_constraints<Model, (& Model::constraints)>*) [with Model = pycudaboost::Convertible<pycudaboost::bidir_adj_list_traversal_tag, pycudaboost::incidence_graph_tag>]’
      bpl-subset/bpl_subset/boost/concept/detail/has_constraints.hpp:42:5:   required from ‘const bool pycudaboost::concepts::not_satisfied<pycudaboost::Convertible<pycudaboost::bidir_adj_list_traversal_tag, pycudaboost::incidence_graph_tag> >::value’
      bpl-subset/bpl_subset/boost/concept/detail/has_constraints.hpp:45:31:   required from ‘struct pycudaboost::concepts::not_satisfied<pycudaboost::Convertible<pycudaboost::bidir_adj_list_traversal_tag, pycudaboost::incidence_graph_tag> >’
      bpl-subset/bpl_subset/boost/mpl/if.hpp:63:11:   [ skipping 5 instantiation contexts, use -ftemplate-backtrace-limit=0 to disable ]
      bpl-subset/bpl_subset/boost/graph/breadth_first_search.hpp:125:24:   required from ‘void pycudaboost::breadth_first_search(const VertexListGraph&, SourceIterator, SourceIterator, Buffer&, BFSVisitor, ColorMap) [with VertexListGraph = pycudaboost::reverse_graph<pycudaboost::adjacency_list<pycudaboost::vecS, pycudaboost::vecS, pycudaboost::bidirectionalS, pycudaboost::no_property, pycudaboost::property<pycudaboost::edge_index_t, long unsigned int, pycudaboost::property<pycudaboost::{anonymous}::edge_cast_t, void* (*)(void*)> > > >; SourceIterator = long unsigned int*; Buffer = pycudaboost::queue<long unsigned int, std::deque<long unsigned int, std::allocator<long unsigned int> > >; BFSVisitor = pycudaboost::bfs_visitor<pycudaboost::distance_recorder<pycudaboost::iterator_property_map<__gnu_cxx::__normal_iterator<long unsigned int*, std::vector<long unsigned int> >, pycudaboost::vec_adj_list_vertex_id_map<pycudaboost::no_property, long unsigned int>, long unsigned int, long unsigned int&>, pycudaboost::on_tree_edge> >; ColorMap = pycudaboost::two_bit_color_map<pycudaboost::vec_adj_list_vertex_id_map<pycudaboost::no_property, long unsigned int> >]’
      bpl-subset/bpl_subset/boost/graph/breadth_first_search.hpp:136:25:   required from ‘void pycudaboost::breadth_first_search(const VertexListGraph&, typename pycudaboost::graph_traits<Graph>::vertex_descriptor, Buffer&, BFSVisitor, ColorMap) [with VertexListGraph = pycudaboost::reverse_graph<pycudaboost::adjacency_list<pycudaboost::vecS, pycudaboost::vecS, pycudaboost::bidirectionalS, pycudaboost::no_property, pycudaboost::property<pycudaboost::edge_index_t, long unsigned int, pycudaboost::property<pycudaboost::{anonymous}::edge_cast_t, void* (*)(void*)> > > >; Buffer = pycudaboost::queue<long unsigned int, std::deque<long unsigned int, std::allocator<long unsigned int> > >; BFSVisitor = pycudaboost::bfs_visitor<pycudaboost::distance_recorder<pycudaboost::iterator_property_map<__gnu_cxx::__normal_iterator<long unsigned int*, std::vector<long unsigned int> >, pycudaboost::vec_adj_list_vertex_id_map<pycudaboost::no_property, long unsigned int>, long unsigned int, long unsigned int&>, pycudaboost::on_tree_edge> >; ColorMap = pycudaboost::two_bit_color_map<pycudaboost::vec_adj_list_vertex_id_map<pycudaboost::no_property, long unsigned int> >; typename pycudaboost::graph_traits<Graph>::vertex_descriptor = long unsigned int]’
      bpl-subset/bpl_subset/boost/graph/breadth_first_search.hpp:260:9:   required from ‘void pycudaboost::detail::bfs_helper(VertexListGraph&, typename pycudaboost::graph_traits<Graph>::vertex_descriptor, ColorMap, BFSVisitor, const pycudaboost::bgl_named_params<P, T, R>&, typename pycudaboost::enable_if_c<pycudaboost::is_base_and_derived<pycudaboost::vertex_list_graph_tag, typename pycudaboost::graph_traits<Graph>::traversal_category>::value, void>::type*) [with VertexListGraph = pycudaboost::reverse_graph<pycudaboost::adjacency_list<pycudaboost::vecS, pycudaboost::vecS, pycudaboost::bidirectionalS, pycudaboost::no_property, pycudaboost::property<pycudaboost::edge_index_t, long unsigned int, pycudaboost::property<pycudaboost::{anonymous}::edge_cast_t, void* (*)(void*)> > > >; ColorMap = pycudaboost::two_bit_color_map<pycudaboost::vec_adj_list_vertex_id_map<pycudaboost::no_property, long unsigned int> >; BFSVisitor = pycudaboost::bfs_visitor<pycudaboost::distance_recorder<pycudaboost::iterator_property_map<__gnu_cxx::__normal_iterator<long unsigned int*, std::vector<long unsigned int> >, pycudaboost::vec_adj_list_vertex_id_map<pycudaboost::no_property, long unsigned int>, long unsigned int, long unsigned int&>, pycudaboost::on_tree_edge> >; P = pycudaboost::bfs_visitor<pycudaboost::distance_recorder<pycudaboost::iterator_property_map<__gnu_cxx::__normal_iterator<long unsigned int*, std::vector<long unsigned int> >, pycudaboost::vec_adj_list_vertex_id_map<pycudaboost::no_property, long unsigned int>, long unsigned int, long unsigned int&>, pycudaboost::on_tree_edge> >; T = pycudaboost::graph_visitor_t; R = pycudaboost::no_property; typename pycudaboost::graph_traits<Graph>::vertex_descriptor = long unsigned int; typename pycudaboost::enable_if_c<pycudaboost::is_base_and_derived<pycudaboost::vertex_list_graph_tag, typename pycudaboost::graph_traits<Graph>::traversal_category>::value, void>::type = void; typename pycudaboost::graph_traits<Graph>::traversal_category = pycudaboost::bidir_adj_list_traversal_tag]’
      bpl-subset/bpl_subset/boost/graph/breadth_first_search.hpp:312:11:   required from ‘static void pycudaboost::detail::bfs_dispatch<pycudaboost::param_not_found>::apply(VertexListGraph&, typename pycudaboost::graph_traits<Graph>::vertex_descriptor, const pycudaboost::bgl_named_params<T, Tag, Base>&, pycudaboost::param_not_found) [with VertexListGraph = pycudaboost::reverse_graph<pycudaboost::adjacency_list<pycudaboost::vecS, pycudaboost::vecS, pycudaboost::bidirectionalS, pycudaboost::no_property, pycudaboost::property<pycudaboost::edge_index_t, long unsigned int, pycudaboost::property<pycudaboost::{anonymous}::edge_cast_t, void* (*)(void*)> > > >; P = pycudaboost::bfs_visitor<pycudaboost::distance_recorder<pycudaboost::iterator_property_map<__gnu_cxx::__normal_iterator<long unsigned int*, std::vector<long unsigned int> >, pycudaboost::vec_adj_list_vertex_id_map<pycudaboost::no_property, long unsigned int>, long unsigned int, long unsigned int&>, pycudaboost::on_tree_edge> >; T = pycudaboost::graph_visitor_t; R = pycudaboost::no_property; typename pycudaboost::graph_traits<Graph>::vertex_descriptor = long unsigned int]’
      bpl-subset/bpl_subset/boost/graph/breadth_first_search.hpp:339:35:   required from ‘void pycudaboost::breadth_first_search(const VertexListGraph&, typename pycudaboost::graph_traits<Graph>::vertex_descriptor, const pycudaboost::bgl_named_params<T, Tag, Base>&) [with VertexListGraph = pycudaboost::reverse_graph<pycudaboost::adjacency_list<pycudaboost::vecS, pycudaboost::vecS, pycudaboost::bidirectionalS, pycudaboost::no_property, pycudaboost::property<pycudaboost::edge_index_t, long unsigned int, pycudaboost::property<pycudaboost::{anonymous}::edge_cast_t, void* (*)(void*)> > > >; P = pycudaboost::bfs_visitor<pycudaboost::distance_recorder<pycudaboost::iterator_property_map<__gnu_cxx::__normal_iterator<long unsigned int*, std::vector<long unsigned int> >, pycudaboost::vec_adj_list_vertex_id_map<pycudaboost::no_property, long unsigned int>, long unsigned int, long unsigned int&>, pycudaboost::on_tree_edge> >; T = pycudaboost::graph_visitor_t; R = pycudaboost::no_property; typename pycudaboost::graph_traits<Graph>::vertex_descriptor = long unsigned int]’
      bpl-subset/bpl_subset/libs/python/src/object/inheritance.cpp:107:35:   required from here
      bpl-subset/bpl_subset/boost/concept/usage.hpp:22:48: warning: ‘this’ pointer is null [-Wnonnull]
         22 |     ~usage_requirements() { ((Model*)0)->~Model(); }
            |                             ~~~~~~~~~~~~~~~~~~~^~
      bpl-subset/bpl_subset/boost/concept/usage.hpp:36:7: note: in a call to non-static member function ‘pycudaboost::Convertible<X, Y>::~Convertible() [with X = pycudaboost::bidir_adj_list_traversal_tag; Y = pycudaboost::incidence_graph_tag]’
         36 |       ~model()
            |       ^
      bpl-subset/bpl_subset/boost/concept_check.hpp:211:5: note: in expansion of macro ‘BOOST_CONCEPT_USAGE’
        211 |     BOOST_CONCEPT_USAGE(Convertible) {
            |     ^~~~~~~~~~~~~~~~~~~
      bpl-subset/bpl_subset/boost/concept/usage.hpp: In instantiation of ‘pycudaboost::concepts::usage_requirements<Model>::~usage_requirements() [with Model = pycudaboost::Convertible<pycudaboost::read_write_property_map_tag, pycudaboost::read_write_property_map_tag>]’:
      bpl-subset/bpl_subset/boost/concept/detail/general.hpp:38:47:   required from ‘static void pycudaboost::concepts::requirement<pycudaboost::concepts::failed************ Model::************>::failed() [with Model = pycudaboost::concepts::usage_requirements<pycudaboost::Convertible<pycudaboost::read_write_property_map_tag, pycudaboost::read_write_property_map_tag> >]’
      bpl-subset/bpl_subset/boost/concept_check.hpp:211:5:   required from ‘struct pycudaboost::Convertible<pycudaboost::read_write_property_map_tag, pycudaboost::read_write_property_map_tag>’
      bpl-subset/bpl_subset/boost/concept_check.hpp:209:3:   required from ‘struct pycudaboost::ConvertibleConcept<pycudaboost::read_write_property_map_tag, pycudaboost::read_write_property_map_tag>’
      bpl-subset/bpl_subset/boost/concept/detail/has_constraints.hpp:32:62:   required by substitution of ‘template<class Model> pycudaboost::concepts::detail::yes pycudaboost::concepts::detail::has_constraints_(Model*, pycudaboost::concepts::detail::wrap_constraints<Model, (& Model::constraints)>*) [with Model = pycudaboost::ConvertibleConcept<pycudaboost::read_write_property_map_tag, pycudaboost::read_write_property_map_tag>]’
      bpl-subset/bpl_subset/boost/concept/detail/has_constraints.hpp:42:5:   required from ‘const bool pycudaboost::concepts::not_satisfied<pycudaboost::ConvertibleConcept<pycudaboost::read_write_property_map_tag, pycudaboost::read_write_property_map_tag> >::value’
      bpl-subset/bpl_subset/boost/concept/detail/has_constraints.hpp:45:31:   [ skipping 11 instantiation contexts, use -ftemplate-backtrace-limit=0 to disable ]
      bpl-subset/bpl_subset/boost/graph/breadth_first_search.hpp:125:24:   required from ‘void pycudaboost::breadth_first_search(const VertexListGraph&, SourceIterator, SourceIterator, Buffer&, BFSVisitor, ColorMap) [with VertexListGraph = pycudaboost::reverse_graph<pycudaboost::adjacency_list<pycudaboost::vecS, pycudaboost::vecS, pycudaboost::bidirectionalS, pycudaboost::no_property, pycudaboost::property<pycudaboost::edge_index_t, long unsigned int, pycudaboost::property<pycudaboost::{anonymous}::edge_cast_t, void* (*)(void*)> > > >; SourceIterator = long unsigned int*; Buffer = pycudaboost::queue<long unsigned int, std::deque<long unsigned int, std::allocator<long unsigned int> > >; BFSVisitor = pycudaboost::bfs_visitor<pycudaboost::distance_recorder<pycudaboost::iterator_property_map<__gnu_cxx::__normal_iterator<long unsigned int*, std::vector<long unsigned int> >, pycudaboost::vec_adj_list_vertex_id_map<pycudaboost::no_property, long unsigned int>, long unsigned int, long unsigned int&>, pycudaboost::on_tree_edge> >; ColorMap = pycudaboost::two_bit_color_map<pycudaboost::vec_adj_list_vertex_id_map<pycudaboost::no_property, long unsigned int> >]’
      bpl-subset/bpl_subset/boost/graph/breadth_first_search.hpp:136:25:   required from ‘void pycudaboost::breadth_first_search(const VertexListGraph&, typename pycudaboost::graph_traits<Graph>::vertex_descriptor, Buffer&, BFSVisitor, ColorMap) [with VertexListGraph = pycudaboost::reverse_graph<pycudaboost::adjacency_list<pycudaboost::vecS, pycudaboost::vecS, pycudaboost::bidirectionalS, pycudaboost::no_property, pycudaboost::property<pycudaboost::edge_index_t, long unsigned int, pycudaboost::property<pycudaboost::{anonymous}::edge_cast_t, void* (*)(void*)> > > >; Buffer = pycudaboost::queue<long unsigned int, std::deque<long unsigned int, std::allocator<long unsigned int> > >; BFSVisitor = pycudaboost::bfs_visitor<pycudaboost::distance_recorder<pycudaboost::iterator_property_map<__gnu_cxx::__normal_iterator<long unsigned int*, std::vector<long unsigned int> >, pycudaboost::vec_adj_list_vertex_id_map<pycudaboost::no_property, long unsigned int>, long unsigned int, long unsigned int&>, pycudaboost::on_tree_edge> >; ColorMap = pycudaboost::two_bit_color_map<pycudaboost::vec_adj_list_vertex_id_map<pycudaboost::no_property, long unsigned int> >; typename pycudaboost::graph_traits<Graph>::vertex_descriptor = long unsigned int]’
      bpl-subset/bpl_subset/boost/graph/breadth_first_search.hpp:260:9:   required from ‘void pycudaboost::detail::bfs_helper(VertexListGraph&, typename pycudaboost::graph_traits<Graph>::vertex_descriptor, ColorMap, BFSVisitor, const pycudaboost::bgl_named_params<P, T, R>&, typename pycudaboost::enable_if_c<pycudaboost::is_base_and_derived<pycudaboost::vertex_list_graph_tag, typename pycudaboost::graph_traits<Graph>::traversal_category>::value, void>::type*) [with VertexListGraph = pycudaboost::reverse_graph<pycudaboost::adjacency_list<pycudaboost::vecS, pycudaboost::vecS, pycudaboost::bidirectionalS, pycudaboost::no_property, pycudaboost::property<pycudaboost::edge_index_t, long unsigned int, pycudaboost::property<pycudaboost::{anonymous}::edge_cast_t, void* (*)(void*)> > > >; ColorMap = pycudaboost::two_bit_color_map<pycudaboost::vec_adj_list_vertex_id_map<pycudaboost::no_property, long unsigned int> >; BFSVisitor = pycudaboost::bfs_visitor<pycudaboost::distance_recorder<pycudaboost::iterator_property_map<__gnu_cxx::__normal_iterator<long unsigned int*, std::vector<long unsigned int> >, pycudaboost::vec_adj_list_vertex_id_map<pycudaboost::no_property, long unsigned int>, long unsigned int, long unsigned int&>, pycudaboost::on_tree_edge> >; P = pycudaboost::bfs_visitor<pycudaboost::distance_recorder<pycudaboost::iterator_property_map<__gnu_cxx::__normal_iterator<long unsigned int*, std::vector<long unsigned int> >, pycudaboost::vec_adj_list_vertex_id_map<pycudaboost::no_property, long unsigned int>, long unsigned int, long unsigned int&>, pycudaboost::on_tree_edge> >; T = pycudaboost::graph_visitor_t; R = pycudaboost::no_property; typename pycudaboost::graph_traits<Graph>::vertex_descriptor = long unsigned int; typename pycudaboost::enable_if_c<pycudaboost::is_base_and_derived<pycudaboost::vertex_list_graph_tag, typename pycudaboost::graph_traits<Graph>::traversal_category>::value, void>::type = void; typename pycudaboost::graph_traits<Graph>::traversal_category = pycudaboost::bidir_adj_list_traversal_tag]’
      bpl-subset/bpl_subset/boost/graph/breadth_first_search.hpp:312:11:   required from ‘static void pycudaboost::detail::bfs_dispatch<pycudaboost::param_not_found>::apply(VertexListGraph&, typename pycudaboost::graph_traits<Graph>::vertex_descriptor, const pycudaboost::bgl_named_params<T, Tag, Base>&, pycudaboost::param_not_found) [with VertexListGraph = pycudaboost::reverse_graph<pycudaboost::adjacency_list<pycudaboost::vecS, pycudaboost::vecS, pycudaboost::bidirectionalS, pycudaboost::no_property, pycudaboost::property<pycudaboost::edge_index_t, long unsigned int, pycudaboost::property<pycudaboost::{anonymous}::edge_cast_t, void* (*)(void*)> > > >; P = pycudaboost::bfs_visitor<pycudaboost::distance_recorder<pycudaboost::iterator_property_map<__gnu_cxx::__normal_iterator<long unsigned int*, std::vector<long unsigned int> >, pycudaboost::vec_adj_list_vertex_id_map<pycudaboost::no_property, long unsigned int>, long unsigned int, long unsigned int&>, pycudaboost::on_tree_edge> >; T = pycudaboost::graph_visitor_t; R = pycudaboost::no_property; typename pycudaboost::graph_traits<Graph>::vertex_descriptor = long unsigned int]’
      bpl-subset/bpl_subset/boost/graph/breadth_first_search.hpp:339:35:   required from ‘void pycudaboost::breadth_first_search(const VertexListGraph&, typename pycudaboost::graph_traits<Graph>::vertex_descriptor, const pycudaboost::bgl_named_params<T, Tag, Base>&) [with VertexListGraph = pycudaboost::reverse_graph<pycudaboost::adjacency_list<pycudaboost::vecS, pycudaboost::vecS, pycudaboost::bidirectionalS, pycudaboost::no_property, pycudaboost::property<pycudaboost::edge_index_t, long unsigned int, pycudaboost::property<pycudaboost::{anonymous}::edge_cast_t, void* (*)(void*)> > > >; P = pycudaboost::bfs_visitor<pycudaboost::distance_recorder<pycudaboost::iterator_property_map<__gnu_cxx::__normal_iterator<long unsigned int*, std::vector<long unsigned int> >, pycudaboost::vec_adj_list_vertex_id_map<pycudaboost::no_property, long unsigned int>, long unsigned int, long unsigned int&>, pycudaboost::on_tree_edge> >; T = pycudaboost::graph_visitor_t; R = pycudaboost::no_property; typename pycudaboost::graph_traits<Graph>::vertex_descriptor = long unsigned int]’
      bpl-subset/bpl_subset/libs/python/src/object/inheritance.cpp:107:35:   required from here
      bpl-subset/bpl_subset/boost/concept/usage.hpp:22:48: warning: ‘this’ pointer is null [-Wnonnull]
         22 |     ~usage_requirements() { ((Model*)0)->~Model(); }
            |                             ~~~~~~~~~~~~~~~~~~~^~
      bpl-subset/bpl_subset/boost/concept/usage.hpp:36:7: note: in a call to non-static member function ‘pycudaboost::Convertible<X, Y>::~Convertible() [with X = pycudaboost::read_write_property_map_tag; Y = pycudaboost::read_write_property_map_tag]’
         36 |       ~model()
            |       ^
      bpl-subset/bpl_subset/boost/concept_check.hpp:211:5: note: in expansion of macro ‘BOOST_CONCEPT_USAGE’
        211 |     BOOST_CONCEPT_USAGE(Convertible) {
            |     ^~~~~~~~~~~~~~~~~~~
      bpl-subset/bpl_subset/boost/concept/usage.hpp: In instantiation of ‘pycudaboost::concepts::usage_requirements<Model>::~usage_requirements() [with Model = pycudaboost::DefaultConstructible<long unsigned int>]’:
      bpl-subset/bpl_subset/boost/concept/detail/general.hpp:38:47:   required from ‘static void pycudaboost::concepts::requirement<pycudaboost::concepts::failed************ Model::************>::failed() [with Model = pycudaboost::concepts::usage_requirements<pycudaboost::DefaultConstructible<long unsigned int> >]’
      bpl-subset/bpl_subset/boost/concept_check.hpp:132:5:   required from ‘struct pycudaboost::DefaultConstructible<long unsigned int>’
      bpl-subset/bpl_subset/boost/concept/detail/has_constraints.hpp:32:62:   required by substitution of ‘template<class Model> pycudaboost::concepts::detail::yes pycudaboost::concepts::detail::has_constraints_(Model*, pycudaboost::concepts::detail::wrap_constraints<Model, (& Model::constraints)>*) [with Model = pycudaboost::DefaultConstructible<long unsigned int>]’
      bpl-subset/bpl_subset/boost/concept/detail/has_constraints.hpp:42:5:   required from ‘const bool pycudaboost::concepts::not_satisfied<pycudaboost::DefaultConstructible<long unsigned int> >::value’
      bpl-subset/bpl_subset/boost/concept/detail/has_constraints.hpp:45:31:   required from ‘struct pycudaboost::concepts::not_satisfied<pycudaboost::DefaultConstructible<long unsigned int> >’
      bpl-subset/bpl_subset/boost/mpl/if.hpp:63:11:   [ skipping 14 instantiation contexts, use -ftemplate-backtrace-limit=0 to disable ]
      bpl-subset/bpl_subset/boost/graph/breadth_first_search.hpp:125:24:   required from ‘void pycudaboost::breadth_first_search(const VertexListGraph&, SourceIterator, SourceIterator, Buffer&, BFSVisitor, ColorMap) [with VertexListGraph = pycudaboost::reverse_graph<pycudaboost::adjacency_list<pycudaboost::vecS, pycudaboost::vecS, pycudaboost::bidirectionalS, pycudaboost::no_property, pycudaboost::property<pycudaboost::edge_index_t, long unsigned int, pycudaboost::property<pycudaboost::{anonymous}::edge_cast_t, void* (*)(void*)> > > >; SourceIterator = long unsigned int*; Buffer = pycudaboost::queue<long unsigned int, std::deque<long unsigned int, std::allocator<long unsigned int> > >; BFSVisitor = pycudaboost::bfs_visitor<pycudaboost::distance_recorder<pycudaboost::iterator_property_map<__gnu_cxx::__normal_iterator<long unsigned int*, std::vector<long unsigned int> >, pycudaboost::vec_adj_list_vertex_id_map<pycudaboost::no_property, long unsigned int>, long unsigned int, long unsigned int&>, pycudaboost::on_tree_edge> >; ColorMap = pycudaboost::two_bit_color_map<pycudaboost::vec_adj_list_vertex_id_map<pycudaboost::no_property, long unsigned int> >]’
      bpl-subset/bpl_subset/boost/graph/breadth_first_search.hpp:136:25:   required from ‘void pycudaboost::breadth_first_search(const VertexListGraph&, typename pycudaboost::graph_traits<Graph>::vertex_descriptor, Buffer&, BFSVisitor, ColorMap) [with VertexListGraph = pycudaboost::reverse_graph<pycudaboost::adjacency_list<pycudaboost::vecS, pycudaboost::vecS, pycudaboost::bidirectionalS, pycudaboost::no_property, pycudaboost::property<pycudaboost::edge_index_t, long unsigned int, pycudaboost::property<pycudaboost::{anonymous}::edge_cast_t, void* (*)(void*)> > > >; Buffer = pycudaboost::queue<long unsigned int, std::deque<long unsigned int, std::allocator<long unsigned int> > >; BFSVisitor = pycudaboost::bfs_visitor<pycudaboost::distance_recorder<pycudaboost::iterator_property_map<__gnu_cxx::__normal_iterator<long unsigned int*, std::vector<long unsigned int> >, pycudaboost::vec_adj_list_vertex_id_map<pycudaboost::no_property, long unsigned int>, long unsigned int, long unsigned int&>, pycudaboost::on_tree_edge> >; ColorMap = pycudaboost::two_bit_color_map<pycudaboost::vec_adj_list_vertex_id_map<pycudaboost::no_property, long unsigned int> >; typename pycudaboost::graph_traits<Graph>::vertex_descriptor = long unsigned int]’
      bpl-subset/bpl_subset/boost/graph/breadth_first_search.hpp:260:9:   required from ‘void pycudaboost::detail::bfs_helper(VertexListGraph&, typename pycudaboost::graph_traits<Graph>::vertex_descriptor, ColorMap, BFSVisitor, const pycudaboost::bgl_named_params<P, T, R>&, typename pycudaboost::enable_if_c<pycudaboost::is_base_and_derived<pycudaboost::vertex_list_graph_tag, typename pycudaboost::graph_traits<Graph>::traversal_category>::value, void>::type*) [with VertexListGraph = pycudaboost::reverse_graph<pycudaboost::adjacency_list<pycudaboost::vecS, pycudaboost::vecS, pycudaboost::bidirectionalS, pycudaboost::no_property, pycudaboost::property<pycudaboost::edge_index_t, long unsigned int, pycudaboost::property<pycudaboost::{anonymous}::edge_cast_t, void* (*)(void*)> > > >; ColorMap = pycudaboost::two_bit_color_map<pycudaboost::vec_adj_list_vertex_id_map<pycudaboost::no_property, long unsigned int> >; BFSVisitor = pycudaboost::bfs_visitor<pycudaboost::distance_recorder<pycudaboost::iterator_property_map<__gnu_cxx::__normal_iterator<long unsigned int*, std::vector<long unsigned int> >, pycudaboost::vec_adj_list_vertex_id_map<pycudaboost::no_property, long unsigned int>, long unsigned int, long unsigned int&>, pycudaboost::on_tree_edge> >; P = pycudaboost::bfs_visitor<pycudaboost::distance_recorder<pycudaboost::iterator_property_map<__gnu_cxx::__normal_iterator<long unsigned int*, std::vector<long unsigned int> >, pycudaboost::vec_adj_list_vertex_id_map<pycudaboost::no_property, long unsigned int>, long unsigned int, long unsigned int&>, pycudaboost::on_tree_edge> >; T = pycudaboost::graph_visitor_t; R = pycudaboost::no_property; typename pycudaboost::graph_traits<Graph>::vertex_descriptor = long unsigned int; typename pycudaboost::enable_if_c<pycudaboost::is_base_and_derived<pycudaboost::vertex_list_graph_tag, typename pycudaboost::graph_traits<Graph>::traversal_category>::value, void>::type = void; typename pycudaboost::graph_traits<Graph>::traversal_category = pycudaboost::bidir_adj_list_traversal_tag]’
      bpl-subset/bpl_subset/boost/graph/breadth_first_search.hpp:312:11:   required from ‘static void pycudaboost::detail::bfs_dispatch<pycudaboost::param_not_found>::apply(VertexListGraph&, typename pycudaboost::graph_traits<Graph>::vertex_descriptor, const pycudaboost::bgl_named_params<T, Tag, Base>&, pycudaboost::param_not_found) [with VertexListGraph = pycudaboost::reverse_graph<pycudaboost::adjacency_list<pycudaboost::vecS, pycudaboost::vecS, pycudaboost::bidirectionalS, pycudaboost::no_property, pycudaboost::property<pycudaboost::edge_index_t, long unsigned int, pycudaboost::property<pycudaboost::{anonymous}::edge_cast_t, void* (*)(void*)> > > >; P = pycudaboost::bfs_visitor<pycudaboost::distance_recorder<pycudaboost::iterator_property_map<__gnu_cxx::__normal_iterator<long unsigned int*, std::vector<long unsigned int> >, pycudaboost::vec_adj_list_vertex_id_map<pycudaboost::no_property, long unsigned int>, long unsigned int, long unsigned int&>, pycudaboost::on_tree_edge> >; T = pycudaboost::graph_visitor_t; R = pycudaboost::no_property; typename pycudaboost::graph_traits<Graph>::vertex_descriptor = long unsigned int]’
      bpl-subset/bpl_subset/boost/graph/breadth_first_search.hpp:339:35:   required from ‘void pycudaboost::breadth_first_search(const VertexListGraph&, typename pycudaboost::graph_traits<Graph>::vertex_descriptor, const pycudaboost::bgl_named_params<T, Tag, Base>&) [with VertexListGraph = pycudaboost::reverse_graph<pycudaboost::adjacency_list<pycudaboost::vecS, pycudaboost::vecS, pycudaboost::bidirectionalS, pycudaboost::no_property, pycudaboost::property<pycudaboost::edge_index_t, long unsigned int, pycudaboost::property<pycudaboost::{anonymous}::edge_cast_t, void* (*)(void*)> > > >; P = pycudaboost::bfs_visitor<pycudaboost::distance_recorder<pycudaboost::iterator_property_map<__gnu_cxx::__normal_iterator<long unsigned int*, std::vector<long unsigned int> >, pycudaboost::vec_adj_list_vertex_id_map<pycudaboost::no_property, long unsigned int>, long unsigned int, long unsigned int&>, pycudaboost::on_tree_edge> >; T = pycudaboost::graph_visitor_t; R = pycudaboost::no_property; typename pycudaboost::graph_traits<Graph>::vertex_descriptor = long unsigned int]’
      bpl-subset/bpl_subset/libs/python/src/object/inheritance.cpp:107:35:   required from here
      bpl-subset/bpl_subset/boost/concept/usage.hpp:22:48: warning: ‘this’ pointer is null [-Wnonnull]
         22 |     ~usage_requirements() { ((Model*)0)->~Model(); }
            |                             ~~~~~~~~~~~~~~~~~~~^~
      bpl-subset/bpl_subset/boost/concept/usage.hpp:36:7: note: in a call to non-static member function ‘pycudaboost::DefaultConstructible<TT>::~DefaultConstructible() [with TT = long unsigned int]’
         36 |       ~model()
            |       ^
      bpl-subset/bpl_subset/boost/concept_check.hpp:132:5: note: in expansion of macro ‘BOOST_CONCEPT_USAGE’
        132 |     BOOST_CONCEPT_USAGE(DefaultConstructible) {
            |     ^~~~~~~~~~~~~~~~~~~
      bpl-subset/bpl_subset/boost/concept/usage.hpp: In instantiation of ‘pycudaboost::concepts::usage_requirements<Model>::~usage_requirements() [with Model = pycudaboost::EqualityComparable<long unsigned int>]’:
      bpl-subset/bpl_subset/boost/concept/detail/general.hpp:38:47:   required from ‘static void pycudaboost::concepts::requirement<pycudaboost::concepts::failed************ Model::************>::failed() [with Model = pycudaboost::concepts::usage_requirements<pycudaboost::EqualityComparable<long unsigned int> >]’
      bpl-subset/bpl_subset/boost/concept_check.hpp:236:5:   required from ‘struct pycudaboost::EqualityComparable<long unsigned int>’
      bpl-subset/bpl_subset/boost/concept/detail/has_constraints.hpp:32:62:   required by substitution of ‘template<class Model> pycudaboost::concepts::detail::yes pycudaboost::concepts::detail::has_constraints_(Model*, pycudaboost::concepts::detail::wrap_constraints<Model, (& Model::constraints)>*) [with Model = pycudaboost::EqualityComparable<long unsigned int>]’
      bpl-subset/bpl_subset/boost/concept/detail/has_constraints.hpp:42:5:   required from ‘const bool pycudaboost::concepts::not_satisfied<pycudaboost::EqualityComparable<long unsigned int> >::value’
      bpl-subset/bpl_subset/boost/concept/detail/has_constraints.hpp:45:31:   required from ‘struct pycudaboost::concepts::not_satisfied<pycudaboost::EqualityComparable<long unsigned int> >’
      bpl-subset/bpl_subset/boost/mpl/if.hpp:63:11:   [ skipping 14 instantiation contexts, use -ftemplate-backtrace-limit=0 to disable ]
      bpl-subset/bpl_subset/boost/graph/breadth_first_search.hpp:125:24:   required from ‘void pycudaboost::breadth_first_search(const VertexListGraph&, SourceIterator, SourceIterator, Buffer&, BFSVisitor, ColorMap) [with VertexListGraph = pycudaboost::reverse_graph<pycudaboost::adjacency_list<pycudaboost::vecS, pycudaboost::vecS, pycudaboost::bidirectionalS, pycudaboost::no_property, pycudaboost::property<pycudaboost::edge_index_t, long unsigned int, pycudaboost::property<pycudaboost::{anonymous}::edge_cast_t, void* (*)(void*)> > > >; SourceIterator = long unsigned int*; Buffer = pycudaboost::queue<long unsigned int, std::deque<long unsigned int, std::allocator<long unsigned int> > >; BFSVisitor = pycudaboost::bfs_visitor<pycudaboost::distance_recorder<pycudaboost::iterator_property_map<__gnu_cxx::__normal_iterator<long unsigned int*, std::vector<long unsigned int> >, pycudaboost::vec_adj_list_vertex_id_map<pycudaboost::no_property, long unsigned int>, long unsigned int, long unsigned int&>, pycudaboost::on_tree_edge> >; ColorMap = pycudaboost::two_bit_color_map<pycudaboost::vec_adj_list_vertex_id_map<pycudaboost::no_property, long unsigned int> >]’
      bpl-subset/bpl_subset/boost/graph/breadth_first_search.hpp:136:25:   required from ‘void pycudaboost::breadth_first_search(const VertexListGraph&, typename pycudaboost::graph_traits<Graph>::vertex_descriptor, Buffer&, BFSVisitor, ColorMap) [with VertexListGraph = pycudaboost::reverse_graph<pycudaboost::adjacency_list<pycudaboost::vecS, pycudaboost::vecS, pycudaboost::bidirectionalS, pycudaboost::no_property, pycudaboost::property<pycudaboost::edge_index_t, long unsigned int, pycudaboost::property<pycudaboost::{anonymous}::edge_cast_t, void* (*)(void*)> > > >; Buffer = pycudaboost::queue<long unsigned int, std::deque<long unsigned int, std::allocator<long unsigned int> > >; BFSVisitor = pycudaboost::bfs_visitor<pycudaboost::distance_recorder<pycudaboost::iterator_property_map<__gnu_cxx::__normal_iterator<long unsigned int*, std::vector<long unsigned int> >, pycudaboost::vec_adj_list_vertex_id_map<pycudaboost::no_property, long unsigned int>, long unsigned int, long unsigned int&>, pycudaboost::on_tree_edge> >; ColorMap = pycudaboost::two_bit_color_map<pycudaboost::vec_adj_list_vertex_id_map<pycudaboost::no_property, long unsigned int> >; typename pycudaboost::graph_traits<Graph>::vertex_descriptor = long unsigned int]’
      bpl-subset/bpl_subset/boost/graph/breadth_first_search.hpp:260:9:   required from ‘void pycudaboost::detail::bfs_helper(VertexListGraph&, typename pycudaboost::graph_traits<Graph>::vertex_descriptor, ColorMap, BFSVisitor, const pycudaboost::bgl_named_params<P, T, R>&, typename pycudaboost::enable_if_c<pycudaboost::is_base_and_derived<pycudaboost::vertex_list_graph_tag, typename pycudaboost::graph_traits<Graph>::traversal_category>::value, void>::type*) [with VertexListGraph = pycudaboost::reverse_graph<pycudaboost::adjacency_list<pycudaboost::vecS, pycudaboost::vecS, pycudaboost::bidirectionalS, pycudaboost::no_property, pycudaboost::property<pycudaboost::edge_index_t, long unsigned int, pycudaboost::property<pycudaboost::{anonymous}::edge_cast_t, void* (*)(void*)> > > >; ColorMap = pycudaboost::two_bit_color_map<pycudaboost::vec_adj_list_vertex_id_map<pycudaboost::no_property, long unsigned int> >; BFSVisitor = pycudaboost::bfs_visitor<pycudaboost::distance_recorder<pycudaboost::iterator_property_map<__gnu_cxx::__normal_iterator<long unsigned int*, std::vector<long unsigned int> >, pycudaboost::vec_adj_list_vertex_id_map<pycudaboost::no_property, long unsigned int>, long unsigned int, long unsigned int&>, pycudaboost::on_tree_edge> >; P = pycudaboost::bfs_visitor<pycudaboost::distance_recorder<pycudaboost::iterator_property_map<__gnu_cxx::__normal_iterator<long unsigned int*, std::vector<long unsigned int> >, pycudaboost::vec_adj_list_vertex_id_map<pycudaboost::no_property, long unsigned int>, long unsigned int, long unsigned int&>, pycudaboost::on_tree_edge> >; T = pycudaboost::graph_visitor_t; R = pycudaboost::no_property; typename pycudaboost::graph_traits<Graph>::vertex_descriptor = long unsigned int; typename pycudaboost::enable_if_c<pycudaboost::is_base_and_derived<pycudaboost::vertex_list_graph_tag, typename pycudaboost::graph_traits<Graph>::traversal_category>::value, void>::type = void; typename pycudaboost::graph_traits<Graph>::traversal_category = pycudaboost::bidir_adj_list_traversal_tag]’
      bpl-subset/bpl_subset/boost/graph/breadth_first_search.hpp:312:11:   required from ‘static void pycudaboost::detail::bfs_dispatch<pycudaboost::param_not_found>::apply(VertexListGraph&, typename pycudaboost::graph_traits<Graph>::vertex_descriptor, const pycudaboost::bgl_named_params<T, Tag, Base>&, pycudaboost::param_not_found) [with VertexListGraph = pycudaboost::reverse_graph<pycudaboost::adjacency_list<pycudaboost::vecS, pycudaboost::vecS, pycudaboost::bidirectionalS, pycudaboost::no_property, pycudaboost::property<pycudaboost::edge_index_t, long unsigned int, pycudaboost::property<pycudaboost::{anonymous}::edge_cast_t, void* (*)(void*)> > > >; P = pycudaboost::bfs_visitor<pycudaboost::distance_recorder<pycudaboost::iterator_property_map<__gnu_cxx::__normal_iterator<long unsigned int*, std::vector<long unsigned int> >, pycudaboost::vec_adj_list_vertex_id_map<pycudaboost::no_property, long unsigned int>, long unsigned int, long unsigned int&>, pycudaboost::on_tree_edge> >; T = pycudaboost::graph_visitor_t; R = pycudaboost::no_property; typename pycudaboost::graph_traits<Graph>::vertex_descriptor = long unsigned int]’
      bpl-subset/bpl_subset/boost/graph/breadth_first_search.hpp:339:35:   required from ‘void pycudaboost::breadth_first_search(const VertexListGraph&, typename pycudaboost::graph_traits<Graph>::vertex_descriptor, const pycudaboost::bgl_named_params<T, Tag, Base>&) [with VertexListGraph = pycudaboost::reverse_graph<pycudaboost::adjacency_list<pycudaboost::vecS, pycudaboost::vecS, pycudaboost::bidirectionalS, pycudaboost::no_property, pycudaboost::property<pycudaboost::edge_index_t, long unsigned int, pycudaboost::property<pycudaboost::{anonymous}::edge_cast_t, void* (*)(void*)> > > >; P = pycudaboost::bfs_visitor<pycudaboost::distance_recorder<pycudaboost::iterator_property_map<__gnu_cxx::__normal_iterator<long unsigned int*, std::vector<long unsigned int> >, pycudaboost::vec_adj_list_vertex_id_map<pycudaboost::no_property, long unsigned int>, long unsigned int, long unsigned int&>, pycudaboost::on_tree_edge> >; T = pycudaboost::graph_visitor_t; R = pycudaboost::no_property; typename pycudaboost::graph_traits<Graph>::vertex_descriptor = long unsigned int]’
      bpl-subset/bpl_subset/libs/python/src/object/inheritance.cpp:107:35:   required from here
      bpl-subset/bpl_subset/boost/concept/usage.hpp:22:48: warning: ‘this’ pointer is null [-Wnonnull]
         22 |     ~usage_requirements() { ((Model*)0)->~Model(); }
            |                             ~~~~~~~~~~~~~~~~~~~^~
      bpl-subset/bpl_subset/boost/concept/usage.hpp:36:7: note: in a call to non-static member function ‘pycudaboost::EqualityComparable<TT>::~EqualityComparable() [with TT = long unsigned int]’
         36 |       ~model()
            |       ^
      bpl-subset/bpl_subset/boost/concept_check.hpp:236:5: note: in expansion of macro ‘BOOST_CONCEPT_USAGE’
        236 |     BOOST_CONCEPT_USAGE(EqualityComparable) {
            |     ^~~~~~~~~~~~~~~~~~~
      bpl-subset/bpl_subset/boost/concept/usage.hpp: In instantiation of ‘pycudaboost::concepts::usage_requirements<Model>::~usage_requirements() [with Model = pycudaboost::Assignable<long unsigned int>]’:
      bpl-subset/bpl_subset/boost/concept/detail/general.hpp:38:47:   required from ‘static void pycudaboost::concepts::requirement<pycudaboost::concepts::failed************ Model::************>::failed() [with Model = pycudaboost::concepts::usage_requirements<pycudaboost::Assignable<long unsigned int> >]’
      bpl-subset/bpl_subset/boost/concept_check.hpp:140:5:   required from ‘struct pycudaboost::Assignable<long unsigned int>’
      bpl-subset/bpl_subset/boost/concept/detail/has_constraints.hpp:32:62:   required by substitution of ‘template<class Model> pycudaboost::concepts::detail::yes pycudaboost::concepts::detail::has_constraints_(Model*, pycudaboost::concepts::detail::wrap_constraints<Model, (& Model::constraints)>*) [with Model = pycudaboost::Assignable<long unsigned int>]’
      bpl-subset/bpl_subset/boost/concept/detail/has_constraints.hpp:42:5:   required from ‘const bool pycudaboost::concepts::not_satisfied<pycudaboost::Assignable<long unsigned int> >::value’
      bpl-subset/bpl_subset/boost/concept/detail/has_constraints.hpp:45:31:   required from ‘struct pycudaboost::concepts::not_satisfied<pycudaboost::Assignable<long unsigned int> >’
      bpl-subset/bpl_subset/boost/mpl/if.hpp:63:11:   [ skipping 14 instantiation contexts, use -ftemplate-backtrace-limit=0 to disable ]
      bpl-subset/bpl_subset/boost/graph/breadth_first_search.hpp:125:24:   required from ‘void pycudaboost::breadth_first_search(const VertexListGraph&, SourceIterator, SourceIterator, Buffer&, BFSVisitor, ColorMap) [with VertexListGraph = pycudaboost::reverse_graph<pycudaboost::adjacency_list<pycudaboost::vecS, pycudaboost::vecS, pycudaboost::bidirectionalS, pycudaboost::no_property, pycudaboost::property<pycudaboost::edge_index_t, long unsigned int, pycudaboost::property<pycudaboost::{anonymous}::edge_cast_t, void* (*)(void*)> > > >; SourceIterator = long unsigned int*; Buffer = pycudaboost::queue<long unsigned int, std::deque<long unsigned int, std::allocator<long unsigned int> > >; BFSVisitor = pycudaboost::bfs_visitor<pycudaboost::distance_recorder<pycudaboost::iterator_property_map<__gnu_cxx::__normal_iterator<long unsigned int*, std::vector<long unsigned int> >, pycudaboost::vec_adj_list_vertex_id_map<pycudaboost::no_property, long unsigned int>, long unsigned int, long unsigned int&>, pycudaboost::on_tree_edge> >; ColorMap = pycudaboost::two_bit_color_map<pycudaboost::vec_adj_list_vertex_id_map<pycudaboost::no_property, long unsigned int> >]’
      bpl-subset/bpl_subset/boost/graph/breadth_first_search.hpp:136:25:   required from ‘void pycudaboost::breadth_first_search(const VertexListGraph&, typename pycudaboost::graph_traits<Graph>::vertex_descriptor, Buffer&, BFSVisitor, ColorMap) [with VertexListGraph = pycudaboost::reverse_graph<pycudaboost::adjacency_list<pycudaboost::vecS, pycudaboost::vecS, pycudaboost::bidirectionalS, pycudaboost::no_property, pycudaboost::property<pycudaboost::edge_index_t, long unsigned int, pycudaboost::property<pycudaboost::{anonymous}::edge_cast_t, void* (*)(void*)> > > >; Buffer = pycudaboost::queue<long unsigned int, std::deque<long unsigned int, std::allocator<long unsigned int> > >; BFSVisitor = pycudaboost::bfs_visitor<pycudaboost::distance_recorder<pycudaboost::iterator_property_map<__gnu_cxx::__normal_iterator<long unsigned int*, std::vector<long unsigned int> >, pycudaboost::vec_adj_list_vertex_id_map<pycudaboost::no_property, long unsigned int>, long unsigned int, long unsigned int&>, pycudaboost::on_tree_edge> >; ColorMap = pycudaboost::two_bit_color_map<pycudaboost::vec_adj_list_vertex_id_map<pycudaboost::no_property, long unsigned int> >; typename pycudaboost::graph_traits<Graph>::vertex_descriptor = long unsigned int]’
      bpl-subset/bpl_subset/boost/graph/breadth_first_search.hpp:260:9:   required from ‘void pycudaboost::detail::bfs_helper(VertexListGraph&, typename pycudaboost::graph_traits<Graph>::vertex_descriptor, ColorMap, BFSVisitor, const pycudaboost::bgl_named_params<P, T, R>&, typename pycudaboost::enable_if_c<pycudaboost::is_base_and_derived<pycudaboost::vertex_list_graph_tag, typename pycudaboost::graph_traits<Graph>::traversal_category>::value, void>::type*) [with VertexListGraph = pycudaboost::reverse_graph<pycudaboost::adjacency_list<pycudaboost::vecS, pycudaboost::vecS, pycudaboost::bidirectionalS, pycudaboost::no_property, pycudaboost::property<pycudaboost::edge_index_t, long unsigned int, pycudaboost::property<pycudaboost::{anonymous}::edge_cast_t, void* (*)(void*)> > > >; ColorMap = pycudaboost::two_bit_color_map<pycudaboost::vec_adj_list_vertex_id_map<pycudaboost::no_property, long unsigned int> >; BFSVisitor = pycudaboost::bfs_visitor<pycudaboost::distance_recorder<pycudaboost::iterator_property_map<__gnu_cxx::__normal_iterator<long unsigned int*, std::vector<long unsigned int> >, pycudaboost::vec_adj_list_vertex_id_map<pycudaboost::no_property, long unsigned int>, long unsigned int, long unsigned int&>, pycudaboost::on_tree_edge> >; P = pycudaboost::bfs_visitor<pycudaboost::distance_recorder<pycudaboost::iterator_property_map<__gnu_cxx::__normal_iterator<long unsigned int*, std::vector<long unsigned int> >, pycudaboost::vec_adj_list_vertex_id_map<pycudaboost::no_property, long unsigned int>, long unsigned int, long unsigned int&>, pycudaboost::on_tree_edge> >; T = pycudaboost::graph_visitor_t; R = pycudaboost::no_property; typename pycudaboost::graph_traits<Graph>::vertex_descriptor = long unsigned int; typename pycudaboost::enable_if_c<pycudaboost::is_base_and_derived<pycudaboost::vertex_list_graph_tag, typename pycudaboost::graph_traits<Graph>::traversal_category>::value, void>::type = void; typename pycudaboost::graph_traits<Graph>::traversal_category = pycudaboost::bidir_adj_list_traversal_tag]’
      bpl-subset/bpl_subset/boost/graph/breadth_first_search.hpp:312:11:   required from ‘static void pycudaboost::detail::bfs_dispatch<pycudaboost::param_not_found>::apply(VertexListGraph&, typename pycudaboost::graph_traits<Graph>::vertex_descriptor, const pycudaboost::bgl_named_params<T, Tag, Base>&, pycudaboost::param_not_found) [with VertexListGraph = pycudaboost::reverse_graph<pycudaboost::adjacency_list<pycudaboost::vecS, pycudaboost::vecS, pycudaboost::bidirectionalS, pycudaboost::no_property, pycudaboost::property<pycudaboost::edge_index_t, long unsigned int, pycudaboost::property<pycudaboost::{anonymous}::edge_cast_t, void* (*)(void*)> > > >; P = pycudaboost::bfs_visitor<pycudaboost::distance_recorder<pycudaboost::iterator_property_map<__gnu_cxx::__normal_iterator<long unsigned int*, std::vector<long unsigned int> >, pycudaboost::vec_adj_list_vertex_id_map<pycudaboost::no_property, long unsigned int>, long unsigned int, long unsigned int&>, pycudaboost::on_tree_edge> >; T = pycudaboost::graph_visitor_t; R = pycudaboost::no_property; typename pycudaboost::graph_traits<Graph>::vertex_descriptor = long unsigned int]’
      bpl-subset/bpl_subset/boost/graph/breadth_first_search.hpp:339:35:   required from ‘void pycudaboost::breadth_first_search(const VertexListGraph&, typename pycudaboost::graph_traits<Graph>::vertex_descriptor, const pycudaboost::bgl_named_params<T, Tag, Base>&) [with VertexListGraph = pycudaboost::reverse_graph<pycudaboost::adjacency_list<pycudaboost::vecS, pycudaboost::vecS, pycudaboost::bidirectionalS, pycudaboost::no_property, pycudaboost::property<pycudaboost::edge_index_t, long unsigned int, pycudaboost::property<pycudaboost::{anonymous}::edge_cast_t, void* (*)(void*)> > > >; P = pycudaboost::bfs_visitor<pycudaboost::distance_recorder<pycudaboost::iterator_property_map<__gnu_cxx::__normal_iterator<long unsigned int*, std::vector<long unsigned int> >, pycudaboost::vec_adj_list_vertex_id_map<pycudaboost::no_property, long unsigned int>, long unsigned int, long unsigned int&>, pycudaboost::on_tree_edge> >; T = pycudaboost::graph_visitor_t; R = pycudaboost::no_property; typename pycudaboost::graph_traits<Graph>::vertex_descriptor = long unsigned int]’
      bpl-subset/bpl_subset/libs/python/src/object/inheritance.cpp:107:35:   required from here
      bpl-subset/bpl_subset/boost/concept/usage.hpp:22:48: warning: ‘this’ pointer is null [-Wnonnull]
         22 |     ~usage_requirements() { ((Model*)0)->~Model(); }
            |                             ~~~~~~~~~~~~~~~~~~~^~
      bpl-subset/bpl_subset/boost/concept/usage.hpp:36:7: note: in a call to non-static member function ‘pycudaboost::Assignable<TT>::~Assignable() [with TT = long unsigned int]’
         36 |       ~model()
            |       ^
      bpl-subset/bpl_subset/boost/concept_check.hpp:140:5: note: in expansion of macro ‘BOOST_CONCEPT_USAGE’
        140 |     BOOST_CONCEPT_USAGE(Assignable) {
            |     ^~~~~~~~~~~~~~~~~~~
      In file included from bpl-subset/bpl_subset/boost/concept/assert.hpp:36,
                       from bpl-subset/bpl_subset/boost/concept_check.hpp:20,
                       from bpl-subset/bpl_subset/boost/property_map/property_map.hpp:18,
                       from bpl-subset/bpl_subset/boost/graph/graph_concepts.hpp:17,
                       from bpl-subset/bpl_subset/boost/graph/breadth_first_search.hpp:21,
                       from bpl-subset/bpl_subset/libs/python/src/object/inheritance.cpp:7:
      bpl-subset/bpl_subset/boost/concept/detail/general.hpp: In instantiation of ‘static void pycudaboost::concepts::requirement<pycudaboost::concepts::failed************ Model::************>::failed() [with Model = pycudaboost::concepts::usage_requirements<pycudaboost::Assignable<pycudaboost::transform_iterator<pycudaboost::detail::reverse_graph_edge_descriptor_maker<pycudaboost::detail::edge_desc_impl<pycudaboost::bidirectional_tag, long unsigned int> >, pycudaboost::detail::in_edge_iter<__gnu_cxx::__normal_iterator<pycudaboost::detail::stored_edge_iter<long unsigned int, std::_List_iterator<pycudaboost::list_edge<long unsigned int, pycudaboost::property<pycudaboost::edge_index_t, long unsigned int, pycudaboost::property<pycudaboost::{anonymous}::edge_cast_t, void* (*)(void*)> > > >, pycudaboost::property<pycudaboost::edge_index_t, long unsigned int, pycudaboost::property<pycudaboost::{anonymous}::edge_cast_t, void* (*)(void*)> > >*, std::vector<pycudaboost::detail::stored_edge_iter<long unsigned int, std::_List_iterator<pycudaboost::list_edge<long unsigned int, pycudaboost::property<pycudaboost::edge_index_t, long unsigned int, pycudaboost::property<pycudaboost::{anonymous}::edge_cast_t, void* (*)(void*)> > > >, pycudaboost::property<pycudaboost::edge_index_t, long unsigned int, pycudaboost::property<pycudaboost::{anonymous}::edge_cast_t, void* (*)(void*)> > >, std::allocator<pycudaboost::detail::stored_edge_iter<long unsigned int, std::_List_iterator<pycudaboost::list_edge<long unsigned int, pycudaboost::property<pycudaboost::edge_index_t, long unsigned int, pycudaboost::property<pycudaboost::{anonymous}::edge_cast_t, void* (*)(void*)> > > >, pycudaboost::property<pycudaboost::edge_index_t, long unsigned int, pycudaboost::property<pycudaboost::{anonymous}::edge_cast_t, void* (*)(void*)> > > > > >, long unsigned int, pycudaboost::detail::edge_desc_impl<pycudaboost::bidirectional_tag, long unsigned int>, long int>, pycudaboost::use_default, pycudaboost::use_default> > >]’:
      bpl-subset/bpl_subset/boost/concept_check.hpp:140:5:   required from ‘struct pycudaboost::Assignable<pycudaboost::transform_iterator<pycudaboost::detail::reverse_graph_edge_descriptor_maker<pycudaboost::detail::edge_desc_impl<pycudaboost::bidirectional_tag, long unsigned int> >, pycudaboost::detail::in_edge_iter<__gnu_cxx::__normal_iterator<pycudaboost::detail::stored_edge_iter<long unsigned int, std::_List_iterator<pycudaboost::list_edge<long unsigned int, pycudaboost::property<pycudaboost::edge_index_t, long unsigned int, pycudaboost::property<pycudaboost::{anonymous}::edge_cast_t, void* (*)(void*)> > > >, pycudaboost::property<pycudaboost::edge_index_t, long unsigned int, pycudaboost::property<pycudaboost::{anonymous}::edge_cast_t, void* (*)(void*)> > >*, std::vector<pycudaboost::detail::stored_edge_iter<long unsigned int, std::_List_iterator<pycudaboost::list_edge<long unsigned int, pycudaboost::property<pycudaboost::edge_index_t, long unsigned int, pycudaboost::property<pycudaboost::{anonymous}::edge_cast_t, void* (*)(void*)> > > >, pycudaboost::property<pycudaboost::edge_index_t, long unsigned int, pycudaboost::property<pycudaboost::{anonymous}::edge_cast_t, void* (*)(void*)> > >, std::allocator<pycudaboost::detail::stored_edge_iter<long unsigned int, std::_List_iterator<pycudaboost::list_edge<long unsigned int, pycudaboost::property<pycudaboost::edge_index_t, long unsigned int, pycudaboost::property<pycudaboost::{anonymous}::edge_cast_t, void* (*)(void*)> > > >, pycudaboost::property<pycudaboost::edge_index_t, long unsigned int, pycudaboost::property<pycudaboost::{anonymous}::edge_cast_t, void* (*)(void*)> > > > > >, long unsigned int, pycudaboost::detail::edge_desc_impl<pycudaboost::bidirectional_tag, long unsigned int>, long int>, pycudaboost::use_default, pycudaboost::use_default> >’
      bpl-subset/bpl_subset/boost/concept_check.hpp:505:3:   required from ‘struct pycudaboost::InputIterator<pycudaboost::transform_iterator<pycudaboost::detail::reverse_graph_edge_descriptor_maker<pycudaboost::detail::edge_desc_impl<pycudaboost::bidirectional_tag, long unsigned int> >, pycudaboost::detail::in_edge_iter<__gnu_cxx::__normal_iterator<pycudaboost::detail::stored_edge_iter<long unsigned int, std::_List_iterator<pycudaboost::list_edge<long unsigned int, pycudaboost::property<pycudaboost::edge_index_t, long unsigned int, pycudaboost::property<pycudaboost::{anonymous}::edge_cast_t, void* (*)(void*)> > > >, pycudaboost::property<pycudaboost::edge_index_t, long unsigned int, pycudaboost::property<pycudaboost::{anonymous}::edge_cast_t, void* (*)(void*)> > >*, std::vector<pycudaboost::detail::stored_edge_iter<long unsigned int, std::_List_iterator<pycudaboost::list_edge<long unsigned int, pycudaboost::property<pycudaboost::edge_index_t, long unsigned int, pycudaboost::property<pycudaboost::{anonymous}::edge_cast_t, void* (*)(void*)> > > >, pycudaboost::property<pycudaboost::edge_index_t, long unsigned int, pycudaboost::property<pycudaboost::{anonymous}::edge_cast_t, void* (*)(void*)> > >, std::allocator<pycudaboost::detail::stored_edge_iter<long unsigned int, std::_List_iterator<pycudaboost::list_edge<long unsigned int, pycudaboost::property<pycudaboost::edge_index_t, long unsigned int, pycudaboost::property<pycudaboost::{anonymous}::edge_cast_t, void* (*)(void*)> > > >, pycudaboost::property<pycudaboost::edge_index_t, long unsigned int, pycudaboost::property<pycudaboost::{anonymous}::edge_cast_t, void* (*)(void*)> > > > > >, long unsigned int, pycudaboost::detail::edge_desc_impl<pycudaboost::bidirectional_tag, long unsigned int>, long int>, pycudaboost::use_default, pycudaboost::use_default> >’
      bpl-subset/bpl_subset/boost/concept/detail/has_constraints.hpp:32:62:   required by substitution of ‘template<class Model> pycudaboost::concepts::detail::yes pycudaboost::concepts::detail::has_constraints_(Model*, pycudaboost::concepts::detail::wrap_constraints<Model, (& Model::constraints)>*) [with Model = pycudaboost::InputIterator<pycudaboost::transform_iterator<pycudaboost::detail::reverse_graph_edge_descriptor_maker<pycudaboost::detail::edge_desc_impl<pycudaboost::bidirectional_tag, long unsigned int> >, pycudaboost::detail::in_edge_iter<__gnu_cxx::__normal_iterator<pycudaboost::detail::stored_edge_iter<long unsigned int, std::_List_iterator<pycudaboost::list_edge<long unsigned int, pycudaboost::property<pycudaboost::edge_index_t, long unsigned int, pycudaboost::property<pycudaboost::{anonymous}::edge_cast_t, void* (*)(void*)> > > >, pycudaboost::property<pycudaboost::edge_index_t, long unsigned int, pycudaboost::property<pycudaboost::{anonymous}::edge_cast_t, void* (*)(void*)> > >*, std::vector<pycudaboost::detail::stored_edge_iter<long unsigned int, std::_List_iterator<pycudaboost::list_edge<long unsigned int, pycudaboost::property<pycudaboost::edge_index_t, long unsigned int, pycudaboost::property<pycudaboost::{anonymous}::edge_cast_t, void* (*)(void*)> > > >, pycudaboost::property<pycudaboost::edge_index_t, long unsigned int, pycudaboost::property<pycudaboost::{anonymous}::edge_cast_t, void* (*)(void*)> > >, std::allocator<pycudaboost::detail::stored_edge_iter<long unsigned int, std::_List_iterator<pycudaboost::list_edge<long unsigned int, pycudaboost::property<pycudaboost::edge_index_t, long unsigned int, pycudaboost::property<pycudaboost::{anonymous}::edge_cast_t, void* (*)(void*)> > > >, pycudaboost::property<pycudaboost::edge_index_t, long unsigned int, pycudaboost::property<pycudaboost::{anonymous}::edge_cast_t, void* (*)(void*)> > > > > >, long unsigned int, pycudaboost::detail::edge_desc_impl<pycudaboost::bidirectional_tag, long unsigned int>, long int>, pycudaboost::use_default, pycudaboost::use_default> >]’
      bpl-subset/bpl_subset/boost/concept/detail/has_constraints.hpp:42:5:   required from ‘const bool pycudaboost::concepts::not_satisfied<pycudaboost::InputIterator<pycudaboost::transform_iterator<pycudaboost::detail::reverse_graph_edge_descriptor_maker<pycudaboost::detail::edge_desc_impl<pycudaboost::bidirectional_tag, long unsigned int> >, pycudaboost::detail::in_edge_iter<__gnu_cxx::__normal_iterator<pycudaboost::detail::stored_edge_iter<long unsigned int, std::_List_iterator<pycudaboost::list_edge<long unsigned int, pycudaboost::property<pycudaboost::edge_index_t, long unsigned int, pycudaboost::property<pycudaboost::{anonymous}::edge_cast_t, void* (*)(void*)> > > >, pycudaboost::property<pycudaboost::edge_index_t, long unsigned int, pycudaboost::property<pycudaboost::{anonymous}::edge_cast_t, void* (*)(void*)> > >*, std::vector<pycudaboost::detail::stored_edge_iter<long unsigned int, std::_List_iterator<pycudaboost::list_edge<long unsigned int, pycudaboost::property<pycudaboost::edge_index_t, long unsigned int, pycudaboost::property<pycudaboost::{anonymous}::edge_cast_t, void* (*)(void*)> > > >, pycudaboost::property<pycudaboost::edge_index_t, long unsigned int, pycudaboost::property<pycudaboost::{anonymous}::edge_cast_t, void* (*)(void*)> > >, std::allocator<pycudaboost::detail::stored_edge_iter<long unsigned int, std::_List_iterator<pycudaboost::list_edge<long unsigned int, pycudaboost::property<pycudaboost::edge_index_t, long unsigned int, pycudaboost::property<pycudaboost::{anonymous}::edge_cast_t, void* (*)(void*)> > > >, pycudaboost::property<pycudaboost::edge_index_t, long unsigned int, pycudaboost::property<pycudaboost::{anonymous}::edge_cast_t, void* (*)(void*)> > > > > >, long unsigned int, pycudaboost::detail::edge_desc_impl<pycudaboost::bidirectional_tag, long unsigned int>, long int>, pycudaboost::use_default, pycudaboost::use_default> > >::value’
      bpl-subset/bpl_subset/boost/concept/detail/has_constraints.hpp:45:31:   required from ‘struct pycudaboost::concepts::not_satisfied<pycudaboost::InputIterator<pycudaboost::transform_iterator<pycudaboost::detail::reverse_graph_edge_descriptor_maker<pycudaboost::detail::edge_desc_impl<pycudaboost::bidirectional_tag, long unsigned int> >, pycudaboost::detail::in_edge_iter<__gnu_cxx::__normal_iterator<pycudaboost::detail::stored_edge_iter<long unsigned int, std::_List_iterator<pycudaboost::list_edge<long unsigned int, pycudaboost::property<pycudaboost::edge_index_t, long unsigned int, pycudaboost::property<pycudaboost::{anonymous}::edge_cast_t, void* (*)(void*)> > > >, pycudaboost::property<pycudaboost::edge_index_t, long unsigned int, pycudaboost::property<pycudaboost::{anonymous}::edge_cast_t, void* (*)(void*)> > >*, std::vector<pycudaboost::detail::stored_edge_iter<long unsigned int, std::_List_iterator<pycudaboost::list_edge<long unsigned int, pycudaboost::property<pycudaboost::edge_index_t, long unsigned int, pycudaboost::property<pycudaboost::{anonymous}::edge_cast_t, void* (*)(void*)> > > >, pycudaboost::property<pycudaboost::edge_index_t, long unsigned int, pycudaboost::property<pycudaboost::{anonymous}::edge_cast_t, void* (*)(void*)> > >, std::allocator<pycudaboost::detail::stored_edge_iter<long unsigned int, std::_List_iterator<pycudaboost::list_edge<long unsigned int, pycudaboost::property<pycudaboost::edge_index_t, long unsigned int, pycudaboost::property<pycudaboost::{anonymous}::edge_cast_t, void* (*)(void*)> > > >, pycudaboost::property<pycudaboost::edge_index_t, long unsigned int, pycudaboost::property<pycudaboost::{anonymous}::edge_cast_t, void* (*)(void*)> > > > > >, long unsigned int, pycudaboost::detail::edge_desc_impl<pycudaboost::bidirectional_tag, long unsigned int>, long int>, pycudaboost::use_default, pycudaboost::use_default> > >’
      bpl-subset/bpl_subset/boost/mpl/if.hpp:63:11:   [ skipping 7 instantiation contexts, use -ftemplate-backtrace-limit=0 to disable ]
      bpl-subset/bpl_subset/boost/graph/breadth_first_search.hpp:125:24:   required from ‘void pycudaboost::breadth_first_search(const VertexListGraph&, SourceIterator, SourceIterator, Buffer&, BFSVisitor, ColorMap) [with VertexListGraph = pycudaboost::reverse_graph<pycudaboost::adjacency_list<pycudaboost::vecS, pycudaboost::vecS, pycudaboost::bidirectionalS, pycudaboost::no_property, pycudaboost::property<pycudaboost::edge_index_t, long unsigned int, pycudaboost::property<pycudaboost::{anonymous}::edge_cast_t, void* (*)(void*)> > > >; SourceIterator = long unsigned int*; Buffer = pycudaboost::queue<long unsigned int, std::deque<long unsigned int, std::allocator<long unsigned int> > >; BFSVisitor = pycudaboost::bfs_visitor<pycudaboost::distance_recorder<pycudaboost::iterator_property_map<__gnu_cxx::__normal_iterator<long unsigned int*, std::vector<long unsigned int> >, pycudaboost::vec_adj_list_vertex_id_map<pycudaboost::no_property, long unsigned int>, long unsigned int, long unsigned int&>, pycudaboost::on_tree_edge> >; ColorMap = pycudaboost::two_bit_color_map<pycudaboost::vec_adj_list_vertex_id_map<pycudaboost::no_property, long unsigned int> >]’
      bpl-subset/bpl_subset/boost/graph/breadth_first_search.hpp:136:25:   required from ‘void pycudaboost::breadth_first_search(const VertexListGraph&, typename pycudaboost::graph_traits<Graph>::vertex_descriptor, Buffer&, BFSVisitor, ColorMap) [with VertexListGraph = pycudaboost::reverse_graph<pycudaboost::adjacency_list<pycudaboost::vecS, pycudaboost::vecS, pycudaboost::bidirectionalS, pycudaboost::no_property, pycudaboost::property<pycudaboost::edge_index_t, long unsigned int, pycudaboost::property<pycudaboost::{anonymous}::edge_cast_t, void* (*)(void*)> > > >; Buffer = pycudaboost::queue<long unsigned int, std::deque<long unsigned int, std::allocator<long unsigned int> > >; BFSVisitor = pycudaboost::bfs_visitor<pycudaboost::distance_recorder<pycudaboost::iterator_property_map<__gnu_cxx::__normal_iterator<long unsigned int*, std::vector<long unsigned int> >, pycudaboost::vec_adj_list_vertex_id_map<pycudaboost::no_property, long unsigned int>, long unsigned int, long unsigned int&>, pycudaboost::on_tree_edge> >; ColorMap = pycudaboost::two_bit_color_map<pycudaboost::vec_adj_list_vertex_id_map<pycudaboost::no_property, long unsigned int> >; typename pycudaboost::graph_traits<Graph>::vertex_descriptor = long unsigned int]’
      bpl-subset/bpl_subset/boost/graph/breadth_first_search.hpp:260:9:   required from ‘void pycudaboost::detail::bfs_helper(VertexListGraph&, typename pycudaboost::graph_traits<Graph>::vertex_descriptor, ColorMap, BFSVisitor, const pycudaboost::bgl_named_params<P, T, R>&, typename pycudaboost::enable_if_c<pycudaboost::is_base_and_derived<pycudaboost::vertex_list_graph_tag, typename pycudaboost::graph_traits<Graph>::traversal_category>::value, void>::type*) [with VertexListGraph = pycudaboost::reverse_graph<pycudaboost::adjacency_list<pycudaboost::vecS, pycudaboost::vecS, pycudaboost::bidirectionalS, pycudaboost::no_property, pycudaboost::property<pycudaboost::edge_index_t, long unsigned int, pycudaboost::property<pycudaboost::{anonymous}::edge_cast_t, void* (*)(void*)> > > >; ColorMap = pycudaboost::two_bit_color_map<pycudaboost::vec_adj_list_vertex_id_map<pycudaboost::no_property, long unsigned int> >; BFSVisitor = pycudaboost::bfs_visitor<pycudaboost::distance_recorder<pycudaboost::iterator_property_map<__gnu_cxx::__normal_iterator<long unsigned int*, std::vector<long unsigned int> >, pycudaboost::vec_adj_list_vertex_id_map<pycudaboost::no_property, long unsigned int>, long unsigned int, long unsigned int&>, pycudaboost::on_tree_edge> >; P = pycudaboost::bfs_visitor<pycudaboost::distance_recorder<pycudaboost::iterator_property_map<__gnu_cxx::__normal_iterator<long unsigned int*, std::vector<long unsigned int> >, pycudaboost::vec_adj_list_vertex_id_map<pycudaboost::no_property, long unsigned int>, long unsigned int, long unsigned int&>, pycudaboost::on_tree_edge> >; T = pycudaboost::graph_visitor_t; R = pycudaboost::no_property; typename pycudaboost::graph_traits<Graph>::vertex_descriptor = long unsigned int; typename pycudaboost::enable_if_c<pycudaboost::is_base_and_derived<pycudaboost::vertex_list_graph_tag, typename pycudaboost::graph_traits<Graph>::traversal_category>::value, void>::type = void; typename pycudaboost::graph_traits<Graph>::traversal_category = pycudaboost::bidir_adj_list_traversal_tag]’
      bpl-subset/bpl_subset/boost/graph/breadth_first_search.hpp:312:11:   required from ‘static void pycudaboost::detail::bfs_dispatch<pycudaboost::param_not_found>::apply(VertexListGraph&, typename pycudaboost::graph_traits<Graph>::vertex_descriptor, const pycudaboost::bgl_named_params<T, Tag, Base>&, pycudaboost::param_not_found) [with VertexListGraph = pycudaboost::reverse_graph<pycudaboost::adjacency_list<pycudaboost::vecS, pycudaboost::vecS, pycudaboost::bidirectionalS, pycudaboost::no_property, pycudaboost::property<pycudaboost::edge_index_t, long unsigned int, pycudaboost::property<pycudaboost::{anonymous}::edge_cast_t, void* (*)(void*)> > > >; P = pycudaboost::bfs_visitor<pycudaboost::distance_recorder<pycudaboost::iterator_property_map<__gnu_cxx::__normal_iterator<long unsigned int*, std::vector<long unsigned int> >, pycudaboost::vec_adj_list_vertex_id_map<pycudaboost::no_property, long unsigned int>, long unsigned int, long unsigned int&>, pycudaboost::on_tree_edge> >; T = pycudaboost::graph_visitor_t; R = pycudaboost::no_property; typename pycudaboost::graph_traits<Graph>::vertex_descriptor = long unsigned int]’
      bpl-subset/bpl_subset/boost/graph/breadth_first_search.hpp:339:35:   required from ‘void pycudaboost::breadth_first_search(const VertexListGraph&, typename pycudaboost::graph_traits<Graph>::vertex_descriptor, const pycudaboost::bgl_named_params<T, Tag, Base>&) [with VertexListGraph = pycudaboost::reverse_graph<pycudaboost::adjacency_list<pycudaboost::vecS, pycudaboost::vecS, pycudaboost::bidirectionalS, pycudaboost::no_property, pycudaboost::property<pycudaboost::edge_index_t, long unsigned int, pycudaboost::property<pycudaboost::{anonymous}::edge_cast_t, void* (*)(void*)> > > >; P = pycudaboost::bfs_visitor<pycudaboost::distance_recorder<pycudaboost::iterator_property_map<__gnu_cxx::__normal_iterator<long unsigned int*, std::vector<long unsigned int> >, pycudaboost::vec_adj_list_vertex_id_map<pycudaboost::no_property, long unsigned int>, long unsigned int, long unsigned int&>, pycudaboost::on_tree_edge> >; T = pycudaboost::graph_visitor_t; R = pycudaboost::no_property; typename pycudaboost::graph_traits<Graph>::vertex_descriptor = long unsigned int]’
      bpl-subset/bpl_subset/libs/python/src/object/inheritance.cpp:107:35:   required from here
      bpl-subset/bpl_subset/boost/concept/detail/general.hpp:38:47: warning: ‘this’ pointer is null [-Wnonnull]
         38 |     static void failed() { ((Model*)0)->~Model(); }
            |                            ~~~~~~~~~~~~~~~~~~~^~
      In file included from bpl-subset/bpl_subset/boost/concept_check.hpp:32,
                       from bpl-subset/bpl_subset/boost/property_map/property_map.hpp:18,
                       from bpl-subset/bpl_subset/boost/graph/graph_concepts.hpp:17,
                       from bpl-subset/bpl_subset/boost/graph/breadth_first_search.hpp:21,
                       from bpl-subset/bpl_subset/libs/python/src/object/inheritance.cpp:7:
      bpl-subset/bpl_subset/boost/concept/usage.hpp:22:5: note: in a call to non-static member function ‘pycudaboost::concepts::usage_requirements<Model>::~usage_requirements() [with Model = pycudaboost::Assignable<pycudaboost::transform_iterator<pycudaboost::detail::reverse_graph_edge_descriptor_maker<pycudaboost::detail::edge_desc_impl<pycudaboost::bidirectional_tag, long unsigned int> >, pycudaboost::detail::in_edge_iter<__gnu_cxx::__normal_iterator<pycudaboost::detail::stored_edge_iter<long unsigned int, std::_List_iterator<pycudaboost::list_edge<long unsigned int, pycudaboost::property<pycudaboost::edge_index_t, long unsigned int, pycudaboost::property<pycudaboost::{anonymous}::edge_cast_t, void* (*)(void*)> > > >, pycudaboost::property<pycudaboost::edge_index_t, long unsigned int, pycudaboost::property<pycudaboost::{anonymous}::edge_cast_t, void* (*)(void*)> > >*, std::vector<pycudaboost::detail::stored_edge_iter<long unsigned int, std::_List_iterator<pycudaboost::list_edge<long unsigned int, pycudaboost::property<pycudaboost::edge_index_t, long unsigned int, pycudaboost::property<pycudaboost::{anonymous}::edge_cast_t, void* (*)(void*)> > > >, pycudaboost::property<pycudaboost::edge_index_t, long unsigned int, pycudaboost::property<pycudaboost::{anonymous}::edge_cast_t, void* (*)(void*)> > >, std::allocator<pycudaboost::detail::stored_edge_iter<long unsigned int, std::_List_iterator<pycudaboost::list_edge<long unsigned int, pycudaboost::property<pycudaboost::edge_index_t, long unsigned int, pycudaboost::property<pycudaboost::{anonymous}::edge_cast_t, void* (*)(void*)> > > >, pycudaboost::property<pycudaboost::edge_index_t, long unsigned int, pycudaboost::property<pycudaboost::{anonymous}::edge_cast_t, void* (*)(void*)> > > > > >, long unsigned int, pycudaboost::detail::edge_desc_impl<pycudaboost::bidirectional_tag, long unsigned int>, long int>, pycudaboost::use_default, pycudaboost::use_default> >]’
         22 |     ~usage_requirements() { ((Model*)0)->~Model(); }
            |     ^
      In file included from bpl-subset/bpl_subset/boost/concept/assert.hpp:36,
                       from bpl-subset/bpl_subset/boost/concept_check.hpp:20,
                       from bpl-subset/bpl_subset/boost/property_map/property_map.hpp:18,
                       from bpl-subset/bpl_subset/boost/graph/graph_concepts.hpp:17,
                       from bpl-subset/bpl_subset/boost/graph/breadth_first_search.hpp:21,
                       from bpl-subset/bpl_subset/libs/python/src/object/inheritance.cpp:7:
      bpl-subset/bpl_subset/boost/concept/detail/general.hpp: In instantiation of ‘static void pycudaboost::concepts::requirement<pycudaboost::concepts::failed************ Model::************>::failed() [with Model = pycudaboost::concepts::usage_requirements<pycudaboost::EqualityComparable<pycudaboost::transform_iterator<pycudaboost::detail::reverse_graph_edge_descriptor_maker<pycudaboost::detail::edge_desc_impl<pycudaboost::bidirectional_tag, long unsigned int> >, pycudaboost::detail::in_edge_iter<__gnu_cxx::__normal_iterator<pycudaboost::detail::stored_edge_iter<long unsigned int, std::_List_iterator<pycudaboost::list_edge<long unsigned int, pycudaboost::property<pycudaboost::edge_index_t, long unsigned int, pycudaboost::property<pycudaboost::{anonymous}::edge_cast_t, void* (*)(void*)> > > >, pycudaboost::property<pycudaboost::edge_index_t, long unsigned int, pycudaboost::property<pycudaboost::{anonymous}::edge_cast_t, void* (*)(void*)> > >*, std::vector<pycudaboost::detail::stored_edge_iter<long unsigned int, std::_List_iterator<pycudaboost::list_edge<long unsigned int, pycudaboost::property<pycudaboost::edge_index_t, long unsigned int, pycudaboost::property<pycudaboost::{anonymous}::edge_cast_t, void* (*)(void*)> > > >, pycudaboost::property<pycudaboost::edge_index_t, long unsigned int, pycudaboost::property<pycudaboost::{anonymous}::edge_cast_t, void* (*)(void*)> > >, std::allocator<pycudaboost::detail::stored_edge_iter<long unsigned int, std::_List_iterator<pycudaboost::list_edge<long unsigned int, pycudaboost::property<pycudaboost::edge_index_t, long unsigned int, pycudaboost::property<pycudaboost::{anonymous}::edge_cast_t, void* (*)(void*)> > > >, pycudaboost::property<pycudaboost::edge_index_t, long unsigned int, pycudaboost::property<pycudaboost::{anonymous}::edge_cast_t, void* (*)(void*)> > > > > >, long unsigned int, pycudaboost::detail::edge_desc_impl<pycudaboost::bidirectional_tag, long unsigned int>, long int>, pycudaboost::use_default, pycudaboost::use_default> > >]’:
      bpl-subset/bpl_subset/boost/concept_check.hpp:236:5:   required from ‘struct pycudaboost::EqualityComparable<pycudaboost::transform_iterator<pycudaboost::detail::reverse_graph_edge_descriptor_maker<pycudaboost::detail::edge_desc_impl<pycudaboost::bidirectional_tag, long unsigned int> >, pycudaboost::detail::in_edge_iter<__gnu_cxx::__normal_iterator<pycudaboost::detail::stored_edge_iter<long unsigned int, std::_List_iterator<pycudaboost::list_edge<long unsigned int, pycudaboost::property<pycudaboost::edge_index_t, long unsigned int, pycudaboost::property<pycudaboost::{anonymous}::edge_cast_t, void* (*)(void*)> > > >, pycudaboost::property<pycudaboost::edge_index_t, long unsigned int, pycudaboost::property<pycudaboost::{anonymous}::edge_cast_t, void* (*)(void*)> > >*, std::vector<pycudaboost::detail::stored_edge_iter<long unsigned int, std::_List_iterator<pycudaboost::list_edge<long unsigned int, pycudaboost::property<pycudaboost::edge_index_t, long unsigned int, pycudaboost::property<pycudaboost::{anonymous}::edge_cast_t, void* (*)(void*)> > > >, pycudaboost::property<pycudaboost::edge_index_t, long unsigned int, pycudaboost::property<pycudaboost::{anonymous}::edge_cast_t, void* (*)(void*)> > >, std::allocator<pycudaboost::detail::stored_edge_iter<long unsigned int, std::_List_iterator<pycudaboost::list_edge<long unsigned int, pycudaboost::property<pycudaboost::edge_index_t, long unsigned int, pycudaboost::property<pycudaboost::{anonymous}::edge_cast_t, void* (*)(void*)> > > >, pycudaboost::property<pycudaboost::edge_index_t, long unsigned int, pycudaboost::property<pycudaboost::{anonymous}::edge_cast_t, void* (*)(void*)> > > > > >, long unsigned int, pycudaboost::detail::edge_desc_impl<pycudaboost::bidirectional_tag, long unsigned int>, long int>, pycudaboost::use_default, pycudaboost::use_default> >’
      bpl-subset/bpl_subset/boost/concept_check.hpp:505:3:   required from ‘struct pycudaboost::InputIterator<pycudaboost::transform_iterator<pycudaboost::detail::reverse_graph_edge_descriptor_maker<pycudaboost::detail::edge_desc_impl<pycudaboost::bidirectional_tag, long unsigned int> >, pycudaboost::detail::in_edge_iter<__gnu_cxx::__normal_iterator<pycudaboost::detail::stored_edge_iter<long unsigned int, std::_List_iterator<pycudaboost::list_edge<long unsigned int, pycudaboost::property<pycudaboost::edge_index_t, long unsigned int, pycudaboost::property<pycudaboost::{anonymous}::edge_cast_t, void* (*)(void*)> > > >, pycudaboost::property<pycudaboost::edge_index_t, long unsigned int, pycudaboost::property<pycudaboost::{anonymous}::edge_cast_t, void* (*)(void*)> > >*, std::vector<pycudaboost::detail::stored_edge_iter<long unsigned int, std::_List_iterator<pycudaboost::list_edge<long unsigned int, pycudaboost::property<pycudaboost::edge_index_t, long unsigned int, pycudaboost::property<pycudaboost::{anonymous}::edge_cast_t, void* (*)(void*)> > > >, pycudaboost::property<pycudaboost::edge_index_t, long unsigned int, pycudaboost::property<pycudaboost::{anonymous}::edge_cast_t, void* (*)(void*)> > >, std::allocator<pycudaboost::detail::stored_edge_iter<long unsigned int, std::_List_iterator<pycudaboost::list_edge<long unsigned int, pycudaboost::property<pycudaboost::edge_index_t, long unsigned int, pycudaboost::property<pycudaboost::{anonymous}::edge_cast_t, void* (*)(void*)> > > >, pycudaboost::property<pycudaboost::edge_index_t, long unsigned int, pycudaboost::property<pycudaboost::{anonymous}::edge_cast_t, void* (*)(void*)> > > > > >, long unsigned int, pycudaboost::detail::edge_desc_impl<pycudaboost::bidirectional_tag, long unsigned int>, long int>, pycudaboost::use_default, pycudaboost::use_default> >’
      bpl-subset/bpl_subset/boost/concept/detail/has_constraints.hpp:32:62:   required by substitution of ‘template<class Model> pycudaboost::concepts::detail::yes pycudaboost::concepts::detail::has_constraints_(Model*, pycudaboost::concepts::detail::wrap_constraints<Model, (& Model::constraints)>*) [with Model = pycudaboost::InputIterator<pycudaboost::transform_iterator<pycudaboost::detail::reverse_graph_edge_descriptor_maker<pycudaboost::detail::edge_desc_impl<pycudaboost::bidirectional_tag, long unsigned int> >, pycudaboost::detail::in_edge_iter<__gnu_cxx::__normal_iterator<pycudaboost::detail::stored_edge_iter<long unsigned int, std::_List_iterator<pycudaboost::list_edge<long unsigned int, pycudaboost::property<pycudaboost::edge_index_t, long unsigned int, pycudaboost::property<pycudaboost::{anonymous}::edge_cast_t, void* (*)(void*)> > > >, pycudaboost::property<pycudaboost::edge_index_t, long unsigned int, pycudaboost::property<pycudaboost::{anonymous}::edge_cast_t, void* (*)(void*)> > >*, std::vector<pycudaboost::detail::stored_edge_iter<long unsigned int, std::_List_iterator<pycudaboost::list_edge<long unsigned int, pycudaboost::property<pycudaboost::edge_index_t, long unsigned int, pycudaboost::property<pycudaboost::{anonymous}::edge_cast_t, void* (*)(void*)> > > >, pycudaboost::property<pycudaboost::edge_index_t, long unsigned int, pycudaboost::property<pycudaboost::{anonymous}::edge_cast_t, void* (*)(void*)> > >, std::allocator<pycudaboost::detail::stored_edge_iter<long unsigned int, std::_List_iterator<pycudaboost::list_edge<long unsigned int, pycudaboost::property<pycudaboost::edge_index_t, long unsigned int, pycudaboost::property<pycudaboost::{anonymous}::edge_cast_t, void* (*)(void*)> > > >, pycudaboost::property<pycudaboost::edge_index_t, long unsigned int, pycudaboost::property<pycudaboost::{anonymous}::edge_cast_t, void* (*)(void*)> > > > > >, long unsigned int, pycudaboost::detail::edge_desc_impl<pycudaboost::bidirectional_tag, long unsigned int>, long int>, pycudaboost::use_default, pycudaboost::use_default> >]’
      bpl-subset/bpl_subset/boost/concept/detail/has_constraints.hpp:42:5:   required from ‘const bool pycudaboost::concepts::not_satisfied<pycudaboost::InputIterator<pycudaboost::transform_iterator<pycudaboost::detail::reverse_graph_edge_descriptor_maker<pycudaboost::detail::edge_desc_impl<pycudaboost::bidirectional_tag, long unsigned int> >, pycudaboost::detail::in_edge_iter<__gnu_cxx::__normal_iterator<pycudaboost::detail::stored_edge_iter<long unsigned int, std::_List_iterator<pycudaboost::list_edge<long unsigned int, pycudaboost::property<pycudaboost::edge_index_t, long unsigned int, pycudaboost::property<pycudaboost::{anonymous}::edge_cast_t, void* (*)(void*)> > > >, pycudaboost::property<pycudaboost::edge_index_t, long unsigned int, pycudaboost::property<pycudaboost::{anonymous}::edge_cast_t, void* (*)(void*)> > >*, std::vector<pycudaboost::detail::stored_edge_iter<long unsigned int, std::_List_iterator<pycudaboost::list_edge<long unsigned int, pycudaboost::property<pycudaboost::edge_index_t, long unsigned int, pycudaboost::property<pycudaboost::{anonymous}::edge_cast_t, void* (*)(void*)> > > >, pycudaboost::property<pycudaboost::edge_index_t, long unsigned int, pycudaboost::property<pycudaboost::{anonymous}::edge_cast_t, void* (*)(void*)> > >, std::allocator<pycudaboost::detail::stored_edge_iter<long unsigned int, std::_List_iterator<pycudaboost::list_edge<long unsigned int, pycudaboost::property<pycudaboost::edge_index_t, long unsigned int, pycudaboost::property<pycudaboost::{anonymous}::edge_cast_t, void* (*)(void*)> > > >, pycudaboost::property<pycudaboost::edge_index_t, long unsigned int, pycudaboost::property<pycudaboost::{anonymous}::edge_cast_t, void* (*)(void*)> > > > > >, long unsigned int, pycudaboost::detail::edge_desc_impl<pycudaboost::bidirectional_tag, long unsigned int>, long int>, pycudaboost::use_default, pycudaboost::use_default> > >::value’
      bpl-subset/bpl_subset/boost/concept/detail/has_constraints.hpp:45:31:   required from ‘struct pycudaboost::concepts::not_satisfied<pycudaboost::InputIterator<pycudaboost::transform_iterator<pycudaboost::detail::reverse_graph_edge_descriptor_maker<pycudaboost::detail::edge_desc_impl<pycudaboost::bidirectional_tag, long unsigned int> >, pycudaboost::detail::in_edge_iter<__gnu_cxx::__normal_iterator<pycudaboost::detail::stored_edge_iter<long unsigned int, std::_List_iterator<pycudaboost::list_edge<long unsigned int, pycudaboost::property<pycudaboost::edge_index_t, long unsigned int, pycudaboost::property<pycudaboost::{anonymous}::edge_cast_t, void* (*)(void*)> > > >, pycudaboost::property<pycudaboost::edge_index_t, long unsigned int, pycudaboost::property<pycudaboost::{anonymous}::edge_cast_t, void* (*)(void*)> > >*, std::vector<pycudaboost::detail::stored_edge_iter<long unsigned int, std::_List_iterator<pycudaboost::list_edge<long unsigned int, pycudaboost::property<pycudaboost::edge_index_t, long unsigned int, pycudaboost::property<pycudaboost::{anonymous}::edge_cast_t, void* (*)(void*)> > > >, pycudaboost::property<pycudaboost::edge_index_t, long unsigned int, pycudaboost::property<pycudaboost::{anonymous}::edge_cast_t, void* (*)(void*)> > >, std::allocator<pycudaboost::detail::stored_edge_iter<long unsigned int, std::_List_iterator<pycudaboost::list_edge<long unsigned int, pycudaboost::property<pycudaboost::edge_index_t, long unsigned int, pycudaboost::property<pycudaboost::{anonymous}::edge_cast_t, void* (*)(void*)> > > >, pycudaboost::property<pycudaboost::edge_index_t, long unsigned int, pycudaboost::property<pycudaboost::{anonymous}::edge_cast_t, void* (*)(void*)> > > > > >, long unsigned int, pycudaboost::detail::edge_desc_impl<pycudaboost::bidirectional_tag, long unsigned int>, long int>, pycudaboost::use_default, pycudaboost::use_default> > >’
      bpl-subset/bpl_subset/boost/mpl/if.hpp:63:11:   [ skipping 7 instantiation contexts, use -ftemplate-backtrace-limit=0 to disable ]
      bpl-subset/bpl_subset/boost/graph/breadth_first_search.hpp:125:24:   required from ‘void pycudaboost::breadth_first_search(const VertexListGraph&, SourceIterator, SourceIterator, Buffer&, BFSVisitor, ColorMap) [with VertexListGraph = pycudaboost::reverse_graph<pycudaboost::adjacency_list<pycudaboost::vecS, pycudaboost::vecS, pycudaboost::bidirectionalS, pycudaboost::no_property, pycudaboost::property<pycudaboost::edge_index_t, long unsigned int, pycudaboost::property<pycudaboost::{anonymous}::edge_cast_t, void* (*)(void*)> > > >; SourceIterator = long unsigned int*; Buffer = pycudaboost::queue<long unsigned int, std::deque<long unsigned int, std::allocator<long unsigned int> > >; BFSVisitor = pycudaboost::bfs_visitor<pycudaboost::distance_recorder<pycudaboost::iterator_property_map<__gnu_cxx::__normal_iterator<long unsigned int*, std::vector<long unsigned int> >, pycudaboost::vec_adj_list_vertex_id_map<pycudaboost::no_property, long unsigned int>, long unsigned int, long unsigned int&>, pycudaboost::on_tree_edge> >; ColorMap = pycudaboost::two_bit_color_map<pycudaboost::vec_adj_list_vertex_id_map<pycudaboost::no_property, long unsigned int> >]’
      bpl-subset/bpl_subset/boost/graph/breadth_first_search.hpp:136:25:   required from ‘void pycudaboost::breadth_first_search(const VertexListGraph&, typename pycudaboost::graph_traits<Graph>::vertex_descriptor, Buffer&, BFSVisitor, ColorMap) [with VertexListGraph = pycudaboost::reverse_graph<pycudaboost::adjacency_list<pycudaboost::vecS, pycudaboost::vecS, pycudaboost::bidirectionalS, pycudaboost::no_property, pycudaboost::property<pycudaboost::edge_index_t, long unsigned int, pycudaboost::property<pycudaboost::{anonymous}::edge_cast_t, void* (*)(void*)> > > >; Buffer = pycudaboost::queue<long unsigned int, std::deque<long unsigned int, std::allocator<long unsigned int> > >; BFSVisitor = pycudaboost::bfs_visitor<pycudaboost::distance_recorder<pycudaboost::iterator_property_map<__gnu_cxx::__normal_iterator<long unsigned int*, std::vector<long unsigned int> >, pycudaboost::vec_adj_list_vertex_id_map<pycudaboost::no_property, long unsigned int>, long unsigned int, long unsigned int&>, pycudaboost::on_tree_edge> >; ColorMap = pycudaboost::two_bit_color_map<pycudaboost::vec_adj_list_vertex_id_map<pycudaboost::no_property, long unsigned int> >; typename pycudaboost::graph_traits<Graph>::vertex_descriptor = long unsigned int]’
      bpl-subset/bpl_subset/boost/graph/breadth_first_search.hpp:260:9:   required from ‘void pycudaboost::detail::bfs_helper(VertexListGraph&, typename pycudaboost::graph_traits<Graph>::vertex_descriptor, ColorMap, BFSVisitor, const pycudaboost::bgl_named_params<P, T, R>&, typename pycudaboost::enable_if_c<pycudaboost::is_base_and_derived<pycudaboost::vertex_list_graph_tag, typename pycudaboost::graph_traits<Graph>::traversal_category>::value, void>::type*) [with VertexListGraph = pycudaboost::reverse_graph<pycudaboost::adjacency_list<pycudaboost::vecS, pycudaboost::vecS, pycudaboost::bidirectionalS, pycudaboost::no_property, pycudaboost::property<pycudaboost::edge_index_t, long unsigned int, pycudaboost::property<pycudaboost::{anonymous}::edge_cast_t, void* (*)(void*)> > > >; ColorMap = pycudaboost::two_bit_color_map<pycudaboost::vec_adj_list_vertex_id_map<pycudaboost::no_property, long unsigned int> >; BFSVisitor = pycudaboost::bfs_visitor<pycudaboost::distance_recorder<pycudaboost::iterator_property_map<__gnu_cxx::__normal_iterator<long unsigned int*, std::vector<long unsigned int> >, pycudaboost::vec_adj_list_vertex_id_map<pycudaboost::no_property, long unsigned int>, long unsigned int, long unsigned int&>, pycudaboost::on_tree_edge> >; P = pycudaboost::bfs_visitor<pycudaboost::distance_recorder<pycudaboost::iterator_property_map<__gnu_cxx::__normal_iterator<long unsigned int*, std::vector<long unsigned int> >, pycudaboost::vec_adj_list_vertex_id_map<pycudaboost::no_property, long unsigned int>, long unsigned int, long unsigned int&>, pycudaboost::on_tree_edge> >; T = pycudaboost::graph_visitor_t; R = pycudaboost::no_property; typename pycudaboost::graph_traits<Graph>::vertex_descriptor = long unsigned int; typename pycudaboost::enable_if_c<pycudaboost::is_base_and_derived<pycudaboost::vertex_list_graph_tag, typename pycudaboost::graph_traits<Graph>::traversal_category>::value, void>::type = void; typename pycudaboost::graph_traits<Graph>::traversal_category = pycudaboost::bidir_adj_list_traversal_tag]’
      bpl-subset/bpl_subset/boost/graph/breadth_first_search.hpp:312:11:   required from ‘static void pycudaboost::detail::bfs_dispatch<pycudaboost::param_not_found>::apply(VertexListGraph&, typename pycudaboost::graph_traits<Graph>::vertex_descriptor, const pycudaboost::bgl_named_params<T, Tag, Base>&, pycudaboost::param_not_found) [with VertexListGraph = pycudaboost::reverse_graph<pycudaboost::adjacency_list<pycudaboost::vecS, pycudaboost::vecS, pycudaboost::bidirectionalS, pycudaboost::no_property, pycudaboost::property<pycudaboost::edge_index_t, long unsigned int, pycudaboost::property<pycudaboost::{anonymous}::edge_cast_t, void* (*)(void*)> > > >; P = pycudaboost::bfs_visitor<pycudaboost::distance_recorder<pycudaboost::iterator_property_map<__gnu_cxx::__normal_iterator<long unsigned int*, std::vector<long unsigned int> >, pycudaboost::vec_adj_list_vertex_id_map<pycudaboost::no_property, long unsigned int>, long unsigned int, long unsigned int&>, pycudaboost::on_tree_edge> >; T = pycudaboost::graph_visitor_t; R = pycudaboost::no_property; typename pycudaboost::graph_traits<Graph>::vertex_descriptor = long unsigned int]’
      bpl-subset/bpl_subset/boost/graph/breadth_first_search.hpp:339:35:   required from ‘void pycudaboost::breadth_first_search(const VertexListGraph&, typename pycudaboost::graph_traits<Graph>::vertex_descriptor, const pycudaboost::bgl_named_params<T, Tag, Base>&) [with VertexListGraph = pycudaboost::reverse_graph<pycudaboost::adjacency_list<pycudaboost::vecS, pycudaboost::vecS, pycudaboost::bidirectionalS, pycudaboost::no_property, pycudaboost::property<pycudaboost::edge_index_t, long unsigned int, pycudaboost::property<pycudaboost::{anonymous}::edge_cast_t, void* (*)(void*)> > > >; P = pycudaboost::bfs_visitor<pycudaboost::distance_recorder<pycudaboost::iterator_property_map<__gnu_cxx::__normal_iterator<long unsigned int*, std::vector<long unsigned int> >, pycudaboost::vec_adj_list_vertex_id_map<pycudaboost::no_property, long unsigned int>, long unsigned int, long unsigned int&>, pycudaboost::on_tree_edge> >; T = pycudaboost::graph_visitor_t; R = pycudaboost::no_property; typename pycudaboost::graph_traits<Graph>::vertex_descriptor = long unsigned int]’
      bpl-subset/bpl_subset/libs/python/src/object/inheritance.cpp:107:35:   required from here
      bpl-subset/bpl_subset/boost/concept/detail/general.hpp:38:47: warning: ‘this’ pointer is null [-Wnonnull]
         38 |     static void failed() { ((Model*)0)->~Model(); }
            |                            ~~~~~~~~~~~~~~~~~~~^~
      In file included from bpl-subset/bpl_subset/boost/concept_check.hpp:32,
                       from bpl-subset/bpl_subset/boost/property_map/property_map.hpp:18,
                       from bpl-subset/bpl_subset/boost/graph/graph_concepts.hpp:17,
                       from bpl-subset/bpl_subset/boost/graph/breadth_first_search.hpp:21,
                       from bpl-subset/bpl_subset/libs/python/src/object/inheritance.cpp:7:
      bpl-subset/bpl_subset/boost/concept/usage.hpp:22:5: note: in a call to non-static member function ‘pycudaboost::concepts::usage_requirements<Model>::~usage_requirements() [with Model = pycudaboost::EqualityComparable<pycudaboost::transform_iterator<pycudaboost::detail::reverse_graph_edge_descriptor_maker<pycudaboost::detail::edge_desc_impl<pycudaboost::bidirectional_tag, long unsigned int> >, pycudaboost::detail::in_edge_iter<__gnu_cxx::__normal_iterator<pycudaboost::detail::stored_edge_iter<long unsigned int, std::_List_iterator<pycudaboost::list_edge<long unsigned int, pycudaboost::property<pycudaboost::edge_index_t, long unsigned int, pycudaboost::property<pycudaboost::{anonymous}::edge_cast_t, void* (*)(void*)> > > >, pycudaboost::property<pycudaboost::edge_index_t, long unsigned int, pycudaboost::property<pycudaboost::{anonymous}::edge_cast_t, void* (*)(void*)> > >*, std::vector<pycudaboost::detail::stored_edge_iter<long unsigned int, std::_List_iterator<pycudaboost::list_edge<long unsigned int, pycudaboost::property<pycudaboost::edge_index_t, long unsigned int, pycudaboost::property<pycudaboost::{anonymous}::edge_cast_t, void* (*)(void*)> > > >, pycudaboost::property<pycudaboost::edge_index_t, long unsigned int, pycudaboost::property<pycudaboost::{anonymous}::edge_cast_t, void* (*)(void*)> > >, std::allocator<pycudaboost::detail::stored_edge_iter<long unsigned int, std::_List_iterator<pycudaboost::list_edge<long unsigned int, pycudaboost::property<pycudaboost::edge_index_t, long unsigned int, pycudaboost::property<pycudaboost::{anonymous}::edge_cast_t, void* (*)(void*)> > > >, pycudaboost::property<pycudaboost::edge_index_t, long unsigned int, pycudaboost::property<pycudaboost::{anonymous}::edge_cast_t, void* (*)(void*)> > > > > >, long unsigned int, pycudaboost::detail::edge_desc_impl<pycudaboost::bidirectional_tag, long unsigned int>, long int>, pycudaboost::use_default, pycudaboost::use_default> >]’
         22 |     ~usage_requirements() { ((Model*)0)->~Model(); }
            |     ^
      In file included from bpl-subset/bpl_subset/boost/concept/assert.hpp:36,
                       from bpl-subset/bpl_subset/boost/concept_check.hpp:20,
                       from bpl-subset/bpl_subset/boost/property_map/property_map.hpp:18,
                       from bpl-subset/bpl_subset/boost/graph/graph_concepts.hpp:17,
                       from bpl-subset/bpl_subset/boost/graph/breadth_first_search.hpp:21,
                       from bpl-subset/bpl_subset/libs/python/src/object/inheritance.cpp:7:
      bpl-subset/bpl_subset/boost/concept/detail/general.hpp: In instantiation of ‘static void pycudaboost::concepts::requirement<pycudaboost::concepts::failed************ Model::************>::failed() [with Model = pycudaboost::concepts::usage_requirements<pycudaboost::InputIterator<pycudaboost::transform_iterator<pycudaboost::detail::reverse_graph_edge_descriptor_maker<pycudaboost::detail::edge_desc_impl<pycudaboost::bidirectional_tag, long unsigned int> >, pycudaboost::detail::in_edge_iter<__gnu_cxx::__normal_iterator<pycudaboost::detail::stored_edge_iter<long unsigned int, std::_List_iterator<pycudaboost::list_edge<long unsigned int, pycudaboost::property<pycudaboost::edge_index_t, long unsigned int, pycudaboost::property<pycudaboost::{anonymous}::edge_cast_t, void* (*)(void*)> > > >, pycudaboost::property<pycudaboost::edge_index_t, long unsigned int, pycudaboost::property<pycudaboost::{anonymous}::edge_cast_t, void* (*)(void*)> > >*, std::vector<pycudaboost::detail::stored_edge_iter<long unsigned int, std::_List_iterator<pycudaboost::list_edge<long unsigned int, pycudaboost::property<pycudaboost::edge_index_t, long unsigned int, pycudaboost::property<pycudaboost::{anonymous}::edge_cast_t, void* (*)(void*)> > > >, pycudaboost::property<pycudaboost::edge_index_t, long unsigned int, pycudaboost::property<pycudaboost::{anonymous}::edge_cast_t, void* (*)(void*)> > >, std::allocator<pycudaboost::detail::stored_edge_iter<long unsigned int, std::_List_iterator<pycudaboost::list_edge<long unsigned int, pycudaboost::property<pycudaboost::edge_index_t, long unsigned int, pycudaboost::property<pycudaboost::{anonymous}::edge_cast_t, void* (*)(void*)> > > >, pycudaboost::property<pycudaboost::edge_index_t, long unsigned int, pycudaboost::property<pycudaboost::{anonymous}::edge_cast_t, void* (*)(void*)> > > > > >, long unsigned int, pycudaboost::detail::edge_desc_impl<pycudaboost::bidirectional_tag, long unsigned int>, long int>, pycudaboost::use_default, pycudaboost::use_default> > >]’:
      bpl-subset/bpl_subset/boost/concept_check.hpp:515:7:   required from ‘struct pycudaboost::InputIterator<pycudaboost::transform_iterator<pycudaboost::detail::reverse_graph_edge_descriptor_maker<pycudaboost::detail::edge_desc_impl<pycudaboost::bidirectional_tag, long unsigned int> >, pycudaboost::detail::in_edge_iter<__gnu_cxx::__normal_iterator<pycudaboost::detail::stored_edge_iter<long unsigned int, std::_List_iterator<pycudaboost::list_edge<long unsigned int, pycudaboost::property<pycudaboost::edge_index_t, long unsigned int, pycudaboost::property<pycudaboost::{anonymous}::edge_cast_t, void* (*)(void*)> > > >, pycudaboost::property<pycudaboost::edge_index_t, long unsigned int, pycudaboost::property<pycudaboost::{anonymous}::edge_cast_t, void* (*)(void*)> > >*, std::vector<pycudaboost::detail::stored_edge_iter<long unsigned int, std::_List_iterator<pycudaboost::list_edge<long unsigned int, pycudaboost::property<pycudaboost::edge_index_t, long unsigned int, pycudaboost::property<pycudaboost::{anonymous}::edge_cast_t, void* (*)(void*)> > > >, pycudaboost::property<pycudaboost::edge_index_t, long unsigned int, pycudaboost::property<pycudaboost::{anonymous}::edge_cast_t, void* (*)(void*)> > >, std::allocator<pycudaboost::detail::stored_edge_iter<long unsigned int, std::_List_iterator<pycudaboost::list_edge<long unsigned int, pycudaboost::property<pycudaboost::edge_index_t, long unsigned int, pycudaboost::property<pycudaboost::{anonymous}::edge_cast_t, void* (*)(void*)> > > >, pycudaboost::property<pycudaboost::edge_index_t, long unsigned int, pycudaboost::property<pycudaboost::{anonymous}::edge_cast_t, void* (*)(void*)> > > > > >, long unsigned int, pycudaboost::detail::edge_desc_impl<pycudaboost::bidirectional_tag, long unsigned int>, long int>, pycudaboost::use_default, pycudaboost::use_default> >’
      bpl-subset/bpl_subset/boost/concept/detail/has_constraints.hpp:32:62:   required by substitution of ‘template<class Model> pycudaboost::concepts::detail::yes pycudaboost::concepts::detail::has_constraints_(Model*, pycudaboost::concepts::detail::wrap_constraints<Model, (& Model::constraints)>*) [with Model = pycudaboost::InputIterator<pycudaboost::transform_iterator<pycudaboost::detail::reverse_graph_edge_descriptor_maker<pycudaboost::detail::edge_desc_impl<pycudaboost::bidirectional_tag, long unsigned int> >, pycudaboost::detail::in_edge_iter<__gnu_cxx::__normal_iterator<pycudaboost::detail::stored_edge_iter<long unsigned int, std::_List_iterator<pycudaboost::list_edge<long unsigned int, pycudaboost::property<pycudaboost::edge_index_t, long unsigned int, pycudaboost::property<pycudaboost::{anonymous}::edge_cast_t, void* (*)(void*)> > > >, pycudaboost::property<pycudaboost::edge_index_t, long unsigned int, pycudaboost::property<pycudaboost::{anonymous}::edge_cast_t, void* (*)(void*)> > >*, std::vector<pycudaboost::detail::stored_edge_iter<long unsigned int, std::_List_iterator<pycudaboost::list_edge<long unsigned int, pycudaboost::property<pycudaboost::edge_index_t, long unsigned int, pycudaboost::property<pycudaboost::{anonymous}::edge_cast_t, void* (*)(void*)> > > >, pycudaboost::property<pycudaboost::edge_index_t, long unsigned int, pycudaboost::property<pycudaboost::{anonymous}::edge_cast_t, void* (*)(void*)> > >, std::allocator<pycudaboost::detail::stored_edge_iter<long unsigned int, std::_List_iterator<pycudaboost::list_edge<long unsigned int, pycudaboost::property<pycudaboost::edge_index_t, long unsigned int, pycudaboost::property<pycudaboost::{anonymous}::edge_cast_t, void* (*)(void*)> > > >, pycudaboost::property<pycudaboost::edge_index_t, long unsigned int, pycudaboost::property<pycudaboost::{anonymous}::edge_cast_t, void* (*)(void*)> > > > > >, long unsigned int, pycudaboost::detail::edge_desc_impl<pycudaboost::bidirectional_tag, long unsigned int>, long int>, pycudaboost::use_default, pycudaboost::use_default> >]’
      bpl-subset/bpl_subset/boost/concept/detail/has_constraints.hpp:42:5:   required from ‘const bool pycudaboost::concepts::not_satisfied<pycudaboost::InputIterator<pycudaboost::transform_iterator<pycudaboost::detail::reverse_graph_edge_descriptor_maker<pycudaboost::detail::edge_desc_impl<pycudaboost::bidirectional_tag, long unsigned int> >, pycudaboost::detail::in_edge_iter<__gnu_cxx::__normal_iterator<pycudaboost::detail::stored_edge_iter<long unsigned int, std::_List_iterator<pycudaboost::list_edge<long unsigned int, pycudaboost::property<pycudaboost::edge_index_t, long unsigned int, pycudaboost::property<pycudaboost::{anonymous}::edge_cast_t, void* (*)(void*)> > > >, pycudaboost::property<pycudaboost::edge_index_t, long unsigned int, pycudaboost::property<pycudaboost::{anonymous}::edge_cast_t, void* (*)(void*)> > >*, std::vector<pycudaboost::detail::stored_edge_iter<long unsigned int, std::_List_iterator<pycudaboost::list_edge<long unsigned int, pycudaboost::property<pycudaboost::edge_index_t, long unsigned int, pycudaboost::property<pycudaboost::{anonymous}::edge_cast_t, void* (*)(void*)> > > >, pycudaboost::property<pycudaboost::edge_index_t, long unsigned int, pycudaboost::property<pycudaboost::{anonymous}::edge_cast_t, void* (*)(void*)> > >, std::allocator<pycudaboost::detail::stored_edge_iter<long unsigned int, std::_List_iterator<pycudaboost::list_edge<long unsigned int, pycudaboost::property<pycudaboost::edge_index_t, long unsigned int, pycudaboost::property<pycudaboost::{anonymous}::edge_cast_t, void* (*)(void*)> > > >, pycudaboost::property<pycudaboost::edge_index_t, long unsigned int, pycudaboost::property<pycudaboost::{anonymous}::edge_cast_t, void* (*)(void*)> > > > > >, long unsigned int, pycudaboost::detail::edge_desc_impl<pycudaboost::bidirectional_tag, long unsigned int>, long int>, pycudaboost::use_default, pycudaboost::use_default> > >::value’
      bpl-subset/bpl_subset/boost/concept/detail/has_constraints.hpp:45:31:   required from ‘struct pycudaboost::concepts::not_satisfied<pycudaboost::InputIterator<pycudaboost::transform_iterator<pycudaboost::detail::reverse_graph_edge_descriptor_maker<pycudaboost::detail::edge_desc_impl<pycudaboost::bidirectional_tag, long unsigned int> >, pycudaboost::detail::in_edge_iter<__gnu_cxx::__normal_iterator<pycudaboost::detail::stored_edge_iter<long unsigned int, std::_List_iterator<pycudaboost::list_edge<long unsigned int, pycudaboost::property<pycudaboost::edge_index_t, long unsigned int, pycudaboost::property<pycudaboost::{anonymous}::edge_cast_t, void* (*)(void*)> > > >, pycudaboost::property<pycudaboost::edge_index_t, long unsigned int, pycudaboost::property<pycudaboost::{anonymous}::edge_cast_t, void* (*)(void*)> > >*, std::vector<pycudaboost::detail::stored_edge_iter<long unsigned int, std::_List_iterator<pycudaboost::list_edge<long unsigned int, pycudaboost::property<pycudaboost::edge_index_t, long unsigned int, pycudaboost::property<pycudaboost::{anonymous}::edge_cast_t, void* (*)(void*)> > > >, pycudaboost::property<pycudaboost::edge_index_t, long unsigned int, pycudaboost::property<pycudaboost::{anonymous}::edge_cast_t, void* (*)(void*)> > >, std::allocator<pycudaboost::detail::stored_edge_iter<long unsigned int, std::_List_iterator<pycudaboost::list_edge<long unsigned int, pycudaboost::property<pycudaboost::edge_index_t, long unsigned int, pycudaboost::property<pycudaboost::{anonymous}::edge_cast_t, void* (*)(void*)> > > >, pycudaboost::property<pycudaboost::edge_index_t, long unsigned int, pycudaboost::property<pycudaboost::{anonymous}::edge_cast_t, void* (*)(void*)> > > > > >, long unsigned int, pycudaboost::detail::edge_desc_impl<pycudaboost::bidirectional_tag, long unsigned int>, long int>, pycudaboost::use_default, pycudaboost::use_default> > >’
      bpl-subset/bpl_subset/boost/mpl/if.hpp:63:11:   required from ‘struct pycudaboost::mpl::if_<pycudaboost::concepts::not_satisfied<pycudaboost::InputIterator<pycudaboost::transform_iterator<pycudaboost::detail::reverse_graph_edge_descriptor_maker<pycudaboost::detail::edge_desc_impl<pycudaboost::bidirectional_tag, long unsigned int> >, pycudaboost::detail::in_edge_iter<__gnu_cxx::__normal_iterator<pycudaboost::detail::stored_edge_iter<long unsigned int, std::_List_iterator<pycudaboost::list_edge<long unsigned int, pycudaboost::property<pycudaboost::edge_index_t, long unsigned int, pycudaboost::property<pycudaboost::{anonymous}::edge_cast_t, void* (*)(void*)> > > >, pycudaboost::property<pycudaboost::edge_index_t, long unsigned int, pycudaboost::property<pycudaboost::{anonymous}::edge_cast_t, void* (*)(void*)> > >*, std::vector<pycudaboost::detail::stored_edge_iter<long unsigned int, std::_List_iterator<pycudaboost::list_edge<long unsigned int, pycudaboost::property<pycudaboost::edge_index_t, long unsigned int, pycudaboost::property<pycudaboost::{anonymous}::edge_cast_t, void* (*)(void*)> > > >, pycudaboost::property<pycudaboost::edge_index_t, long unsigned int, pycudaboost::property<pycudaboost::{anonymous}::edge_cast_t, void* (*)(void*)> > >, std::allocator<pycudaboost::detail::stored_edge_iter<long unsigned int, std::_List_iterator<pycudaboost::list_edge<long unsigned int, pycudaboost::property<pycudaboost::edge_index_t, long unsigned int, pycudaboost::property<pycudaboost::{anonymous}::edge_cast_t, void* (*)(void*)> > > >, pycudaboost::property<pycudaboost::edge_index_t, long unsigned int, pycudaboost::property<pycudaboost::{anonymous}::edge_cast_t, void* (*)(void*)> > > > > >, long unsigned int, pycudaboost::detail::edge_desc_impl<pycudaboost::bidirectional_tag, long unsigned int>, long int>, pycudaboost::use_default, pycudaboost::use_default> > >, pycudaboost::concepts::constraint<pycudaboost::InputIterator<pycudaboost::transform_iterator<pycudaboost::detail::reverse_graph_edge_descriptor_maker<pycudaboost::detail::edge_desc_impl<pycudaboost::bidirectional_tag, long unsigned int> >, pycudaboost::detail::in_edge_iter<__gnu_cxx::__normal_iterator<pycudaboost::detail::stored_edge_iter<long unsigned int, std::_List_iterator<pycudaboost::list_edge<long unsigned int, pycudaboost::property<pycudaboost::edge_index_t, long unsigned int, pycudaboost::property<pycudaboost::{anonymous}::edge_cast_t, void* (*)(void*)> > > >, pycudaboost::property<pycudaboost::edge_index_t, long unsigned int, pycudaboost::property<pycudaboost::{anonymous}::edge_cast_t, void* (*)(void*)> > >*, std::vector<pycudaboost::detail::stored_edge_iter<long unsigned int, std::_List_iterator<pycudaboost::list_edge<long unsigned int, pycudaboost::property<pycudaboost::edge_index_t, long unsigned int, pycudaboost::property<pycudaboost::{anonymous}::edge_cast_t, void* (*)(void*)> > > >, pycudaboost::property<pycudaboost::edge_index_t, long unsigned int, pycudaboost::property<pycudaboost::{anonymous}::edge_cast_t, void* (*)(void*)> > >, std::allocator<pycudaboost::detail::stored_edge_iter<long unsigned int, std::_List_iterator<pycudaboost::list_edge<long unsigned int, pycudaboost::property<pycudaboost::edge_index_t, long unsigned int, pycudaboost::property<pycudaboost::{anonymous}::edge_cast_t, void* (*)(void*)> > > >, pycudaboost::property<pycudaboost::edge_index_t, long unsigned int, pycudaboost::property<pycudaboost::{anonymous}::edge_cast_t, void* (*)(void*)> > > > > >, long unsigned int, pycudaboost::detail::edge_desc_impl<pycudaboost::bidirectional_tag, long unsigned int>, long int>, pycudaboost::use_default, pycudaboost::use_default> > >, pycudaboost::concepts::requirement<pycudaboost::concepts::failed************ pycudaboost::InputIterator<pycudaboost::transform_iterator<pycudaboost::detail::reverse_graph_edge_descriptor_maker<pycudaboost::detail::edge_desc_impl<pycudaboost::bidirectional_tag, long unsigned int> >, pycudaboost::detail::in_edge_iter<__gnu_cxx::__normal_iterator<pycudaboost::detail::stored_edge_iter<long unsigned int, std::_List_iterator<pycudaboost::list_edge<long unsigned int, pycudaboost::property<pycudaboost::edge_index_t, long unsigned int, pycudaboost::property<pycudaboost::{anonymous}::edge_cast_t, void* (*)(void*)> > > >, pycudaboost::property<pycudaboost::edge_index_t, long unsigned int, pycudaboost::property<pycudaboost::{anonymous}::edge_cast_t, void* (*)(void*)> > >*, std::vector<pycudaboost::detail::stored_edge_iter<long unsigned int, std::_List_iterator<pycudaboost::list_edge<long unsigned int, pycudaboost::property<pycudaboost::edge_index_t, long unsigned int, pycudaboost::property<pycudaboost::{anonymous}::edge_cast_t, void* (*)(void*)> > > >, pycudaboost::property<pycudaboost::edge_index_t, long unsigned int, pycudaboost::property<pycudaboost::{anonymous}::edge_cast_t, void* (*)(void*)> > >, std::allocator<pycudaboost::detail::stored_edge_iter<long unsigned int, std::_List_iterator<pycudaboost::list_edge<long unsigned int, pycudaboost::property<pycudaboost::edge_index_t, long unsigned int, pycudaboost::property<pycudaboost::{anonymous}::edge_cast_t, void* (*)(void*)> > > >, pycudaboost::property<pycudaboost::edge_index_t, long unsigned int, pycudaboost::property<pycudaboost::{anonymous}::edge_cast_t, void* (*)(void*)> > > > > >, long unsigned int, pycudaboost::detail::edge_desc_impl<pycudaboost::bidirectional_tag, long unsigned int>, long int>, pycudaboost::use_default, pycudaboost::use_default> >::************> >’
      bpl-subset/bpl_subset/boost/concept/detail/general.hpp:50:8:   [ skipping 6 instantiation contexts, use -ftemplate-backtrace-limit=0 to disable ]
      bpl-subset/bpl_subset/boost/graph/breadth_first_search.hpp:125:24:   required from ‘void pycudaboost::breadth_first_search(const VertexListGraph&, SourceIterator, SourceIterator, Buffer&, BFSVisitor, ColorMap) [with VertexListGraph = pycudaboost::reverse_graph<pycudaboost::adjacency_list<pycudaboost::vecS, pycudaboost::vecS, pycudaboost::bidirectionalS, pycudaboost::no_property, pycudaboost::property<pycudaboost::edge_index_t, long unsigned int, pycudaboost::property<pycudaboost::{anonymous}::edge_cast_t, void* (*)(void*)> > > >; SourceIterator = long unsigned int*; Buffer = pycudaboost::queue<long unsigned int, std::deque<long unsigned int, std::allocator<long unsigned int> > >; BFSVisitor = pycudaboost::bfs_visitor<pycudaboost::distance_recorder<pycudaboost::iterator_property_map<__gnu_cxx::__normal_iterator<long unsigned int*, std::vector<long unsigned int> >, pycudaboost::vec_adj_list_vertex_id_map<pycudaboost::no_property, long unsigned int>, long unsigned int, long unsigned int&>, pycudaboost::on_tree_edge> >; ColorMap = pycudaboost::two_bit_color_map<pycudaboost::vec_adj_list_vertex_id_map<pycudaboost::no_property, long unsigned int> >]’
      bpl-subset/bpl_subset/boost/graph/breadth_first_search.hpp:136:25:   required from ‘void pycudaboost::breadth_first_search(const VertexListGraph&, typename pycudaboost::graph_traits<Graph>::vertex_descriptor, Buffer&, BFSVisitor, ColorMap) [with VertexListGraph = pycudaboost::reverse_graph<pycudaboost::adjacency_list<pycudaboost::vecS, pycudaboost::vecS, pycudaboost::bidirectionalS, pycudaboost::no_property, pycudaboost::property<pycudaboost::edge_index_t, long unsigned int, pycudaboost::property<pycudaboost::{anonymous}::edge_cast_t, void* (*)(void*)> > > >; Buffer = pycudaboost::queue<long unsigned int, std::deque<long unsigned int, std::allocator<long unsigned int> > >; BFSVisitor = pycudaboost::bfs_visitor<pycudaboost::distance_recorder<pycudaboost::iterator_property_map<__gnu_cxx::__normal_iterator<long unsigned int*, std::vector<long unsigned int> >, pycudaboost::vec_adj_list_vertex_id_map<pycudaboost::no_property, long unsigned int>, long unsigned int, long unsigned int&>, pycudaboost::on_tree_edge> >; ColorMap = pycudaboost::two_bit_color_map<pycudaboost::vec_adj_list_vertex_id_map<pycudaboost::no_property, long unsigned int> >; typename pycudaboost::graph_traits<Graph>::vertex_descriptor = long unsigned int]’
      bpl-subset/bpl_subset/boost/graph/breadth_first_search.hpp:260:9:   required from ‘void pycudaboost::detail::bfs_helper(VertexListGraph&, typename pycudaboost::graph_traits<Graph>::vertex_descriptor, ColorMap, BFSVisitor, const pycudaboost::bgl_named_params<P, T, R>&, typename pycudaboost::enable_if_c<pycudaboost::is_base_and_derived<pycudaboost::vertex_list_graph_tag, typename pycudaboost::graph_traits<Graph>::traversal_category>::value, void>::type*) [with VertexListGraph = pycudaboost::reverse_graph<pycudaboost::adjacency_list<pycudaboost::vecS, pycudaboost::vecS, pycudaboost::bidirectionalS, pycudaboost::no_property, pycudaboost::property<pycudaboost::edge_index_t, long unsigned int, pycudaboost::property<pycudaboost::{anonymous}::edge_cast_t, void* (*)(void*)> > > >; ColorMap = pycudaboost::two_bit_color_map<pycudaboost::vec_adj_list_vertex_id_map<pycudaboost::no_property, long unsigned int> >; BFSVisitor = pycudaboost::bfs_visitor<pycudaboost::distance_recorder<pycudaboost::iterator_property_map<__gnu_cxx::__normal_iterator<long unsigned int*, std::vector<long unsigned int> >, pycudaboost::vec_adj_list_vertex_id_map<pycudaboost::no_property, long unsigned int>, long unsigned int, long unsigned int&>, pycudaboost::on_tree_edge> >; P = pycudaboost::bfs_visitor<pycudaboost::distance_recorder<pycudaboost::iterator_property_map<__gnu_cxx::__normal_iterator<long unsigned int*, std::vector<long unsigned int> >, pycudaboost::vec_adj_list_vertex_id_map<pycudaboost::no_property, long unsigned int>, long unsigned int, long unsigned int&>, pycudaboost::on_tree_edge> >; T = pycudaboost::graph_visitor_t; R = pycudaboost::no_property; typename pycudaboost::graph_traits<Graph>::vertex_descriptor = long unsigned int; typename pycudaboost::enable_if_c<pycudaboost::is_base_and_derived<pycudaboost::vertex_list_graph_tag, typename pycudaboost::graph_traits<Graph>::traversal_category>::value, void>::type = void; typename pycudaboost::graph_traits<Graph>::traversal_category = pycudaboost::bidir_adj_list_traversal_tag]’
      bpl-subset/bpl_subset/boost/graph/breadth_first_search.hpp:312:11:   required from ‘static void pycudaboost::detail::bfs_dispatch<pycudaboost::param_not_found>::apply(VertexListGraph&, typename pycudaboost::graph_traits<Graph>::vertex_descriptor, const pycudaboost::bgl_named_params<T, Tag, Base>&, pycudaboost::param_not_found) [with VertexListGraph = pycudaboost::reverse_graph<pycudaboost::adjacency_list<pycudaboost::vecS, pycudaboost::vecS, pycudaboost::bidirectionalS, pycudaboost::no_property, pycudaboost::property<pycudaboost::edge_index_t, long unsigned int, pycudaboost::property<pycudaboost::{anonymous}::edge_cast_t, void* (*)(void*)> > > >; P = pycudaboost::bfs_visitor<pycudaboost::distance_recorder<pycudaboost::iterator_property_map<__gnu_cxx::__normal_iterator<long unsigned int*, std::vector<long unsigned int> >, pycudaboost::vec_adj_list_vertex_id_map<pycudaboost::no_property, long unsigned int>, long unsigned int, long unsigned int&>, pycudaboost::on_tree_edge> >; T = pycudaboost::graph_visitor_t; R = pycudaboost::no_property; typename pycudaboost::graph_traits<Graph>::vertex_descriptor = long unsigned int]’
      bpl-subset/bpl_subset/boost/graph/breadth_first_search.hpp:339:35:   required from ‘void pycudaboost::breadth_first_search(const VertexListGraph&, typename pycudaboost::graph_traits<Graph>::vertex_descriptor, const pycudaboost::bgl_named_params<T, Tag, Base>&) [with VertexListGraph = pycudaboost::reverse_graph<pycudaboost::adjacency_list<pycudaboost::vecS, pycudaboost::vecS, pycudaboost::bidirectionalS, pycudaboost::no_property, pycudaboost::property<pycudaboost::edge_index_t, long unsigned int, pycudaboost::property<pycudaboost::{anonymous}::edge_cast_t, void* (*)(void*)> > > >; P = pycudaboost::bfs_visitor<pycudaboost::distance_recorder<pycudaboost::iterator_property_map<__gnu_cxx::__normal_iterator<long unsigned int*, std::vector<long unsigned int> >, pycudaboost::vec_adj_list_vertex_id_map<pycudaboost::no_property, long unsigned int>, long unsigned int, long unsigned int&>, pycudaboost::on_tree_edge> >; T = pycudaboost::graph_visitor_t; R = pycudaboost::no_property; typename pycudaboost::graph_traits<Graph>::vertex_descriptor = long unsigned int]’
      bpl-subset/bpl_subset/libs/python/src/object/inheritance.cpp:107:35:   required from here
      bpl-subset/bpl_subset/boost/concept/detail/general.hpp:38:47: warning: ‘this’ pointer is null [-Wnonnull]
         38 |     static void failed() { ((Model*)0)->~Model(); }
            |                            ~~~~~~~~~~~~~~~~~~~^~
      In file included from bpl-subset/bpl_subset/boost/concept_check.hpp:32,
                       from bpl-subset/bpl_subset/boost/property_map/property_map.hpp:18,
                       from bpl-subset/bpl_subset/boost/graph/graph_concepts.hpp:17,
                       from bpl-subset/bpl_subset/boost/graph/breadth_first_search.hpp:21,
                       from bpl-subset/bpl_subset/libs/python/src/object/inheritance.cpp:7:
      bpl-subset/bpl_subset/boost/concept/usage.hpp:22:5: note: in a call to non-static member function ‘pycudaboost::concepts::usage_requirements<Model>::~usage_requirements() [with Model = pycudaboost::InputIterator<pycudaboost::transform_iterator<pycudaboost::detail::reverse_graph_edge_descriptor_maker<pycudaboost::detail::edge_desc_impl<pycudaboost::bidirectional_tag, long unsigned int> >, pycudaboost::detail::in_edge_iter<__gnu_cxx::__normal_iterator<pycudaboost::detail::stored_edge_iter<long unsigned int, std::_List_iterator<pycudaboost::list_edge<long unsigned int, pycudaboost::property<pycudaboost::edge_index_t, long unsigned int, pycudaboost::property<pycudaboost::{anonymous}::edge_cast_t, void* (*)(void*)> > > >, pycudaboost::property<pycudaboost::edge_index_t, long unsigned int, pycudaboost::property<pycudaboost::{anonymous}::edge_cast_t, void* (*)(void*)> > >*, std::vector<pycudaboost::detail::stored_edge_iter<long unsigned int, std::_List_iterator<pycudaboost::list_edge<long unsigned int, pycudaboost::property<pycudaboost::edge_index_t, long unsigned int, pycudaboost::property<pycudaboost::{anonymous}::edge_cast_t, void* (*)(void*)> > > >, pycudaboost::property<pycudaboost::edge_index_t, long unsigned int, pycudaboost::property<pycudaboost::{anonymous}::edge_cast_t, void* (*)(void*)> > >, std::allocator<pycudaboost::detail::stored_edge_iter<long unsigned int, std::_List_iterator<pycudaboost::list_edge<long unsigned int, pycudaboost::property<pycudaboost::edge_index_t, long unsigned int, pycudaboost::property<pycudaboost::{anonymous}::edge_cast_t, void* (*)(void*)> > > >, pycudaboost::property<pycudaboost::edge_index_t, long unsigned int, pycudaboost::property<pycudaboost::{anonymous}::edge_cast_t, void* (*)(void*)> > > > > >, long unsigned int, pycudaboost::detail::edge_desc_impl<pycudaboost::bidirectional_tag, long unsigned int>, long int>, pycudaboost::use_default, pycudaboost::use_default> >]’
         22 |     ~usage_requirements() { ((Model*)0)->~Model(); }
            |     ^
      In file included from bpl-subset/bpl_subset/boost/concept/assert.hpp:36,
                       from bpl-subset/bpl_subset/boost/concept_check.hpp:20,
                       from bpl-subset/bpl_subset/boost/property_map/property_map.hpp:18,
                       from bpl-subset/bpl_subset/boost/graph/graph_concepts.hpp:17,
                       from bpl-subset/bpl_subset/boost/graph/breadth_first_search.hpp:21,
                       from bpl-subset/bpl_subset/libs/python/src/object/inheritance.cpp:7:
      bpl-subset/bpl_subset/boost/concept/detail/general.hpp: In instantiation of ‘static void pycudaboost::concepts::requirement<pycudaboost::concepts::failed************ Model::************>::failed() [with Model = pycudaboost::InputIterator<pycudaboost::transform_iterator<pycudaboost::detail::reverse_graph_edge_descriptor_maker<pycudaboost::detail::edge_desc_impl<pycudaboost::bidirectional_tag, long unsigned int> >, pycudaboost::detail::in_edge_iter<__gnu_cxx::__normal_iterator<pycudaboost::detail::stored_edge_iter<long unsigned int, std::_List_iterator<pycudaboost::list_edge<long unsigned int, pycudaboost::property<pycudaboost::edge_index_t, long unsigned int, pycudaboost::property<pycudaboost::{anonymous}::edge_cast_t, void* (*)(void*)> > > >, pycudaboost::property<pycudaboost::edge_index_t, long unsigned int, pycudaboost::property<pycudaboost::{anonymous}::edge_cast_t, void* (*)(void*)> > >*, std::vector<pycudaboost::detail::stored_edge_iter<long unsigned int, std::_List_iterator<pycudaboost::list_edge<long unsigned int, pycudaboost::property<pycudaboost::edge_index_t, long unsigned int, pycudaboost::property<pycudaboost::{anonymous}::edge_cast_t, void* (*)(void*)> > > >, pycudaboost::property<pycudaboost::edge_index_t, long unsigned int, pycudaboost::property<pycudaboost::{anonymous}::edge_cast_t, void* (*)(void*)> > >, std::allocator<pycudaboost::detail::stored_edge_iter<long unsigned int, std::_List_iterator<pycudaboost::list_edge<long unsigned int, pycudaboost::property<pycudaboost::edge_index_t, long unsigned int, pycudaboost::property<pycudaboost::{anonymous}::edge_cast_t, void* (*)(void*)> > > >, pycudaboost::property<pycudaboost::edge_index_t, long unsigned int, pycudaboost::property<pycudaboost::{anonymous}::edge_cast_t, void* (*)(void*)> > > > > >, long unsigned int, pycudaboost::detail::edge_desc_impl<pycudaboost::bidirectional_tag, long unsigned int>, long int>, pycudaboost::use_default, pycudaboost::use_default> >]’:
      bpl-subset/bpl_subset/boost/graph/graph_concepts.hpp:51:13:   required from ‘pycudaboost::concepts::MultiPassInputIterator<T>::~MultiPassInputIterator() [with T = pycudaboost::transform_iterator<pycudaboost::detail::reverse_graph_edge_descriptor_maker<pycudaboost::detail::edge_desc_impl<pycudaboost::bidirectional_tag, long unsigned int> >, pycudaboost::detail::in_edge_iter<__gnu_cxx::__normal_iterator<pycudaboost::detail::stored_edge_iter<long unsigned int, std::_List_iterator<pycudaboost::list_edge<long unsigned int, pycudaboost::property<pycudaboost::edge_index_t, long unsigned int, pycudaboost::property<pycudaboost::{anonymous}::edge_cast_t, void* (*)(void*)> > > >, pycudaboost::property<pycudaboost::edge_index_t, long unsigned int, pycudaboost::property<pycudaboost::{anonymous}::edge_cast_t, void* (*)(void*)> > >*, std::vector<pycudaboost::detail::stored_edge_iter<long unsigned int, std::_List_iterator<pycudaboost::list_edge<long unsigned int, pycudaboost::property<pycudaboost::edge_index_t, long unsigned int, pycudaboost::property<pycudaboost::{anonymous}::edge_cast_t, void* (*)(void*)> > > >, pycudaboost::property<pycudaboost::edge_index_t, long unsigned int, pycudaboost::property<pycudaboost::{anonymous}::edge_cast_t, void* (*)(void*)> > >, std::allocator<pycudaboost::detail::stored_edge_iter<long unsigned int, std::_List_iterator<pycudaboost::list_edge<long unsigned int, pycudaboost::property<pycudaboost::edge_index_t, long unsigned int, pycudaboost::property<pycudaboost::{anonymous}::edge_cast_t, void* (*)(void*)> > > >, pycudaboost::property<pycudaboost::edge_index_t, long unsigned int, pycudaboost::property<pycudaboost::{anonymous}::edge_cast_t, void* (*)(void*)> > > > > >, long unsigned int, pycudaboost::detail::edge_desc_impl<pycudaboost::bidirectional_tag, long unsigned int>, long int>, pycudaboost::use_default, pycudaboost::use_default>]’
      bpl-subset/bpl_subset/boost/concept/detail/general.hpp:38:47:   required from ‘static void pycudaboost::concepts::requirement<pycudaboost::concepts::failed************ Model::************>::failed() [with Model = pycudaboost::concepts::MultiPassInputIterator<pycudaboost::transform_iterator<pycudaboost::detail::reverse_graph_edge_descriptor_maker<pycudaboost::detail::edge_desc_impl<pycudaboost::bidirectional_tag, long unsigned int> >, pycudaboost::detail::in_edge_iter<__gnu_cxx::__normal_iterator<pycudaboost::detail::stored_edge_iter<long unsigned int, std::_List_iterator<pycudaboost::list_edge<long unsigned int, pycudaboost::property<pycudaboost::edge_index_t, long unsigned int, pycudaboost::property<pycudaboost::{anonymous}::edge_cast_t, void* (*)(void*)> > > >, pycudaboost::property<pycudaboost::edge_index_t, long unsigned int, pycudaboost::property<pycudaboost::{anonymous}::edge_cast_t, void* (*)(void*)> > >*, std::vector<pycudaboost::detail::stored_edge_iter<long unsigned int, std::_List_iterator<pycudaboost::list_edge<long unsigned int, pycudaboost::property<pycudaboost::edge_index_t, long unsigned int, pycudaboost::property<pycudaboost::{anonymous}::edge_cast_t, void* (*)(void*)> > > >, pycudaboost::property<pycudaboost::edge_index_t, long unsigned int, pycudaboost::property<pycudaboost::{anonymous}::edge_cast_t, void* (*)(void*)> > >, std::allocator<pycudaboost::detail::stored_edge_iter<long unsigned int, std::_List_iterator<pycudaboost::list_edge<long unsigned int, pycudaboost::property<pycudaboost::edge_index_t, long unsigned int, pycudaboost::property<pycudaboost::{anonymous}::edge_cast_t, void* (*)(void*)> > > >, pycudaboost::property<pycudaboost::edge_index_t, long unsigned int, pycudaboost::property<pycudaboost::{anonymous}::edge_cast_t, void* (*)(void*)> > > > > >, long unsigned int, pycudaboost::detail::edge_desc_impl<pycudaboost::bidirectional_tag, long unsigned int>, long int>, pycudaboost::use_default, pycudaboost::use_default> >]’
      bpl-subset/bpl_subset/boost/graph/graph_concepts.hpp:85:13:   required from ‘pycudaboost::concepts::IncidenceGraph<G>::~IncidenceGraph() [with G = pycudaboost::reverse_graph<pycudaboost::adjacency_list<pycudaboost::vecS, pycudaboost::vecS, pycudaboost::bidirectionalS, pycudaboost::no_property, pycudaboost::property<pycudaboost::edge_index_t, long unsigned int, pycudaboost::property<pycudaboost::{anonymous}::edge_cast_t, void* (*)(void*)> > > >]’
      bpl-subset/bpl_subset/boost/graph/graph_concepts.hpp:74:5:   required from ‘static void pycudaboost::concepts::requirement<pycudaboost::concepts::failed************ Model::************>::failed() [with Model = pycudaboost::concepts::IncidenceGraphConcept<pycudaboost::reverse_graph<pycudaboost::adjacency_list<pycudaboost::vecS, pycudaboost::vecS, pycudaboost::bidirectionalS, pycudaboost::no_property, pycudaboost::property<pycudaboost::edge_index_t, long unsigned int, pycudaboost::property<pycudaboost::{anonymous}::edge_cast_t, void* (*)(void*)> > > > >]’
      bpl-subset/bpl_subset/boost/graph/breadth_first_search.hpp:64:5:   required from ‘void pycudaboost::breadth_first_visit(const IncidenceGraph&, SourceIterator, SourceIterator, Buffer&, BFSVisitor, ColorMap) [with IncidenceGraph = pycudaboost::reverse_graph<pycudaboost::adjacency_list<pycudaboost::vecS, pycudaboost::vecS, pycudaboost::bidirectionalS, pycudaboost::no_property, pycudaboost::property<pycudaboost::edge_index_t, long unsigned int, pycudaboost::property<pycudaboost::{anonymous}::edge_cast_t, void* (*)(void*)> > > >; Buffer = pycudaboost::queue<long unsigned int, std::deque<long unsigned int, std::allocator<long unsigned int> > >; BFSVisitor = pycudaboost::bfs_visitor<pycudaboost::distance_recorder<pycudaboost::iterator_property_map<__gnu_cxx::__normal_iterator<long unsigned int*, std::vector<long unsigned int> >, pycudaboost::vec_adj_list_vertex_id_map<pycudaboost::no_property, long unsigned int>, long unsigned int, long unsigned int&>, pycudaboost::on_tree_edge> >; ColorMap = pycudaboost::two_bit_color_map<pycudaboost::vec_adj_list_vertex_id_map<pycudaboost::no_property, long unsigned int> >; SourceIterator = long unsigned int*]’
      bpl-subset/bpl_subset/boost/graph/breadth_first_search.hpp:125:24:   required from ‘void pycudaboost::breadth_first_search(const VertexListGraph&, SourceIterator, SourceIterator, Buffer&, BFSVisitor, ColorMap) [with VertexListGraph = pycudaboost::reverse_graph<pycudaboost::adjacency_list<pycudaboost::vecS, pycudaboost::vecS, pycudaboost::bidirectionalS, pycudaboost::no_property, pycudaboost::property<pycudaboost::edge_index_t, long unsigned int, pycudaboost::property<pycudaboost::{anonymous}::edge_cast_t, void* (*)(void*)> > > >; SourceIterator = long unsigned int*; Buffer = pycudaboost::queue<long unsigned int, std::deque<long unsigned int, std::allocator<long unsigned int> > >; BFSVisitor = pycudaboost::bfs_visitor<pycudaboost::distance_recorder<pycudaboost::iterator_property_map<__gnu_cxx::__normal_iterator<long unsigned int*, std::vector<long unsigned int> >, pycudaboost::vec_adj_list_vertex_id_map<pycudaboost::no_property, long unsigned int>, long unsigned int, long unsigned int&>, pycudaboost::on_tree_edge> >; ColorMap = pycudaboost::two_bit_color_map<pycudaboost::vec_adj_list_vertex_id_map<pycudaboost::no_property, long unsigned int> >]’
      bpl-subset/bpl_subset/boost/graph/breadth_first_search.hpp:136:25:   required from ‘void pycudaboost::breadth_first_search(const VertexListGraph&, typename pycudaboost::graph_traits<Graph>::vertex_descriptor, Buffer&, BFSVisitor, ColorMap) [with VertexListGraph = pycudaboost::reverse_graph<pycudaboost::adjacency_list<pycudaboost::vecS, pycudaboost::vecS, pycudaboost::bidirectionalS, pycudaboost::no_property, pycudaboost::property<pycudaboost::edge_index_t, long unsigned int, pycudaboost::property<pycudaboost::{anonymous}::edge_cast_t, void* (*)(void*)> > > >; Buffer = pycudaboost::queue<long unsigned int, std::deque<long unsigned int, std::allocator<long unsigned int> > >; BFSVisitor = pycudaboost::bfs_visitor<pycudaboost::distance_recorder<pycudaboost::iterator_property_map<__gnu_cxx::__normal_iterator<long unsigned int*, std::vector<long unsigned int> >, pycudaboost::vec_adj_list_vertex_id_map<pycudaboost::no_property, long unsigned int>, long unsigned int, long unsigned int&>, pycudaboost::on_tree_edge> >; ColorMap = pycudaboost::two_bit_color_map<pycudaboost::vec_adj_list_vertex_id_map<pycudaboost::no_property, long unsigned int> >; typename pycudaboost::graph_traits<Graph>::vertex_descriptor = long unsigned int]’
      bpl-subset/bpl_subset/boost/graph/breadth_first_search.hpp:260:9:   required from ‘void pycudaboost::detail::bfs_helper(VertexListGraph&, typename pycudaboost::graph_traits<Graph>::vertex_descriptor, ColorMap, BFSVisitor, const pycudaboost::bgl_named_params<P, T, R>&, typename pycudaboost::enable_if_c<pycudaboost::is_base_and_derived<pycudaboost::vertex_list_graph_tag, typename pycudaboost::graph_traits<Graph>::traversal_category>::value, void>::type*) [with VertexListGraph = pycudaboost::reverse_graph<pycudaboost::adjacency_list<pycudaboost::vecS, pycudaboost::vecS, pycudaboost::bidirectionalS, pycudaboost::no_property, pycudaboost::property<pycudaboost::edge_index_t, long unsigned int, pycudaboost::property<pycudaboost::{anonymous}::edge_cast_t, void* (*)(void*)> > > >; ColorMap = pycudaboost::two_bit_color_map<pycudaboost::vec_adj_list_vertex_id_map<pycudaboost::no_property, long unsigned int> >; BFSVisitor = pycudaboost::bfs_visitor<pycudaboost::distance_recorder<pycudaboost::iterator_property_map<__gnu_cxx::__normal_iterator<long unsigned int*, std::vector<long unsigned int> >, pycudaboost::vec_adj_list_vertex_id_map<pycudaboost::no_property, long unsigned int>, long unsigned int, long unsigned int&>, pycudaboost::on_tree_edge> >; P = pycudaboost::bfs_visitor<pycudaboost::distance_recorder<pycudaboost::iterator_property_map<__gnu_cxx::__normal_iterator<long unsigned int*, std::vector<long unsigned int> >, pycudaboost::vec_adj_list_vertex_id_map<pycudaboost::no_property, long unsigned int>, long unsigned int, long unsigned int&>, pycudaboost::on_tree_edge> >; T = pycudaboost::graph_visitor_t; R = pycudaboost::no_property; typename pycudaboost::graph_traits<Graph>::vertex_descriptor = long unsigned int; typename pycudaboost::enable_if_c<pycudaboost::is_base_and_derived<pycudaboost::vertex_list_graph_tag, typename pycudaboost::graph_traits<Graph>::traversal_category>::value, void>::type = void; typename pycudaboost::graph_traits<Graph>::traversal_category = pycudaboost::bidir_adj_list_traversal_tag]’
      bpl-subset/bpl_subset/boost/graph/breadth_first_search.hpp:312:11:   required from ‘static void pycudaboost::detail::bfs_dispatch<pycudaboost::param_not_found>::apply(VertexListGraph&, typename pycudaboost::graph_traits<Graph>::vertex_descriptor, const pycudaboost::bgl_named_params<T, Tag, Base>&, pycudaboost::param_not_found) [with VertexListGraph = pycudaboost::reverse_graph<pycudaboost::adjacency_list<pycudaboost::vecS, pycudaboost::vecS, pycudaboost::bidirectionalS, pycudaboost::no_property, pycudaboost::property<pycudaboost::edge_index_t, long unsigned int, pycudaboost::property<pycudaboost::{anonymous}::edge_cast_t, void* (*)(void*)> > > >; P = pycudaboost::bfs_visitor<pycudaboost::distance_recorder<pycudaboost::iterator_property_map<__gnu_cxx::__normal_iterator<long unsigned int*, std::vector<long unsigned int> >, pycudaboost::vec_adj_list_vertex_id_map<pycudaboost::no_property, long unsigned int>, long unsigned int, long unsigned int&>, pycudaboost::on_tree_edge> >; T = pycudaboost::graph_visitor_t; R = pycudaboost::no_property; typename pycudaboost::graph_traits<Graph>::vertex_descriptor = long unsigned int]’
      bpl-subset/bpl_subset/boost/graph/breadth_first_search.hpp:339:35:   required from ‘void pycudaboost::breadth_first_search(const VertexListGraph&, typename pycudaboost::graph_traits<Graph>::vertex_descriptor, const pycudaboost::bgl_named_params<T, Tag, Base>&) [with VertexListGraph = pycudaboost::reverse_graph<pycudaboost::adjacency_list<pycudaboost::vecS, pycudaboost::vecS, pycudaboost::bidirectionalS, pycudaboost::no_property, pycudaboost::property<pycudaboost::edge_index_t, long unsigned int, pycudaboost::property<pycudaboost::{anonymous}::edge_cast_t, void* (*)(void*)> > > >; P = pycudaboost::bfs_visitor<pycudaboost::distance_recorder<pycudaboost::iterator_property_map<__gnu_cxx::__normal_iterator<long unsigned int*, std::vector<long unsigned int> >, pycudaboost::vec_adj_list_vertex_id_map<pycudaboost::no_property, long unsigned int>, long unsigned int, long unsigned int&>, pycudaboost::on_tree_edge> >; T = pycudaboost::graph_visitor_t; R = pycudaboost::no_property; typename pycudaboost::graph_traits<Graph>::vertex_descriptor = long unsigned int]’
      bpl-subset/bpl_subset/libs/python/src/object/inheritance.cpp:107:35:   required from here
      bpl-subset/bpl_subset/boost/concept/detail/general.hpp:38:47: warning: ‘this’ pointer is null [-Wnonnull]
         38 |     static void failed() { ((Model*)0)->~Model(); }
            |                            ~~~~~~~~~~~~~~~~~~~^~
      In file included from bpl-subset/bpl_subset/boost/concept_check.hpp:32,
                       from bpl-subset/bpl_subset/boost/property_map/property_map.hpp:18,
                       from bpl-subset/bpl_subset/boost/graph/graph_concepts.hpp:17,
                       from bpl-subset/bpl_subset/boost/graph/breadth_first_search.hpp:21,
                       from bpl-subset/bpl_subset/libs/python/src/object/inheritance.cpp:7:
      bpl-subset/bpl_subset/boost/concept/usage.hpp:36:7: note: in a call to non-static member function ‘pycudaboost::InputIterator<TT>::~InputIterator() [with TT = pycudaboost::transform_iterator<pycudaboost::detail::reverse_graph_edge_descriptor_maker<pycudaboost::detail::edge_desc_impl<pycudaboost::bidirectional_tag, long unsigned int> >, pycudaboost::detail::in_edge_iter<__gnu_cxx::__normal_iterator<pycudaboost::detail::stored_edge_iter<long unsigned int, std::_List_iterator<pycudaboost::list_edge<long unsigned int, pycudaboost::property<pycudaboost::edge_index_t, long unsigned int, pycudaboost::property<pycudaboost::{anonymous}::edge_cast_t, void* (*)(void*)> > > >, pycudaboost::property<pycudaboost::edge_index_t, long unsigned int, pycudaboost::property<pycudaboost::{anonymous}::edge_cast_t, void* (*)(void*)> > >*, std::vector<pycudaboost::detail::stored_edge_iter<long unsigned int, std::_List_iterator<pycudaboost::list_edge<long unsigned int, pycudaboost::property<pycudaboost::edge_index_t, long unsigned int, pycudaboost::property<pycudaboost::{anonymous}::edge_cast_t, void* (*)(void*)> > > >, pycudaboost::property<pycudaboost::edge_index_t, long unsigned int, pycudaboost::property<pycudaboost::{anonymous}::edge_cast_t, void* (*)(void*)> > >, std::allocator<pycudaboost::detail::stored_edge_iter<long unsigned int, std::_List_iterator<pycudaboost::list_edge<long unsigned int, pycudaboost::property<pycudaboost::edge_index_t, long unsigned int, pycudaboost::property<pycudaboost::{anonymous}::edge_cast_t, void* (*)(void*)> > > >, pycudaboost::property<pycudaboost::edge_index_t, long unsigned int, pycudaboost::property<pycudaboost::{anonymous}::edge_cast_t, void* (*)(void*)> > > > > >, long unsigned int, pycudaboost::detail::edge_desc_impl<pycudaboost::bidirectional_tag, long unsigned int>, long int>, pycudaboost::use_default, pycudaboost::use_default>]’
         36 |       ~model()
            |       ^
      bpl-subset/bpl_subset/boost/concept_check.hpp:515:7: note: in expansion of macro ‘BOOST_CONCEPT_USAGE’
        515 |       BOOST_CONCEPT_USAGE(InputIterator)
            |       ^~~~~~~~~~~~~~~~~~~
      In file included from bpl-subset/bpl_subset/boost/concept/assert.hpp:36,
                       from bpl-subset/bpl_subset/boost/concept_check.hpp:20,
                       from bpl-subset/bpl_subset/boost/property_map/property_map.hpp:18,
                       from bpl-subset/bpl_subset/boost/graph/graph_concepts.hpp:17,
                       from bpl-subset/bpl_subset/boost/graph/breadth_first_search.hpp:21,
                       from bpl-subset/bpl_subset/libs/python/src/object/inheritance.cpp:7:
      bpl-subset/bpl_subset/boost/concept/detail/general.hpp: In instantiation of ‘static void pycudaboost::concepts::requirement<pycudaboost::concepts::failed************ Model::************>::failed() [with Model = pycudaboost::concepts::usage_requirements<pycudaboost::Convertible<pycudaboost::read_write_property_map_tag, pycudaboost::readable_property_map_tag> >]’:
      bpl-subset/bpl_subset/boost/concept_check.hpp:211:5:   required from ‘struct pycudaboost::Convertible<pycudaboost::read_write_property_map_tag, pycudaboost::readable_property_map_tag>’
      bpl-subset/bpl_subset/boost/concept_check.hpp:209:3:   required from ‘struct pycudaboost::ConvertibleConcept<pycudaboost::read_write_property_map_tag, pycudaboost::readable_property_map_tag>’
      bpl-subset/bpl_subset/boost/concept/detail/has_constraints.hpp:32:62:   required by substitution of ‘template<class Model> pycudaboost::concepts::detail::yes pycudaboost::concepts::detail::has_constraints_(Model*, pycudaboost::concepts::detail::wrap_constraints<Model, (& Model::constraints)>*) [with Model = pycudaboost::ConvertibleConcept<pycudaboost::read_write_property_map_tag, pycudaboost::readable_property_map_tag>]’
      bpl-subset/bpl_subset/boost/concept/detail/has_constraints.hpp:42:5:   required from ‘const bool pycudaboost::concepts::not_satisfied<pycudaboost::ConvertibleConcept<pycudaboost::read_write_property_map_tag, pycudaboost::readable_property_map_tag> >::value’
      bpl-subset/bpl_subset/boost/concept/detail/has_constraints.hpp:45:31:   required from ‘struct pycudaboost::concepts::not_satisfied<pycudaboost::ConvertibleConcept<pycudaboost::read_write_property_map_tag, pycudaboost::readable_property_map_tag> >’
      bpl-subset/bpl_subset/boost/mpl/if.hpp:63:11:   [ skipping 17 instantiation contexts, use -ftemplate-backtrace-limit=0 to disable ]
      bpl-subset/bpl_subset/boost/graph/breadth_first_search.hpp:125:24:   required from ‘void pycudaboost::breadth_first_search(const VertexListGraph&, SourceIterator, SourceIterator, Buffer&, BFSVisitor, ColorMap) [with VertexListGraph = pycudaboost::reverse_graph<pycudaboost::adjacency_list<pycudaboost::vecS, pycudaboost::vecS, pycudaboost::bidirectionalS, pycudaboost::no_property, pycudaboost::property<pycudaboost::edge_index_t, long unsigned int, pycudaboost::property<pycudaboost::{anonymous}::edge_cast_t, void* (*)(void*)> > > >; SourceIterator = long unsigned int*; Buffer = pycudaboost::queue<long unsigned int, std::deque<long unsigned int, std::allocator<long unsigned int> > >; BFSVisitor = pycudaboost::bfs_visitor<pycudaboost::distance_recorder<pycudaboost::iterator_property_map<__gnu_cxx::__normal_iterator<long unsigned int*, std::vector<long unsigned int> >, pycudaboost::vec_adj_list_vertex_id_map<pycudaboost::no_property, long unsigned int>, long unsigned int, long unsigned int&>, pycudaboost::on_tree_edge> >; ColorMap = pycudaboost::two_bit_color_map<pycudaboost::vec_adj_list_vertex_id_map<pycudaboost::no_property, long unsigned int> >]’
      bpl-subset/bpl_subset/boost/graph/breadth_first_search.hpp:136:25:   required from ‘void pycudaboost::breadth_first_search(const VertexListGraph&, typename pycudaboost::graph_traits<Graph>::vertex_descriptor, Buffer&, BFSVisitor, ColorMap) [with VertexListGraph = pycudaboost::reverse_graph<pycudaboost::adjacency_list<pycudaboost::vecS, pycudaboost::vecS, pycudaboost::bidirectionalS, pycudaboost::no_property, pycudaboost::property<pycudaboost::edge_index_t, long unsigned int, pycudaboost::property<pycudaboost::{anonymous}::edge_cast_t, void* (*)(void*)> > > >; Buffer = pycudaboost::queue<long unsigned int, std::deque<long unsigned int, std::allocator<long unsigned int> > >; BFSVisitor = pycudaboost::bfs_visitor<pycudaboost::distance_recorder<pycudaboost::iterator_property_map<__gnu_cxx::__normal_iterator<long unsigned int*, std::vector<long unsigned int> >, pycudaboost::vec_adj_list_vertex_id_map<pycudaboost::no_property, long unsigned int>, long unsigned int, long unsigned int&>, pycudaboost::on_tree_edge> >; ColorMap = pycudaboost::two_bit_color_map<pycudaboost::vec_adj_list_vertex_id_map<pycudaboost::no_property, long unsigned int> >; typename pycudaboost::graph_traits<Graph>::vertex_descriptor = long unsigned int]’
      bpl-subset/bpl_subset/boost/graph/breadth_first_search.hpp:260:9:   required from ‘void pycudaboost::detail::bfs_helper(VertexListGraph&, typename pycudaboost::graph_traits<Graph>::vertex_descriptor, ColorMap, BFSVisitor, const pycudaboost::bgl_named_params<P, T, R>&, typename pycudaboost::enable_if_c<pycudaboost::is_base_and_derived<pycudaboost::vertex_list_graph_tag, typename pycudaboost::graph_traits<Graph>::traversal_category>::value, void>::type*) [with VertexListGraph = pycudaboost::reverse_graph<pycudaboost::adjacency_list<pycudaboost::vecS, pycudaboost::vecS, pycudaboost::bidirectionalS, pycudaboost::no_property, pycudaboost::property<pycudaboost::edge_index_t, long unsigned int, pycudaboost::property<pycudaboost::{anonymous}::edge_cast_t, void* (*)(void*)> > > >; ColorMap = pycudaboost::two_bit_color_map<pycudaboost::vec_adj_list_vertex_id_map<pycudaboost::no_property, long unsigned int> >; BFSVisitor = pycudaboost::bfs_visitor<pycudaboost::distance_recorder<pycudaboost::iterator_property_map<__gnu_cxx::__normal_iterator<long unsigned int*, std::vector<long unsigned int> >, pycudaboost::vec_adj_list_vertex_id_map<pycudaboost::no_property, long unsigned int>, long unsigned int, long unsigned int&>, pycudaboost::on_tree_edge> >; P = pycudaboost::bfs_visitor<pycudaboost::distance_recorder<pycudaboost::iterator_property_map<__gnu_cxx::__normal_iterator<long unsigned int*, std::vector<long unsigned int> >, pycudaboost::vec_adj_list_vertex_id_map<pycudaboost::no_property, long unsigned int>, long unsigned int, long unsigned int&>, pycudaboost::on_tree_edge> >; T = pycudaboost::graph_visitor_t; R = pycudaboost::no_property; typename pycudaboost::graph_traits<Graph>::vertex_descriptor = long unsigned int; typename pycudaboost::enable_if_c<pycudaboost::is_base_and_derived<pycudaboost::vertex_list_graph_tag, typename pycudaboost::graph_traits<Graph>::traversal_category>::value, void>::type = void; typename pycudaboost::graph_traits<Graph>::traversal_category = pycudaboost::bidir_adj_list_traversal_tag]’
      bpl-subset/bpl_subset/boost/graph/breadth_first_search.hpp:312:11:   required from ‘static void pycudaboost::detail::bfs_dispatch<pycudaboost::param_not_found>::apply(VertexListGraph&, typename pycudaboost::graph_traits<Graph>::vertex_descriptor, const pycudaboost::bgl_named_params<T, Tag, Base>&, pycudaboost::param_not_found) [with VertexListGraph = pycudaboost::reverse_graph<pycudaboost::adjacency_list<pycudaboost::vecS, pycudaboost::vecS, pycudaboost::bidirectionalS, pycudaboost::no_property, pycudaboost::property<pycudaboost::edge_index_t, long unsigned int, pycudaboost::property<pycudaboost::{anonymous}::edge_cast_t, void* (*)(void*)> > > >; P = pycudaboost::bfs_visitor<pycudaboost::distance_recorder<pycudaboost::iterator_property_map<__gnu_cxx::__normal_iterator<long unsigned int*, std::vector<long unsigned int> >, pycudaboost::vec_adj_list_vertex_id_map<pycudaboost::no_property, long unsigned int>, long unsigned int, long unsigned int&>, pycudaboost::on_tree_edge> >; T = pycudaboost::graph_visitor_t; R = pycudaboost::no_property; typename pycudaboost::graph_traits<Graph>::vertex_descriptor = long unsigned int]’
      bpl-subset/bpl_subset/boost/graph/breadth_first_search.hpp:339:35:   required from ‘void pycudaboost::breadth_first_search(const VertexListGraph&, typename pycudaboost::graph_traits<Graph>::vertex_descriptor, const pycudaboost::bgl_named_params<T, Tag, Base>&) [with VertexListGraph = pycudaboost::reverse_graph<pycudaboost::adjacency_list<pycudaboost::vecS, pycudaboost::vecS, pycudaboost::bidirectionalS, pycudaboost::no_property, pycudaboost::property<pycudaboost::edge_index_t, long unsigned int, pycudaboost::property<pycudaboost::{anonymous}::edge_cast_t, void* (*)(void*)> > > >; P = pycudaboost::bfs_visitor<pycudaboost::distance_recorder<pycudaboost::iterator_property_map<__gnu_cxx::__normal_iterator<long unsigned int*, std::vector<long unsigned int> >, pycudaboost::vec_adj_list_vertex_id_map<pycudaboost::no_property, long unsigned int>, long unsigned int, long unsigned int&>, pycudaboost::on_tree_edge> >; T = pycudaboost::graph_visitor_t; R = pycudaboost::no_property; typename pycudaboost::graph_traits<Graph>::vertex_descriptor = long unsigned int]’
      bpl-subset/bpl_subset/libs/python/src/object/inheritance.cpp:107:35:   required from here
      bpl-subset/bpl_subset/boost/concept/detail/general.hpp:38:47: warning: ‘this’ pointer is null [-Wnonnull]
         38 |     static void failed() { ((Model*)0)->~Model(); }
            |                            ~~~~~~~~~~~~~~~~~~~^~
      In file included from bpl-subset/bpl_subset/boost/concept_check.hpp:32,
                       from bpl-subset/bpl_subset/boost/property_map/property_map.hpp:18,
                       from bpl-subset/bpl_subset/boost/graph/graph_concepts.hpp:17,
                       from bpl-subset/bpl_subset/boost/graph/breadth_first_search.hpp:21,
                       from bpl-subset/bpl_subset/libs/python/src/object/inheritance.cpp:7:
      bpl-subset/bpl_subset/boost/concept/usage.hpp:22:5: note: in a call to non-static member function ‘pycudaboost::concepts::usage_requirements<Model>::~usage_requirements() [with Model = pycudaboost::Convertible<pycudaboost::read_write_property_map_tag, pycudaboost::readable_property_map_tag>]’
         22 |     ~usage_requirements() { ((Model*)0)->~Model(); }
            |     ^
      In file included from bpl-subset/bpl_subset/boost/concept/assert.hpp:36,
                       from bpl-subset/bpl_subset/boost/concept_check.hpp:20,
                       from bpl-subset/bpl_subset/boost/property_map/property_map.hpp:18,
                       from bpl-subset/bpl_subset/boost/graph/graph_concepts.hpp:17,
                       from bpl-subset/bpl_subset/boost/graph/breadth_first_search.hpp:21,
                       from bpl-subset/bpl_subset/libs/python/src/object/inheritance.cpp:7:
      bpl-subset/bpl_subset/boost/concept/detail/general.hpp: In instantiation of ‘static void pycudaboost::concepts::requirement<pycudaboost::concepts::failed************ Model::************>::failed() [with Model = pycudaboost::ConvertibleConcept<pycudaboost::read_write_property_map_tag, pycudaboost::readable_property_map_tag>]’:
      bpl-subset/bpl_subset/boost/concept_check.hpp:45:7:   required from ‘void pycudaboost::function_requires(Model*) [with Model = pycudaboost::ConvertibleConcept<pycudaboost::read_write_property_map_tag, pycudaboost::readable_property_map_tag>]’
      bpl-subset/bpl_subset/boost/property_map/property_map.hpp:198:69:   required from ‘void pycudaboost::ReadablePropertyMapConcept<PMap, Key>::constraints() [with PMap = pycudaboost::two_bit_color_map<pycudaboost::vec_adj_list_vertex_id_map<pycudaboost::no_property, long unsigned int> >; Key = long unsigned int]’
      bpl-subset/bpl_subset/boost/concept/detail/has_constraints.hpp:32:62:   required by substitution of ‘template<class Model> pycudaboost::concepts::detail::yes pycudaboost::concepts::detail::has_constraints_(Model*, pycudaboost::concepts::detail::wrap_constraints<Model, (& Model::constraints)>*) [with Model = pycudaboost::ReadablePropertyMapConcept<pycudaboost::two_bit_color_map<pycudaboost::vec_adj_list_vertex_id_map<pycudaboost::no_property, long unsigned int> >, long unsigned int>]’
      bpl-subset/bpl_subset/boost/concept/detail/has_constraints.hpp:42:5:   required from ‘const bool pycudaboost::concepts::not_satisfied<pycudaboost::ReadablePropertyMapConcept<pycudaboost::two_bit_color_map<pycudaboost::vec_adj_list_vertex_id_map<pycudaboost::no_property, long unsigned int> >, long unsigned int> >::value’
      bpl-subset/bpl_subset/boost/concept/detail/has_constraints.hpp:45:31:   required from ‘struct pycudaboost::concepts::not_satisfied<pycudaboost::ReadablePropertyMapConcept<pycudaboost::two_bit_color_map<pycudaboost::vec_adj_list_vertex_id_map<pycudaboost::no_property, long unsigned int> >, long unsigned int> >’
      bpl-subset/bpl_subset/boost/mpl/if.hpp:63:11:   [ skipping 10 instantiation contexts, use -ftemplate-backtrace-limit=0 to disable ]
      bpl-subset/bpl_subset/boost/graph/breadth_first_search.hpp:125:24:   required from ‘void pycudaboost::breadth_first_search(const VertexListGraph&, SourceIterator, SourceIterator, Buffer&, BFSVisitor, ColorMap) [with VertexListGraph = pycudaboost::reverse_graph<pycudaboost::adjacency_list<pycudaboost::vecS, pycudaboost::vecS, pycudaboost::bidirectionalS, pycudaboost::no_property, pycudaboost::property<pycudaboost::edge_index_t, long unsigned int, pycudaboost::property<pycudaboost::{anonymous}::edge_cast_t, void* (*)(void*)> > > >; SourceIterator = long unsigned int*; Buffer = pycudaboost::queue<long unsigned int, std::deque<long unsigned int, std::allocator<long unsigned int> > >; BFSVisitor = pycudaboost::bfs_visitor<pycudaboost::distance_recorder<pycudaboost::iterator_property_map<__gnu_cxx::__normal_iterator<long unsigned int*, std::vector<long unsigned int> >, pycudaboost::vec_adj_list_vertex_id_map<pycudaboost::no_property, long unsigned int>, long unsigned int, long unsigned int&>, pycudaboost::on_tree_edge> >; ColorMap = pycudaboost::two_bit_color_map<pycudaboost::vec_adj_list_vertex_id_map<pycudaboost::no_property, long unsigned int> >]’
      bpl-subset/bpl_subset/boost/graph/breadth_first_search.hpp:136:25:   required from ‘void pycudaboost::breadth_first_search(const VertexListGraph&, typename pycudaboost::graph_traits<Graph>::vertex_descriptor, Buffer&, BFSVisitor, ColorMap) [with VertexListGraph = pycudaboost::reverse_graph<pycudaboost::adjacency_list<pycudaboost::vecS, pycudaboost::vecS, pycudaboost::bidirectionalS, pycudaboost::no_property, pycudaboost::property<pycudaboost::edge_index_t, long unsigned int, pycudaboost::property<pycudaboost::{anonymous}::edge_cast_t, void* (*)(void*)> > > >; Buffer = pycudaboost::queue<long unsigned int, std::deque<long unsigned int, std::allocator<long unsigned int> > >; BFSVisitor = pycudaboost::bfs_visitor<pycudaboost::distance_recorder<pycudaboost::iterator_property_map<__gnu_cxx::__normal_iterator<long unsigned int*, std::vector<long unsigned int> >, pycudaboost::vec_adj_list_vertex_id_map<pycudaboost::no_property, long unsigned int>, long unsigned int, long unsigned int&>, pycudaboost::on_tree_edge> >; ColorMap = pycudaboost::two_bit_color_map<pycudaboost::vec_adj_list_vertex_id_map<pycudaboost::no_property, long unsigned int> >; typename pycudaboost::graph_traits<Graph>::vertex_descriptor = long unsigned int]’
      bpl-subset/bpl_subset/boost/graph/breadth_first_search.hpp:260:9:   required from ‘void pycudaboost::detail::bfs_helper(VertexListGraph&, typename pycudaboost::graph_traits<Graph>::vertex_descriptor, ColorMap, BFSVisitor, const pycudaboost::bgl_named_params<P, T, R>&, typename pycudaboost::enable_if_c<pycudaboost::is_base_and_derived<pycudaboost::vertex_list_graph_tag, typename pycudaboost::graph_traits<Graph>::traversal_category>::value, void>::type*) [with VertexListGraph = pycudaboost::reverse_graph<pycudaboost::adjacency_list<pycudaboost::vecS, pycudaboost::vecS, pycudaboost::bidirectionalS, pycudaboost::no_property, pycudaboost::property<pycudaboost::edge_index_t, long unsigned int, pycudaboost::property<pycudaboost::{anonymous}::edge_cast_t, void* (*)(void*)> > > >; ColorMap = pycudaboost::two_bit_color_map<pycudaboost::vec_adj_list_vertex_id_map<pycudaboost::no_property, long unsigned int> >; BFSVisitor = pycudaboost::bfs_visitor<pycudaboost::distance_recorder<pycudaboost::iterator_property_map<__gnu_cxx::__normal_iterator<long unsigned int*, std::vector<long unsigned int> >, pycudaboost::vec_adj_list_vertex_id_map<pycudaboost::no_property, long unsigned int>, long unsigned int, long unsigned int&>, pycudaboost::on_tree_edge> >; P = pycudaboost::bfs_visitor<pycudaboost::distance_recorder<pycudaboost::iterator_property_map<__gnu_cxx::__normal_iterator<long unsigned int*, std::vector<long unsigned int> >, pycudaboost::vec_adj_list_vertex_id_map<pycudaboost::no_property, long unsigned int>, long unsigned int, long unsigned int&>, pycudaboost::on_tree_edge> >; T = pycudaboost::graph_visitor_t; R = pycudaboost::no_property; typename pycudaboost::graph_traits<Graph>::vertex_descriptor = long unsigned int; typename pycudaboost::enable_if_c<pycudaboost::is_base_and_derived<pycudaboost::vertex_list_graph_tag, typename pycudaboost::graph_traits<Graph>::traversal_category>::value, void>::type = void; typename pycudaboost::graph_traits<Graph>::traversal_category = pycudaboost::bidir_adj_list_traversal_tag]’
      bpl-subset/bpl_subset/boost/graph/breadth_first_search.hpp:312:11:   required from ‘static void pycudaboost::detail::bfs_dispatch<pycudaboost::param_not_found>::apply(VertexListGraph&, typename pycudaboost::graph_traits<Graph>::vertex_descriptor, const pycudaboost::bgl_named_params<T, Tag, Base>&, pycudaboost::param_not_found) [with VertexListGraph = pycudaboost::reverse_graph<pycudaboost::adjacency_list<pycudaboost::vecS, pycudaboost::vecS, pycudaboost::bidirectionalS, pycudaboost::no_property, pycudaboost::property<pycudaboost::edge_index_t, long unsigned int, pycudaboost::property<pycudaboost::{anonymous}::edge_cast_t, void* (*)(void*)> > > >; P = pycudaboost::bfs_visitor<pycudaboost::distance_recorder<pycudaboost::iterator_property_map<__gnu_cxx::__normal_iterator<long unsigned int*, std::vector<long unsigned int> >, pycudaboost::vec_adj_list_vertex_id_map<pycudaboost::no_property, long unsigned int>, long unsigned int, long unsigned int&>, pycudaboost::on_tree_edge> >; T = pycudaboost::graph_visitor_t; R = pycudaboost::no_property; typename pycudaboost::graph_traits<Graph>::vertex_descriptor = long unsigned int]’
      bpl-subset/bpl_subset/boost/graph/breadth_first_search.hpp:339:35:   required from ‘void pycudaboost::breadth_first_search(const VertexListGraph&, typename pycudaboost::graph_traits<Graph>::vertex_descriptor, const pycudaboost::bgl_named_params<T, Tag, Base>&) [with VertexListGraph = pycudaboost::reverse_graph<pycudaboost::adjacency_list<pycudaboost::vecS, pycudaboost::vecS, pycudaboost::bidirectionalS, pycudaboost::no_property, pycudaboost::property<pycudaboost::edge_index_t, long unsigned int, pycudaboost::property<pycudaboost::{anonymous}::edge_cast_t, void* (*)(void*)> > > >; P = pycudaboost::bfs_visitor<pycudaboost::distance_recorder<pycudaboost::iterator_property_map<__gnu_cxx::__normal_iterator<long unsigned int*, std::vector<long unsigned int> >, pycudaboost::vec_adj_list_vertex_id_map<pycudaboost::no_property, long unsigned int>, long unsigned int, long unsigned int&>, pycudaboost::on_tree_edge> >; T = pycudaboost::graph_visitor_t; R = pycudaboost::no_property; typename pycudaboost::graph_traits<Graph>::vertex_descriptor = long unsigned int]’
      bpl-subset/bpl_subset/libs/python/src/object/inheritance.cpp:107:35:   required from here
      bpl-subset/bpl_subset/boost/concept/detail/general.hpp:38:47: warning: ‘this’ pointer is null [-Wnonnull]
         38 |     static void failed() { ((Model*)0)->~Model(); }
            |                            ~~~~~~~~~~~~~~~~~~~^~
      In file included from bpl-subset/bpl_subset/boost/mpl/aux_/integral_wrapper.hpp:22,
                       from bpl-subset/bpl_subset/boost/mpl/int.hpp:20,
                       from bpl-subset/bpl_subset/boost/type_traits/detail/template_arity_spec.hpp:10,
                       from bpl-subset/bpl_subset/boost/type_traits/detail/bool_trait_def.hpp:14,
                       from bpl-subset/bpl_subset/boost/type_traits/is_same.hpp:31,
                       from bpl-subset/bpl_subset/boost/type_traits/same_traits.hpp:13,
                       from bpl-subset/bpl_subset/boost/python/type_id.hpp:17,
                       from bpl-subset/bpl_subset/boost/python/object/inheritance.hpp:8,
                       from bpl-subset/bpl_subset/libs/python/src/object/inheritance.cpp:5:
      bpl-subset/bpl_subset/boost/concept_check.hpp:209:17: note: in a call to non-static member function ‘pycudaboost::ConvertibleConcept<pycudaboost::read_write_property_map_tag, pycudaboost::readable_property_map_tag>::~ConvertibleConcept()’
        209 |   BOOST_concept(Convertible,(X)(Y))
            |                 ^~~~~~~~~~~
      bpl-subset/bpl_subset/boost/preprocessor/cat.hpp:29:34: note: in definition of macro ‘BOOST_PP_CAT_I’
         29 | #    define BOOST_PP_CAT_I(a, b) a ## b
            |                                  ^
      bpl-subset/bpl_subset/boost/concept/detail/concept_def.hpp:39:12: note: in expansion of macro ‘BOOST_PP_CAT’
         39 |     struct BOOST_PP_CAT(name,Concept)                                           \
            |            ^~~~~~~~~~~~
      bpl-subset/bpl_subset/boost/concept_check.hpp:209:3: note: in expansion of macro ‘BOOST_concept’
        209 |   BOOST_concept(Convertible,(X)(Y))
            |   ^~~~~~~~~~~~~
      In file included from bpl-subset/bpl_subset/boost/concept/assert.hpp:36,
                       from bpl-subset/bpl_subset/boost/concept_check.hpp:20,
                       from bpl-subset/bpl_subset/boost/property_map/property_map.hpp:18,
                       from bpl-subset/bpl_subset/boost/graph/graph_concepts.hpp:17,
                       from bpl-subset/bpl_subset/boost/graph/breadth_first_search.hpp:21,
                       from bpl-subset/bpl_subset/libs/python/src/object/inheritance.cpp:7:
      bpl-subset/bpl_subset/boost/concept/detail/general.hpp: In instantiation of ‘static void pycudaboost::concepts::requirement<pycudaboost::concepts::failed************ Model::************>::failed() [with Model = pycudaboost::concepts::usage_requirements<pycudaboost::Convertible<pycudaboost::read_write_property_map_tag, pycudaboost::writable_property_map_tag> >]’:
      bpl-subset/bpl_subset/boost/concept_check.hpp:211:5:   required from ‘struct pycudaboost::Convertible<pycudaboost::read_write_property_map_tag, pycudaboost::writable_property_map_tag>’
      bpl-subset/bpl_subset/boost/concept_check.hpp:209:3:   required from ‘struct pycudaboost::ConvertibleConcept<pycudaboost::read_write_property_map_tag, pycudaboost::writable_property_map_tag>’
      bpl-subset/bpl_subset/boost/concept/detail/has_constraints.hpp:32:62:   required by substitution of ‘template<class Model> pycudaboost::concepts::detail::yes pycudaboost::concepts::detail::has_constraints_(Model*, pycudaboost::concepts::detail::wrap_constraints<Model, (& Model::constraints)>*) [with Model = pycudaboost::ConvertibleConcept<pycudaboost::read_write_property_map_tag, pycudaboost::writable_property_map_tag>]’
      bpl-subset/bpl_subset/boost/concept/detail/has_constraints.hpp:42:5:   required from ‘const bool pycudaboost::concepts::not_satisfied<pycudaboost::ConvertibleConcept<pycudaboost::read_write_property_map_tag, pycudaboost::writable_property_map_tag> >::value’
      bpl-subset/bpl_subset/boost/concept/detail/has_constraints.hpp:45:31:   required from ‘struct pycudaboost::concepts::not_satisfied<pycudaboost::ConvertibleConcept<pycudaboost::read_write_property_map_tag, pycudaboost::writable_property_map_tag> >’
      bpl-subset/bpl_subset/boost/mpl/if.hpp:63:11:   [ skipping 17 instantiation contexts, use -ftemplate-backtrace-limit=0 to disable ]
      bpl-subset/bpl_subset/boost/graph/breadth_first_search.hpp:125:24:   required from ‘void pycudaboost::breadth_first_search(const VertexListGraph&, SourceIterator, SourceIterator, Buffer&, BFSVisitor, ColorMap) [with VertexListGraph = pycudaboost::reverse_graph<pycudaboost::adjacency_list<pycudaboost::vecS, pycudaboost::vecS, pycudaboost::bidirectionalS, pycudaboost::no_property, pycudaboost::property<pycudaboost::edge_index_t, long unsigned int, pycudaboost::property<pycudaboost::{anonymous}::edge_cast_t, void* (*)(void*)> > > >; SourceIterator = long unsigned int*; Buffer = pycudaboost::queue<long unsigned int, std::deque<long unsigned int, std::allocator<long unsigned int> > >; BFSVisitor = pycudaboost::bfs_visitor<pycudaboost::distance_recorder<pycudaboost::iterator_property_map<__gnu_cxx::__normal_iterator<long unsigned int*, std::vector<long unsigned int> >, pycudaboost::vec_adj_list_vertex_id_map<pycudaboost::no_property, long unsigned int>, long unsigned int, long unsigned int&>, pycudaboost::on_tree_edge> >; ColorMap = pycudaboost::two_bit_color_map<pycudaboost::vec_adj_list_vertex_id_map<pycudaboost::no_property, long unsigned int> >]’
      bpl-subset/bpl_subset/boost/graph/breadth_first_search.hpp:136:25:   required from ‘void pycudaboost::breadth_first_search(const VertexListGraph&, typename pycudaboost::graph_traits<Graph>::vertex_descriptor, Buffer&, BFSVisitor, ColorMap) [with VertexListGraph = pycudaboost::reverse_graph<pycudaboost::adjacency_list<pycudaboost::vecS, pycudaboost::vecS, pycudaboost::bidirectionalS, pycudaboost::no_property, pycudaboost::property<pycudaboost::edge_index_t, long unsigned int, pycudaboost::property<pycudaboost::{anonymous}::edge_cast_t, void* (*)(void*)> > > >; Buffer = pycudaboost::queue<long unsigned int, std::deque<long unsigned int, std::allocator<long unsigned int> > >; BFSVisitor = pycudaboost::bfs_visitor<pycudaboost::distance_recorder<pycudaboost::iterator_property_map<__gnu_cxx::__normal_iterator<long unsigned int*, std::vector<long unsigned int> >, pycudaboost::vec_adj_list_vertex_id_map<pycudaboost::no_property, long unsigned int>, long unsigned int, long unsigned int&>, pycudaboost::on_tree_edge> >; ColorMap = pycudaboost::two_bit_color_map<pycudaboost::vec_adj_list_vertex_id_map<pycudaboost::no_property, long unsigned int> >; typename pycudaboost::graph_traits<Graph>::vertex_descriptor = long unsigned int]’
      bpl-subset/bpl_subset/boost/graph/breadth_first_search.hpp:260:9:   required from ‘void pycudaboost::detail::bfs_helper(VertexListGraph&, typename pycudaboost::graph_traits<Graph>::vertex_descriptor, ColorMap, BFSVisitor, const pycudaboost::bgl_named_params<P, T, R>&, typename pycudaboost::enable_if_c<pycudaboost::is_base_and_derived<pycudaboost::vertex_list_graph_tag, typename pycudaboost::graph_traits<Graph>::traversal_category>::value, void>::type*) [with VertexListGraph = pycudaboost::reverse_graph<pycudaboost::adjacency_list<pycudaboost::vecS, pycudaboost::vecS, pycudaboost::bidirectionalS, pycudaboost::no_property, pycudaboost::property<pycudaboost::edge_index_t, long unsigned int, pycudaboost::property<pycudaboost::{anonymous}::edge_cast_t, void* (*)(void*)> > > >; ColorMap = pycudaboost::two_bit_color_map<pycudaboost::vec_adj_list_vertex_id_map<pycudaboost::no_property, long unsigned int> >; BFSVisitor = pycudaboost::bfs_visitor<pycudaboost::distance_recorder<pycudaboost::iterator_property_map<__gnu_cxx::__normal_iterator<long unsigned int*, std::vector<long unsigned int> >, pycudaboost::vec_adj_list_vertex_id_map<pycudaboost::no_property, long unsigned int>, long unsigned int, long unsigned int&>, pycudaboost::on_tree_edge> >; P = pycudaboost::bfs_visitor<pycudaboost::distance_recorder<pycudaboost::iterator_property_map<__gnu_cxx::__normal_iterator<long unsigned int*, std::vector<long unsigned int> >, pycudaboost::vec_adj_list_vertex_id_map<pycudaboost::no_property, long unsigned int>, long unsigned int, long unsigned int&>, pycudaboost::on_tree_edge> >; T = pycudaboost::graph_visitor_t; R = pycudaboost::no_property; typename pycudaboost::graph_traits<Graph>::vertex_descriptor = long unsigned int; typename pycudaboost::enable_if_c<pycudaboost::is_base_and_derived<pycudaboost::vertex_list_graph_tag, typename pycudaboost::graph_traits<Graph>::traversal_category>::value, void>::type = void; typename pycudaboost::graph_traits<Graph>::traversal_category = pycudaboost::bidir_adj_list_traversal_tag]’
      bpl-subset/bpl_subset/boost/graph/breadth_first_search.hpp:312:11:   required from ‘static void pycudaboost::detail::bfs_dispatch<pycudaboost::param_not_found>::apply(VertexListGraph&, typename pycudaboost::graph_traits<Graph>::vertex_descriptor, const pycudaboost::bgl_named_params<T, Tag, Base>&, pycudaboost::param_not_found) [with VertexListGraph = pycudaboost::reverse_graph<pycudaboost::adjacency_list<pycudaboost::vecS, pycudaboost::vecS, pycudaboost::bidirectionalS, pycudaboost::no_property, pycudaboost::property<pycudaboost::edge_index_t, long unsigned int, pycudaboost::property<pycudaboost::{anonymous}::edge_cast_t, void* (*)(void*)> > > >; P = pycudaboost::bfs_visitor<pycudaboost::distance_recorder<pycudaboost::iterator_property_map<__gnu_cxx::__normal_iterator<long unsigned int*, std::vector<long unsigned int> >, pycudaboost::vec_adj_list_vertex_id_map<pycudaboost::no_property, long unsigned int>, long unsigned int, long unsigned int&>, pycudaboost::on_tree_edge> >; T = pycudaboost::graph_visitor_t; R = pycudaboost::no_property; typename pycudaboost::graph_traits<Graph>::vertex_descriptor = long unsigned int]’
      bpl-subset/bpl_subset/boost/graph/breadth_first_search.hpp:339:35:   required from ‘void pycudaboost::breadth_first_search(const VertexListGraph&, typename pycudaboost::graph_traits<Graph>::vertex_descriptor, const pycudaboost::bgl_named_params<T, Tag, Base>&) [with VertexListGraph = pycudaboost::reverse_graph<pycudaboost::adjacency_list<pycudaboost::vecS, pycudaboost::vecS, pycudaboost::bidirectionalS, pycudaboost::no_property, pycudaboost::property<pycudaboost::edge_index_t, long unsigned int, pycudaboost::property<pycudaboost::{anonymous}::edge_cast_t, void* (*)(void*)> > > >; P = pycudaboost::bfs_visitor<pycudaboost::distance_recorder<pycudaboost::iterator_property_map<__gnu_cxx::__normal_iterator<long unsigned int*, std::vector<long unsigned int> >, pycudaboost::vec_adj_list_vertex_id_map<pycudaboost::no_property, long unsigned int>, long unsigned int, long unsigned int&>, pycudaboost::on_tree_edge> >; T = pycudaboost::graph_visitor_t; R = pycudaboost::no_property; typename pycudaboost::graph_traits<Graph>::vertex_descriptor = long unsigned int]’
      bpl-subset/bpl_subset/libs/python/src/object/inheritance.cpp:107:35:   required from here
      bpl-subset/bpl_subset/boost/concept/detail/general.hpp:38:47: warning: ‘this’ pointer is null [-Wnonnull]
         38 |     static void failed() { ((Model*)0)->~Model(); }
            |                            ~~~~~~~~~~~~~~~~~~~^~
      In file included from bpl-subset/bpl_subset/boost/concept_check.hpp:32,
                       from bpl-subset/bpl_subset/boost/property_map/property_map.hpp:18,
                       from bpl-subset/bpl_subset/boost/graph/graph_concepts.hpp:17,
                       from bpl-subset/bpl_subset/boost/graph/breadth_first_search.hpp:21,
                       from bpl-subset/bpl_subset/libs/python/src/object/inheritance.cpp:7:
      bpl-subset/bpl_subset/boost/concept/usage.hpp:22:5: note: in a call to non-static member function ‘pycudaboost::concepts::usage_requirements<Model>::~usage_requirements() [with Model = pycudaboost::Convertible<pycudaboost::read_write_property_map_tag, pycudaboost::writable_property_map_tag>]’
         22 |     ~usage_requirements() { ((Model*)0)->~Model(); }
            |     ^
      In file included from bpl-subset/bpl_subset/boost/concept/assert.hpp:36,
                       from bpl-subset/bpl_subset/boost/concept_check.hpp:20,
                       from bpl-subset/bpl_subset/boost/property_map/property_map.hpp:18,
                       from bpl-subset/bpl_subset/boost/graph/graph_concepts.hpp:17,
                       from bpl-subset/bpl_subset/boost/graph/breadth_first_search.hpp:21,
                       from bpl-subset/bpl_subset/libs/python/src/object/inheritance.cpp:7:
      bpl-subset/bpl_subset/boost/concept/detail/general.hpp: In instantiation of ‘static void pycudaboost::concepts::requirement<pycudaboost::concepts::failed************ Model::************>::failed() [with Model = pycudaboost::ConvertibleConcept<pycudaboost::read_write_property_map_tag, pycudaboost::writable_property_map_tag>]’:
      bpl-subset/bpl_subset/boost/concept_check.hpp:45:7:   required from ‘void pycudaboost::function_requires(Model*) [with Model = pycudaboost::ConvertibleConcept<pycudaboost::read_write_property_map_tag, pycudaboost::writable_property_map_tag>]’
      bpl-subset/bpl_subset/boost/property_map/property_map.hpp:230:69:   required from ‘void pycudaboost::WritablePropertyMapConcept<PMap, Key>::constraints() [with PMap = pycudaboost::two_bit_color_map<pycudaboost::vec_adj_list_vertex_id_map<pycudaboost::no_property, long unsigned int> >; Key = long unsigned int]’
      bpl-subset/bpl_subset/boost/concept/detail/has_constraints.hpp:32:62:   required by substitution of ‘template<class Model> pycudaboost::concepts::detail::yes pycudaboost::concepts::detail::has_constraints_(Model*, pycudaboost::concepts::detail::wrap_constraints<Model, (& Model::constraints)>*) [with Model = pycudaboost::WritablePropertyMapConcept<pycudaboost::two_bit_color_map<pycudaboost::vec_adj_list_vertex_id_map<pycudaboost::no_property, long unsigned int> >, long unsigned int>]’
      bpl-subset/bpl_subset/boost/concept/detail/has_constraints.hpp:42:5:   required from ‘const bool pycudaboost::concepts::not_satisfied<pycudaboost::WritablePropertyMapConcept<pycudaboost::two_bit_color_map<pycudaboost::vec_adj_list_vertex_id_map<pycudaboost::no_property, long unsigned int> >, long unsigned int> >::value’
      bpl-subset/bpl_subset/boost/concept/detail/has_constraints.hpp:45:31:   required from ‘struct pycudaboost::concepts::not_satisfied<pycudaboost::WritablePropertyMapConcept<pycudaboost::two_bit_color_map<pycudaboost::vec_adj_list_vertex_id_map<pycudaboost::no_property, long unsigned int> >, long unsigned int> >’
      bpl-subset/bpl_subset/boost/mpl/if.hpp:63:11:   [ skipping 10 instantiation contexts, use -ftemplate-backtrace-limit=0 to disable ]
      bpl-subset/bpl_subset/boost/graph/breadth_first_search.hpp:125:24:   required from ‘void pycudaboost::breadth_first_search(const VertexListGraph&, SourceIterator, SourceIterator, Buffer&, BFSVisitor, ColorMap) [with VertexListGraph = pycudaboost::reverse_graph<pycudaboost::adjacency_list<pycudaboost::vecS, pycudaboost::vecS, pycudaboost::bidirectionalS, pycudaboost::no_property, pycudaboost::property<pycudaboost::edge_index_t, long unsigned int, pycudaboost::property<pycudaboost::{anonymous}::edge_cast_t, void* (*)(void*)> > > >; SourceIterator = long unsigned int*; Buffer = pycudaboost::queue<long unsigned int, std::deque<long unsigned int, std::allocator<long unsigned int> > >; BFSVisitor = pycudaboost::bfs_visitor<pycudaboost::distance_recorder<pycudaboost::iterator_property_map<__gnu_cxx::__normal_iterator<long unsigned int*, std::vector<long unsigned int> >, pycudaboost::vec_adj_list_vertex_id_map<pycudaboost::no_property, long unsigned int>, long unsigned int, long unsigned int&>, pycudaboost::on_tree_edge> >; ColorMap = pycudaboost::two_bit_color_map<pycudaboost::vec_adj_list_vertex_id_map<pycudaboost::no_property, long unsigned int> >]’
      bpl-subset/bpl_subset/boost/graph/breadth_first_search.hpp:136:25:   required from ‘void pycudaboost::breadth_first_search(const VertexListGraph&, typename pycudaboost::graph_traits<Graph>::vertex_descriptor, Buffer&, BFSVisitor, ColorMap) [with VertexListGraph = pycudaboost::reverse_graph<pycudaboost::adjacency_list<pycudaboost::vecS, pycudaboost::vecS, pycudaboost::bidirectionalS, pycudaboost::no_property, pycudaboost::property<pycudaboost::edge_index_t, long unsigned int, pycudaboost::property<pycudaboost::{anonymous}::edge_cast_t, void* (*)(void*)> > > >; Buffer = pycudaboost::queue<long unsigned int, std::deque<long unsigned int, std::allocator<long unsigned int> > >; BFSVisitor = pycudaboost::bfs_visitor<pycudaboost::distance_recorder<pycudaboost::iterator_property_map<__gnu_cxx::__normal_iterator<long unsigned int*, std::vector<long unsigned int> >, pycudaboost::vec_adj_list_vertex_id_map<pycudaboost::no_property, long unsigned int>, long unsigned int, long unsigned int&>, pycudaboost::on_tree_edge> >; ColorMap = pycudaboost::two_bit_color_map<pycudaboost::vec_adj_list_vertex_id_map<pycudaboost::no_property, long unsigned int> >; typename pycudaboost::graph_traits<Graph>::vertex_descriptor = long unsigned int]’
      bpl-subset/bpl_subset/boost/graph/breadth_first_search.hpp:260:9:   required from ‘void pycudaboost::detail::bfs_helper(VertexListGraph&, typename pycudaboost::graph_traits<Graph>::vertex_descriptor, ColorMap, BFSVisitor, const pycudaboost::bgl_named_params<P, T, R>&, typename pycudaboost::enable_if_c<pycudaboost::is_base_and_derived<pycudaboost::vertex_list_graph_tag, typename pycudaboost::graph_traits<Graph>::traversal_category>::value, void>::type*) [with VertexListGraph = pycudaboost::reverse_graph<pycudaboost::adjacency_list<pycudaboost::vecS, pycudaboost::vecS, pycudaboost::bidirectionalS, pycudaboost::no_property, pycudaboost::property<pycudaboost::edge_index_t, long unsigned int, pycudaboost::property<pycudaboost::{anonymous}::edge_cast_t, void* (*)(void*)> > > >; ColorMap = pycudaboost::two_bit_color_map<pycudaboost::vec_adj_list_vertex_id_map<pycudaboost::no_property, long unsigned int> >; BFSVisitor = pycudaboost::bfs_visitor<pycudaboost::distance_recorder<pycudaboost::iterator_property_map<__gnu_cxx::__normal_iterator<long unsigned int*, std::vector<long unsigned int> >, pycudaboost::vec_adj_list_vertex_id_map<pycudaboost::no_property, long unsigned int>, long unsigned int, long unsigned int&>, pycudaboost::on_tree_edge> >; P = pycudaboost::bfs_visitor<pycudaboost::distance_recorder<pycudaboost::iterator_property_map<__gnu_cxx::__normal_iterator<long unsigned int*, std::vector<long unsigned int> >, pycudaboost::vec_adj_list_vertex_id_map<pycudaboost::no_property, long unsigned int>, long unsigned int, long unsigned int&>, pycudaboost::on_tree_edge> >; T = pycudaboost::graph_visitor_t; R = pycudaboost::no_property; typename pycudaboost::graph_traits<Graph>::vertex_descriptor = long unsigned int; typename pycudaboost::enable_if_c<pycudaboost::is_base_and_derived<pycudaboost::vertex_list_graph_tag, typename pycudaboost::graph_traits<Graph>::traversal_category>::value, void>::type = void; typename pycudaboost::graph_traits<Graph>::traversal_category = pycudaboost::bidir_adj_list_traversal_tag]’
      bpl-subset/bpl_subset/boost/graph/breadth_first_search.hpp:312:11:   required from ‘static void pycudaboost::detail::bfs_dispatch<pycudaboost::param_not_found>::apply(VertexListGraph&, typename pycudaboost::graph_traits<Graph>::vertex_descriptor, const pycudaboost::bgl_named_params<T, Tag, Base>&, pycudaboost::param_not_found) [with VertexListGraph = pycudaboost::reverse_graph<pycudaboost::adjacency_list<pycudaboost::vecS, pycudaboost::vecS, pycudaboost::bidirectionalS, pycudaboost::no_property, pycudaboost::property<pycudaboost::edge_index_t, long unsigned int, pycudaboost::property<pycudaboost::{anonymous}::edge_cast_t, void* (*)(void*)> > > >; P = pycudaboost::bfs_visitor<pycudaboost::distance_recorder<pycudaboost::iterator_property_map<__gnu_cxx::__normal_iterator<long unsigned int*, std::vector<long unsigned int> >, pycudaboost::vec_adj_list_vertex_id_map<pycudaboost::no_property, long unsigned int>, long unsigned int, long unsigned int&>, pycudaboost::on_tree_edge> >; T = pycudaboost::graph_visitor_t; R = pycudaboost::no_property; typename pycudaboost::graph_traits<Graph>::vertex_descriptor = long unsigned int]’
      bpl-subset/bpl_subset/boost/graph/breadth_first_search.hpp:339:35:   required from ‘void pycudaboost::breadth_first_search(const VertexListGraph&, typename pycudaboost::graph_traits<Graph>::vertex_descriptor, const pycudaboost::bgl_named_params<T, Tag, Base>&) [with VertexListGraph = pycudaboost::reverse_graph<pycudaboost::adjacency_list<pycudaboost::vecS, pycudaboost::vecS, pycudaboost::bidirectionalS, pycudaboost::no_property, pycudaboost::property<pycudaboost::edge_index_t, long unsigned int, pycudaboost::property<pycudaboost::{anonymous}::edge_cast_t, void* (*)(void*)> > > >; P = pycudaboost::bfs_visitor<pycudaboost::distance_recorder<pycudaboost::iterator_property_map<__gnu_cxx::__normal_iterator<long unsigned int*, std::vector<long unsigned int> >, pycudaboost::vec_adj_list_vertex_id_map<pycudaboost::no_property, long unsigned int>, long unsigned int, long unsigned int&>, pycudaboost::on_tree_edge> >; T = pycudaboost::graph_visitor_t; R = pycudaboost::no_property; typename pycudaboost::graph_traits<Graph>::vertex_descriptor = long unsigned int]’
      bpl-subset/bpl_subset/libs/python/src/object/inheritance.cpp:107:35:   required from here
      bpl-subset/bpl_subset/boost/concept/detail/general.hpp:38:47: warning: ‘this’ pointer is null [-Wnonnull]
         38 |     static void failed() { ((Model*)0)->~Model(); }
            |                            ~~~~~~~~~~~~~~~~~~~^~
      In file included from bpl-subset/bpl_subset/boost/mpl/aux_/integral_wrapper.hpp:22,
                       from bpl-subset/bpl_subset/boost/mpl/int.hpp:20,
                       from bpl-subset/bpl_subset/boost/type_traits/detail/template_arity_spec.hpp:10,
                       from bpl-subset/bpl_subset/boost/type_traits/detail/bool_trait_def.hpp:14,
                       from bpl-subset/bpl_subset/boost/type_traits/is_same.hpp:31,
                       from bpl-subset/bpl_subset/boost/type_traits/same_traits.hpp:13,
                       from bpl-subset/bpl_subset/boost/python/type_id.hpp:17,
                       from bpl-subset/bpl_subset/boost/python/object/inheritance.hpp:8,
                       from bpl-subset/bpl_subset/libs/python/src/object/inheritance.cpp:5:
      bpl-subset/bpl_subset/boost/concept_check.hpp:209:17: note: in a call to non-static member function ‘pycudaboost::ConvertibleConcept<pycudaboost::read_write_property_map_tag, pycudaboost::writable_property_map_tag>::~ConvertibleConcept()’
        209 |   BOOST_concept(Convertible,(X)(Y))
            |                 ^~~~~~~~~~~
      bpl-subset/bpl_subset/boost/preprocessor/cat.hpp:29:34: note: in definition of macro ‘BOOST_PP_CAT_I’
         29 | #    define BOOST_PP_CAT_I(a, b) a ## b
            |                                  ^
      bpl-subset/bpl_subset/boost/concept/detail/concept_def.hpp:39:12: note: in expansion of macro ‘BOOST_PP_CAT’
         39 |     struct BOOST_PP_CAT(name,Concept)                                           \
            |            ^~~~~~~~~~~~
      bpl-subset/bpl_subset/boost/concept_check.hpp:209:3: note: in expansion of macro ‘BOOST_concept’
        209 |   BOOST_concept(Convertible,(X)(Y))
            |   ^~~~~~~~~~~~~
      In file included from bpl-subset/bpl_subset/boost/concept_check.hpp:32,
                       from bpl-subset/bpl_subset/boost/property_map/property_map.hpp:18,
                       from bpl-subset/bpl_subset/boost/graph/graph_concepts.hpp:17,
                       from bpl-subset/bpl_subset/boost/graph/breadth_first_search.hpp:21,
                       from bpl-subset/bpl_subset/libs/python/src/object/inheritance.cpp:7:
      bpl-subset/bpl_subset/boost/concept/usage.hpp: In instantiation of ‘pycudaboost::concepts::usage_requirements<Model>::~usage_requirements() [with Model = pycudaboost::Assignable<pycudaboost::transform_iterator<pycudaboost::detail::reverse_graph_edge_descriptor_maker<pycudaboost::detail::edge_desc_impl<pycudaboost::bidirectional_tag, long unsigned int> >, pycudaboost::detail::in_edge_iter<__gnu_cxx::__normal_iterator<pycudaboost::detail::stored_edge_iter<long unsigned int, std::_List_iterator<pycudaboost::list_edge<long unsigned int, pycudaboost::property<pycudaboost::edge_index_t, long unsigned int, pycudaboost::property<pycudaboost::{anonymous}::edge_cast_t, void* (*)(void*)> > > >, pycudaboost::property<pycudaboost::edge_index_t, long unsigned int, pycudaboost::property<pycudaboost::{anonymous}::edge_cast_t, void* (*)(void*)> > >*, std::vector<pycudaboost::detail::stored_edge_iter<long unsigned int, std::_List_iterator<pycudaboost::list_edge<long unsigned int, pycudaboost::property<pycudaboost::edge_index_t, long unsigned int, pycudaboost::property<pycudaboost::{anonymous}::edge_cast_t, void* (*)(void*)> > > >, pycudaboost::property<pycudaboost::edge_index_t, long unsigned int, pycudaboost::property<pycudaboost::{anonymous}::edge_cast_t, void* (*)(void*)> > >, std::allocator<pycudaboost::detail::stored_edge_iter<long unsigned int, std::_List_iterator<pycudaboost::list_edge<long unsigned int, pycudaboost::property<pycudaboost::edge_index_t, long unsigned int, pycudaboost::property<pycudaboost::{anonymous}::edge_cast_t, void* (*)(void*)> > > >, pycudaboost::property<pycudaboost::edge_index_t, long unsigned int, pycudaboost::property<pycudaboost::{anonymous}::edge_cast_t, void* (*)(void*)> > > > > >, long unsigned int, pycudaboost::detail::edge_desc_impl<pycudaboost::bidirectional_tag, long unsigned int>, long int>, pycudaboost::use_default, pycudaboost::use_default> >]’:
      bpl-subset/bpl_subset/boost/concept/detail/general.hpp:38:47:   required from ‘static void pycudaboost::concepts::requirement<pycudaboost::concepts::failed************ Model::************>::failed() [with Model = pycudaboost::concepts::usage_requirements<pycudaboost::Assignable<pycudaboost::transform_iterator<pycudaboost::detail::reverse_graph_edge_descriptor_maker<pycudaboost::detail::edge_desc_impl<pycudaboost::bidirectional_tag, long unsigned int> >, pycudaboost::detail::in_edge_iter<__gnu_cxx::__normal_iterator<pycudaboost::detail::stored_edge_iter<long unsigned int, std::_List_iterator<pycudaboost::list_edge<long unsigned int, pycudaboost::property<pycudaboost::edge_index_t, long unsigned int, pycudaboost::property<pycudaboost::{anonymous}::edge_cast_t, void* (*)(void*)> > > >, pycudaboost::property<pycudaboost::edge_index_t, long unsigned int, pycudaboost::property<pycudaboost::{anonymous}::edge_cast_t, void* (*)(void*)> > >*, std::vector<pycudaboost::detail::stored_edge_iter<long unsigned int, std::_List_iterator<pycudaboost::list_edge<long unsigned int, pycudaboost::property<pycudaboost::edge_index_t, long unsigned int, pycudaboost::property<pycudaboost::{anonymous}::edge_cast_t, void* (*)(void*)> > > >, pycudaboost::property<pycudaboost::edge_index_t, long unsigned int, pycudaboost::property<pycudaboost::{anonymous}::edge_cast_t, void* (*)(void*)> > >, std::allocator<pycudaboost::detail::stored_edge_iter<long unsigned int, std::_List_iterator<pycudaboost::list_edge<long unsigned int, pycudaboost::property<pycudaboost::edge_index_t, long unsigned int, pycudaboost::property<pycudaboost::{anonymous}::edge_cast_t, void* (*)(void*)> > > >, pycudaboost::property<pycudaboost::edge_index_t, long unsigned int, pycudaboost::property<pycudaboost::{anonymous}::edge_cast_t, void* (*)(void*)> > > > > >, long unsigned int, pycudaboost::detail::edge_desc_impl<pycudaboost::bidirectional_tag, long unsigned int>, long int>, pycudaboost::use_default, pycudaboost::use_default> > >]’
      bpl-subset/bpl_subset/boost/concept_check.hpp:140:5:   required from ‘struct pycudaboost::Assignable<pycudaboost::transform_iterator<pycudaboost::detail::reverse_graph_edge_descriptor_maker<pycudaboost::detail::edge_desc_impl<pycudaboost::bidirectional_tag, long unsigned int> >, pycudaboost::detail::in_edge_iter<__gnu_cxx::__normal_iterator<pycudaboost::detail::stored_edge_iter<long unsigned int, std::_List_iterator<pycudaboost::list_edge<long unsigned int, pycudaboost::property<pycudaboost::edge_index_t, long unsigned int, pycudaboost::property<pycudaboost::{anonymous}::edge_cast_t, void* (*)(void*)> > > >, pycudaboost::property<pycudaboost::edge_index_t, long unsigned int, pycudaboost::property<pycudaboost::{anonymous}::edge_cast_t, void* (*)(void*)> > >*, std::vector<pycudaboost::detail::stored_edge_iter<long unsigned int, std::_List_iterator<pycudaboost::list_edge<long unsigned int, pycudaboost::property<pycudaboost::edge_index_t, long unsigned int, pycudaboost::property<pycudaboost::{anonymous}::edge_cast_t, void* (*)(void*)> > > >, pycudaboost::property<pycudaboost::edge_index_t, long unsigned int, pycudaboost::property<pycudaboost::{anonymous}::edge_cast_t, void* (*)(void*)> > >, std::allocator<pycudaboost::detail::stored_edge_iter<long unsigned int, std::_List_iterator<pycudaboost::list_edge<long unsigned int, pycudaboost::property<pycudaboost::edge_index_t, long unsigned int, pycudaboost::property<pycudaboost::{anonymous}::edge_cast_t, void* (*)(void*)> > > >, pycudaboost::property<pycudaboost::edge_index_t, long unsigned int, pycudaboost::property<pycudaboost::{anonymous}::edge_cast_t, void* (*)(void*)> > > > > >, long unsigned int, pycudaboost::detail::edge_desc_impl<pycudaboost::bidirectional_tag, long unsigned int>, long int>, pycudaboost::use_default, pycudaboost::use_default> >’
      bpl-subset/bpl_subset/boost/concept_check.hpp:505:3:   required from ‘struct pycudaboost::InputIterator<pycudaboost::transform_iterator<pycudaboost::detail::reverse_graph_edge_descriptor_maker<pycudaboost::detail::edge_desc_impl<pycudaboost::bidirectional_tag, long unsigned int> >, pycudaboost::detail::in_edge_iter<__gnu_cxx::__normal_iterator<pycudaboost::detail::stored_edge_iter<long unsigned int, std::_List_iterator<pycudaboost::list_edge<long unsigned int, pycudaboost::property<pycudaboost::edge_index_t, long unsigned int, pycudaboost::property<pycudaboost::{anonymous}::edge_cast_t, void* (*)(void*)> > > >, pycudaboost::property<pycudaboost::edge_index_t, long unsigned int, pycudaboost::property<pycudaboost::{anonymous}::edge_cast_t, void* (*)(void*)> > >*, std::vector<pycudaboost::detail::stored_edge_iter<long unsigned int, std::_List_iterator<pycudaboost::list_edge<long unsigned int, pycudaboost::property<pycudaboost::edge_index_t, long unsigned int, pycudaboost::property<pycudaboost::{anonymous}::edge_cast_t, void* (*)(void*)> > > >, pycudaboost::property<pycudaboost::edge_index_t, long unsigned int, pycudaboost::property<pycudaboost::{anonymous}::edge_cast_t, void* (*)(void*)> > >, std::allocator<pycudaboost::detail::stored_edge_iter<long unsigned int, std::_List_iterator<pycudaboost::list_edge<long unsigned int, pycudaboost::property<pycudaboost::edge_index_t, long unsigned int, pycudaboost::property<pycudaboost::{anonymous}::edge_cast_t, void* (*)(void*)> > > >, pycudaboost::property<pycudaboost::edge_index_t, long unsigned int, pycudaboost::property<pycudaboost::{anonymous}::edge_cast_t, void* (*)(void*)> > > > > >, long unsigned int, pycudaboost::detail::edge_desc_impl<pycudaboost::bidirectional_tag, long unsigned int>, long int>, pycudaboost::use_default, pycudaboost::use_default> >’
      bpl-subset/bpl_subset/boost/concept/detail/has_constraints.hpp:32:62:   required by substitution of ‘template<class Model> pycudaboost::concepts::detail::yes pycudaboost::concepts::detail::has_constraints_(Model*, pycudaboost::concepts::detail::wrap_constraints<Model, (& Model::constraints)>*) [with Model = pycudaboost::InputIterator<pycudaboost::transform_iterator<pycudaboost::detail::reverse_graph_edge_descriptor_maker<pycudaboost::detail::edge_desc_impl<pycudaboost::bidirectional_tag, long unsigned int> >, pycudaboost::detail::in_edge_iter<__gnu_cxx::__normal_iterator<pycudaboost::detail::stored_edge_iter<long unsigned int, std::_List_iterator<pycudaboost::list_edge<long unsigned int, pycudaboost::property<pycudaboost::edge_index_t, long unsigned int, pycudaboost::property<pycudaboost::{anonymous}::edge_cast_t, void* (*)(void*)> > > >, pycudaboost::property<pycudaboost::edge_index_t, long unsigned int, pycudaboost::property<pycudaboost::{anonymous}::edge_cast_t, void* (*)(void*)> > >*, std::vector<pycudaboost::detail::stored_edge_iter<long unsigned int, std::_List_iterator<pycudaboost::list_edge<long unsigned int, pycudaboost::property<pycudaboost::edge_index_t, long unsigned int, pycudaboost::property<pycudaboost::{anonymous}::edge_cast_t, void* (*)(void*)> > > >, pycudaboost::property<pycudaboost::edge_index_t, long unsigned int, pycudaboost::property<pycudaboost::{anonymous}::edge_cast_t, void* (*)(void*)> > >, std::allocator<pycudaboost::detail::stored_edge_iter<long unsigned int, std::_List_iterator<pycudaboost::list_edge<long unsigned int, pycudaboost::property<pycudaboost::edge_index_t, long unsigned int, pycudaboost::property<pycudaboost::{anonymous}::edge_cast_t, void* (*)(void*)> > > >, pycudaboost::property<pycudaboost::edge_index_t, long unsigned int, pycudaboost::property<pycudaboost::{anonymous}::edge_cast_t, void* (*)(void*)> > > > > >, long unsigned int, pycudaboost::detail::edge_desc_impl<pycudaboost::bidirectional_tag, long unsigned int>, long int>, pycudaboost::use_default, pycudaboost::use_default> >]’
      bpl-subset/bpl_subset/boost/concept/detail/has_constraints.hpp:42:5:   required from ‘const bool pycudaboost::concepts::not_satisfied<pycudaboost::InputIterator<pycudaboost::transform_iterator<pycudaboost::detail::reverse_graph_edge_descriptor_maker<pycudaboost::detail::edge_desc_impl<pycudaboost::bidirectional_tag, long unsigned int> >, pycudaboost::detail::in_edge_iter<__gnu_cxx::__normal_iterator<pycudaboost::detail::stored_edge_iter<long unsigned int, std::_List_iterator<pycudaboost::list_edge<long unsigned int, pycudaboost::property<pycudaboost::edge_index_t, long unsigned int, pycudaboost::property<pycudaboost::{anonymous}::edge_cast_t, void* (*)(void*)> > > >, pycudaboost::property<pycudaboost::edge_index_t, long unsigned int, pycudaboost::property<pycudaboost::{anonymous}::edge_cast_t, void* (*)(void*)> > >*, std::vector<pycudaboost::detail::stored_edge_iter<long unsigned int, std::_List_iterator<pycudaboost::list_edge<long unsigned int, pycudaboost::property<pycudaboost::edge_index_t, long unsigned int, pycudaboost::property<pycudaboost::{anonymous}::edge_cast_t, void* (*)(void*)> > > >, pycudaboost::property<pycudaboost::edge_index_t, long unsigned int, pycudaboost::property<pycudaboost::{anonymous}::edge_cast_t, void* (*)(void*)> > >, std::allocator<pycudaboost::detail::stored_edge_iter<long unsigned int, std::_List_iterator<pycudaboost::list_edge<long unsigned int, pycudaboost::property<pycudaboost::edge_index_t, long unsigned int, pycudaboost::property<pycudaboost::{anonymous}::edge_cast_t, void* (*)(void*)> > > >, pycudaboost::property<pycudaboost::edge_index_t, long unsigned int, pycudaboost::property<pycudaboost::{anonymous}::edge_cast_t, void* (*)(void*)> > > > > >, long unsigned int, pycudaboost::detail::edge_desc_impl<pycudaboost::bidirectional_tag, long unsigned int>, long int>, pycudaboost::use_default, pycudaboost::use_default> > >::value’
      bpl-subset/bpl_subset/boost/concept/detail/has_constraints.hpp:45:31:   [ skipping 8 instantiation contexts, use -ftemplate-backtrace-limit=0 to disable ]
      bpl-subset/bpl_subset/boost/graph/breadth_first_search.hpp:125:24:   required from ‘void pycudaboost::breadth_first_search(const VertexListGraph&, SourceIterator, SourceIterator, Buffer&, BFSVisitor, ColorMap) [with VertexListGraph = pycudaboost::reverse_graph<pycudaboost::adjacency_list<pycudaboost::vecS, pycudaboost::vecS, pycudaboost::bidirectionalS, pycudaboost::no_property, pycudaboost::property<pycudaboost::edge_index_t, long unsigned int, pycudaboost::property<pycudaboost::{anonymous}::edge_cast_t, void* (*)(void*)> > > >; SourceIterator = long unsigned int*; Buffer = pycudaboost::queue<long unsigned int, std::deque<long unsigned int, std::allocator<long unsigned int> > >; BFSVisitor = pycudaboost::bfs_visitor<pycudaboost::distance_recorder<pycudaboost::iterator_property_map<__gnu_cxx::__normal_iterator<long unsigned int*, std::vector<long unsigned int> >, pycudaboost::vec_adj_list_vertex_id_map<pycudaboost::no_property, long unsigned int>, long unsigned int, long unsigned int&>, pycudaboost::on_tree_edge> >; ColorMap = pycudaboost::two_bit_color_map<pycudaboost::vec_adj_list_vertex_id_map<pycudaboost::no_property, long unsigned int> >]’
      bpl-subset/bpl_subset/boost/graph/breadth_first_search.hpp:136:25:   required from ‘void pycudaboost::breadth_first_search(const VertexListGraph&, typename pycudaboost::graph_traits<Graph>::vertex_descriptor, Buffer&, BFSVisitor, ColorMap) [with VertexListGraph = pycudaboost::reverse_graph<pycudaboost::adjacency_list<pycudaboost::vecS, pycudaboost::vecS, pycudaboost::bidirectionalS, pycudaboost::no_property, pycudaboost::property<pycudaboost::edge_index_t, long unsigned int, pycudaboost::property<pycudaboost::{anonymous}::edge_cast_t, void* (*)(void*)> > > >; Buffer = pycudaboost::queue<long unsigned int, std::deque<long unsigned int, std::allocator<long unsigned int> > >; BFSVisitor = pycudaboost::bfs_visitor<pycudaboost::distance_recorder<pycudaboost::iterator_property_map<__gnu_cxx::__normal_iterator<long unsigned int*, std::vector<long unsigned int> >, pycudaboost::vec_adj_list_vertex_id_map<pycudaboost::no_property, long unsigned int>, long unsigned int, long unsigned int&>, pycudaboost::on_tree_edge> >; ColorMap = pycudaboost::two_bit_color_map<pycudaboost::vec_adj_list_vertex_id_map<pycudaboost::no_property, long unsigned int> >; typename pycudaboost::graph_traits<Graph>::vertex_descriptor = long unsigned int]’
      bpl-subset/bpl_subset/boost/graph/breadth_first_search.hpp:260:9:   required from ‘void pycudaboost::detail::bfs_helper(VertexListGraph&, typename pycudaboost::graph_traits<Graph>::vertex_descriptor, ColorMap, BFSVisitor, const pycudaboost::bgl_named_params<P, T, R>&, typename pycudaboost::enable_if_c<pycudaboost::is_base_and_derived<pycudaboost::vertex_list_graph_tag, typename pycudaboost::graph_traits<Graph>::traversal_category>::value, void>::type*) [with VertexListGraph = pycudaboost::reverse_graph<pycudaboost::adjacency_list<pycudaboost::vecS, pycudaboost::vecS, pycudaboost::bidirectionalS, pycudaboost::no_property, pycudaboost::property<pycudaboost::edge_index_t, long unsigned int, pycudaboost::property<pycudaboost::{anonymous}::edge_cast_t, void* (*)(void*)> > > >; ColorMap = pycudaboost::two_bit_color_map<pycudaboost::vec_adj_list_vertex_id_map<pycudaboost::no_property, long unsigned int> >; BFSVisitor = pycudaboost::bfs_visitor<pycudaboost::distance_recorder<pycudaboost::iterator_property_map<__gnu_cxx::__normal_iterator<long unsigned int*, std::vector<long unsigned int> >, pycudaboost::vec_adj_list_vertex_id_map<pycudaboost::no_property, long unsigned int>, long unsigned int, long unsigned int&>, pycudaboost::on_tree_edge> >; P = pycudaboost::bfs_visitor<pycudaboost::distance_recorder<pycudaboost::iterator_property_map<__gnu_cxx::__normal_iterator<long unsigned int*, std::vector<long unsigned int> >, pycudaboost::vec_adj_list_vertex_id_map<pycudaboost::no_property, long unsigned int>, long unsigned int, long unsigned int&>, pycudaboost::on_tree_edge> >; T = pycudaboost::graph_visitor_t; R = pycudaboost::no_property; typename pycudaboost::graph_traits<Graph>::vertex_descriptor = long unsigned int; typename pycudaboost::enable_if_c<pycudaboost::is_base_and_derived<pycudaboost::vertex_list_graph_tag, typename pycudaboost::graph_traits<Graph>::traversal_category>::value, void>::type = void; typename pycudaboost::graph_traits<Graph>::traversal_category = pycudaboost::bidir_adj_list_traversal_tag]’
      bpl-subset/bpl_subset/boost/graph/breadth_first_search.hpp:312:11:   required from ‘static void pycudaboost::detail::bfs_dispatch<pycudaboost::param_not_found>::apply(VertexListGraph&, typename pycudaboost::graph_traits<Graph>::vertex_descriptor, const pycudaboost::bgl_named_params<T, Tag, Base>&, pycudaboost::param_not_found) [with VertexListGraph = pycudaboost::reverse_graph<pycudaboost::adjacency_list<pycudaboost::vecS, pycudaboost::vecS, pycudaboost::bidirectionalS, pycudaboost::no_property, pycudaboost::property<pycudaboost::edge_index_t, long unsigned int, pycudaboost::property<pycudaboost::{anonymous}::edge_cast_t, void* (*)(void*)> > > >; P = pycudaboost::bfs_visitor<pycudaboost::distance_recorder<pycudaboost::iterator_property_map<__gnu_cxx::__normal_iterator<long unsigned int*, std::vector<long unsigned int> >, pycudaboost::vec_adj_list_vertex_id_map<pycudaboost::no_property, long unsigned int>, long unsigned int, long unsigned int&>, pycudaboost::on_tree_edge> >; T = pycudaboost::graph_visitor_t; R = pycudaboost::no_property; typename pycudaboost::graph_traits<Graph>::vertex_descriptor = long unsigned int]’
      bpl-subset/bpl_subset/boost/graph/breadth_first_search.hpp:339:35:   required from ‘void pycudaboost::breadth_first_search(const VertexListGraph&, typename pycudaboost::graph_traits<Graph>::vertex_descriptor, const pycudaboost::bgl_named_params<T, Tag, Base>&) [with VertexListGraph = pycudaboost::reverse_graph<pycudaboost::adjacency_list<pycudaboost::vecS, pycudaboost::vecS, pycudaboost::bidirectionalS, pycudaboost::no_property, pycudaboost::property<pycudaboost::edge_index_t, long unsigned int, pycudaboost::property<pycudaboost::{anonymous}::edge_cast_t, void* (*)(void*)> > > >; P = pycudaboost::bfs_visitor<pycudaboost::distance_recorder<pycudaboost::iterator_property_map<__gnu_cxx::__normal_iterator<long unsigned int*, std::vector<long unsigned int> >, pycudaboost::vec_adj_list_vertex_id_map<pycudaboost::no_property, long unsigned int>, long unsigned int, long unsigned int&>, pycudaboost::on_tree_edge> >; T = pycudaboost::graph_visitor_t; R = pycudaboost::no_property; typename pycudaboost::graph_traits<Graph>::vertex_descriptor = long unsigned int]’
      bpl-subset/bpl_subset/libs/python/src/object/inheritance.cpp:107:35:   required from here
      bpl-subset/bpl_subset/boost/concept/usage.hpp:22:48: warning: ‘this’ pointer is null [-Wnonnull]
         22 |     ~usage_requirements() { ((Model*)0)->~Model(); }
            |                             ~~~~~~~~~~~~~~~~~~~^~
      bpl-subset/bpl_subset/boost/concept/usage.hpp:36:7: note: in a call to non-static member function ‘pycudaboost::Assignable<TT>::~Assignable() [with TT = pycudaboost::transform_iterator<pycudaboost::detail::reverse_graph_edge_descriptor_maker<pycudaboost::detail::edge_desc_impl<pycudaboost::bidirectional_tag, long unsigned int> >, pycudaboost::detail::in_edge_iter<__gnu_cxx::__normal_iterator<pycudaboost::detail::stored_edge_iter<long unsigned int, std::_List_iterator<pycudaboost::list_edge<long unsigned int, pycudaboost::property<pycudaboost::edge_index_t, long unsigned int, pycudaboost::property<pycudaboost::{anonymous}::edge_cast_t, void* (*)(void*)> > > >, pycudaboost::property<pycudaboost::edge_index_t, long unsigned int, pycudaboost::property<pycudaboost::{anonymous}::edge_cast_t, void* (*)(void*)> > >*, std::vector<pycudaboost::detail::stored_edge_iter<long unsigned int, std::_List_iterator<pycudaboost::list_edge<long unsigned int, pycudaboost::property<pycudaboost::edge_index_t, long unsigned int, pycudaboost::property<pycudaboost::{anonymous}::edge_cast_t, void* (*)(void*)> > > >, pycudaboost::property<pycudaboost::edge_index_t, long unsigned int, pycudaboost::property<pycudaboost::{anonymous}::edge_cast_t, void* (*)(void*)> > >, std::allocator<pycudaboost::detail::stored_edge_iter<long unsigned int, std::_List_iterator<pycudaboost::list_edge<long unsigned int, pycudaboost::property<pycudaboost::edge_index_t, long unsigned int, pycudaboost::property<pycudaboost::{anonymous}::edge_cast_t, void* (*)(void*)> > > >, pycudaboost::property<pycudaboost::edge_index_t, long unsigned int, pycudaboost::property<pycudaboost::{anonymous}::edge_cast_t, void* (*)(void*)> > > > > >, long unsigned int, pycudaboost::detail::edge_desc_impl<pycudaboost::bidirectional_tag, long unsigned int>, long int>, pycudaboost::use_default, pycudaboost::use_default>]’
         36 |       ~model()
            |       ^
      bpl-subset/bpl_subset/boost/concept_check.hpp:140:5: note: in expansion of macro ‘BOOST_CONCEPT_USAGE’
        140 |     BOOST_CONCEPT_USAGE(Assignable) {
            |     ^~~~~~~~~~~~~~~~~~~
      bpl-subset/bpl_subset/boost/concept/usage.hpp: In instantiation of ‘pycudaboost::concepts::usage_requirements<Model>::~usage_requirements() [with Model = pycudaboost::EqualityComparable<pycudaboost::transform_iterator<pycudaboost::detail::reverse_graph_edge_descriptor_maker<pycudaboost::detail::edge_desc_impl<pycudaboost::bidirectional_tag, long unsigned int> >, pycudaboost::detail::in_edge_iter<__gnu_cxx::__normal_iterator<pycudaboost::detail::stored_edge_iter<long unsigned int, std::_List_iterator<pycudaboost::list_edge<long unsigned int, pycudaboost::property<pycudaboost::edge_index_t, long unsigned int, pycudaboost::property<pycudaboost::{anonymous}::edge_cast_t, void* (*)(void*)> > > >, pycudaboost::property<pycudaboost::edge_index_t, long unsigned int, pycudaboost::property<pycudaboost::{anonymous}::edge_cast_t, void* (*)(void*)> > >*, std::vector<pycudaboost::detail::stored_edge_iter<long unsigned int, std::_List_iterator<pycudaboost::list_edge<long unsigned int, pycudaboost::property<pycudaboost::edge_index_t, long unsigned int, pycudaboost::property<pycudaboost::{anonymous}::edge_cast_t, void* (*)(void*)> > > >, pycudaboost::property<pycudaboost::edge_index_t, long unsigned int, pycudaboost::property<pycudaboost::{anonymous}::edge_cast_t, void* (*)(void*)> > >, std::allocator<pycudaboost::detail::stored_edge_iter<long unsigned int, std::_List_iterator<pycudaboost::list_edge<long unsigned int, pycudaboost::property<pycudaboost::edge_index_t, long unsigned int, pycudaboost::property<pycudaboost::{anonymous}::edge_cast_t, void* (*)(void*)> > > >, pycudaboost::property<pycudaboost::edge_index_t, long unsigned int, pycudaboost::property<pycudaboost::{anonymous}::edge_cast_t, void* (*)(void*)> > > > > >, long unsigned int, pycudaboost::detail::edge_desc_impl<pycudaboost::bidirectional_tag, long unsigned int>, long int>, pycudaboost::use_default, pycudaboost::use_default> >]’:
      bpl-subset/bpl_subset/boost/concept/detail/general.hpp:38:47:   required from ‘static void pycudaboost::concepts::requirement<pycudaboost::concepts::failed************ Model::************>::failed() [with Model = pycudaboost::concepts::usage_requirements<pycudaboost::EqualityComparable<pycudaboost::transform_iterator<pycudaboost::detail::reverse_graph_edge_descriptor_maker<pycudaboost::detail::edge_desc_impl<pycudaboost::bidirectional_tag, long unsigned int> >, pycudaboost::detail::in_edge_iter<__gnu_cxx::__normal_iterator<pycudaboost::detail::stored_edge_iter<long unsigned int, std::_List_iterator<pycudaboost::list_edge<long unsigned int, pycudaboost::property<pycudaboost::edge_index_t, long unsigned int, pycudaboost::property<pycudaboost::{anonymous}::edge_cast_t, void* (*)(void*)> > > >, pycudaboost::property<pycudaboost::edge_index_t, long unsigned int, pycudaboost::property<pycudaboost::{anonymous}::edge_cast_t, void* (*)(void*)> > >*, std::vector<pycudaboost::detail::stored_edge_iter<long unsigned int, std::_List_iterator<pycudaboost::list_edge<long unsigned int, pycudaboost::property<pycudaboost::edge_index_t, long unsigned int, pycudaboost::property<pycudaboost::{anonymous}::edge_cast_t, void* (*)(void*)> > > >, pycudaboost::property<pycudaboost::edge_index_t, long unsigned int, pycudaboost::property<pycudaboost::{anonymous}::edge_cast_t, void* (*)(void*)> > >, std::allocator<pycudaboost::detail::stored_edge_iter<long unsigned int, std::_List_iterator<pycudaboost::list_edge<long unsigned int, pycudaboost::property<pycudaboost::edge_index_t, long unsigned int, pycudaboost::property<pycudaboost::{anonymous}::edge_cast_t, void* (*)(void*)> > > >, pycudaboost::property<pycudaboost::edge_index_t, long unsigned int, pycudaboost::property<pycudaboost::{anonymous}::edge_cast_t, void* (*)(void*)> > > > > >, long unsigned int, pycudaboost::detail::edge_desc_impl<pycudaboost::bidirectional_tag, long unsigned int>, long int>, pycudaboost::use_default, pycudaboost::use_default> > >]’
      bpl-subset/bpl_subset/boost/concept_check.hpp:236:5:   required from ‘struct pycudaboost::EqualityComparable<pycudaboost::transform_iterator<pycudaboost::detail::reverse_graph_edge_descriptor_maker<pycudaboost::detail::edge_desc_impl<pycudaboost::bidirectional_tag, long unsigned int> >, pycudaboost::detail::in_edge_iter<__gnu_cxx::__normal_iterator<pycudaboost::detail::stored_edge_iter<long unsigned int, std::_List_iterator<pycudaboost::list_edge<long unsigned int, pycudaboost::property<pycudaboost::edge_index_t, long unsigned int, pycudaboost::property<pycudaboost::{anonymous}::edge_cast_t, void* (*)(void*)> > > >, pycudaboost::property<pycudaboost::edge_index_t, long unsigned int, pycudaboost::property<pycudaboost::{anonymous}::edge_cast_t, void* (*)(void*)> > >*, std::vector<pycudaboost::detail::stored_edge_iter<long unsigned int, std::_List_iterator<pycudaboost::list_edge<long unsigned int, pycudaboost::property<pycudaboost::edge_index_t, long unsigned int, pycudaboost::property<pycudaboost::{anonymous}::edge_cast_t, void* (*)(void*)> > > >, pycudaboost::property<pycudaboost::edge_index_t, long unsigned int, pycudaboost::property<pycudaboost::{anonymous}::edge_cast_t, void* (*)(void*)> > >, std::allocator<pycudaboost::detail::stored_edge_iter<long unsigned int, std::_List_iterator<pycudaboost::list_edge<long unsigned int, pycudaboost::property<pycudaboost::edge_index_t, long unsigned int, pycudaboost::property<pycudaboost::{anonymous}::edge_cast_t, void* (*)(void*)> > > >, pycudaboost::property<pycudaboost::edge_index_t, long unsigned int, pycudaboost::property<pycudaboost::{anonymous}::edge_cast_t, void* (*)(void*)> > > > > >, long unsigned int, pycudaboost::detail::edge_desc_impl<pycudaboost::bidirectional_tag, long unsigned int>, long int>, pycudaboost::use_default, pycudaboost::use_default> >’
      bpl-subset/bpl_subset/boost/concept_check.hpp:505:3:   required from ‘struct pycudaboost::InputIterator<pycudaboost::transform_iterator<pycudaboost::detail::reverse_graph_edge_descriptor_maker<pycudaboost::detail::edge_desc_impl<pycudaboost::bidirectional_tag, long unsigned int> >, pycudaboost::detail::in_edge_iter<__gnu_cxx::__normal_iterator<pycudaboost::detail::stored_edge_iter<long unsigned int, std::_List_iterator<pycudaboost::list_edge<long unsigned int, pycudaboost::property<pycudaboost::edge_index_t, long unsigned int, pycudaboost::property<pycudaboost::{anonymous}::edge_cast_t, void* (*)(void*)> > > >, pycudaboost::property<pycudaboost::edge_index_t, long unsigned int, pycudaboost::property<pycudaboost::{anonymous}::edge_cast_t, void* (*)(void*)> > >*, std::vector<pycudaboost::detail::stored_edge_iter<long unsigned int, std::_List_iterator<pycudaboost::list_edge<long unsigned int, pycudaboost::property<pycudaboost::edge_index_t, long unsigned int, pycudaboost::property<pycudaboost::{anonymous}::edge_cast_t, void* (*)(void*)> > > >, pycudaboost::property<pycudaboost::edge_index_t, long unsigned int, pycudaboost::property<pycudaboost::{anonymous}::edge_cast_t, void* (*)(void*)> > >, std::allocator<pycudaboost::detail::stored_edge_iter<long unsigned int, std::_List_iterator<pycudaboost::list_edge<long unsigned int, pycudaboost::property<pycudaboost::edge_index_t, long unsigned int, pycudaboost::property<pycudaboost::{anonymous}::edge_cast_t, void* (*)(void*)> > > >, pycudaboost::property<pycudaboost::edge_index_t, long unsigned int, pycudaboost::property<pycudaboost::{anonymous}::edge_cast_t, void* (*)(void*)> > > > > >, long unsigned int, pycudaboost::detail::edge_desc_impl<pycudaboost::bidirectional_tag, long unsigned int>, long int>, pycudaboost::use_default, pycudaboost::use_default> >’
      bpl-subset/bpl_subset/boost/concept/detail/has_constraints.hpp:32:62:   required by substitution of ‘template<class Model> pycudaboost::concepts::detail::yes pycudaboost::concepts::detail::has_constraints_(Model*, pycudaboost::concepts::detail::wrap_constraints<Model, (& Model::constraints)>*) [with Model = pycudaboost::InputIterator<pycudaboost::transform_iterator<pycudaboost::detail::reverse_graph_edge_descriptor_maker<pycudaboost::detail::edge_desc_impl<pycudaboost::bidirectional_tag, long unsigned int> >, pycudaboost::detail::in_edge_iter<__gnu_cxx::__normal_iterator<pycudaboost::detail::stored_edge_iter<long unsigned int, std::_List_iterator<pycudaboost::list_edge<long unsigned int, pycudaboost::property<pycudaboost::edge_index_t, long unsigned int, pycudaboost::property<pycudaboost::{anonymous}::edge_cast_t, void* (*)(void*)> > > >, pycudaboost::property<pycudaboost::edge_index_t, long unsigned int, pycudaboost::property<pycudaboost::{anonymous}::edge_cast_t, void* (*)(void*)> > >*, std::vector<pycudaboost::detail::stored_edge_iter<long unsigned int, std::_List_iterator<pycudaboost::list_edge<long unsigned int, pycudaboost::property<pycudaboost::edge_index_t, long unsigned int, pycudaboost::property<pycudaboost::{anonymous}::edge_cast_t, void* (*)(void*)> > > >, pycudaboost::property<pycudaboost::edge_index_t, long unsigned int, pycudaboost::property<pycudaboost::{anonymous}::edge_cast_t, void* (*)(void*)> > >, std::allocator<pycudaboost::detail::stored_edge_iter<long unsigned int, std::_List_iterator<pycudaboost::list_edge<long unsigned int, pycudaboost::property<pycudaboost::edge_index_t, long unsigned int, pycudaboost::property<pycudaboost::{anonymous}::edge_cast_t, void* (*)(void*)> > > >, pycudaboost::property<pycudaboost::edge_index_t, long unsigned int, pycudaboost::property<pycudaboost::{anonymous}::edge_cast_t, void* (*)(void*)> > > > > >, long unsigned int, pycudaboost::detail::edge_desc_impl<pycudaboost::bidirectional_tag, long unsigned int>, long int>, pycudaboost::use_default, pycudaboost::use_default> >]’
      bpl-subset/bpl_subset/boost/concept/detail/has_constraints.hpp:42:5:   required from ‘const bool pycudaboost::concepts::not_satisfied<pycudaboost::InputIterator<pycudaboost::transform_iterator<pycudaboost::detail::reverse_graph_edge_descriptor_maker<pycudaboost::detail::edge_desc_impl<pycudaboost::bidirectional_tag, long unsigned int> >, pycudaboost::detail::in_edge_iter<__gnu_cxx::__normal_iterator<pycudaboost::detail::stored_edge_iter<long unsigned int, std::_List_iterator<pycudaboost::list_edge<long unsigned int, pycudaboost::property<pycudaboost::edge_index_t, long unsigned int, pycudaboost::property<pycudaboost::{anonymous}::edge_cast_t, void* (*)(void*)> > > >, pycudaboost::property<pycudaboost::edge_index_t, long unsigned int, pycudaboost::property<pycudaboost::{anonymous}::edge_cast_t, void* (*)(void*)> > >*, std::vector<pycudaboost::detail::stored_edge_iter<long unsigned int, std::_List_iterator<pycudaboost::list_edge<long unsigned int, pycudaboost::property<pycudaboost::edge_index_t, long unsigned int, pycudaboost::property<pycudaboost::{anonymous}::edge_cast_t, void* (*)(void*)> > > >, pycudaboost::property<pycudaboost::edge_index_t, long unsigned int, pycudaboost::property<pycudaboost::{anonymous}::edge_cast_t, void* (*)(void*)> > >, std::allocator<pycudaboost::detail::stored_edge_iter<long unsigned int, std::_List_iterator<pycudaboost::list_edge<long unsigned int, pycudaboost::property<pycudaboost::edge_index_t, long unsigned int, pycudaboost::property<pycudaboost::{anonymous}::edge_cast_t, void* (*)(void*)> > > >, pycudaboost::property<pycudaboost::edge_index_t, long unsigned int, pycudaboost::property<pycudaboost::{anonymous}::edge_cast_t, void* (*)(void*)> > > > > >, long unsigned int, pycudaboost::detail::edge_desc_impl<pycudaboost::bidirectional_tag, long unsigned int>, long int>, pycudaboost::use_default, pycudaboost::use_default> > >::value’
      bpl-subset/bpl_subset/boost/concept/detail/has_constraints.hpp:45:31:   [ skipping 8 instantiation contexts, use -ftemplate-backtrace-limit=0 to disable ]
      bpl-subset/bpl_subset/boost/graph/breadth_first_search.hpp:125:24:   required from ‘void pycudaboost::breadth_first_search(const VertexListGraph&, SourceIterator, SourceIterator, Buffer&, BFSVisitor, ColorMap) [with VertexListGraph = pycudaboost::reverse_graph<pycudaboost::adjacency_list<pycudaboost::vecS, pycudaboost::vecS, pycudaboost::bidirectionalS, pycudaboost::no_property, pycudaboost::property<pycudaboost::edge_index_t, long unsigned int, pycudaboost::property<pycudaboost::{anonymous}::edge_cast_t, void* (*)(void*)> > > >; SourceIterator = long unsigned int*; Buffer = pycudaboost::queue<long unsigned int, std::deque<long unsigned int, std::allocator<long unsigned int> > >; BFSVisitor = pycudaboost::bfs_visitor<pycudaboost::distance_recorder<pycudaboost::iterator_property_map<__gnu_cxx::__normal_iterator<long unsigned int*, std::vector<long unsigned int> >, pycudaboost::vec_adj_list_vertex_id_map<pycudaboost::no_property, long unsigned int>, long unsigned int, long unsigned int&>, pycudaboost::on_tree_edge> >; ColorMap = pycudaboost::two_bit_color_map<pycudaboost::vec_adj_list_vertex_id_map<pycudaboost::no_property, long unsigned int> >]’
      bpl-subset/bpl_subset/boost/graph/breadth_first_search.hpp:136:25:   required from ‘void pycudaboost::breadth_first_search(const VertexListGraph&, typename pycudaboost::graph_traits<Graph>::vertex_descriptor, Buffer&, BFSVisitor, ColorMap) [with VertexListGraph = pycudaboost::reverse_graph<pycudaboost::adjacency_list<pycudaboost::vecS, pycudaboost::vecS, pycudaboost::bidirectionalS, pycudaboost::no_property, pycudaboost::property<pycudaboost::edge_index_t, long unsigned int, pycudaboost::property<pycudaboost::{anonymous}::edge_cast_t, void* (*)(void*)> > > >; Buffer = pycudaboost::queue<long unsigned int, std::deque<long unsigned int, std::allocator<long unsigned int> > >; BFSVisitor = pycudaboost::bfs_visitor<pycudaboost::distance_recorder<pycudaboost::iterator_property_map<__gnu_cxx::__normal_iterator<long unsigned int*, std::vector<long unsigned int> >, pycudaboost::vec_adj_list_vertex_id_map<pycudaboost::no_property, long unsigned int>, long unsigned int, long unsigned int&>, pycudaboost::on_tree_edge> >; ColorMap = pycudaboost::two_bit_color_map<pycudaboost::vec_adj_list_vertex_id_map<pycudaboost::no_property, long unsigned int> >; typename pycudaboost::graph_traits<Graph>::vertex_descriptor = long unsigned int]’
      bpl-subset/bpl_subset/boost/graph/breadth_first_search.hpp:260:9:   required from ‘void pycudaboost::detail::bfs_helper(VertexListGraph&, typename pycudaboost::graph_traits<Graph>::vertex_descriptor, ColorMap, BFSVisitor, const pycudaboost::bgl_named_params<P, T, R>&, typename pycudaboost::enable_if_c<pycudaboost::is_base_and_derived<pycudaboost::vertex_list_graph_tag, typename pycudaboost::graph_traits<Graph>::traversal_category>::value, void>::type*) [with VertexListGraph = pycudaboost::reverse_graph<pycudaboost::adjacency_list<pycudaboost::vecS, pycudaboost::vecS, pycudaboost::bidirectionalS, pycudaboost::no_property, pycudaboost::property<pycudaboost::edge_index_t, long unsigned int, pycudaboost::property<pycudaboost::{anonymous}::edge_cast_t, void* (*)(void*)> > > >; ColorMap = pycudaboost::two_bit_color_map<pycudaboost::vec_adj_list_vertex_id_map<pycudaboost::no_property, long unsigned int> >; BFSVisitor = pycudaboost::bfs_visitor<pycudaboost::distance_recorder<pycudaboost::iterator_property_map<__gnu_cxx::__normal_iterator<long unsigned int*, std::vector<long unsigned int> >, pycudaboost::vec_adj_list_vertex_id_map<pycudaboost::no_property, long unsigned int>, long unsigned int, long unsigned int&>, pycudaboost::on_tree_edge> >; P = pycudaboost::bfs_visitor<pycudaboost::distance_recorder<pycudaboost::iterator_property_map<__gnu_cxx::__normal_iterator<long unsigned int*, std::vector<long unsigned int> >, pycudaboost::vec_adj_list_vertex_id_map<pycudaboost::no_property, long unsigned int>, long unsigned int, long unsigned int&>, pycudaboost::on_tree_edge> >; T = pycudaboost::graph_visitor_t; R = pycudaboost::no_property; typename pycudaboost::graph_traits<Graph>::vertex_descriptor = long unsigned int; typename pycudaboost::enable_if_c<pycudaboost::is_base_and_derived<pycudaboost::vertex_list_graph_tag, typename pycudaboost::graph_traits<Graph>::traversal_category>::value, void>::type = void; typename pycudaboost::graph_traits<Graph>::traversal_category = pycudaboost::bidir_adj_list_traversal_tag]’
      bpl-subset/bpl_subset/boost/graph/breadth_first_search.hpp:312:11:   required from ‘static void pycudaboost::detail::bfs_dispatch<pycudaboost::param_not_found>::apply(VertexListGraph&, typename pycudaboost::graph_traits<Graph>::vertex_descriptor, const pycudaboost::bgl_named_params<T, Tag, Base>&, pycudaboost::param_not_found) [with VertexListGraph = pycudaboost::reverse_graph<pycudaboost::adjacency_list<pycudaboost::vecS, pycudaboost::vecS, pycudaboost::bidirectionalS, pycudaboost::no_property, pycudaboost::property<pycudaboost::edge_index_t, long unsigned int, pycudaboost::property<pycudaboost::{anonymous}::edge_cast_t, void* (*)(void*)> > > >; P = pycudaboost::bfs_visitor<pycudaboost::distance_recorder<pycudaboost::iterator_property_map<__gnu_cxx::__normal_iterator<long unsigned int*, std::vector<long unsigned int> >, pycudaboost::vec_adj_list_vertex_id_map<pycudaboost::no_property, long unsigned int>, long unsigned int, long unsigned int&>, pycudaboost::on_tree_edge> >; T = pycudaboost::graph_visitor_t; R = pycudaboost::no_property; typename pycudaboost::graph_traits<Graph>::vertex_descriptor = long unsigned int]’
      bpl-subset/bpl_subset/boost/graph/breadth_first_search.hpp:339:35:   required from ‘void pycudaboost::breadth_first_search(const VertexListGraph&, typename pycudaboost::graph_traits<Graph>::vertex_descriptor, const pycudaboost::bgl_named_params<T, Tag, Base>&) [with VertexListGraph = pycudaboost::reverse_graph<pycudaboost::adjacency_list<pycudaboost::vecS, pycudaboost::vecS, pycudaboost::bidirectionalS, pycudaboost::no_property, pycudaboost::property<pycudaboost::edge_index_t, long unsigned int, pycudaboost::property<pycudaboost::{anonymous}::edge_cast_t, void* (*)(void*)> > > >; P = pycudaboost::bfs_visitor<pycudaboost::distance_recorder<pycudaboost::iterator_property_map<__gnu_cxx::__normal_iterator<long unsigned int*, std::vector<long unsigned int> >, pycudaboost::vec_adj_list_vertex_id_map<pycudaboost::no_property, long unsigned int>, long unsigned int, long unsigned int&>, pycudaboost::on_tree_edge> >; T = pycudaboost::graph_visitor_t; R = pycudaboost::no_property; typename pycudaboost::graph_traits<Graph>::vertex_descriptor = long unsigned int]’
      bpl-subset/bpl_subset/libs/python/src/object/inheritance.cpp:107:35:   required from here
      bpl-subset/bpl_subset/boost/concept/usage.hpp:22:48: warning: ‘this’ pointer is null [-Wnonnull]
         22 |     ~usage_requirements() { ((Model*)0)->~Model(); }
            |                             ~~~~~~~~~~~~~~~~~~~^~
      bpl-subset/bpl_subset/boost/concept/usage.hpp:36:7: note: in a call to non-static member function ‘pycudaboost::EqualityComparable<TT>::~EqualityComparable() [with TT = pycudaboost::transform_iterator<pycudaboost::detail::reverse_graph_edge_descriptor_maker<pycudaboost::detail::edge_desc_impl<pycudaboost::bidirectional_tag, long unsigned int> >, pycudaboost::detail::in_edge_iter<__gnu_cxx::__normal_iterator<pycudaboost::detail::stored_edge_iter<long unsigned int, std::_List_iterator<pycudaboost::list_edge<long unsigned int, pycudaboost::property<pycudaboost::edge_index_t, long unsigned int, pycudaboost::property<pycudaboost::{anonymous}::edge_cast_t, void* (*)(void*)> > > >, pycudaboost::property<pycudaboost::edge_index_t, long unsigned int, pycudaboost::property<pycudaboost::{anonymous}::edge_cast_t, void* (*)(void*)> > >*, std::vector<pycudaboost::detail::stored_edge_iter<long unsigned int, std::_List_iterator<pycudaboost::list_edge<long unsigned int, pycudaboost::property<pycudaboost::edge_index_t, long unsigned int, pycudaboost::property<pycudaboost::{anonymous}::edge_cast_t, void* (*)(void*)> > > >, pycudaboost::property<pycudaboost::edge_index_t, long unsigned int, pycudaboost::property<pycudaboost::{anonymous}::edge_cast_t, void* (*)(void*)> > >, std::allocator<pycudaboost::detail::stored_edge_iter<long unsigned int, std::_List_iterator<pycudaboost::list_edge<long unsigned int, pycudaboost::property<pycudaboost::edge_index_t, long unsigned int, pycudaboost::property<pycudaboost::{anonymous}::edge_cast_t, void* (*)(void*)> > > >, pycudaboost::property<pycudaboost::edge_index_t, long unsigned int, pycudaboost::property<pycudaboost::{anonymous}::edge_cast_t, void* (*)(void*)> > > > > >, long unsigned int, pycudaboost::detail::edge_desc_impl<pycudaboost::bidirectional_tag, long unsigned int>, long int>, pycudaboost::use_default, pycudaboost::use_default>]’
         36 |       ~model()
            |       ^
      bpl-subset/bpl_subset/boost/concept_check.hpp:236:5: note: in expansion of macro ‘BOOST_CONCEPT_USAGE’
        236 |     BOOST_CONCEPT_USAGE(EqualityComparable) {
            |     ^~~~~~~~~~~~~~~~~~~
      bpl-subset/bpl_subset/boost/concept/usage.hpp: In instantiation of ‘pycudaboost::concepts::usage_requirements<Model>::~usage_requirements() [with Model = pycudaboost::InputIterator<pycudaboost::transform_iterator<pycudaboost::detail::reverse_graph_edge_descriptor_maker<pycudaboost::detail::edge_desc_impl<pycudaboost::bidirectional_tag, long unsigned int> >, pycudaboost::detail::in_edge_iter<__gnu_cxx::__normal_iterator<pycudaboost::detail::stored_edge_iter<long unsigned int, std::_List_iterator<pycudaboost::list_edge<long unsigned int, pycudaboost::property<pycudaboost::edge_index_t, long unsigned int, pycudaboost::property<pycudaboost::{anonymous}::edge_cast_t, void* (*)(void*)> > > >, pycudaboost::property<pycudaboost::edge_index_t, long unsigned int, pycudaboost::property<pycudaboost::{anonymous}::edge_cast_t, void* (*)(void*)> > >*, std::vector<pycudaboost::detail::stored_edge_iter<long unsigned int, std::_List_iterator<pycudaboost::list_edge<long unsigned int, pycudaboost::property<pycudaboost::edge_index_t, long unsigned int, pycudaboost::property<pycudaboost::{anonymous}::edge_cast_t, void* (*)(void*)> > > >, pycudaboost::property<pycudaboost::edge_index_t, long unsigned int, pycudaboost::property<pycudaboost::{anonymous}::edge_cast_t, void* (*)(void*)> > >, std::allocator<pycudaboost::detail::stored_edge_iter<long unsigned int, std::_List_iterator<pycudaboost::list_edge<long unsigned int, pycudaboost::property<pycudaboost::edge_index_t, long unsigned int, pycudaboost::property<pycudaboost::{anonymous}::edge_cast_t, void* (*)(void*)> > > >, pycudaboost::property<pycudaboost::edge_index_t, long unsigned int, pycudaboost::property<pycudaboost::{anonymous}::edge_cast_t, void* (*)(void*)> > > > > >, long unsigned int, pycudaboost::detail::edge_desc_impl<pycudaboost::bidirectional_tag, long unsigned int>, long int>, pycudaboost::use_default, pycudaboost::use_default> >]’:
      bpl-subset/bpl_subset/boost/concept/detail/general.hpp:38:47:   required from ‘static void pycudaboost::concepts::requirement<pycudaboost::concepts::failed************ Model::************>::failed() [with Model = pycudaboost::concepts::usage_requirements<pycudaboost::InputIterator<pycudaboost::transform_iterator<pycudaboost::detail::reverse_graph_edge_descriptor_maker<pycudaboost::detail::edge_desc_impl<pycudaboost::bidirectional_tag, long unsigned int> >, pycudaboost::detail::in_edge_iter<__gnu_cxx::__normal_iterator<pycudaboost::detail::stored_edge_iter<long unsigned int, std::_List_iterator<pycudaboost::list_edge<long unsigned int, pycudaboost::property<pycudaboost::edge_index_t, long unsigned int, pycudaboost::property<pycudaboost::{anonymous}::edge_cast_t, void* (*)(void*)> > > >, pycudaboost::property<pycudaboost::edge_index_t, long unsigned int, pycudaboost::property<pycudaboost::{anonymous}::edge_cast_t, void* (*)(void*)> > >*, std::vector<pycudaboost::detail::stored_edge_iter<long unsigned int, std::_List_iterator<pycudaboost::list_edge<long unsigned int, pycudaboost::property<pycudaboost::edge_index_t, long unsigned int, pycudaboost::property<pycudaboost::{anonymous}::edge_cast_t, void* (*)(void*)> > > >, pycudaboost::property<pycudaboost::edge_index_t, long unsigned int, pycudaboost::property<pycudaboost::{anonymous}::edge_cast_t, void* (*)(void*)> > >, std::allocator<pycudaboost::detail::stored_edge_iter<long unsigned int, std::_List_iterator<pycudaboost::list_edge<long unsigned int, pycudaboost::property<pycudaboost::edge_index_t, long unsigned int, pycudaboost::property<pycudaboost::{anonymous}::edge_cast_t, void* (*)(void*)> > > >, pycudaboost::property<pycudaboost::edge_index_t, long unsigned int, pycudaboost::property<pycudaboost::{anonymous}::edge_cast_t, void* (*)(void*)> > > > > >, long unsigned int, pycudaboost::detail::edge_desc_impl<pycudaboost::bidirectional_tag, long unsigned int>, long int>, pycudaboost::use_default, pycudaboost::use_default> > >]’
      bpl-subset/bpl_subset/boost/concept_check.hpp:515:7:   required from ‘struct pycudaboost::InputIterator<pycudaboost::transform_iterator<pycudaboost::detail::reverse_graph_edge_descriptor_maker<pycudaboost::detail::edge_desc_impl<pycudaboost::bidirectional_tag, long unsigned int> >, pycudaboost::detail::in_edge_iter<__gnu_cxx::__normal_iterator<pycudaboost::detail::stored_edge_iter<long unsigned int, std::_List_iterator<pycudaboost::list_edge<long unsigned int, pycudaboost::property<pycudaboost::edge_index_t, long unsigned int, pycudaboost::property<pycudaboost::{anonymous}::edge_cast_t, void* (*)(void*)> > > >, pycudaboost::property<pycudaboost::edge_index_t, long unsigned int, pycudaboost::property<pycudaboost::{anonymous}::edge_cast_t, void* (*)(void*)> > >*, std::vector<pycudaboost::detail::stored_edge_iter<long unsigned int, std::_List_iterator<pycudaboost::list_edge<long unsigned int, pycudaboost::property<pycudaboost::edge_index_t, long unsigned int, pycudaboost::property<pycudaboost::{anonymous}::edge_cast_t, void* (*)(void*)> > > >, pycudaboost::property<pycudaboost::edge_index_t, long unsigned int, pycudaboost::property<pycudaboost::{anonymous}::edge_cast_t, void* (*)(void*)> > >, std::allocator<pycudaboost::detail::stored_edge_iter<long unsigned int, std::_List_iterator<pycudaboost::list_edge<long unsigned int, pycudaboost::property<pycudaboost::edge_index_t, long unsigned int, pycudaboost::property<pycudaboost::{anonymous}::edge_cast_t, void* (*)(void*)> > > >, pycudaboost::property<pycudaboost::edge_index_t, long unsigned int, pycudaboost::property<pycudaboost::{anonymous}::edge_cast_t, void* (*)(void*)> > > > > >, long unsigned int, pycudaboost::detail::edge_desc_impl<pycudaboost::bidirectional_tag, long unsigned int>, long int>, pycudaboost::use_default, pycudaboost::use_default> >’
      bpl-subset/bpl_subset/boost/concept/detail/has_constraints.hpp:32:62:   required by substitution of ‘template<class Model> pycudaboost::concepts::detail::yes pycudaboost::concepts::detail::has_constraints_(Model*, pycudaboost::concepts::detail::wrap_constraints<Model, (& Model::constraints)>*) [with Model = pycudaboost::InputIterator<pycudaboost::transform_iterator<pycudaboost::detail::reverse_graph_edge_descriptor_maker<pycudaboost::detail::edge_desc_impl<pycudaboost::bidirectional_tag, long unsigned int> >, pycudaboost::detail::in_edge_iter<__gnu_cxx::__normal_iterator<pycudaboost::detail::stored_edge_iter<long unsigned int, std::_List_iterator<pycudaboost::list_edge<long unsigned int, pycudaboost::property<pycudaboost::edge_index_t, long unsigned int, pycudaboost::property<pycudaboost::{anonymous}::edge_cast_t, void* (*)(void*)> > > >, pycudaboost::property<pycudaboost::edge_index_t, long unsigned int, pycudaboost::property<pycudaboost::{anonymous}::edge_cast_t, void* (*)(void*)> > >*, std::vector<pycudaboost::detail::stored_edge_iter<long unsigned int, std::_List_iterator<pycudaboost::list_edge<long unsigned int, pycudaboost::property<pycudaboost::edge_index_t, long unsigned int, pycudaboost::property<pycudaboost::{anonymous}::edge_cast_t, void* (*)(void*)> > > >, pycudaboost::property<pycudaboost::edge_index_t, long unsigned int, pycudaboost::property<pycudaboost::{anonymous}::edge_cast_t, void* (*)(void*)> > >, std::allocator<pycudaboost::detail::stored_edge_iter<long unsigned int, std::_List_iterator<pycudaboost::list_edge<long unsigned int, pycudaboost::property<pycudaboost::edge_index_t, long unsigned int, pycudaboost::property<pycudaboost::{anonymous}::edge_cast_t, void* (*)(void*)> > > >, pycudaboost::property<pycudaboost::edge_index_t, long unsigned int, pycudaboost::property<pycudaboost::{anonymous}::edge_cast_t, void* (*)(void*)> > > > > >, long unsigned int, pycudaboost::detail::edge_desc_impl<pycudaboost::bidirectional_tag, long unsigned int>, long int>, pycudaboost::use_default, pycudaboost::use_default> >]’
      bpl-subset/bpl_subset/boost/concept/detail/has_constraints.hpp:42:5:   required from ‘const bool pycudaboost::concepts::not_satisfied<pycudaboost::InputIterator<pycudaboost::transform_iterator<pycudaboost::detail::reverse_graph_edge_descriptor_maker<pycudaboost::detail::edge_desc_impl<pycudaboost::bidirectional_tag, long unsigned int> >, pycudaboost::detail::in_edge_iter<__gnu_cxx::__normal_iterator<pycudaboost::detail::stored_edge_iter<long unsigned int, std::_List_iterator<pycudaboost::list_edge<long unsigned int, pycudaboost::property<pycudaboost::edge_index_t, long unsigned int, pycudaboost::property<pycudaboost::{anonymous}::edge_cast_t, void* (*)(void*)> > > >, pycudaboost::property<pycudaboost::edge_index_t, long unsigned int, pycudaboost::property<pycudaboost::{anonymous}::edge_cast_t, void* (*)(void*)> > >*, std::vector<pycudaboost::detail::stored_edge_iter<long unsigned int, std::_List_iterator<pycudaboost::list_edge<long unsigned int, pycudaboost::property<pycudaboost::edge_index_t, long unsigned int, pycudaboost::property<pycudaboost::{anonymous}::edge_cast_t, void* (*)(void*)> > > >, pycudaboost::property<pycudaboost::edge_index_t, long unsigned int, pycudaboost::property<pycudaboost::{anonymous}::edge_cast_t, void* (*)(void*)> > >, std::allocator<pycudaboost::detail::stored_edge_iter<long unsigned int, std::_List_iterator<pycudaboost::list_edge<long unsigned int, pycudaboost::property<pycudaboost::edge_index_t, long unsigned int, pycudaboost::property<pycudaboost::{anonymous}::edge_cast_t, void* (*)(void*)> > > >, pycudaboost::property<pycudaboost::edge_index_t, long unsigned int, pycudaboost::property<pycudaboost::{anonymous}::edge_cast_t, void* (*)(void*)> > > > > >, long unsigned int, pycudaboost::detail::edge_desc_impl<pycudaboost::bidirectional_tag, long unsigned int>, long int>, pycudaboost::use_default, pycudaboost::use_default> > >::value’
      bpl-subset/bpl_subset/boost/concept/detail/has_constraints.hpp:45:31:   required from ‘struct pycudaboost::concepts::not_satisfied<pycudaboost::InputIterator<pycudaboost::transform_iterator<pycudaboost::detail::reverse_graph_edge_descriptor_maker<pycudaboost::detail::edge_desc_impl<pycudaboost::bidirectional_tag, long unsigned int> >, pycudaboost::detail::in_edge_iter<__gnu_cxx::__normal_iterator<pycudaboost::detail::stored_edge_iter<long unsigned int, std::_List_iterator<pycudaboost::list_edge<long unsigned int, pycudaboost::property<pycudaboost::edge_index_t, long unsigned int, pycudaboost::property<pycudaboost::{anonymous}::edge_cast_t, void* (*)(void*)> > > >, pycudaboost::property<pycudaboost::edge_index_t, long unsigned int, pycudaboost::property<pycudaboost::{anonymous}::edge_cast_t, void* (*)(void*)> > >*, std::vector<pycudaboost::detail::stored_edge_iter<long unsigned int, std::_List_iterator<pycudaboost::list_edge<long unsigned int, pycudaboost::property<pycudaboost::edge_index_t, long unsigned int, pycudaboost::property<pycudaboost::{anonymous}::edge_cast_t, void* (*)(void*)> > > >, pycudaboost::property<pycudaboost::edge_index_t, long unsigned int, pycudaboost::property<pycudaboost::{anonymous}::edge_cast_t, void* (*)(void*)> > >, std::allocator<pycudaboost::detail::stored_edge_iter<long unsigned int, std::_List_iterator<pycudaboost::list_edge<long unsigned int, pycudaboost::property<pycudaboost::edge_index_t, long unsigned int, pycudaboost::property<pycudaboost::{anonymous}::edge_cast_t, void* (*)(void*)> > > >, pycudaboost::property<pycudaboost::edge_index_t, long unsigned int, pycudaboost::property<pycudaboost::{anonymous}::edge_cast_t, void* (*)(void*)> > > > > >, long unsigned int, pycudaboost::detail::edge_desc_impl<pycudaboost::bidirectional_tag, long unsigned int>, long int>, pycudaboost::use_default, pycudaboost::use_default> > >’
      bpl-subset/bpl_subset/boost/mpl/if.hpp:63:11:   [ skipping 7 instantiation contexts, use -ftemplate-backtrace-limit=0 to disable ]
      bpl-subset/bpl_subset/boost/graph/breadth_first_search.hpp:125:24:   required from ‘void pycudaboost::breadth_first_search(const VertexListGraph&, SourceIterator, SourceIterator, Buffer&, BFSVisitor, ColorMap) [with VertexListGraph = pycudaboost::reverse_graph<pycudaboost::adjacency_list<pycudaboost::vecS, pycudaboost::vecS, pycudaboost::bidirectionalS, pycudaboost::no_property, pycudaboost::property<pycudaboost::edge_index_t, long unsigned int, pycudaboost::property<pycudaboost::{anonymous}::edge_cast_t, void* (*)(void*)> > > >; SourceIterator = long unsigned int*; Buffer = pycudaboost::queue<long unsigned int, std::deque<long unsigned int, std::allocator<long unsigned int> > >; BFSVisitor = pycudaboost::bfs_visitor<pycudaboost::distance_recorder<pycudaboost::iterator_property_map<__gnu_cxx::__normal_iterator<long unsigned int*, std::vector<long unsigned int> >, pycudaboost::vec_adj_list_vertex_id_map<pycudaboost::no_property, long unsigned int>, long unsigned int, long unsigned int&>, pycudaboost::on_tree_edge> >; ColorMap = pycudaboost::two_bit_color_map<pycudaboost::vec_adj_list_vertex_id_map<pycudaboost::no_property, long unsigned int> >]’
      bpl-subset/bpl_subset/boost/graph/breadth_first_search.hpp:136:25:   required from ‘void pycudaboost::breadth_first_search(const VertexListGraph&, typename pycudaboost::graph_traits<Graph>::vertex_descriptor, Buffer&, BFSVisitor, ColorMap) [with VertexListGraph = pycudaboost::reverse_graph<pycudaboost::adjacency_list<pycudaboost::vecS, pycudaboost::vecS, pycudaboost::bidirectionalS, pycudaboost::no_property, pycudaboost::property<pycudaboost::edge_index_t, long unsigned int, pycudaboost::property<pycudaboost::{anonymous}::edge_cast_t, void* (*)(void*)> > > >; Buffer = pycudaboost::queue<long unsigned int, std::deque<long unsigned int, std::allocator<long unsigned int> > >; BFSVisitor = pycudaboost::bfs_visitor<pycudaboost::distance_recorder<pycudaboost::iterator_property_map<__gnu_cxx::__normal_iterator<long unsigned int*, std::vector<long unsigned int> >, pycudaboost::vec_adj_list_vertex_id_map<pycudaboost::no_property, long unsigned int>, long unsigned int, long unsigned int&>, pycudaboost::on_tree_edge> >; ColorMap = pycudaboost::two_bit_color_map<pycudaboost::vec_adj_list_vertex_id_map<pycudaboost::no_property, long unsigned int> >; typename pycudaboost::graph_traits<Graph>::vertex_descriptor = long unsigned int]’
      bpl-subset/bpl_subset/boost/graph/breadth_first_search.hpp:260:9:   required from ‘void pycudaboost::detail::bfs_helper(VertexListGraph&, typename pycudaboost::graph_traits<Graph>::vertex_descriptor, ColorMap, BFSVisitor, const pycudaboost::bgl_named_params<P, T, R>&, typename pycudaboost::enable_if_c<pycudaboost::is_base_and_derived<pycudaboost::vertex_list_graph_tag, typename pycudaboost::graph_traits<Graph>::traversal_category>::value, void>::type*) [with VertexListGraph = pycudaboost::reverse_graph<pycudaboost::adjacency_list<pycudaboost::vecS, pycudaboost::vecS, pycudaboost::bidirectionalS, pycudaboost::no_property, pycudaboost::property<pycudaboost::edge_index_t, long unsigned int, pycudaboost::property<pycudaboost::{anonymous}::edge_cast_t, void* (*)(void*)> > > >; ColorMap = pycudaboost::two_bit_color_map<pycudaboost::vec_adj_list_vertex_id_map<pycudaboost::no_property, long unsigned int> >; BFSVisitor = pycudaboost::bfs_visitor<pycudaboost::distance_recorder<pycudaboost::iterator_property_map<__gnu_cxx::__normal_iterator<long unsigned int*, std::vector<long unsigned int> >, pycudaboost::vec_adj_list_vertex_id_map<pycudaboost::no_property, long unsigned int>, long unsigned int, long unsigned int&>, pycudaboost::on_tree_edge> >; P = pycudaboost::bfs_visitor<pycudaboost::distance_recorder<pycudaboost::iterator_property_map<__gnu_cxx::__normal_iterator<long unsigned int*, std::vector<long unsigned int> >, pycudaboost::vec_adj_list_vertex_id_map<pycudaboost::no_property, long unsigned int>, long unsigned int, long unsigned int&>, pycudaboost::on_tree_edge> >; T = pycudaboost::graph_visitor_t; R = pycudaboost::no_property; typename pycudaboost::graph_traits<Graph>::vertex_descriptor = long unsigned int; typename pycudaboost::enable_if_c<pycudaboost::is_base_and_derived<pycudaboost::vertex_list_graph_tag, typename pycudaboost::graph_traits<Graph>::traversal_category>::value, void>::type = void; typename pycudaboost::graph_traits<Graph>::traversal_category = pycudaboost::bidir_adj_list_traversal_tag]’
      bpl-subset/bpl_subset/boost/graph/breadth_first_search.hpp:312:11:   required from ‘static void pycudaboost::detail::bfs_dispatch<pycudaboost::param_not_found>::apply(VertexListGraph&, typename pycudaboost::graph_traits<Graph>::vertex_descriptor, const pycudaboost::bgl_named_params<T, Tag, Base>&, pycudaboost::param_not_found) [with VertexListGraph = pycudaboost::reverse_graph<pycudaboost::adjacency_list<pycudaboost::vecS, pycudaboost::vecS, pycudaboost::bidirectionalS, pycudaboost::no_property, pycudaboost::property<pycudaboost::edge_index_t, long unsigned int, pycudaboost::property<pycudaboost::{anonymous}::edge_cast_t, void* (*)(void*)> > > >; P = pycudaboost::bfs_visitor<pycudaboost::distance_recorder<pycudaboost::iterator_property_map<__gnu_cxx::__normal_iterator<long unsigned int*, std::vector<long unsigned int> >, pycudaboost::vec_adj_list_vertex_id_map<pycudaboost::no_property, long unsigned int>, long unsigned int, long unsigned int&>, pycudaboost::on_tree_edge> >; T = pycudaboost::graph_visitor_t; R = pycudaboost::no_property; typename pycudaboost::graph_traits<Graph>::vertex_descriptor = long unsigned int]’
      bpl-subset/bpl_subset/boost/graph/breadth_first_search.hpp:339:35:   required from ‘void pycudaboost::breadth_first_search(const VertexListGraph&, typename pycudaboost::graph_traits<Graph>::vertex_descriptor, const pycudaboost::bgl_named_params<T, Tag, Base>&) [with VertexListGraph = pycudaboost::reverse_graph<pycudaboost::adjacency_list<pycudaboost::vecS, pycudaboost::vecS, pycudaboost::bidirectionalS, pycudaboost::no_property, pycudaboost::property<pycudaboost::edge_index_t, long unsigned int, pycudaboost::property<pycudaboost::{anonymous}::edge_cast_t, void* (*)(void*)> > > >; P = pycudaboost::bfs_visitor<pycudaboost::distance_recorder<pycudaboost::iterator_property_map<__gnu_cxx::__normal_iterator<long unsigned int*, std::vector<long unsigned int> >, pycudaboost::vec_adj_list_vertex_id_map<pycudaboost::no_property, long unsigned int>, long unsigned int, long unsigned int&>, pycudaboost::on_tree_edge> >; T = pycudaboost::graph_visitor_t; R = pycudaboost::no_property; typename pycudaboost::graph_traits<Graph>::vertex_descriptor = long unsigned int]’
      bpl-subset/bpl_subset/libs/python/src/object/inheritance.cpp:107:35:   required from here
      bpl-subset/bpl_subset/boost/concept/usage.hpp:22:48: warning: ‘this’ pointer is null [-Wnonnull]
         22 |     ~usage_requirements() { ((Model*)0)->~Model(); }
            |                             ~~~~~~~~~~~~~~~~~~~^~
      bpl-subset/bpl_subset/boost/concept/usage.hpp:36:7: note: in a call to non-static member function ‘pycudaboost::InputIterator<TT>::~InputIterator() [with TT = pycudaboost::transform_iterator<pycudaboost::detail::reverse_graph_edge_descriptor_maker<pycudaboost::detail::edge_desc_impl<pycudaboost::bidirectional_tag, long unsigned int> >, pycudaboost::detail::in_edge_iter<__gnu_cxx::__normal_iterator<pycudaboost::detail::stored_edge_iter<long unsigned int, std::_List_iterator<pycudaboost::list_edge<long unsigned int, pycudaboost::property<pycudaboost::edge_index_t, long unsigned int, pycudaboost::property<pycudaboost::{anonymous}::edge_cast_t, void* (*)(void*)> > > >, pycudaboost::property<pycudaboost::edge_index_t, long unsigned int, pycudaboost::property<pycudaboost::{anonymous}::edge_cast_t, void* (*)(void*)> > >*, std::vector<pycudaboost::detail::stored_edge_iter<long unsigned int, std::_List_iterator<pycudaboost::list_edge<long unsigned int, pycudaboost::property<pycudaboost::edge_index_t, long unsigned int, pycudaboost::property<pycudaboost::{anonymous}::edge_cast_t, void* (*)(void*)> > > >, pycudaboost::property<pycudaboost::edge_index_t, long unsigned int, pycudaboost::property<pycudaboost::{anonymous}::edge_cast_t, void* (*)(void*)> > >, std::allocator<pycudaboost::detail::stored_edge_iter<long unsigned int, std::_List_iterator<pycudaboost::list_edge<long unsigned int, pycudaboost::property<pycudaboost::edge_index_t, long unsigned int, pycudaboost::property<pycudaboost::{anonymous}::edge_cast_t, void* (*)(void*)> > > >, pycudaboost::property<pycudaboost::edge_index_t, long unsigned int, pycudaboost::property<pycudaboost::{anonymous}::edge_cast_t, void* (*)(void*)> > > > > >, long unsigned int, pycudaboost::detail::edge_desc_impl<pycudaboost::bidirectional_tag, long unsigned int>, long int>, pycudaboost::use_default, pycudaboost::use_default>]’
         36 |       ~model()
            |       ^
      bpl-subset/bpl_subset/boost/concept_check.hpp:515:7: note: in expansion of macro ‘BOOST_CONCEPT_USAGE’
        515 |       BOOST_CONCEPT_USAGE(InputIterator)
            |       ^~~~~~~~~~~~~~~~~~~
      bpl-subset/bpl_subset/boost/concept/usage.hpp: In instantiation of ‘pycudaboost::concepts::usage_requirements<Model>::~usage_requirements() [with Model = pycudaboost::Convertible<pycudaboost::read_write_property_map_tag, pycudaboost::readable_property_map_tag>]’:
      bpl-subset/bpl_subset/boost/concept/detail/general.hpp:38:47:   required from ‘static void pycudaboost::concepts::requirement<pycudaboost::concepts::failed************ Model::************>::failed() [with Model = pycudaboost::concepts::usage_requirements<pycudaboost::Convertible<pycudaboost::read_write_property_map_tag, pycudaboost::readable_property_map_tag> >]’
      bpl-subset/bpl_subset/boost/concept_check.hpp:211:5:   required from ‘struct pycudaboost::Convertible<pycudaboost::read_write_property_map_tag, pycudaboost::readable_property_map_tag>’
      bpl-subset/bpl_subset/boost/concept_check.hpp:209:3:   required from ‘struct pycudaboost::ConvertibleConcept<pycudaboost::read_write_property_map_tag, pycudaboost::readable_property_map_tag>’
      bpl-subset/bpl_subset/boost/concept/detail/has_constraints.hpp:32:62:   required by substitution of ‘template<class Model> pycudaboost::concepts::detail::yes pycudaboost::concepts::detail::has_constraints_(Model*, pycudaboost::concepts::detail::wrap_constraints<Model, (& Model::constraints)>*) [with Model = pycudaboost::ConvertibleConcept<pycudaboost::read_write_property_map_tag, pycudaboost::readable_property_map_tag>]’
      bpl-subset/bpl_subset/boost/concept/detail/has_constraints.hpp:42:5:   required from ‘const bool pycudaboost::concepts::not_satisfied<pycudaboost::ConvertibleConcept<pycudaboost::read_write_property_map_tag, pycudaboost::readable_property_map_tag> >::value’
      bpl-subset/bpl_subset/boost/concept/detail/has_constraints.hpp:45:31:   [ skipping 18 instantiation contexts, use -ftemplate-backtrace-limit=0 to disable ]
      bpl-subset/bpl_subset/boost/graph/breadth_first_search.hpp:125:24:   required from ‘void pycudaboost::breadth_first_search(const VertexListGraph&, SourceIterator, SourceIterator, Buffer&, BFSVisitor, ColorMap) [with VertexListGraph = pycudaboost::reverse_graph<pycudaboost::adjacency_list<pycudaboost::vecS, pycudaboost::vecS, pycudaboost::bidirectionalS, pycudaboost::no_property, pycudaboost::property<pycudaboost::edge_index_t, long unsigned int, pycudaboost::property<pycudaboost::{anonymous}::edge_cast_t, void* (*)(void*)> > > >; SourceIterator = long unsigned int*; Buffer = pycudaboost::queue<long unsigned int, std::deque<long unsigned int, std::allocator<long unsigned int> > >; BFSVisitor = pycudaboost::bfs_visitor<pycudaboost::distance_recorder<pycudaboost::iterator_property_map<__gnu_cxx::__normal_iterator<long unsigned int*, std::vector<long unsigned int> >, pycudaboost::vec_adj_list_vertex_id_map<pycudaboost::no_property, long unsigned int>, long unsigned int, long unsigned int&>, pycudaboost::on_tree_edge> >; ColorMap = pycudaboost::two_bit_color_map<pycudaboost::vec_adj_list_vertex_id_map<pycudaboost::no_property, long unsigned int> >]’
      bpl-subset/bpl_subset/boost/graph/breadth_first_search.hpp:136:25:   required from ‘void pycudaboost::breadth_first_search(const VertexListGraph&, typename pycudaboost::graph_traits<Graph>::vertex_descriptor, Buffer&, BFSVisitor, ColorMap) [with VertexListGraph = pycudaboost::reverse_graph<pycudaboost::adjacency_list<pycudaboost::vecS, pycudaboost::vecS, pycudaboost::bidirectionalS, pycudaboost::no_property, pycudaboost::property<pycudaboost::edge_index_t, long unsigned int, pycudaboost::property<pycudaboost::{anonymous}::edge_cast_t, void* (*)(void*)> > > >; Buffer = pycudaboost::queue<long unsigned int, std::deque<long unsigned int, std::allocator<long unsigned int> > >; BFSVisitor = pycudaboost::bfs_visitor<pycudaboost::distance_recorder<pycudaboost::iterator_property_map<__gnu_cxx::__normal_iterator<long unsigned int*, std::vector<long unsigned int> >, pycudaboost::vec_adj_list_vertex_id_map<pycudaboost::no_property, long unsigned int>, long unsigned int, long unsigned int&>, pycudaboost::on_tree_edge> >; ColorMap = pycudaboost::two_bit_color_map<pycudaboost::vec_adj_list_vertex_id_map<pycudaboost::no_property, long unsigned int> >; typename pycudaboost::graph_traits<Graph>::vertex_descriptor = long unsigned int]’
      bpl-subset/bpl_subset/boost/graph/breadth_first_search.hpp:260:9:   required from ‘void pycudaboost::detail::bfs_helper(VertexListGraph&, typename pycudaboost::graph_traits<Graph>::vertex_descriptor, ColorMap, BFSVisitor, const pycudaboost::bgl_named_params<P, T, R>&, typename pycudaboost::enable_if_c<pycudaboost::is_base_and_derived<pycudaboost::vertex_list_graph_tag, typename pycudaboost::graph_traits<Graph>::traversal_category>::value, void>::type*) [with VertexListGraph = pycudaboost::reverse_graph<pycudaboost::adjacency_list<pycudaboost::vecS, pycudaboost::vecS, pycudaboost::bidirectionalS, pycudaboost::no_property, pycudaboost::property<pycudaboost::edge_index_t, long unsigned int, pycudaboost::property<pycudaboost::{anonymous}::edge_cast_t, void* (*)(void*)> > > >; ColorMap = pycudaboost::two_bit_color_map<pycudaboost::vec_adj_list_vertex_id_map<pycudaboost::no_property, long unsigned int> >; BFSVisitor = pycudaboost::bfs_visitor<pycudaboost::distance_recorder<pycudaboost::iterator_property_map<__gnu_cxx::__normal_iterator<long unsigned int*, std::vector<long unsigned int> >, pycudaboost::vec_adj_list_vertex_id_map<pycudaboost::no_property, long unsigned int>, long unsigned int, long unsigned int&>, pycudaboost::on_tree_edge> >; P = pycudaboost::bfs_visitor<pycudaboost::distance_recorder<pycudaboost::iterator_property_map<__gnu_cxx::__normal_iterator<long unsigned int*, std::vector<long unsigned int> >, pycudaboost::vec_adj_list_vertex_id_map<pycudaboost::no_property, long unsigned int>, long unsigned int, long unsigned int&>, pycudaboost::on_tree_edge> >; T = pycudaboost::graph_visitor_t; R = pycudaboost::no_property; typename pycudaboost::graph_traits<Graph>::vertex_descriptor = long unsigned int; typename pycudaboost::enable_if_c<pycudaboost::is_base_and_derived<pycudaboost::vertex_list_graph_tag, typename pycudaboost::graph_traits<Graph>::traversal_category>::value, void>::type = void; typename pycudaboost::graph_traits<Graph>::traversal_category = pycudaboost::bidir_adj_list_traversal_tag]’
      bpl-subset/bpl_subset/boost/graph/breadth_first_search.hpp:312:11:   required from ‘static void pycudaboost::detail::bfs_dispatch<pycudaboost::param_not_found>::apply(VertexListGraph&, typename pycudaboost::graph_traits<Graph>::vertex_descriptor, const pycudaboost::bgl_named_params<T, Tag, Base>&, pycudaboost::param_not_found) [with VertexListGraph = pycudaboost::reverse_graph<pycudaboost::adjacency_list<pycudaboost::vecS, pycudaboost::vecS, pycudaboost::bidirectionalS, pycudaboost::no_property, pycudaboost::property<pycudaboost::edge_index_t, long unsigned int, pycudaboost::property<pycudaboost::{anonymous}::edge_cast_t, void* (*)(void*)> > > >; P = pycudaboost::bfs_visitor<pycudaboost::distance_recorder<pycudaboost::iterator_property_map<__gnu_cxx::__normal_iterator<long unsigned int*, std::vector<long unsigned int> >, pycudaboost::vec_adj_list_vertex_id_map<pycudaboost::no_property, long unsigned int>, long unsigned int, long unsigned int&>, pycudaboost::on_tree_edge> >; T = pycudaboost::graph_visitor_t; R = pycudaboost::no_property; typename pycudaboost::graph_traits<Graph>::vertex_descriptor = long unsigned int]’
      bpl-subset/bpl_subset/boost/graph/breadth_first_search.hpp:339:35:   required from ‘void pycudaboost::breadth_first_search(const VertexListGraph&, typename pycudaboost::graph_traits<Graph>::vertex_descriptor, const pycudaboost::bgl_named_params<T, Tag, Base>&) [with VertexListGraph = pycudaboost::reverse_graph<pycudaboost::adjacency_list<pycudaboost::vecS, pycudaboost::vecS, pycudaboost::bidirectionalS, pycudaboost::no_property, pycudaboost::property<pycudaboost::edge_index_t, long unsigned int, pycudaboost::property<pycudaboost::{anonymous}::edge_cast_t, void* (*)(void*)> > > >; P = pycudaboost::bfs_visitor<pycudaboost::distance_recorder<pycudaboost::iterator_property_map<__gnu_cxx::__normal_iterator<long unsigned int*, std::vector<long unsigned int> >, pycudaboost::vec_adj_list_vertex_id_map<pycudaboost::no_property, long unsigned int>, long unsigned int, long unsigned int&>, pycudaboost::on_tree_edge> >; T = pycudaboost::graph_visitor_t; R = pycudaboost::no_property; typename pycudaboost::graph_traits<Graph>::vertex_descriptor = long unsigned int]’
      bpl-subset/bpl_subset/libs/python/src/object/inheritance.cpp:107:35:   required from here
      bpl-subset/bpl_subset/boost/concept/usage.hpp:22:48: warning: ‘this’ pointer is null [-Wnonnull]
         22 |     ~usage_requirements() { ((Model*)0)->~Model(); }
            |                             ~~~~~~~~~~~~~~~~~~~^~
      bpl-subset/bpl_subset/boost/concept/usage.hpp:36:7: note: in a call to non-static member function ‘pycudaboost::Convertible<X, Y>::~Convertible() [with X = pycudaboost::read_write_property_map_tag; Y = pycudaboost::readable_property_map_tag]’
         36 |       ~model()
            |       ^
      bpl-subset/bpl_subset/boost/concept_check.hpp:211:5: note: in expansion of macro ‘BOOST_CONCEPT_USAGE’
        211 |     BOOST_CONCEPT_USAGE(Convertible) {
            |     ^~~~~~~~~~~~~~~~~~~
      bpl-subset/bpl_subset/boost/concept/usage.hpp: In instantiation of ‘pycudaboost::concepts::usage_requirements<Model>::~usage_requirements() [with Model = pycudaboost::Convertible<pycudaboost::read_write_property_map_tag, pycudaboost::writable_property_map_tag>]’:
      bpl-subset/bpl_subset/boost/concept/detail/general.hpp:38:47:   required from ‘static void pycudaboost::concepts::requirement<pycudaboost::concepts::failed************ Model::************>::failed() [with Model = pycudaboost::concepts::usage_requirements<pycudaboost::Convertible<pycudaboost::read_write_property_map_tag, pycudaboost::writable_property_map_tag> >]’
      bpl-subset/bpl_subset/boost/concept_check.hpp:211:5:   required from ‘struct pycudaboost::Convertible<pycudaboost::read_write_property_map_tag, pycudaboost::writable_property_map_tag>’
      bpl-subset/bpl_subset/boost/concept_check.hpp:209:3:   required from ‘struct pycudaboost::ConvertibleConcept<pycudaboost::read_write_property_map_tag, pycudaboost::writable_property_map_tag>’
      bpl-subset/bpl_subset/boost/concept/detail/has_constraints.hpp:32:62:   required by substitution of ‘template<class Model> pycudaboost::concepts::detail::yes pycudaboost::concepts::detail::has_constraints_(Model*, pycudaboost::concepts::detail::wrap_constraints<Model, (& Model::constraints)>*) [with Model = pycudaboost::ConvertibleConcept<pycudaboost::read_write_property_map_tag, pycudaboost::writable_property_map_tag>]’
      bpl-subset/bpl_subset/boost/concept/detail/has_constraints.hpp:42:5:   required from ‘const bool pycudaboost::concepts::not_satisfied<pycudaboost::ConvertibleConcept<pycudaboost::read_write_property_map_tag, pycudaboost::writable_property_map_tag> >::value’
      bpl-subset/bpl_subset/boost/concept/detail/has_constraints.hpp:45:31:   [ skipping 18 instantiation contexts, use -ftemplate-backtrace-limit=0 to disable ]
      bpl-subset/bpl_subset/boost/graph/breadth_first_search.hpp:125:24:   required from ‘void pycudaboost::breadth_first_search(const VertexListGraph&, SourceIterator, SourceIterator, Buffer&, BFSVisitor, ColorMap) [with VertexListGraph = pycudaboost::reverse_graph<pycudaboost::adjacency_list<pycudaboost::vecS, pycudaboost::vecS, pycudaboost::bidirectionalS, pycudaboost::no_property, pycudaboost::property<pycudaboost::edge_index_t, long unsigned int, pycudaboost::property<pycudaboost::{anonymous}::edge_cast_t, void* (*)(void*)> > > >; SourceIterator = long unsigned int*; Buffer = pycudaboost::queue<long unsigned int, std::deque<long unsigned int, std::allocator<long unsigned int> > >; BFSVisitor = pycudaboost::bfs_visitor<pycudaboost::distance_recorder<pycudaboost::iterator_property_map<__gnu_cxx::__normal_iterator<long unsigned int*, std::vector<long unsigned int> >, pycudaboost::vec_adj_list_vertex_id_map<pycudaboost::no_property, long unsigned int>, long unsigned int, long unsigned int&>, pycudaboost::on_tree_edge> >; ColorMap = pycudaboost::two_bit_color_map<pycudaboost::vec_adj_list_vertex_id_map<pycudaboost::no_property, long unsigned int> >]’
      bpl-subset/bpl_subset/boost/graph/breadth_first_search.hpp:136:25:   required from ‘void pycudaboost::breadth_first_search(const VertexListGraph&, typename pycudaboost::graph_traits<Graph>::vertex_descriptor, Buffer&, BFSVisitor, ColorMap) [with VertexListGraph = pycudaboost::reverse_graph<pycudaboost::adjacency_list<pycudaboost::vecS, pycudaboost::vecS, pycudaboost::bidirectionalS, pycudaboost::no_property, pycudaboost::property<pycudaboost::edge_index_t, long unsigned int, pycudaboost::property<pycudaboost::{anonymous}::edge_cast_t, void* (*)(void*)> > > >; Buffer = pycudaboost::queue<long unsigned int, std::deque<long unsigned int, std::allocator<long unsigned int> > >; BFSVisitor = pycudaboost::bfs_visitor<pycudaboost::distance_recorder<pycudaboost::iterator_property_map<__gnu_cxx::__normal_iterator<long unsigned int*, std::vector<long unsigned int> >, pycudaboost::vec_adj_list_vertex_id_map<pycudaboost::no_property, long unsigned int>, long unsigned int, long unsigned int&>, pycudaboost::on_tree_edge> >; ColorMap = pycudaboost::two_bit_color_map<pycudaboost::vec_adj_list_vertex_id_map<pycudaboost::no_property, long unsigned int> >; typename pycudaboost::graph_traits<Graph>::vertex_descriptor = long unsigned int]’
      bpl-subset/bpl_subset/boost/graph/breadth_first_search.hpp:260:9:   required from ‘void pycudaboost::detail::bfs_helper(VertexListGraph&, typename pycudaboost::graph_traits<Graph>::vertex_descriptor, ColorMap, BFSVisitor, const pycudaboost::bgl_named_params<P, T, R>&, typename pycudaboost::enable_if_c<pycudaboost::is_base_and_derived<pycudaboost::vertex_list_graph_tag, typename pycudaboost::graph_traits<Graph>::traversal_category>::value, void>::type*) [with VertexListGraph = pycudaboost::reverse_graph<pycudaboost::adjacency_list<pycudaboost::vecS, pycudaboost::vecS, pycudaboost::bidirectionalS, pycudaboost::no_property, pycudaboost::property<pycudaboost::edge_index_t, long unsigned int, pycudaboost::property<pycudaboost::{anonymous}::edge_cast_t, void* (*)(void*)> > > >; ColorMap = pycudaboost::two_bit_color_map<pycudaboost::vec_adj_list_vertex_id_map<pycudaboost::no_property, long unsigned int> >; BFSVisitor = pycudaboost::bfs_visitor<pycudaboost::distance_recorder<pycudaboost::iterator_property_map<__gnu_cxx::__normal_iterator<long unsigned int*, std::vector<long unsigned int> >, pycudaboost::vec_adj_list_vertex_id_map<pycudaboost::no_property, long unsigned int>, long unsigned int, long unsigned int&>, pycudaboost::on_tree_edge> >; P = pycudaboost::bfs_visitor<pycudaboost::distance_recorder<pycudaboost::iterator_property_map<__gnu_cxx::__normal_iterator<long unsigned int*, std::vector<long unsigned int> >, pycudaboost::vec_adj_list_vertex_id_map<pycudaboost::no_property, long unsigned int>, long unsigned int, long unsigned int&>, pycudaboost::on_tree_edge> >; T = pycudaboost::graph_visitor_t; R = pycudaboost::no_property; typename pycudaboost::graph_traits<Graph>::vertex_descriptor = long unsigned int; typename pycudaboost::enable_if_c<pycudaboost::is_base_and_derived<pycudaboost::vertex_list_graph_tag, typename pycudaboost::graph_traits<Graph>::traversal_category>::value, void>::type = void; typename pycudaboost::graph_traits<Graph>::traversal_category = pycudaboost::bidir_adj_list_traversal_tag]’
      bpl-subset/bpl_subset/boost/graph/breadth_first_search.hpp:312:11:   required from ‘static void pycudaboost::detail::bfs_dispatch<pycudaboost::param_not_found>::apply(VertexListGraph&, typename pycudaboost::graph_traits<Graph>::vertex_descriptor, const pycudaboost::bgl_named_params<T, Tag, Base>&, pycudaboost::param_not_found) [with VertexListGraph = pycudaboost::reverse_graph<pycudaboost::adjacency_list<pycudaboost::vecS, pycudaboost::vecS, pycudaboost::bidirectionalS, pycudaboost::no_property, pycudaboost::property<pycudaboost::edge_index_t, long unsigned int, pycudaboost::property<pycudaboost::{anonymous}::edge_cast_t, void* (*)(void*)> > > >; P = pycudaboost::bfs_visitor<pycudaboost::distance_recorder<pycudaboost::iterator_property_map<__gnu_cxx::__normal_iterator<long unsigned int*, std::vector<long unsigned int> >, pycudaboost::vec_adj_list_vertex_id_map<pycudaboost::no_property, long unsigned int>, long unsigned int, long unsigned int&>, pycudaboost::on_tree_edge> >; T = pycudaboost::graph_visitor_t; R = pycudaboost::no_property; typename pycudaboost::graph_traits<Graph>::vertex_descriptor = long unsigned int]’
      bpl-subset/bpl_subset/boost/graph/breadth_first_search.hpp:339:35:   required from ‘void pycudaboost::breadth_first_search(const VertexListGraph&, typename pycudaboost::graph_traits<Graph>::vertex_descriptor, const pycudaboost::bgl_named_params<T, Tag, Base>&) [with VertexListGraph = pycudaboost::reverse_graph<pycudaboost::adjacency_list<pycudaboost::vecS, pycudaboost::vecS, pycudaboost::bidirectionalS, pycudaboost::no_property, pycudaboost::property<pycudaboost::edge_index_t, long unsigned int, pycudaboost::property<pycudaboost::{anonymous}::edge_cast_t, void* (*)(void*)> > > >; P = pycudaboost::bfs_visitor<pycudaboost::distance_recorder<pycudaboost::iterator_property_map<__gnu_cxx::__normal_iterator<long unsigned int*, std::vector<long unsigned int> >, pycudaboost::vec_adj_list_vertex_id_map<pycudaboost::no_property, long unsigned int>, long unsigned int, long unsigned int&>, pycudaboost::on_tree_edge> >; T = pycudaboost::graph_visitor_t; R = pycudaboost::no_property; typename pycudaboost::graph_traits<Graph>::vertex_descriptor = long unsigned int]’
      bpl-subset/bpl_subset/libs/python/src/object/inheritance.cpp:107:35:   required from here
      bpl-subset/bpl_subset/boost/concept/usage.hpp:22:48: warning: ‘this’ pointer is null [-Wnonnull]
         22 |     ~usage_requirements() { ((Model*)0)->~Model(); }
            |                             ~~~~~~~~~~~~~~~~~~~^~
      bpl-subset/bpl_subset/boost/concept/usage.hpp:36:7: note: in a call to non-static member function ‘pycudaboost::Convertible<X, Y>::~Convertible() [with X = pycudaboost::read_write_property_map_tag; Y = pycudaboost::writable_property_map_tag]’
         36 |       ~model()
            |       ^
      bpl-subset/bpl_subset/boost/concept_check.hpp:211:5: note: in expansion of macro ‘BOOST_CONCEPT_USAGE’
        211 |     BOOST_CONCEPT_USAGE(Convertible) {
            |     ^~~~~~~~~~~~~~~~~~~
      In file included from bpl-subset/bpl_subset/boost/concept/assert.hpp:36,
                       from bpl-subset/bpl_subset/boost/concept_check.hpp:20,
                       from bpl-subset/bpl_subset/boost/property_map/property_map.hpp:18,
                       from bpl-subset/bpl_subset/boost/graph/graph_concepts.hpp:17,
                       from bpl-subset/bpl_subset/boost/graph/breadth_first_search.hpp:21,
                       from bpl-subset/bpl_subset/libs/python/src/object/inheritance.cpp:7:
      bpl-subset/bpl_subset/boost/concept/detail/general.hpp: In instantiation of ‘static void pycudaboost::concepts::requirement<pycudaboost::concepts::failed************ Model::************>::failed() [with Model = pycudaboost::concepts::usage_requirements<pycudaboost::Convertible<pycudaboost::detail::iterator_category_with_traversal<std::input_iterator_tag, pycudaboost::random_access_traversal_tag>, std::input_iterator_tag> >]’:
      bpl-subset/bpl_subset/boost/concept_check.hpp:211:5:   required from ‘struct pycudaboost::Convertible<pycudaboost::detail::iterator_category_with_traversal<std::input_iterator_tag, pycudaboost::random_access_traversal_tag>, std::input_iterator_tag>’
      bpl-subset/bpl_subset/boost/concept/detail/has_constraints.hpp:32:62:   required by substitution of ‘template<class Model> pycudaboost::concepts::detail::yes pycudaboost::concepts::detail::has_constraints_(Model*, pycudaboost::concepts::detail::wrap_constraints<Model, (& Model::constraints)>*) [with Model = pycudaboost::Convertible<pycudaboost::detail::iterator_category_with_traversal<std::input_iterator_tag, pycudaboost::random_access_traversal_tag>, std::input_iterator_tag>]’
      bpl-subset/bpl_subset/boost/concept/detail/has_constraints.hpp:42:5:   required from ‘const bool pycudaboost::concepts::not_satisfied<pycudaboost::Convertible<pycudaboost::detail::iterator_category_with_traversal<std::input_iterator_tag, pycudaboost::random_access_traversal_tag>, std::input_iterator_tag> >::value’
      bpl-subset/bpl_subset/boost/concept/detail/has_constraints.hpp:45:31:   required from ‘struct pycudaboost::concepts::not_satisfied<pycudaboost::Convertible<pycudaboost::detail::iterator_category_with_traversal<std::input_iterator_tag, pycudaboost::random_access_traversal_tag>, std::input_iterator_tag> >’
      bpl-subset/bpl_subset/boost/mpl/if.hpp:63:11:   required from ‘struct pycudaboost::mpl::if_<pycudaboost::concepts::not_satisfied<pycudaboost::Convertible<pycudaboost::detail::iterator_category_with_traversal<std::input_iterator_tag, pycudaboost::random_access_traversal_tag>, std::input_iterator_tag> >, pycudaboost::concepts::constraint<pycudaboost::Convertible<pycudaboost::detail::iterator_category_with_traversal<std::input_iterator_tag, pycudaboost::random_access_traversal_tag>, std::input_iterator_tag> >, pycudaboost::concepts::requirement<pycudaboost::concepts::failed************ pycudaboost::Convertible<pycudaboost::detail::iterator_category_with_traversal<std::input_iterator_tag, pycudaboost::random_access_traversal_tag>, std::input_iterator_tag>::************> >’
      bpl-subset/bpl_subset/boost/concept/detail/general.hpp:50:8:   [ skipping 8 instantiation contexts, use -ftemplate-backtrace-limit=0 to disable ]
      bpl-subset/bpl_subset/boost/graph/breadth_first_search.hpp:125:24:   required from ‘void pycudaboost::breadth_first_search(const VertexListGraph&, SourceIterator, SourceIterator, Buffer&, BFSVisitor, ColorMap) [with VertexListGraph = pycudaboost::reverse_graph<pycudaboost::adjacency_list<pycudaboost::vecS, pycudaboost::vecS, pycudaboost::bidirectionalS, pycudaboost::no_property, pycudaboost::property<pycudaboost::edge_index_t, long unsigned int, pycudaboost::property<pycudaboost::{anonymous}::edge_cast_t, void* (*)(void*)> > > >; SourceIterator = long unsigned int*; Buffer = pycudaboost::queue<long unsigned int, std::deque<long unsigned int, std::allocator<long unsigned int> > >; BFSVisitor = pycudaboost::bfs_visitor<pycudaboost::distance_recorder<pycudaboost::iterator_property_map<__gnu_cxx::__normal_iterator<long unsigned int*, std::vector<long unsigned int> >, pycudaboost::vec_adj_list_vertex_id_map<pycudaboost::no_property, long unsigned int>, long unsigned int, long unsigned int&>, pycudaboost::on_tree_edge> >; ColorMap = pycudaboost::two_bit_color_map<pycudaboost::vec_adj_list_vertex_id_map<pycudaboost::no_property, long unsigned int> >]’
      bpl-subset/bpl_subset/boost/graph/breadth_first_search.hpp:136:25:   required from ‘void pycudaboost::breadth_first_search(const VertexListGraph&, typename pycudaboost::graph_traits<Graph>::vertex_descriptor, Buffer&, BFSVisitor, ColorMap) [with VertexListGraph = pycudaboost::reverse_graph<pycudaboost::adjacency_list<pycudaboost::vecS, pycudaboost::vecS, pycudaboost::bidirectionalS, pycudaboost::no_property, pycudaboost::property<pycudaboost::edge_index_t, long unsigned int, pycudaboost::property<pycudaboost::{anonymous}::edge_cast_t, void* (*)(void*)> > > >; Buffer = pycudaboost::queue<long unsigned int, std::deque<long unsigned int, std::allocator<long unsigned int> > >; BFSVisitor = pycudaboost::bfs_visitor<pycudaboost::distance_recorder<pycudaboost::iterator_property_map<__gnu_cxx::__normal_iterator<long unsigned int*, std::vector<long unsigned int> >, pycudaboost::vec_adj_list_vertex_id_map<pycudaboost::no_property, long unsigned int>, long unsigned int, long unsigned int&>, pycudaboost::on_tree_edge> >; ColorMap = pycudaboost::two_bit_color_map<pycudaboost::vec_adj_list_vertex_id_map<pycudaboost::no_property, long unsigned int> >; typename pycudaboost::graph_traits<Graph>::vertex_descriptor = long unsigned int]’
      bpl-subset/bpl_subset/boost/graph/breadth_first_search.hpp:260:9:   required from ‘void pycudaboost::detail::bfs_helper(VertexListGraph&, typename pycudaboost::graph_traits<Graph>::vertex_descriptor, ColorMap, BFSVisitor, const pycudaboost::bgl_named_params<P, T, R>&, typename pycudaboost::enable_if_c<pycudaboost::is_base_and_derived<pycudaboost::vertex_list_graph_tag, typename pycudaboost::graph_traits<Graph>::traversal_category>::value, void>::type*) [with VertexListGraph = pycudaboost::reverse_graph<pycudaboost::adjacency_list<pycudaboost::vecS, pycudaboost::vecS, pycudaboost::bidirectionalS, pycudaboost::no_property, pycudaboost::property<pycudaboost::edge_index_t, long unsigned int, pycudaboost::property<pycudaboost::{anonymous}::edge_cast_t, void* (*)(void*)> > > >; ColorMap = pycudaboost::two_bit_color_map<pycudaboost::vec_adj_list_vertex_id_map<pycudaboost::no_property, long unsigned int> >; BFSVisitor = pycudaboost::bfs_visitor<pycudaboost::distance_recorder<pycudaboost::iterator_property_map<__gnu_cxx::__normal_iterator<long unsigned int*, std::vector<long unsigned int> >, pycudaboost::vec_adj_list_vertex_id_map<pycudaboost::no_property, long unsigned int>, long unsigned int, long unsigned int&>, pycudaboost::on_tree_edge> >; P = pycudaboost::bfs_visitor<pycudaboost::distance_recorder<pycudaboost::iterator_property_map<__gnu_cxx::__normal_iterator<long unsigned int*, std::vector<long unsigned int> >, pycudaboost::vec_adj_list_vertex_id_map<pycudaboost::no_property, long unsigned int>, long unsigned int, long unsigned int&>, pycudaboost::on_tree_edge> >; T = pycudaboost::graph_visitor_t; R = pycudaboost::no_property; typename pycudaboost::graph_traits<Graph>::vertex_descriptor = long unsigned int; typename pycudaboost::enable_if_c<pycudaboost::is_base_and_derived<pycudaboost::vertex_list_graph_tag, typename pycudaboost::graph_traits<Graph>::traversal_category>::value, void>::type = void; typename pycudaboost::graph_traits<Graph>::traversal_category = pycudaboost::bidir_adj_list_traversal_tag]’
      bpl-subset/bpl_subset/boost/graph/breadth_first_search.hpp:312:11:   required from ‘static void pycudaboost::detail::bfs_dispatch<pycudaboost::param_not_found>::apply(VertexListGraph&, typename pycudaboost::graph_traits<Graph>::vertex_descriptor, const pycudaboost::bgl_named_params<T, Tag, Base>&, pycudaboost::param_not_found) [with VertexListGraph = pycudaboost::reverse_graph<pycudaboost::adjacency_list<pycudaboost::vecS, pycudaboost::vecS, pycudaboost::bidirectionalS, pycudaboost::no_property, pycudaboost::property<pycudaboost::edge_index_t, long unsigned int, pycudaboost::property<pycudaboost::{anonymous}::edge_cast_t, void* (*)(void*)> > > >; P = pycudaboost::bfs_visitor<pycudaboost::distance_recorder<pycudaboost::iterator_property_map<__gnu_cxx::__normal_iterator<long unsigned int*, std::vector<long unsigned int> >, pycudaboost::vec_adj_list_vertex_id_map<pycudaboost::no_property, long unsigned int>, long unsigned int, long unsigned int&>, pycudaboost::on_tree_edge> >; T = pycudaboost::graph_visitor_t; R = pycudaboost::no_property; typename pycudaboost::graph_traits<Graph>::vertex_descriptor = long unsigned int]’
      bpl-subset/bpl_subset/boost/graph/breadth_first_search.hpp:339:35:   required from ‘void pycudaboost::breadth_first_search(const VertexListGraph&, typename pycudaboost::graph_traits<Graph>::vertex_descriptor, const pycudaboost::bgl_named_params<T, Tag, Base>&) [with VertexListGraph = pycudaboost::reverse_graph<pycudaboost::adjacency_list<pycudaboost::vecS, pycudaboost::vecS, pycudaboost::bidirectionalS, pycudaboost::no_property, pycudaboost::property<pycudaboost::edge_index_t, long unsigned int, pycudaboost::property<pycudaboost::{anonymous}::edge_cast_t, void* (*)(void*)> > > >; P = pycudaboost::bfs_visitor<pycudaboost::distance_recorder<pycudaboost::iterator_property_map<__gnu_cxx::__normal_iterator<long unsigned int*, std::vector<long unsigned int> >, pycudaboost::vec_adj_list_vertex_id_map<pycudaboost::no_property, long unsigned int>, long unsigned int, long unsigned int&>, pycudaboost::on_tree_edge> >; T = pycudaboost::graph_visitor_t; R = pycudaboost::no_property; typename pycudaboost::graph_traits<Graph>::vertex_descriptor = long unsigned int]’
      bpl-subset/bpl_subset/libs/python/src/object/inheritance.cpp:107:35:   required from here
      bpl-subset/bpl_subset/boost/concept/detail/general.hpp:38:47: warning: ‘this’ pointer is null [-Wnonnull]
         38 |     static void failed() { ((Model*)0)->~Model(); }
            |                            ~~~~~~~~~~~~~~~~~~~^~
      In file included from bpl-subset/bpl_subset/boost/concept_check.hpp:32,
                       from bpl-subset/bpl_subset/boost/property_map/property_map.hpp:18,
                       from bpl-subset/bpl_subset/boost/graph/graph_concepts.hpp:17,
                       from bpl-subset/bpl_subset/boost/graph/breadth_first_search.hpp:21,
                       from bpl-subset/bpl_subset/libs/python/src/object/inheritance.cpp:7:
      bpl-subset/bpl_subset/boost/concept/usage.hpp:22:5: note: in a call to non-static member function ‘pycudaboost::concepts::usage_requirements<Model>::~usage_requirements() [with Model = pycudaboost::Convertible<pycudaboost::detail::iterator_category_with_traversal<std::input_iterator_tag, pycudaboost::random_access_traversal_tag>, std::input_iterator_tag>]’
         22 |     ~usage_requirements() { ((Model*)0)->~Model(); }
            |     ^
      In file included from bpl-subset/bpl_subset/boost/concept/assert.hpp:36,
                       from bpl-subset/bpl_subset/boost/concept_check.hpp:20,
                       from bpl-subset/bpl_subset/boost/property_map/property_map.hpp:18,
                       from bpl-subset/bpl_subset/boost/graph/graph_concepts.hpp:17,
                       from bpl-subset/bpl_subset/boost/graph/breadth_first_search.hpp:21,
                       from bpl-subset/bpl_subset/libs/python/src/object/inheritance.cpp:7:
      bpl-subset/bpl_subset/boost/concept/detail/general.hpp: In instantiation of ‘static void pycudaboost::concepts::requirement<pycudaboost::concepts::failed************ Model::************>::failed() [with Model = pycudaboost::Convertible<pycudaboost::detail::iterator_category_with_traversal<std::input_iterator_tag, pycudaboost::random_access_traversal_tag>, std::input_iterator_tag>]’:
      bpl-subset/bpl_subset/boost/concept_check.hpp:518:9:   required from ‘pycudaboost::InputIterator<TT>::~InputIterator() [with TT = pycudaboost::transform_iterator<pycudaboost::detail::reverse_graph_edge_descriptor_maker<pycudaboost::detail::edge_desc_impl<pycudaboost::bidirectional_tag, long unsigned int> >, pycudaboost::detail::in_edge_iter<__gnu_cxx::__normal_iterator<pycudaboost::detail::stored_edge_iter<long unsigned int, std::_List_iterator<pycudaboost::list_edge<long unsigned int, pycudaboost::property<pycudaboost::edge_index_t, long unsigned int, pycudaboost::property<pycudaboost::{anonymous}::edge_cast_t, void* (*)(void*)> > > >, pycudaboost::property<pycudaboost::edge_index_t, long unsigned int, pycudaboost::property<pycudaboost::{anonymous}::edge_cast_t, void* (*)(void*)> > >*, std::vector<pycudaboost::detail::stored_edge_iter<long unsigned int, std::_List_iterator<pycudaboost::list_edge<long unsigned int, pycudaboost::property<pycudaboost::edge_index_t, long unsigned int, pycudaboost::property<pycudaboost::{anonymous}::edge_cast_t, void* (*)(void*)> > > >, pycudaboost::property<pycudaboost::edge_index_t, long unsigned int, pycudaboost::property<pycudaboost::{anonymous}::edge_cast_t, void* (*)(void*)> > >, std::allocator<pycudaboost::detail::stored_edge_iter<long unsigned int, std::_List_iterator<pycudaboost::list_edge<long unsigned int, pycudaboost::property<pycudaboost::edge_index_t, long unsigned int, pycudaboost::property<pycudaboost::{anonymous}::edge_cast_t, void* (*)(void*)> > > >, pycudaboost::property<pycudaboost::edge_index_t, long unsigned int, pycudaboost::property<pycudaboost::{anonymous}::edge_cast_t, void* (*)(void*)> > > > > >, long unsigned int, pycudaboost::detail::edge_desc_impl<pycudaboost::bidirectional_tag, long unsigned int>, long int>, pycudaboost::use_default, pycudaboost::use_default>]’
      bpl-subset/bpl_subset/boost/concept/detail/general.hpp:38:47:   required from ‘static void pycudaboost::concepts::requirement<pycudaboost::concepts::failed************ Model::************>::failed() [with Model = pycudaboost::InputIterator<pycudaboost::transform_iterator<pycudaboost::detail::reverse_graph_edge_descriptor_maker<pycudaboost::detail::edge_desc_impl<pycudaboost::bidirectional_tag, long unsigned int> >, pycudaboost::detail::in_edge_iter<__gnu_cxx::__normal_iterator<pycudaboost::detail::stored_edge_iter<long unsigned int, std::_List_iterator<pycudaboost::list_edge<long unsigned int, pycudaboost::property<pycudaboost::edge_index_t, long unsigned int, pycudaboost::property<pycudaboost::{anonymous}::edge_cast_t, void* (*)(void*)> > > >, pycudaboost::property<pycudaboost::edge_index_t, long unsigned int, pycudaboost::property<pycudaboost::{anonymous}::edge_cast_t, void* (*)(void*)> > >*, std::vector<pycudaboost::detail::stored_edge_iter<long unsigned int, std::_List_iterator<pycudaboost::list_edge<long unsigned int, pycudaboost::property<pycudaboost::edge_index_t, long unsigned int, pycudaboost::property<pycudaboost::{anonymous}::edge_cast_t, void* (*)(void*)> > > >, pycudaboost::property<pycudaboost::edge_index_t, long unsigned int, pycudaboost::property<pycudaboost::{anonymous}::edge_cast_t, void* (*)(void*)> > >, std::allocator<pycudaboost::detail::stored_edge_iter<long unsigned int, std::_List_iterator<pycudaboost::list_edge<long unsigned int, pycudaboost::property<pycudaboost::edge_index_t, long unsigned int, pycudaboost::property<pycudaboost::{anonymous}::edge_cast_t, void* (*)(void*)> > > >, pycudaboost::property<pycudaboost::edge_index_t, long unsigned int, pycudaboost::property<pycudaboost::{anonymous}::edge_cast_t, void* (*)(void*)> > > > > >, long unsigned int, pycudaboost::detail::edge_desc_impl<pycudaboost::bidirectional_tag, long unsigned int>, long int>, pycudaboost::use_default, pycudaboost::use_default> >]’
      bpl-subset/bpl_subset/boost/graph/graph_concepts.hpp:51:13:   required from ‘pycudaboost::concepts::MultiPassInputIterator<T>::~MultiPassInputIterator() [with T = pycudaboost::transform_iterator<pycudaboost::detail::reverse_graph_edge_descriptor_maker<pycudaboost::detail::edge_desc_impl<pycudaboost::bidirectional_tag, long unsigned int> >, pycudaboost::detail::in_edge_iter<__gnu_cxx::__normal_iterator<pycudaboost::detail::stored_edge_iter<long unsigned int, std::_List_iterator<pycudaboost::list_edge<long unsigned int, pycudaboost::property<pycudaboost::edge_index_t, long unsigned int, pycudaboost::property<pycudaboost::{anonymous}::edge_cast_t, void* (*)(void*)> > > >, pycudaboost::property<pycudaboost::edge_index_t, long unsigned int, pycudaboost::property<pycudaboost::{anonymous}::edge_cast_t, void* (*)(void*)> > >*, std::vector<pycudaboost::detail::stored_edge_iter<long unsigned int, std::_List_iterator<pycudaboost::list_edge<long unsigned int, pycudaboost::property<pycudaboost::edge_index_t, long unsigned int, pycudaboost::property<pycudaboost::{anonymous}::edge_cast_t, void* (*)(void*)> > > >, pycudaboost::property<pycudaboost::edge_index_t, long unsigned int, pycudaboost::property<pycudaboost::{anonymous}::edge_cast_t, void* (*)(void*)> > >, std::allocator<pycudaboost::detail::stored_edge_iter<long unsigned int, std::_List_iterator<pycudaboost::list_edge<long unsigned int, pycudaboost::property<pycudaboost::edge_index_t, long unsigned int, pycudaboost::property<pycudaboost::{anonymous}::edge_cast_t, void* (*)(void*)> > > >, pycudaboost::property<pycudaboost::edge_index_t, long unsigned int, pycudaboost::property<pycudaboost::{anonymous}::edge_cast_t, void* (*)(void*)> > > > > >, long unsigned int, pycudaboost::detail::edge_desc_impl<pycudaboost::bidirectional_tag, long unsigned int>, long int>, pycudaboost::use_default, pycudaboost::use_default>]’
      bpl-subset/bpl_subset/boost/concept/detail/general.hpp:38:47:   required from ‘static void pycudaboost::concepts::requirement<pycudaboost::concepts::failed************ Model::************>::failed() [with Model = pycudaboost::concepts::MultiPassInputIterator<pycudaboost::transform_iterator<pycudaboost::detail::reverse_graph_edge_descriptor_maker<pycudaboost::detail::edge_desc_impl<pycudaboost::bidirectional_tag, long unsigned int> >, pycudaboost::detail::in_edge_iter<__gnu_cxx::__normal_iterator<pycudaboost::detail::stored_edge_iter<long unsigned int, std::_List_iterator<pycudaboost::list_edge<long unsigned int, pycudaboost::property<pycudaboost::edge_index_t, long unsigned int, pycudaboost::property<pycudaboost::{anonymous}::edge_cast_t, void* (*)(void*)> > > >, pycudaboost::property<pycudaboost::edge_index_t, long unsigned int, pycudaboost::property<pycudaboost::{anonymous}::edge_cast_t, void* (*)(void*)> > >*, std::vector<pycudaboost::detail::stored_edge_iter<long unsigned int, std::_List_iterator<pycudaboost::list_edge<long unsigned int, pycudaboost::property<pycudaboost::edge_index_t, long unsigned int, pycudaboost::property<pycudaboost::{anonymous}::edge_cast_t, void* (*)(void*)> > > >, pycudaboost::property<pycudaboost::edge_index_t, long unsigned int, pycudaboost::property<pycudaboost::{anonymous}::edge_cast_t, void* (*)(void*)> > >, std::allocator<pycudaboost::detail::stored_edge_iter<long unsigned int, std::_List_iterator<pycudaboost::list_edge<long unsigned int, pycudaboost::property<pycudaboost::edge_index_t, long unsigned int, pycudaboost::property<pycudaboost::{anonymous}::edge_cast_t, void* (*)(void*)> > > >, pycudaboost::property<pycudaboost::edge_index_t, long unsigned int, pycudaboost::property<pycudaboost::{anonymous}::edge_cast_t, void* (*)(void*)> > > > > >, long unsigned int, pycudaboost::detail::edge_desc_impl<pycudaboost::bidirectional_tag, long unsigned int>, long int>, pycudaboost::use_default, pycudaboost::use_default> >]’
      bpl-subset/bpl_subset/boost/graph/graph_concepts.hpp:85:13:   required from ‘pycudaboost::concepts::IncidenceGraph<G>::~IncidenceGraph() [with G = pycudaboost::reverse_graph<pycudaboost::adjacency_list<pycudaboost::vecS, pycudaboost::vecS, pycudaboost::bidirectionalS, pycudaboost::no_property, pycudaboost::property<pycudaboost::edge_index_t, long unsigned int, pycudaboost::property<pycudaboost::{anonymous}::edge_cast_t, void* (*)(void*)> > > >]’
      bpl-subset/bpl_subset/boost/graph/graph_concepts.hpp:74:5:   [ skipping 2 instantiation contexts, use -ftemplate-backtrace-limit=0 to disable ]
      bpl-subset/bpl_subset/boost/graph/breadth_first_search.hpp:125:24:   required from ‘void pycudaboost::breadth_first_search(const VertexListGraph&, SourceIterator, SourceIterator, Buffer&, BFSVisitor, ColorMap) [with VertexListGraph = pycudaboost::reverse_graph<pycudaboost::adjacency_list<pycudaboost::vecS, pycudaboost::vecS, pycudaboost::bidirectionalS, pycudaboost::no_property, pycudaboost::property<pycudaboost::edge_index_t, long unsigned int, pycudaboost::property<pycudaboost::{anonymous}::edge_cast_t, void* (*)(void*)> > > >; SourceIterator = long unsigned int*; Buffer = pycudaboost::queue<long unsigned int, std::deque<long unsigned int, std::allocator<long unsigned int> > >; BFSVisitor = pycudaboost::bfs_visitor<pycudaboost::distance_recorder<pycudaboost::iterator_property_map<__gnu_cxx::__normal_iterator<long unsigned int*, std::vector<long unsigned int> >, pycudaboost::vec_adj_list_vertex_id_map<pycudaboost::no_property, long unsigned int>, long unsigned int, long unsigned int&>, pycudaboost::on_tree_edge> >; ColorMap = pycudaboost::two_bit_color_map<pycudaboost::vec_adj_list_vertex_id_map<pycudaboost::no_property, long unsigned int> >]’
      bpl-subset/bpl_subset/boost/graph/breadth_first_search.hpp:136:25:   required from ‘void pycudaboost::breadth_first_search(const VertexListGraph&, typename pycudaboost::graph_traits<Graph>::vertex_descriptor, Buffer&, BFSVisitor, ColorMap) [with VertexListGraph = pycudaboost::reverse_graph<pycudaboost::adjacency_list<pycudaboost::vecS, pycudaboost::vecS, pycudaboost::bidirectionalS, pycudaboost::no_property, pycudaboost::property<pycudaboost::edge_index_t, long unsigned int, pycudaboost::property<pycudaboost::{anonymous}::edge_cast_t, void* (*)(void*)> > > >; Buffer = pycudaboost::queue<long unsigned int, std::deque<long unsigned int, std::allocator<long unsigned int> > >; BFSVisitor = pycudaboost::bfs_visitor<pycudaboost::distance_recorder<pycudaboost::iterator_property_map<__gnu_cxx::__normal_iterator<long unsigned int*, std::vector<long unsigned int> >, pycudaboost::vec_adj_list_vertex_id_map<pycudaboost::no_property, long unsigned int>, long unsigned int, long unsigned int&>, pycudaboost::on_tree_edge> >; ColorMap = pycudaboost::two_bit_color_map<pycudaboost::vec_adj_list_vertex_id_map<pycudaboost::no_property, long unsigned int> >; typename pycudaboost::graph_traits<Graph>::vertex_descriptor = long unsigned int]’
      bpl-subset/bpl_subset/boost/graph/breadth_first_search.hpp:260:9:   required from ‘void pycudaboost::detail::bfs_helper(VertexListGraph&, typename pycudaboost::graph_traits<Graph>::vertex_descriptor, ColorMap, BFSVisitor, const pycudaboost::bgl_named_params<P, T, R>&, typename pycudaboost::enable_if_c<pycudaboost::is_base_and_derived<pycudaboost::vertex_list_graph_tag, typename pycudaboost::graph_traits<Graph>::traversal_category>::value, void>::type*) [with VertexListGraph = pycudaboost::reverse_graph<pycudaboost::adjacency_list<pycudaboost::vecS, pycudaboost::vecS, pycudaboost::bidirectionalS, pycudaboost::no_property, pycudaboost::property<pycudaboost::edge_index_t, long unsigned int, pycudaboost::property<pycudaboost::{anonymous}::edge_cast_t, void* (*)(void*)> > > >; ColorMap = pycudaboost::two_bit_color_map<pycudaboost::vec_adj_list_vertex_id_map<pycudaboost::no_property, long unsigned int> >; BFSVisitor = pycudaboost::bfs_visitor<pycudaboost::distance_recorder<pycudaboost::iterator_property_map<__gnu_cxx::__normal_iterator<long unsigned int*, std::vector<long unsigned int> >, pycudaboost::vec_adj_list_vertex_id_map<pycudaboost::no_property, long unsigned int>, long unsigned int, long unsigned int&>, pycudaboost::on_tree_edge> >; P = pycudaboost::bfs_visitor<pycudaboost::distance_recorder<pycudaboost::iterator_property_map<__gnu_cxx::__normal_iterator<long unsigned int*, std::vector<long unsigned int> >, pycudaboost::vec_adj_list_vertex_id_map<pycudaboost::no_property, long unsigned int>, long unsigned int, long unsigned int&>, pycudaboost::on_tree_edge> >; T = pycudaboost::graph_visitor_t; R = pycudaboost::no_property; typename pycudaboost::graph_traits<Graph>::vertex_descriptor = long unsigned int; typename pycudaboost::enable_if_c<pycudaboost::is_base_and_derived<pycudaboost::vertex_list_graph_tag, typename pycudaboost::graph_traits<Graph>::traversal_category>::value, void>::type = void; typename pycudaboost::graph_traits<Graph>::traversal_category = pycudaboost::bidir_adj_list_traversal_tag]’
      bpl-subset/bpl_subset/boost/graph/breadth_first_search.hpp:312:11:   required from ‘static void pycudaboost::detail::bfs_dispatch<pycudaboost::param_not_found>::apply(VertexListGraph&, typename pycudaboost::graph_traits<Graph>::vertex_descriptor, const pycudaboost::bgl_named_params<T, Tag, Base>&, pycudaboost::param_not_found) [with VertexListGraph = pycudaboost::reverse_graph<pycudaboost::adjacency_list<pycudaboost::vecS, pycudaboost::vecS, pycudaboost::bidirectionalS, pycudaboost::no_property, pycudaboost::property<pycudaboost::edge_index_t, long unsigned int, pycudaboost::property<pycudaboost::{anonymous}::edge_cast_t, void* (*)(void*)> > > >; P = pycudaboost::bfs_visitor<pycudaboost::distance_recorder<pycudaboost::iterator_property_map<__gnu_cxx::__normal_iterator<long unsigned int*, std::vector<long unsigned int> >, pycudaboost::vec_adj_list_vertex_id_map<pycudaboost::no_property, long unsigned int>, long unsigned int, long unsigned int&>, pycudaboost::on_tree_edge> >; T = pycudaboost::graph_visitor_t; R = pycudaboost::no_property; typename pycudaboost::graph_traits<Graph>::vertex_descriptor = long unsigned int]’
      bpl-subset/bpl_subset/boost/graph/breadth_first_search.hpp:339:35:   required from ‘void pycudaboost::breadth_first_search(const VertexListGraph&, typename pycudaboost::graph_traits<Graph>::vertex_descriptor, const pycudaboost::bgl_named_params<T, Tag, Base>&) [with VertexListGraph = pycudaboost::reverse_graph<pycudaboost::adjacency_list<pycudaboost::vecS, pycudaboost::vecS, pycudaboost::bidirectionalS, pycudaboost::no_property, pycudaboost::property<pycudaboost::edge_index_t, long unsigned int, pycudaboost::property<pycudaboost::{anonymous}::edge_cast_t, void* (*)(void*)> > > >; P = pycudaboost::bfs_visitor<pycudaboost::distance_recorder<pycudaboost::iterator_property_map<__gnu_cxx::__normal_iterator<long unsigned int*, std::vector<long unsigned int> >, pycudaboost::vec_adj_list_vertex_id_map<pycudaboost::no_property, long unsigned int>, long unsigned int, long unsigned int&>, pycudaboost::on_tree_edge> >; T = pycudaboost::graph_visitor_t; R = pycudaboost::no_property; typename pycudaboost::graph_traits<Graph>::vertex_descriptor = long unsigned int]’
      bpl-subset/bpl_subset/libs/python/src/object/inheritance.cpp:107:35:   required from here
      bpl-subset/bpl_subset/boost/concept/detail/general.hpp:38:47: warning: ‘this’ pointer is null [-Wnonnull]
         38 |     static void failed() { ((Model*)0)->~Model(); }
            |                            ~~~~~~~~~~~~~~~~~~~^~
      In file included from bpl-subset/bpl_subset/boost/concept_check.hpp:32,
                       from bpl-subset/bpl_subset/boost/property_map/property_map.hpp:18,
                       from bpl-subset/bpl_subset/boost/graph/graph_concepts.hpp:17,
                       from bpl-subset/bpl_subset/boost/graph/breadth_first_search.hpp:21,
                       from bpl-subset/bpl_subset/libs/python/src/object/inheritance.cpp:7:
      bpl-subset/bpl_subset/boost/concept/usage.hpp:36:7: note: in a call to non-static member function ‘pycudaboost::Convertible<X, Y>::~Convertible() [with X = pycudaboost::detail::iterator_category_with_traversal<std::input_iterator_tag, pycudaboost::random_access_traversal_tag>; Y = std::input_iterator_tag]’
         36 |       ~model()
            |       ^
      bpl-subset/bpl_subset/boost/concept_check.hpp:211:5: note: in expansion of macro ‘BOOST_CONCEPT_USAGE’
        211 |     BOOST_CONCEPT_USAGE(Convertible) {
            |     ^~~~~~~~~~~~~~~~~~~
      bpl-subset/bpl_subset/boost/concept/usage.hpp: In instantiation of ‘pycudaboost::concepts::usage_requirements<Model>::~usage_requirements() [with Model = pycudaboost::Convertible<pycudaboost::detail::iterator_category_with_traversal<std::input_iterator_tag, pycudaboost::random_access_traversal_tag>, std::input_iterator_tag>]’:
      bpl-subset/bpl_subset/boost/concept/detail/general.hpp:38:47:   required from ‘static void pycudaboost::concepts::requirement<pycudaboost::concepts::failed************ Model::************>::failed() [with Model = pycudaboost::concepts::usage_requirements<pycudaboost::Convertible<pycudaboost::detail::iterator_category_with_traversal<std::input_iterator_tag, pycudaboost::random_access_traversal_tag>, std::input_iterator_tag> >]’
      bpl-subset/bpl_subset/boost/concept_check.hpp:211:5:   required from ‘struct pycudaboost::Convertible<pycudaboost::detail::iterator_category_with_traversal<std::input_iterator_tag, pycudaboost::random_access_traversal_tag>, std::input_iterator_tag>’
      bpl-subset/bpl_subset/boost/concept/detail/has_constraints.hpp:32:62:   required by substitution of ‘template<class Model> pycudaboost::concepts::detail::yes pycudaboost::concepts::detail::has_constraints_(Model*, pycudaboost::concepts::detail::wrap_constraints<Model, (& Model::constraints)>*) [with Model = pycudaboost::Convertible<pycudaboost::detail::iterator_category_with_traversal<std::input_iterator_tag, pycudaboost::random_access_traversal_tag>, std::input_iterator_tag>]’
      bpl-subset/bpl_subset/boost/concept/detail/has_constraints.hpp:42:5:   required from ‘const bool pycudaboost::concepts::not_satisfied<pycudaboost::Convertible<pycudaboost::detail::iterator_category_with_traversal<std::input_iterator_tag, pycudaboost::random_access_traversal_tag>, std::input_iterator_tag> >::value’
      bpl-subset/bpl_subset/boost/concept/detail/has_constraints.hpp:45:31:   required from ‘struct pycudaboost::concepts::not_satisfied<pycudaboost::Convertible<pycudaboost::detail::iterator_category_with_traversal<std::input_iterator_tag, pycudaboost::random_access_traversal_tag>, std::input_iterator_tag> >’
      bpl-subset/bpl_subset/boost/mpl/if.hpp:63:11:   [ skipping 9 instantiation contexts, use -ftemplate-backtrace-limit=0 to disable ]
      bpl-subset/bpl_subset/boost/graph/breadth_first_search.hpp:125:24:   required from ‘void pycudaboost::breadth_first_search(const VertexListGraph&, SourceIterator, SourceIterator, Buffer&, BFSVisitor, ColorMap) [with VertexListGraph = pycudaboost::reverse_graph<pycudaboost::adjacency_list<pycudaboost::vecS, pycudaboost::vecS, pycudaboost::bidirectionalS, pycudaboost::no_property, pycudaboost::property<pycudaboost::edge_index_t, long unsigned int, pycudaboost::property<pycudaboost::{anonymous}::edge_cast_t, void* (*)(void*)> > > >; SourceIterator = long unsigned int*; Buffer = pycudaboost::queue<long unsigned int, std::deque<long unsigned int, std::allocator<long unsigned int> > >; BFSVisitor = pycudaboost::bfs_visitor<pycudaboost::distance_recorder<pycudaboost::iterator_property_map<__gnu_cxx::__normal_iterator<long unsigned int*, std::vector<long unsigned int> >, pycudaboost::vec_adj_list_vertex_id_map<pycudaboost::no_property, long unsigned int>, long unsigned int, long unsigned int&>, pycudaboost::on_tree_edge> >; ColorMap = pycudaboost::two_bit_color_map<pycudaboost::vec_adj_list_vertex_id_map<pycudaboost::no_property, long unsigned int> >]’
      bpl-subset/bpl_subset/boost/graph/breadth_first_search.hpp:136:25:   required from ‘void pycudaboost::breadth_first_search(const VertexListGraph&, typename pycudaboost::graph_traits<Graph>::vertex_descriptor, Buffer&, BFSVisitor, ColorMap) [with VertexListGraph = pycudaboost::reverse_graph<pycudaboost::adjacency_list<pycudaboost::vecS, pycudaboost::vecS, pycudaboost::bidirectionalS, pycudaboost::no_property, pycudaboost::property<pycudaboost::edge_index_t, long unsigned int, pycudaboost::property<pycudaboost::{anonymous}::edge_cast_t, void* (*)(void*)> > > >; Buffer = pycudaboost::queue<long unsigned int, std::deque<long unsigned int, std::allocator<long unsigned int> > >; BFSVisitor = pycudaboost::bfs_visitor<pycudaboost::distance_recorder<pycudaboost::iterator_property_map<__gnu_cxx::__normal_iterator<long unsigned int*, std::vector<long unsigned int> >, pycudaboost::vec_adj_list_vertex_id_map<pycudaboost::no_property, long unsigned int>, long unsigned int, long unsigned int&>, pycudaboost::on_tree_edge> >; ColorMap = pycudaboost::two_bit_color_map<pycudaboost::vec_adj_list_vertex_id_map<pycudaboost::no_property, long unsigned int> >; typename pycudaboost::graph_traits<Graph>::vertex_descriptor = long unsigned int]’
      bpl-subset/bpl_subset/boost/graph/breadth_first_search.hpp:260:9:   required from ‘void pycudaboost::detail::bfs_helper(VertexListGraph&, typename pycudaboost::graph_traits<Graph>::vertex_descriptor, ColorMap, BFSVisitor, const pycudaboost::bgl_named_params<P, T, R>&, typename pycudaboost::enable_if_c<pycudaboost::is_base_and_derived<pycudaboost::vertex_list_graph_tag, typename pycudaboost::graph_traits<Graph>::traversal_category>::value, void>::type*) [with VertexListGraph = pycudaboost::reverse_graph<pycudaboost::adjacency_list<pycudaboost::vecS, pycudaboost::vecS, pycudaboost::bidirectionalS, pycudaboost::no_property, pycudaboost::property<pycudaboost::edge_index_t, long unsigned int, pycudaboost::property<pycudaboost::{anonymous}::edge_cast_t, void* (*)(void*)> > > >; ColorMap = pycudaboost::two_bit_color_map<pycudaboost::vec_adj_list_vertex_id_map<pycudaboost::no_property, long unsigned int> >; BFSVisitor = pycudaboost::bfs_visitor<pycudaboost::distance_recorder<pycudaboost::iterator_property_map<__gnu_cxx::__normal_iterator<long unsigned int*, std::vector<long unsigned int> >, pycudaboost::vec_adj_list_vertex_id_map<pycudaboost::no_property, long unsigned int>, long unsigned int, long unsigned int&>, pycudaboost::on_tree_edge> >; P = pycudaboost::bfs_visitor<pycudaboost::distance_recorder<pycudaboost::iterator_property_map<__gnu_cxx::__normal_iterator<long unsigned int*, std::vector<long unsigned int> >, pycudaboost::vec_adj_list_vertex_id_map<pycudaboost::no_property, long unsigned int>, long unsigned int, long unsigned int&>, pycudaboost::on_tree_edge> >; T = pycudaboost::graph_visitor_t; R = pycudaboost::no_property; typename pycudaboost::graph_traits<Graph>::vertex_descriptor = long unsigned int; typename pycudaboost::enable_if_c<pycudaboost::is_base_and_derived<pycudaboost::vertex_list_graph_tag, typename pycudaboost::graph_traits<Graph>::traversal_category>::value, void>::type = void; typename pycudaboost::graph_traits<Graph>::traversal_category = pycudaboost::bidir_adj_list_traversal_tag]’
      bpl-subset/bpl_subset/boost/graph/breadth_first_search.hpp:312:11:   required from ‘static void pycudaboost::detail::bfs_dispatch<pycudaboost::param_not_found>::apply(VertexListGraph&, typename pycudaboost::graph_traits<Graph>::vertex_descriptor, const pycudaboost::bgl_named_params<T, Tag, Base>&, pycudaboost::param_not_found) [with VertexListGraph = pycudaboost::reverse_graph<pycudaboost::adjacency_list<pycudaboost::vecS, pycudaboost::vecS, pycudaboost::bidirectionalS, pycudaboost::no_property, pycudaboost::property<pycudaboost::edge_index_t, long unsigned int, pycudaboost::property<pycudaboost::{anonymous}::edge_cast_t, void* (*)(void*)> > > >; P = pycudaboost::bfs_visitor<pycudaboost::distance_recorder<pycudaboost::iterator_property_map<__gnu_cxx::__normal_iterator<long unsigned int*, std::vector<long unsigned int> >, pycudaboost::vec_adj_list_vertex_id_map<pycudaboost::no_property, long unsigned int>, long unsigned int, long unsigned int&>, pycudaboost::on_tree_edge> >; T = pycudaboost::graph_visitor_t; R = pycudaboost::no_property; typename pycudaboost::graph_traits<Graph>::vertex_descriptor = long unsigned int]’
      bpl-subset/bpl_subset/boost/graph/breadth_first_search.hpp:339:35:   required from ‘void pycudaboost::breadth_first_search(const VertexListGraph&, typename pycudaboost::graph_traits<Graph>::vertex_descriptor, const pycudaboost::bgl_named_params<T, Tag, Base>&) [with VertexListGraph = pycudaboost::reverse_graph<pycudaboost::adjacency_list<pycudaboost::vecS, pycudaboost::vecS, pycudaboost::bidirectionalS, pycudaboost::no_property, pycudaboost::property<pycudaboost::edge_index_t, long unsigned int, pycudaboost::property<pycudaboost::{anonymous}::edge_cast_t, void* (*)(void*)> > > >; P = pycudaboost::bfs_visitor<pycudaboost::distance_recorder<pycudaboost::iterator_property_map<__gnu_cxx::__normal_iterator<long unsigned int*, std::vector<long unsigned int> >, pycudaboost::vec_adj_list_vertex_id_map<pycudaboost::no_property, long unsigned int>, long unsigned int, long unsigned int&>, pycudaboost::on_tree_edge> >; T = pycudaboost::graph_visitor_t; R = pycudaboost::no_property; typename pycudaboost::graph_traits<Graph>::vertex_descriptor = long unsigned int]’
      bpl-subset/bpl_subset/libs/python/src/object/inheritance.cpp:107:35:   required from here
      bpl-subset/bpl_subset/boost/concept/usage.hpp:22:48: warning: ‘this’ pointer is null [-Wnonnull]
         22 |     ~usage_requirements() { ((Model*)0)->~Model(); }
            |                             ~~~~~~~~~~~~~~~~~~~^~
      bpl-subset/bpl_subset/boost/concept/usage.hpp:36:7: note: in a call to non-static member function ‘pycudaboost::Convertible<X, Y>::~Convertible() [with X = pycudaboost::detail::iterator_category_with_traversal<std::input_iterator_tag, pycudaboost::random_access_traversal_tag>; Y = std::input_iterator_tag]’
         36 |       ~model()
            |       ^
      bpl-subset/bpl_subset/boost/concept_check.hpp:211:5: note: in expansion of macro ‘BOOST_CONCEPT_USAGE’
        211 |     BOOST_CONCEPT_USAGE(Convertible) {
            |     ^~~~~~~~~~~~~~~~~~~
      aarch64-linux-gnu-g++ -Wno-unused-result -Wsign-compare -fwrapv -Wall -O3 -DNDEBUG -fPIC -DBOOST_ALL_NO_LIB=1 -DBOOST_THREAD_BUILD_DLL=1 -DBOOST_MULTI_INDEX_DISABLE_SERIALIZATION=1 -DBOOST_PYTHON_SOURCE=1 -Dboost=pycudaboost -DBOOST_THREAD_DONT_USE_CHRONO=1 -DPYGPU_PACKAGE=pycuda -DPYGPU_PYCUDA=1 -DHAVE_CURAND=1 -Isrc/cpp -Ibpl-subset/bpl_subset -I/tmp/pip-build-env-fkcjx5ad/overlay/local/lib/python3.10/dist-packages/numpy/_core/include -I/usr/include/python3.10 -c bpl-subset/bpl_subset/libs/python/src/object/iterator.cpp -o build/temp.linux-aarch64-cpython-310/bpl-subset/bpl_subset/libs/python/src/object/iterator.o
      In file included from bpl-subset/bpl_subset/boost/bind/mem_fn.hpp:25,
                       from bpl-subset/bpl_subset/boost/mem_fn.hpp:22,
                       from bpl-subset/bpl_subset/boost/function/detail/prologue.hpp:18,
                       from bpl-subset/bpl_subset/boost/function/function_template.hpp:13,
                       from bpl-subset/bpl_subset/boost/function/detail/maybe_include.hpp:23,
                       from bpl-subset/bpl_subset/boost/function/function2.hpp:11,
                       from bpl-subset/bpl_subset/boost/python/object/function_object.hpp:8,
                       from bpl-subset/bpl_subset/libs/python/src/object/iterator.cpp:7:
      bpl-subset/bpl_subset/boost/get_pointer.hpp:25:40: warning: ‘template<class> class std::auto_ptr’ is deprecated: use 'std::unique_ptr' instead [-Wdeprecated-declarations]
         25 | template<class T> T * get_pointer(std::auto_ptr<T> const& p)
            |                                        ^~~~~~~~
      In file included from /usr/include/c++/11/memory:76,
                       from bpl-subset/bpl_subset/boost/function/function_base.hpp:16,
                       from bpl-subset/bpl_subset/boost/function/detail/prologue.hpp:17,
                       from bpl-subset/bpl_subset/boost/function/function_template.hpp:13,
                       from bpl-subset/bpl_subset/boost/function/detail/maybe_include.hpp:23,
                       from bpl-subset/bpl_subset/boost/function/function2.hpp:11,
                       from bpl-subset/bpl_subset/boost/python/object/function_object.hpp:8,
                       from bpl-subset/bpl_subset/libs/python/src/object/iterator.cpp:7:
      /usr/include/c++/11/bits/unique_ptr.h:57:28: note: declared here
         57 |   template<typename> class auto_ptr;
            |                            ^~~~~~~~
      In file included from bpl-subset/bpl_subset/boost/python/detail/is_xxx.hpp:8,
                       from bpl-subset/bpl_subset/boost/python/detail/is_auto_ptr.hpp:9,
                       from bpl-subset/bpl_subset/boost/python/detail/copy_ctor_mutates_rhs.hpp:8,
                       from bpl-subset/bpl_subset/boost/python/detail/value_arg.hpp:7,
                       from bpl-subset/bpl_subset/boost/python/object/forward.hpp:13,
                       from bpl-subset/bpl_subset/boost/python/object/pointer_holder.hpp:16,
                       from bpl-subset/bpl_subset/boost/python/to_python_indirect.hpp:10,
                       from bpl-subset/bpl_subset/boost/python/converter/arg_to_python.hpp:10,
                       from bpl-subset/bpl_subset/boost/python/call.hpp:15,
                       from bpl-subset/bpl_subset/boost/python/object_core.hpp:14,
                       from bpl-subset/bpl_subset/boost/python/object/function_object.hpp:9,
                       from bpl-subset/bpl_subset/libs/python/src/object/iterator.cpp:7:
      bpl-subset/bpl_subset/boost/python/detail/is_auto_ptr.hpp:17:40: warning: ‘template<class> class std::auto_ptr’ is deprecated: use 'std::unique_ptr' instead [-Wdeprecated-declarations]
         17 | BOOST_PYTHON_IS_XXX_DEF(auto_ptr, std::auto_ptr, 1)
            |                                        ^~~~~~~~
      bpl-subset/bpl_subset/boost/detail/is_xxx.hpp:53:4: note: in definition of macro ‘BOOST_DETAIL_IS_XXX_DEF’
         53 |    qualified_name< BOOST_PP_ENUM_PARAMS_Z(1, nargs, T) >        \
            |    ^~~~~~~~~~~~~~
      bpl-subset/bpl_subset/boost/python/detail/is_auto_ptr.hpp:17:1: note: in expansion of macro ‘BOOST_PYTHON_IS_XXX_DEF’
         17 | BOOST_PYTHON_IS_XXX_DEF(auto_ptr, std::auto_ptr, 1)
            | ^~~~~~~~~~~~~~~~~~~~~~~
      In file included from /usr/include/c++/11/memory:76,
                       from bpl-subset/bpl_subset/boost/function/function_base.hpp:16,
                       from bpl-subset/bpl_subset/boost/function/detail/prologue.hpp:17,
                       from bpl-subset/bpl_subset/boost/function/function_template.hpp:13,
                       from bpl-subset/bpl_subset/boost/function/detail/maybe_include.hpp:23,
                       from bpl-subset/bpl_subset/boost/function/function2.hpp:11,
                       from bpl-subset/bpl_subset/boost/python/object/function_object.hpp:8,
                       from bpl-subset/bpl_subset/libs/python/src/object/iterator.cpp:7:
      /usr/include/c++/11/bits/unique_ptr.h:57:28: note: declared here
         57 |   template<typename> class auto_ptr;
            |                            ^~~~~~~~
      In file included from bpl-subset/bpl_subset/boost/mpl/aux_/na_assert.hpp:23,
                       from bpl-subset/bpl_subset/boost/mpl/arg.hpp:25,
                       from bpl-subset/bpl_subset/boost/mpl/placeholders.hpp:24,
                       from bpl-subset/bpl_subset/boost/mpl/apply.hpp:24,
                       from bpl-subset/bpl_subset/boost/python/object/pointer_holder.hpp:27,
                       from bpl-subset/bpl_subset/boost/python/to_python_indirect.hpp:10,
                       from bpl-subset/bpl_subset/boost/python/converter/arg_to_python.hpp:10,
                       from bpl-subset/bpl_subset/boost/python/call.hpp:15,
                       from bpl-subset/bpl_subset/boost/python/object_core.hpp:14,
                       from bpl-subset/bpl_subset/boost/python/object/function_object.hpp:9,
                       from bpl-subset/bpl_subset/libs/python/src/object/iterator.cpp:7:
      bpl-subset/bpl_subset/boost/mpl/assert.hpp:154:21: warning: unnecessary parentheses in declaration of ‘assert_arg’ [-Wparentheses]
        154 | failed ************ (Pred::************
            |                     ^~~~~~~~~~~~~~~~~~~
        155 |       assert_arg( void (*)(Pred), typename assert_arg_pred<Pred>::type )
            |       ~~~~~~~~~~~~~~~~~~~~~~~~~~~~~~~~~~~~~~~~~~~~~~~~~~~~~~~~~~~~~~~~~~
        156 |     );
            |     ~
      bpl-subset/bpl_subset/boost/mpl/assert.hpp:154:21: note: remove parentheses
        154 | failed ************ (Pred::************
            |                     ^~~~~~~~~~~~~~~~~~~
            |                     -
        155 |       assert_arg( void (*)(Pred), typename assert_arg_pred<Pred>::type )
            |       ~~~~~~~~~~~~~~~~~~~~~~~~~~~~~~~~~~~~~~~~~~~~~~~~~~~~~~~~~~~~~~~~~~
        156 |     );
            |     ~
            |     -
      bpl-subset/bpl_subset/boost/mpl/assert.hpp:159:21: warning: unnecessary parentheses in declaration of ‘assert_not_arg’ [-Wparentheses]
        159 | failed ************ (boost::mpl::not_<Pred>::************
            |                     ^~~~~~~~~~~~~~~~~~~~~~~~~~~~~~~~~~~~~
        160 |       assert_not_arg( void (*)(Pred), typename assert_arg_pred_not<Pred>::type )
            |       ~~~~~~~~~~~~~~~~~~~~~~~~~~~~~~~~~~~~~~~~~~~~~~~~~~~~~~~~~~~~~~~~~~~~~~~~~~
        161 |     );
            |     ~
      bpl-subset/bpl_subset/boost/mpl/assert.hpp:159:21: note: remove parentheses
        159 | failed ************ (boost::mpl::not_<Pred>::************
            |                     ^~~~~~~~~~~~~~~~~~~~~~~~~~~~~~~~~~~~~
            |                     -
        160 |       assert_not_arg( void (*)(Pred), typename assert_arg_pred_not<Pred>::type )
            |       ~~~~~~~~~~~~~~~~~~~~~~~~~~~~~~~~~~~~~~~~~~~~~~~~~~~~~~~~~~~~~~~~~~~~~~~~~~
        161 |     );
            |     ~
            |     -
      In file included from bpl-subset/bpl_subset/boost/python/refcount.hpp:9,
                       from bpl-subset/bpl_subset/boost/python/to_python_indirect.hpp:19,
                       from bpl-subset/bpl_subset/boost/python/converter/arg_to_python.hpp:10,
                       from bpl-subset/bpl_subset/boost/python/call.hpp:15,
                       from bpl-subset/bpl_subset/boost/python/object_core.hpp:14,
                       from bpl-subset/bpl_subset/boost/python/object/function_object.hpp:9,
                       from bpl-subset/bpl_subset/libs/python/src/object/iterator.cpp:7:
      bpl-subset/bpl_subset/boost/python/cast.hpp: In function ‘void pycudaboost::python::detail::assert_castable(pycudaboost::type<T>*)’:
      bpl-subset/bpl_subset/boost/python/cast.hpp:73:20: warning: typedef ‘must_be_a_complete_type’ locally defined but not used [-Wunused-local-typedefs]
         73 |       typedef char must_be_a_complete_type[sizeof(T)];
            |                    ^~~~~~~~~~~~~~~~~~~~~~~
      In file included from bpl-subset/bpl_subset/boost/python/converter/arg_to_python.hpp:10,
                       from bpl-subset/bpl_subset/boost/python/call.hpp:15,
                       from bpl-subset/bpl_subset/boost/python/object_core.hpp:14,
                       from bpl-subset/bpl_subset/boost/python/object/function_object.hpp:9,
                       from bpl-subset/bpl_subset/libs/python/src/object/iterator.cpp:7:
      bpl-subset/bpl_subset/boost/python/to_python_indirect.hpp: In static member function ‘static PyObject* pycudaboost::python::detail::make_owning_holder::execute(T*)’:
      bpl-subset/bpl_subset/boost/python/to_python_indirect.hpp:90:24: warning: ‘template<class> class std::auto_ptr’ is deprecated: use 'std::unique_ptr' instead [-Wdeprecated-declarations]
         90 |           typedef std::auto_ptr<T> smart_pointer;
            |                        ^~~~~~~~
      In file included from /usr/include/c++/11/memory:76,
                       from bpl-subset/bpl_subset/boost/function/function_base.hpp:16,
                       from bpl-subset/bpl_subset/boost/function/detail/prologue.hpp:17,
                       from bpl-subset/bpl_subset/boost/function/function_template.hpp:13,
                       from bpl-subset/bpl_subset/boost/function/detail/maybe_include.hpp:23,
                       from bpl-subset/bpl_subset/boost/function/function2.hpp:11,
                       from bpl-subset/bpl_subset/boost/python/object/function_object.hpp:8,
                       from bpl-subset/bpl_subset/libs/python/src/object/iterator.cpp:7:
      /usr/include/c++/11/bits/unique_ptr.h:57:28: note: declared here
         57 |   template<typename> class auto_ptr;
            |                            ^~~~~~~~
      In file included from bpl-subset/bpl_subset/boost/smart_ptr/shared_ptr.hpp:32,
                       from bpl-subset/bpl_subset/boost/shared_ptr.hpp:17,
                       from bpl-subset/bpl_subset/boost/python/converter/shared_ptr_to_python.hpp:10,
                       from bpl-subset/bpl_subset/boost/python/converter/arg_to_python.hpp:15,
                       from bpl-subset/bpl_subset/boost/python/call.hpp:15,
                       from bpl-subset/bpl_subset/boost/python/object_core.hpp:14,
                       from bpl-subset/bpl_subset/boost/python/object/function_object.hpp:9,
                       from bpl-subset/bpl_subset/libs/python/src/object/iterator.cpp:7:
      bpl-subset/bpl_subset/boost/smart_ptr/detail/shared_count.hpp: At global scope:
      bpl-subset/bpl_subset/boost/smart_ptr/detail/shared_count.hpp:284:33: warning: ‘template<class> class std::auto_ptr’ is deprecated: use 'std::unique_ptr' instead [-Wdeprecated-declarations]
        284 |     explicit shared_count( std::auto_ptr<Y> & r ): pi_( new sp_counted_impl_p<Y>( r.get() ) )
            |                                 ^~~~~~~~
      In file included from /usr/include/c++/11/memory:76,
                       from bpl-subset/bpl_subset/boost/function/function_base.hpp:16,
                       from bpl-subset/bpl_subset/boost/function/detail/prologue.hpp:17,
                       from bpl-subset/bpl_subset/boost/function/function_template.hpp:13,
                       from bpl-subset/bpl_subset/boost/function/detail/maybe_include.hpp:23,
                       from bpl-subset/bpl_subset/boost/function/function2.hpp:11,
                       from bpl-subset/bpl_subset/boost/python/object/function_object.hpp:8,
                       from bpl-subset/bpl_subset/libs/python/src/object/iterator.cpp:7:
      /usr/include/c++/11/bits/unique_ptr.h:57:28: note: declared here
         57 |   template<typename> class auto_ptr;
            |                            ^~~~~~~~
      In file included from bpl-subset/bpl_subset/boost/shared_ptr.hpp:17,
                       from bpl-subset/bpl_subset/boost/python/converter/shared_ptr_to_python.hpp:10,
                       from bpl-subset/bpl_subset/boost/python/converter/arg_to_python.hpp:15,
                       from bpl-subset/bpl_subset/boost/python/call.hpp:15,
                       from bpl-subset/bpl_subset/boost/python/object_core.hpp:14,
                       from bpl-subset/bpl_subset/boost/python/object/function_object.hpp:9,
                       from bpl-subset/bpl_subset/libs/python/src/object/iterator.cpp:7:
      bpl-subset/bpl_subset/boost/smart_ptr/shared_ptr.hpp:146:65: warning: ‘template<class> class std::auto_ptr’ is deprecated: use 'std::unique_ptr' instead [-Wdeprecated-declarations]
        146 | template< class T, class R > struct sp_enable_if_auto_ptr< std::auto_ptr< T >, R >
            |                                                                 ^~~~~~~~
      In file included from /usr/include/c++/11/memory:76,
                       from bpl-subset/bpl_subset/boost/function/function_base.hpp:16,
                       from bpl-subset/bpl_subset/boost/function/detail/prologue.hpp:17,
                       from bpl-subset/bpl_subset/boost/function/function_template.hpp:13,
                       from bpl-subset/bpl_subset/boost/function/detail/maybe_include.hpp:23,
                       from bpl-subset/bpl_subset/boost/function/function2.hpp:11,
                       from bpl-subset/bpl_subset/boost/python/object/function_object.hpp:8,
                       from bpl-subset/bpl_subset/libs/python/src/object/iterator.cpp:7:
      /usr/include/c++/11/bits/unique_ptr.h:57:28: note: declared here
         57 |   template<typename> class auto_ptr;
            |                            ^~~~~~~~
      In file included from bpl-subset/bpl_subset/boost/shared_ptr.hpp:17,
                       from bpl-subset/bpl_subset/boost/python/converter/shared_ptr_to_python.hpp:10,
                       from bpl-subset/bpl_subset/boost/python/converter/arg_to_python.hpp:15,
                       from bpl-subset/bpl_subset/boost/python/call.hpp:15,
                       from bpl-subset/bpl_subset/boost/python/object_core.hpp:14,
                       from bpl-subset/bpl_subset/boost/python/object/function_object.hpp:9,
                       from bpl-subset/bpl_subset/libs/python/src/object/iterator.cpp:7:
      bpl-subset/bpl_subset/boost/smart_ptr/shared_ptr.hpp:285:30: warning: ‘template<class> class std::auto_ptr’ is deprecated: use 'std::unique_ptr' instead [-Wdeprecated-declarations]
        285 |     explicit shared_ptr(std::auto_ptr<Y> & r): px(r.get()), pn()
            |                              ^~~~~~~~
      In file included from /usr/include/c++/11/memory:76,
                       from bpl-subset/bpl_subset/boost/function/function_base.hpp:16,
                       from bpl-subset/bpl_subset/boost/function/detail/prologue.hpp:17,
                       from bpl-subset/bpl_subset/boost/function/function_template.hpp:13,
                       from bpl-subset/bpl_subset/boost/function/detail/maybe_include.hpp:23,
                       from bpl-subset/bpl_subset/boost/function/function2.hpp:11,
                       from bpl-subset/bpl_subset/boost/python/object/function_object.hpp:8,
                       from bpl-subset/bpl_subset/libs/python/src/object/iterator.cpp:7:
      /usr/include/c++/11/bits/unique_ptr.h:57:28: note: declared here
         57 |   template<typename> class auto_ptr;
            |                            ^~~~~~~~
      In file included from bpl-subset/bpl_subset/boost/shared_ptr.hpp:17,
                       from bpl-subset/bpl_subset/boost/python/converter/shared_ptr_to_python.hpp:10,
                       from bpl-subset/bpl_subset/boost/python/converter/arg_to_python.hpp:15,
                       from bpl-subset/bpl_subset/boost/python/call.hpp:15,
                       from bpl-subset/bpl_subset/boost/python/object_core.hpp:14,
                       from bpl-subset/bpl_subset/boost/python/object/function_object.hpp:9,
                       from bpl-subset/bpl_subset/libs/python/src/object/iterator.cpp:7:
      bpl-subset/bpl_subset/boost/smart_ptr/shared_ptr.hpp:329:34: warning: ‘template<class> class std::auto_ptr’ is deprecated: use 'std::unique_ptr' instead [-Wdeprecated-declarations]
        329 |     shared_ptr & operator=( std::auto_ptr<Y> & r )
            |                                  ^~~~~~~~
      In file included from /usr/include/c++/11/memory:76,
                       from bpl-subset/bpl_subset/boost/function/function_base.hpp:16,
                       from bpl-subset/bpl_subset/boost/function/detail/prologue.hpp:17,
                       from bpl-subset/bpl_subset/boost/function/function_template.hpp:13,
                       from bpl-subset/bpl_subset/boost/function/detail/maybe_include.hpp:23,
                       from bpl-subset/bpl_subset/boost/function/function2.hpp:11,
                       from bpl-subset/bpl_subset/boost/python/object/function_object.hpp:8,
                       from bpl-subset/bpl_subset/libs/python/src/object/iterator.cpp:7:
      /usr/include/c++/11/bits/unique_ptr.h:57:28: note: declared here
         57 |   template<typename> class auto_ptr;
            |                            ^~~~~~~~
      In file included from bpl-subset/bpl_subset/boost/python/detail/invoke.hpp:21,
                       from bpl-subset/bpl_subset/boost/python/detail/caller.hpp:16,
                       from bpl-subset/bpl_subset/boost/python/object/function_handle.hpp:8,
                       from bpl-subset/bpl_subset/boost/python/converter/arg_to_python.hpp:19,
                       from bpl-subset/bpl_subset/boost/python/call.hpp:15,
                       from bpl-subset/bpl_subset/boost/python/object_core.hpp:14,
                       from bpl-subset/bpl_subset/boost/python/object/function_object.hpp:9,
                       from bpl-subset/bpl_subset/libs/python/src/object/iterator.cpp:7:
      bpl-subset/bpl_subset/boost/python/to_python_value.hpp: In member function ‘PyObject* pycudaboost::python::detail::registry_to_python_value<T>::operator()(pycudaboost::python::detail::registry_to_python_value<T>::argument_type) const’:
      bpl-subset/bpl_subset/boost/python/to_python_value.hpp:150:52: warning: typedef ‘r’ locally defined but not used [-Wunused-local-typedefs]
        150 |       typedef converter::registered<argument_type> r;
            |                                                    ^
      In file included from bpl-subset/bpl_subset/boost/python/object/function_handle.hpp:10,
                       from bpl-subset/bpl_subset/boost/python/converter/arg_to_python.hpp:19,
                       from bpl-subset/bpl_subset/boost/python/call.hpp:15,
                       from bpl-subset/bpl_subset/boost/python/object_core.hpp:14,
                       from bpl-subset/bpl_subset/boost/python/object/function_object.hpp:9,
                       from bpl-subset/bpl_subset/libs/python/src/object/iterator.cpp:7:
      bpl-subset/bpl_subset/boost/python/object/py_function.hpp: At global scope:
      bpl-subset/bpl_subset/boost/python/object/py_function.hpp:167:18: warning: ‘template<class> class std::auto_ptr’ is deprecated: use 'std::unique_ptr' instead [-Wdeprecated-declarations]
        167 |     mutable std::auto_ptr<py_function_impl_base> m_impl;
            |                  ^~~~~~~~
      In file included from /usr/include/c++/11/memory:76,
                       from bpl-subset/bpl_subset/boost/function/function_base.hpp:16,
                       from bpl-subset/bpl_subset/boost/function/detail/prologue.hpp:17,
                       from bpl-subset/bpl_subset/boost/function/function_template.hpp:13,
                       from bpl-subset/bpl_subset/boost/function/detail/maybe_include.hpp:23,
                       from bpl-subset/bpl_subset/boost/function/function2.hpp:11,
                       from bpl-subset/bpl_subset/boost/python/object/function_object.hpp:8,
                       from bpl-subset/bpl_subset/libs/python/src/object/iterator.cpp:7:
      /usr/include/c++/11/bits/unique_ptr.h:57:28: note: declared here
         57 |   template<typename> class auto_ptr;
            |                            ^~~~~~~~
      In file included from bpl-subset/bpl_subset/boost/bind/bind.hpp:29,
                       from bpl-subset/bpl_subset/boost/bind.hpp:22,
                       from bpl-subset/bpl_subset/libs/python/src/object/iterator.cpp:8:
      bpl-subset/bpl_subset/boost/bind/arg.hpp: In constructor ‘pycudaboost::arg<I>::arg(const T&)’:
      bpl-subset/bpl_subset/boost/bind/arg.hpp:37:22: warning: typedef ‘T_must_be_placeholder’ locally defined but not used [-Wunused-local-typedefs]
         37 |         typedef char T_must_be_placeholder[ I == is_placeholder<T>::value? 1: -1 ];
            |                      ^~~~~~~~~~~~~~~~~~~~~
      aarch64-linux-gnu-g++ -Wno-unused-result -Wsign-compare -fwrapv -Wall -O3 -DNDEBUG -fPIC -DBOOST_ALL_NO_LIB=1 -DBOOST_THREAD_BUILD_DLL=1 -DBOOST_MULTI_INDEX_DISABLE_SERIALIZATION=1 -DBOOST_PYTHON_SOURCE=1 -Dboost=pycudaboost -DBOOST_THREAD_DONT_USE_CHRONO=1 -DPYGPU_PACKAGE=pycuda -DPYGPU_PYCUDA=1 -DHAVE_CURAND=1 -Isrc/cpp -Ibpl-subset/bpl_subset -I/tmp/pip-build-env-fkcjx5ad/overlay/local/lib/python3.10/dist-packages/numpy/_core/include -I/usr/include/python3.10 -c bpl-subset/bpl_subset/libs/python/src/object/life_support.cpp -o build/temp.linux-aarch64-cpython-310/bpl-subset/bpl_subset/libs/python/src/object/life_support.o
      In file included from bpl-subset/bpl_subset/boost/python/refcount.hpp:9,
                       from bpl-subset/bpl_subset/libs/python/src/object/life_support.cpp:7:
      bpl-subset/bpl_subset/boost/python/cast.hpp: In function ‘void pycudaboost::python::detail::assert_castable(pycudaboost::type<Target>*)’:
      bpl-subset/bpl_subset/boost/python/cast.hpp:73:20: warning: typedef ‘must_be_a_complete_type’ locally defined but not used [-Wunused-local-typedefs]
         73 |       typedef char must_be_a_complete_type[sizeof(T)];
            |                    ^~~~~~~~~~~~~~~~~~~~~~~
      aarch64-linux-gnu-g++ -Wno-unused-result -Wsign-compare -fwrapv -Wall -O3 -DNDEBUG -fPIC -DBOOST_ALL_NO_LIB=1 -DBOOST_THREAD_BUILD_DLL=1 -DBOOST_MULTI_INDEX_DISABLE_SERIALIZATION=1 -DBOOST_PYTHON_SOURCE=1 -Dboost=pycudaboost -DBOOST_THREAD_DONT_USE_CHRONO=1 -DPYGPU_PACKAGE=pycuda -DPYGPU_PYCUDA=1 -DHAVE_CURAND=1 -Isrc/cpp -Ibpl-subset/bpl_subset -I/tmp/pip-build-env-fkcjx5ad/overlay/local/lib/python3.10/dist-packages/numpy/_core/include -I/usr/include/python3.10 -c bpl-subset/bpl_subset/libs/python/src/object/pickle_support.cpp -o build/temp.linux-aarch64-cpython-310/bpl-subset/bpl_subset/libs/python/src/object/pickle_support.o
      In file included from bpl-subset/bpl_subset/boost/python/refcount.hpp:9,
                       from bpl-subset/bpl_subset/boost/python/to_python_value.hpp:10,
                       from bpl-subset/bpl_subset/boost/python/default_call_policies.hpp:10,
                       from bpl-subset/bpl_subset/boost/python/make_function.hpp:10,
                       from bpl-subset/bpl_subset/libs/python/src/object/pickle_support.cpp:6:
      bpl-subset/bpl_subset/boost/python/cast.hpp: In function ‘void pycudaboost::python::detail::assert_castable(pycudaboost::type<Target>*)’:
      bpl-subset/bpl_subset/boost/python/cast.hpp:73:20: warning: typedef ‘must_be_a_complete_type’ locally defined but not used [-Wunused-local-typedefs]
         73 |       typedef char must_be_a_complete_type[sizeof(T)];
            |                    ^~~~~~~~~~~~~~~~~~~~~~~
      In file included from bpl-subset/bpl_subset/boost/bind/mem_fn.hpp:25,
                       from bpl-subset/bpl_subset/boost/mem_fn.hpp:22,
                       from bpl-subset/bpl_subset/boost/function/detail/prologue.hpp:18,
                       from bpl-subset/bpl_subset/boost/function/function_template.hpp:13,
                       from bpl-subset/bpl_subset/boost/function/detail/maybe_include.hpp:13,
                       from bpl-subset/bpl_subset/boost/function/function0.hpp:11,
                       from bpl-subset/bpl_subset/boost/python/errors.hpp:13,
                       from bpl-subset/bpl_subset/boost/python/handle.hpp:11,
                       from bpl-subset/bpl_subset/boost/python/to_python_value.hpp:12,
                       from bpl-subset/bpl_subset/boost/python/default_call_policies.hpp:10,
                       from bpl-subset/bpl_subset/boost/python/make_function.hpp:10,
                       from bpl-subset/bpl_subset/libs/python/src/object/pickle_support.cpp:6:
      bpl-subset/bpl_subset/boost/get_pointer.hpp: At global scope:
      bpl-subset/bpl_subset/boost/get_pointer.hpp:25:40: warning: ‘template<class> class std::auto_ptr’ is deprecated: use 'std::unique_ptr' instead [-Wdeprecated-declarations]
         25 | template<class T> T * get_pointer(std::auto_ptr<T> const& p)
            |                                        ^~~~~~~~
      In file included from /usr/include/c++/11/memory:76,
                       from bpl-subset/bpl_subset/boost/function/function_base.hpp:16,
                       from bpl-subset/bpl_subset/boost/function/detail/prologue.hpp:17,
                       from bpl-subset/bpl_subset/boost/function/function_template.hpp:13,
                       from bpl-subset/bpl_subset/boost/function/detail/maybe_include.hpp:13,
                       from bpl-subset/bpl_subset/boost/function/function0.hpp:11,
                       from bpl-subset/bpl_subset/boost/python/errors.hpp:13,
                       from bpl-subset/bpl_subset/boost/python/handle.hpp:11,
                       from bpl-subset/bpl_subset/boost/python/to_python_value.hpp:12,
                       from bpl-subset/bpl_subset/boost/python/default_call_policies.hpp:10,
                       from bpl-subset/bpl_subset/boost/python/make_function.hpp:10,
                       from bpl-subset/bpl_subset/libs/python/src/object/pickle_support.cpp:6:
      /usr/include/c++/11/bits/unique_ptr.h:57:28: note: declared here
         57 |   template<typename> class auto_ptr;
            |                            ^~~~~~~~
      In file included from bpl-subset/bpl_subset/boost/smart_ptr/shared_ptr.hpp:32,
                       from bpl-subset/bpl_subset/boost/shared_ptr.hpp:17,
                       from bpl-subset/bpl_subset/boost/python/converter/shared_ptr_to_python.hpp:10,
                       from bpl-subset/bpl_subset/boost/python/to_python_value.hpp:18,
                       from bpl-subset/bpl_subset/boost/python/default_call_policies.hpp:10,
                       from bpl-subset/bpl_subset/boost/python/make_function.hpp:10,
                       from bpl-subset/bpl_subset/libs/python/src/object/pickle_support.cpp:6:
      bpl-subset/bpl_subset/boost/smart_ptr/detail/shared_count.hpp:284:33: warning: ‘template<class> class std::auto_ptr’ is deprecated: use 'std::unique_ptr' instead [-Wdeprecated-declarations]
        284 |     explicit shared_count( std::auto_ptr<Y> & r ): pi_( new sp_counted_impl_p<Y>( r.get() ) )
            |                                 ^~~~~~~~
      In file included from /usr/include/c++/11/memory:76,
                       from bpl-subset/bpl_subset/boost/function/function_base.hpp:16,
                       from bpl-subset/bpl_subset/boost/function/detail/prologue.hpp:17,
                       from bpl-subset/bpl_subset/boost/function/function_template.hpp:13,
                       from bpl-subset/bpl_subset/boost/function/detail/maybe_include.hpp:13,
                       from bpl-subset/bpl_subset/boost/function/function0.hpp:11,
                       from bpl-subset/bpl_subset/boost/python/errors.hpp:13,
                       from bpl-subset/bpl_subset/boost/python/handle.hpp:11,
                       from bpl-subset/bpl_subset/boost/python/to_python_value.hpp:12,
                       from bpl-subset/bpl_subset/boost/python/default_call_policies.hpp:10,
                       from bpl-subset/bpl_subset/boost/python/make_function.hpp:10,
                       from bpl-subset/bpl_subset/libs/python/src/object/pickle_support.cpp:6:
      /usr/include/c++/11/bits/unique_ptr.h:57:28: note: declared here
         57 |   template<typename> class auto_ptr;
            |                            ^~~~~~~~
      In file included from bpl-subset/bpl_subset/boost/shared_ptr.hpp:17,
                       from bpl-subset/bpl_subset/boost/python/converter/shared_ptr_to_python.hpp:10,
                       from bpl-subset/bpl_subset/boost/python/to_python_value.hpp:18,
                       from bpl-subset/bpl_subset/boost/python/default_call_policies.hpp:10,
                       from bpl-subset/bpl_subset/boost/python/make_function.hpp:10,
                       from bpl-subset/bpl_subset/libs/python/src/object/pickle_support.cpp:6:
      bpl-subset/bpl_subset/boost/smart_ptr/shared_ptr.hpp:146:65: warning: ‘template<class> class std::auto_ptr’ is deprecated: use 'std::unique_ptr' instead [-Wdeprecated-declarations]
        146 | template< class T, class R > struct sp_enable_if_auto_ptr< std::auto_ptr< T >, R >
            |                                                                 ^~~~~~~~
      In file included from /usr/include/c++/11/memory:76,
                       from bpl-subset/bpl_subset/boost/function/function_base.hpp:16,
                       from bpl-subset/bpl_subset/boost/function/detail/prologue.hpp:17,
                       from bpl-subset/bpl_subset/boost/function/function_template.hpp:13,
                       from bpl-subset/bpl_subset/boost/function/detail/maybe_include.hpp:13,
                       from bpl-subset/bpl_subset/boost/function/function0.hpp:11,
                       from bpl-subset/bpl_subset/boost/python/errors.hpp:13,
                       from bpl-subset/bpl_subset/boost/python/handle.hpp:11,
                       from bpl-subset/bpl_subset/boost/python/to_python_value.hpp:12,
                       from bpl-subset/bpl_subset/boost/python/default_call_policies.hpp:10,
                       from bpl-subset/bpl_subset/boost/python/make_function.hpp:10,
                       from bpl-subset/bpl_subset/libs/python/src/object/pickle_support.cpp:6:
      /usr/include/c++/11/bits/unique_ptr.h:57:28: note: declared here
         57 |   template<typename> class auto_ptr;
            |                            ^~~~~~~~
      In file included from bpl-subset/bpl_subset/boost/shared_ptr.hpp:17,
                       from bpl-subset/bpl_subset/boost/python/converter/shared_ptr_to_python.hpp:10,
                       from bpl-subset/bpl_subset/boost/python/to_python_value.hpp:18,
                       from bpl-subset/bpl_subset/boost/python/default_call_policies.hpp:10,
                       from bpl-subset/bpl_subset/boost/python/make_function.hpp:10,
                       from bpl-subset/bpl_subset/libs/python/src/object/pickle_support.cpp:6:
      bpl-subset/bpl_subset/boost/smart_ptr/shared_ptr.hpp:285:30: warning: ‘template<class> class std::auto_ptr’ is deprecated: use 'std::unique_ptr' instead [-Wdeprecated-declarations]
        285 |     explicit shared_ptr(std::auto_ptr<Y> & r): px(r.get()), pn()
            |                              ^~~~~~~~
      In file included from /usr/include/c++/11/memory:76,
                       from bpl-subset/bpl_subset/boost/function/function_base.hpp:16,
                       from bpl-subset/bpl_subset/boost/function/detail/prologue.hpp:17,
                       from bpl-subset/bpl_subset/boost/function/function_template.hpp:13,
                       from bpl-subset/bpl_subset/boost/function/detail/maybe_include.hpp:13,
                       from bpl-subset/bpl_subset/boost/function/function0.hpp:11,
                       from bpl-subset/bpl_subset/boost/python/errors.hpp:13,
                       from bpl-subset/bpl_subset/boost/python/handle.hpp:11,
                       from bpl-subset/bpl_subset/boost/python/to_python_value.hpp:12,
                       from bpl-subset/bpl_subset/boost/python/default_call_policies.hpp:10,
                       from bpl-subset/bpl_subset/boost/python/make_function.hpp:10,
                       from bpl-subset/bpl_subset/libs/python/src/object/pickle_support.cpp:6:
      /usr/include/c++/11/bits/unique_ptr.h:57:28: note: declared here
         57 |   template<typename> class auto_ptr;
            |                            ^~~~~~~~
      In file included from bpl-subset/bpl_subset/boost/shared_ptr.hpp:17,
                       from bpl-subset/bpl_subset/boost/python/converter/shared_ptr_to_python.hpp:10,
                       from bpl-subset/bpl_subset/boost/python/to_python_value.hpp:18,
                       from bpl-subset/bpl_subset/boost/python/default_call_policies.hpp:10,
                       from bpl-subset/bpl_subset/boost/python/make_function.hpp:10,
                       from bpl-subset/bpl_subset/libs/python/src/object/pickle_support.cpp:6:
      bpl-subset/bpl_subset/boost/smart_ptr/shared_ptr.hpp:329:34: warning: ‘template<class> class std::auto_ptr’ is deprecated: use 'std::unique_ptr' instead [-Wdeprecated-declarations]
        329 |     shared_ptr & operator=( std::auto_ptr<Y> & r )
            |                                  ^~~~~~~~
      In file included from /usr/include/c++/11/memory:76,
                       from bpl-subset/bpl_subset/boost/function/function_base.hpp:16,
                       from bpl-subset/bpl_subset/boost/function/detail/prologue.hpp:17,
                       from bpl-subset/bpl_subset/boost/function/function_template.hpp:13,
                       from bpl-subset/bpl_subset/boost/function/detail/maybe_include.hpp:13,
                       from bpl-subset/bpl_subset/boost/function/function0.hpp:11,
                       from bpl-subset/bpl_subset/boost/python/errors.hpp:13,
                       from bpl-subset/bpl_subset/boost/python/handle.hpp:11,
                       from bpl-subset/bpl_subset/boost/python/to_python_value.hpp:12,
                       from bpl-subset/bpl_subset/boost/python/default_call_policies.hpp:10,
                       from bpl-subset/bpl_subset/boost/python/make_function.hpp:10,
                       from bpl-subset/bpl_subset/libs/python/src/object/pickle_support.cpp:6:
      /usr/include/c++/11/bits/unique_ptr.h:57:28: note: declared here
         57 |   template<typename> class auto_ptr;
            |                            ^~~~~~~~
      In file included from bpl-subset/bpl_subset/boost/python/detail/is_xxx.hpp:8,
                       from bpl-subset/bpl_subset/boost/python/detail/value_is_xxx.hpp:44,
                       from bpl-subset/bpl_subset/boost/python/detail/value_is_shared_ptr.hpp:8,
                       from bpl-subset/bpl_subset/boost/python/to_python_value.hpp:20,
                       from bpl-subset/bpl_subset/boost/python/default_call_policies.hpp:10,
                       from bpl-subset/bpl_subset/boost/python/make_function.hpp:10,
                       from bpl-subset/bpl_subset/libs/python/src/object/pickle_support.cpp:6:
      bpl-subset/bpl_subset/boost/python/detail/is_auto_ptr.hpp:17:40: warning: ‘template<class> class std::auto_ptr’ is deprecated: use 'std::unique_ptr' instead [-Wdeprecated-declarations]
         17 | BOOST_PYTHON_IS_XXX_DEF(auto_ptr, std::auto_ptr, 1)
            |                                        ^~~~~~~~
      bpl-subset/bpl_subset/boost/detail/is_xxx.hpp:53:4: note: in definition of macro ‘BOOST_DETAIL_IS_XXX_DEF’
         53 |    qualified_name< BOOST_PP_ENUM_PARAMS_Z(1, nargs, T) >        \
            |    ^~~~~~~~~~~~~~
      bpl-subset/bpl_subset/boost/python/detail/is_auto_ptr.hpp:17:1: note: in expansion of macro ‘BOOST_PYTHON_IS_XXX_DEF’
         17 | BOOST_PYTHON_IS_XXX_DEF(auto_ptr, std::auto_ptr, 1)
            | ^~~~~~~~~~~~~~~~~~~~~~~
      In file included from /usr/include/c++/11/memory:76,
                       from bpl-subset/bpl_subset/boost/function/function_base.hpp:16,
                       from bpl-subset/bpl_subset/boost/function/detail/prologue.hpp:17,
                       from bpl-subset/bpl_subset/boost/function/function_template.hpp:13,
                       from bpl-subset/bpl_subset/boost/function/detail/maybe_include.hpp:13,
                       from bpl-subset/bpl_subset/boost/function/function0.hpp:11,
                       from bpl-subset/bpl_subset/boost/python/errors.hpp:13,
                       from bpl-subset/bpl_subset/boost/python/handle.hpp:11,
                       from bpl-subset/bpl_subset/boost/python/to_python_value.hpp:12,
                       from bpl-subset/bpl_subset/boost/python/default_call_policies.hpp:10,
                       from bpl-subset/bpl_subset/boost/python/make_function.hpp:10,
                       from bpl-subset/bpl_subset/libs/python/src/object/pickle_support.cpp:6:
      /usr/include/c++/11/bits/unique_ptr.h:57:28: note: declared here
         57 |   template<typename> class auto_ptr;
            |                            ^~~~~~~~
      In file included from bpl-subset/bpl_subset/boost/python/default_call_policies.hpp:10,
                       from bpl-subset/bpl_subset/boost/python/make_function.hpp:10,
                       from bpl-subset/bpl_subset/libs/python/src/object/pickle_support.cpp:6:
      bpl-subset/bpl_subset/boost/python/to_python_value.hpp: In member function ‘PyObject* pycudaboost::python::detail::registry_to_python_value<T>::operator()(pycudaboost::python::detail::registry_to_python_value<T>::argument_type) const’:
      bpl-subset/bpl_subset/boost/python/to_python_value.hpp:150:52: warning: typedef ‘r’ locally defined but not used [-Wunused-local-typedefs]
        150 |       typedef converter::registered<argument_type> r;
            |                                                    ^
      In file included from bpl-subset/bpl_subset/boost/mpl/aux_/na_assert.hpp:23,
                       from bpl-subset/bpl_subset/boost/mpl/arg.hpp:25,
                       from bpl-subset/bpl_subset/boost/mpl/placeholders.hpp:24,
                       from bpl-subset/bpl_subset/boost/mpl/apply.hpp:24,
                       from bpl-subset/bpl_subset/boost/python/object/pointer_holder.hpp:27,
                       from bpl-subset/bpl_subset/boost/python/to_python_indirect.hpp:10,
                       from bpl-subset/bpl_subset/boost/python/converter/arg_to_python.hpp:10,
                       from bpl-subset/bpl_subset/boost/python/call.hpp:15,
                       from bpl-subset/bpl_subset/boost/python/object_core.hpp:14,
                       from bpl-subset/bpl_subset/boost/python/args.hpp:25,
                       from bpl-subset/bpl_subset/boost/python/make_function.hpp:11,
                       from bpl-subset/bpl_subset/libs/python/src/object/pickle_support.cpp:6:
      bpl-subset/bpl_subset/boost/mpl/assert.hpp: At global scope:
      bpl-subset/bpl_subset/boost/mpl/assert.hpp:154:21: warning: unnecessary parentheses in declaration of ‘assert_arg’ [-Wparentheses]
        154 | failed ************ (Pred::************
            |                     ^~~~~~~~~~~~~~~~~~~
        155 |       assert_arg( void (*)(Pred), typename assert_arg_pred<Pred>::type )
            |       ~~~~~~~~~~~~~~~~~~~~~~~~~~~~~~~~~~~~~~~~~~~~~~~~~~~~~~~~~~~~~~~~~~
        156 |     );
            |     ~
      bpl-subset/bpl_subset/boost/mpl/assert.hpp:154:21: note: remove parentheses
        154 | failed ************ (Pred::************
            |                     ^~~~~~~~~~~~~~~~~~~
            |                     -
        155 |       assert_arg( void (*)(Pred), typename assert_arg_pred<Pred>::type )
            |       ~~~~~~~~~~~~~~~~~~~~~~~~~~~~~~~~~~~~~~~~~~~~~~~~~~~~~~~~~~~~~~~~~~
        156 |     );
            |     ~
            |     -
      bpl-subset/bpl_subset/boost/mpl/assert.hpp:159:21: warning: unnecessary parentheses in declaration of ‘assert_not_arg’ [-Wparentheses]
        159 | failed ************ (boost::mpl::not_<Pred>::************
            |                     ^~~~~~~~~~~~~~~~~~~~~~~~~~~~~~~~~~~~~
        160 |       assert_not_arg( void (*)(Pred), typename assert_arg_pred_not<Pred>::type )
            |       ~~~~~~~~~~~~~~~~~~~~~~~~~~~~~~~~~~~~~~~~~~~~~~~~~~~~~~~~~~~~~~~~~~~~~~~~~~
        161 |     );
            |     ~
      bpl-subset/bpl_subset/boost/mpl/assert.hpp:159:21: note: remove parentheses
        159 | failed ************ (boost::mpl::not_<Pred>::************
            |                     ^~~~~~~~~~~~~~~~~~~~~~~~~~~~~~~~~~~~~
            |                     -
        160 |       assert_not_arg( void (*)(Pred), typename assert_arg_pred_not<Pred>::type )
            |       ~~~~~~~~~~~~~~~~~~~~~~~~~~~~~~~~~~~~~~~~~~~~~~~~~~~~~~~~~~~~~~~~~~~~~~~~~~
        161 |     );
            |     ~
            |     -
      In file included from bpl-subset/bpl_subset/boost/python/converter/arg_to_python.hpp:10,
                       from bpl-subset/bpl_subset/boost/python/call.hpp:15,
                       from bpl-subset/bpl_subset/boost/python/object_core.hpp:14,
                       from bpl-subset/bpl_subset/boost/python/args.hpp:25,
                       from bpl-subset/bpl_subset/boost/python/make_function.hpp:11,
                       from bpl-subset/bpl_subset/libs/python/src/object/pickle_support.cpp:6:
      bpl-subset/bpl_subset/boost/python/to_python_indirect.hpp: In static member function ‘static PyObject* pycudaboost::python::detail::make_owning_holder::execute(T*)’:
      bpl-subset/bpl_subset/boost/python/to_python_indirect.hpp:90:24: warning: ‘template<class> class std::auto_ptr’ is deprecated: use 'std::unique_ptr' instead [-Wdeprecated-declarations]
         90 |           typedef std::auto_ptr<T> smart_pointer;
            |                        ^~~~~~~~
      In file included from /usr/include/c++/11/memory:76,
                       from bpl-subset/bpl_subset/boost/function/function_base.hpp:16,
                       from bpl-subset/bpl_subset/boost/function/detail/prologue.hpp:17,
                       from bpl-subset/bpl_subset/boost/function/function_template.hpp:13,
                       from bpl-subset/bpl_subset/boost/function/detail/maybe_include.hpp:13,
                       from bpl-subset/bpl_subset/boost/function/function0.hpp:11,
                       from bpl-subset/bpl_subset/boost/python/errors.hpp:13,
                       from bpl-subset/bpl_subset/boost/python/handle.hpp:11,
                       from bpl-subset/bpl_subset/boost/python/to_python_value.hpp:12,
                       from bpl-subset/bpl_subset/boost/python/default_call_policies.hpp:10,
                       from bpl-subset/bpl_subset/boost/python/make_function.hpp:10,
                       from bpl-subset/bpl_subset/libs/python/src/object/pickle_support.cpp:6:
      /usr/include/c++/11/bits/unique_ptr.h:57:28: note: declared here
         57 |   template<typename> class auto_ptr;
            |                            ^~~~~~~~
      In file included from bpl-subset/bpl_subset/boost/python/object/function_handle.hpp:10,
                       from bpl-subset/bpl_subset/boost/python/converter/arg_to_python.hpp:19,
                       from bpl-subset/bpl_subset/boost/python/call.hpp:15,
                       from bpl-subset/bpl_subset/boost/python/object_core.hpp:14,
                       from bpl-subset/bpl_subset/boost/python/args.hpp:25,
                       from bpl-subset/bpl_subset/boost/python/make_function.hpp:11,
                       from bpl-subset/bpl_subset/libs/python/src/object/pickle_support.cpp:6:
      bpl-subset/bpl_subset/boost/python/object/py_function.hpp: At global scope:
      bpl-subset/bpl_subset/boost/python/object/py_function.hpp:167:18: warning: ‘template<class> class std::auto_ptr’ is deprecated: use 'std::unique_ptr' instead [-Wdeprecated-declarations]
        167 |     mutable std::auto_ptr<py_function_impl_base> m_impl;
            |                  ^~~~~~~~
      In file included from /usr/include/c++/11/memory:76,
                       from bpl-subset/bpl_subset/boost/function/function_base.hpp:16,
                       from bpl-subset/bpl_subset/boost/function/detail/prologue.hpp:17,
                       from bpl-subset/bpl_subset/boost/function/function_template.hpp:13,
                       from bpl-subset/bpl_subset/boost/function/detail/maybe_include.hpp:13,
                       from bpl-subset/bpl_subset/boost/function/function0.hpp:11,
                       from bpl-subset/bpl_subset/boost/python/errors.hpp:13,
                       from bpl-subset/bpl_subset/boost/python/handle.hpp:11,
                       from bpl-subset/bpl_subset/boost/python/to_python_value.hpp:12,
                       from bpl-subset/bpl_subset/boost/python/default_call_policies.hpp:10,
                       from bpl-subset/bpl_subset/boost/python/make_function.hpp:10,
                       from bpl-subset/bpl_subset/libs/python/src/object/pickle_support.cpp:6:
      /usr/include/c++/11/bits/unique_ptr.h:57:28: note: declared here
         57 |   template<typename> class auto_ptr;
            |                            ^~~~~~~~
      In file included from bpl-subset/bpl_subset/libs/python/src/object/pickle_support.cpp:6:
      bpl-subset/bpl_subset/boost/python/make_function.hpp: In function ‘pycudaboost::python::api::object pycudaboost::python::detail::make_function_aux(F, const CallPolicies&, const Sig&, const keyword_range&, NumKeywords)’:
      bpl-subset/bpl_subset/boost/python/make_function.hpp:58:32: warning: typedef ‘assertion’ locally defined but not used [-Wunused-local-typedefs]
         58 |           >::too_many_keywords assertion;
            |                                ^~~~~~~~~
      aarch64-linux-gnu-g++ -Wno-unused-result -Wsign-compare -fwrapv -Wall -O3 -DNDEBUG -fPIC -DBOOST_ALL_NO_LIB=1 -DBOOST_THREAD_BUILD_DLL=1 -DBOOST_MULTI_INDEX_DISABLE_SERIALIZATION=1 -DBOOST_PYTHON_SOURCE=1 -Dboost=pycudaboost -DBOOST_THREAD_DONT_USE_CHRONO=1 -DPYGPU_PACKAGE=pycuda -DPYGPU_PYCUDA=1 -DHAVE_CURAND=1 -Isrc/cpp -Ibpl-subset/bpl_subset -I/tmp/pip-build-env-fkcjx5ad/overlay/local/lib/python3.10/dist-packages/numpy/_core/include -I/usr/include/python3.10 -c bpl-subset/bpl_subset/libs/python/src/object/stl_iterator.cpp -o build/temp.linux-aarch64-cpython-310/bpl-subset/bpl_subset/libs/python/src/object/stl_iterator.o
      In file included from bpl-subset/bpl_subset/boost/python/object/pointer_holder.hpp:11,
                       from bpl-subset/bpl_subset/boost/python/to_python_indirect.hpp:10,
                       from bpl-subset/bpl_subset/boost/python/converter/arg_to_python.hpp:10,
                       from bpl-subset/bpl_subset/boost/python/call.hpp:15,
                       from bpl-subset/bpl_subset/boost/python/object_core.hpp:14,
                       from bpl-subset/bpl_subset/boost/python/object.hpp:9,
                       from bpl-subset/bpl_subset/libs/python/src/object/stl_iterator.cpp:10:
      bpl-subset/bpl_subset/boost/get_pointer.hpp:25:40: warning: ‘template<class> class std::auto_ptr’ is deprecated: use 'std::unique_ptr' instead [-Wdeprecated-declarations]
         25 | template<class T> T * get_pointer(std::auto_ptr<T> const& p)
            |                                        ^~~~~~~~
      In file included from /usr/include/c++/11/memory:76,
                       from bpl-subset/bpl_subset/boost/config/no_tr1/memory.hpp:21,
                       from bpl-subset/bpl_subset/boost/get_pointer.hpp:12,
                       from bpl-subset/bpl_subset/boost/python/object/pointer_holder.hpp:11,
                       from bpl-subset/bpl_subset/boost/python/to_python_indirect.hpp:10,
                       from bpl-subset/bpl_subset/boost/python/converter/arg_to_python.hpp:10,
                       from bpl-subset/bpl_subset/boost/python/call.hpp:15,
                       from bpl-subset/bpl_subset/boost/python/object_core.hpp:14,
                       from bpl-subset/bpl_subset/boost/python/object.hpp:9,
                       from bpl-subset/bpl_subset/libs/python/src/object/stl_iterator.cpp:10:
      /usr/include/c++/11/bits/unique_ptr.h:57:28: note: declared here
         57 |   template<typename> class auto_ptr;
            |                            ^~~~~~~~
      In file included from bpl-subset/bpl_subset/boost/python/detail/is_xxx.hpp:8,
                       from bpl-subset/bpl_subset/boost/python/detail/is_auto_ptr.hpp:9,
                       from bpl-subset/bpl_subset/boost/python/detail/copy_ctor_mutates_rhs.hpp:8,
                       from bpl-subset/bpl_subset/boost/python/detail/value_arg.hpp:7,
                       from bpl-subset/bpl_subset/boost/python/object/forward.hpp:13,
                       from bpl-subset/bpl_subset/boost/python/object/pointer_holder.hpp:16,
                       from bpl-subset/bpl_subset/boost/python/to_python_indirect.hpp:10,
                       from bpl-subset/bpl_subset/boost/python/converter/arg_to_python.hpp:10,
                       from bpl-subset/bpl_subset/boost/python/call.hpp:15,
                       from bpl-subset/bpl_subset/boost/python/object_core.hpp:14,
                       from bpl-subset/bpl_subset/boost/python/object.hpp:9,
                       from bpl-subset/bpl_subset/libs/python/src/object/stl_iterator.cpp:10:
      bpl-subset/bpl_subset/boost/python/detail/is_auto_ptr.hpp:17:40: warning: ‘template<class> class std::auto_ptr’ is deprecated: use 'std::unique_ptr' instead [-Wdeprecated-declarations]
         17 | BOOST_PYTHON_IS_XXX_DEF(auto_ptr, std::auto_ptr, 1)
            |                                        ^~~~~~~~
      bpl-subset/bpl_subset/boost/detail/is_xxx.hpp:53:4: note: in definition of macro ‘BOOST_DETAIL_IS_XXX_DEF’
         53 |    qualified_name< BOOST_PP_ENUM_PARAMS_Z(1, nargs, T) >        \
            |    ^~~~~~~~~~~~~~
      bpl-subset/bpl_subset/boost/python/detail/is_auto_ptr.hpp:17:1: note: in expansion of macro ‘BOOST_PYTHON_IS_XXX_DEF’
         17 | BOOST_PYTHON_IS_XXX_DEF(auto_ptr, std::auto_ptr, 1)
            | ^~~~~~~~~~~~~~~~~~~~~~~
      In file included from /usr/include/c++/11/memory:76,
                       from bpl-subset/bpl_subset/boost/config/no_tr1/memory.hpp:21,
                       from bpl-subset/bpl_subset/boost/get_pointer.hpp:12,
                       from bpl-subset/bpl_subset/boost/python/object/pointer_holder.hpp:11,
                       from bpl-subset/bpl_subset/boost/python/to_python_indirect.hpp:10,
                       from bpl-subset/bpl_subset/boost/python/converter/arg_to_python.hpp:10,
                       from bpl-subset/bpl_subset/boost/python/call.hpp:15,
                       from bpl-subset/bpl_subset/boost/python/object_core.hpp:14,
                       from bpl-subset/bpl_subset/boost/python/object.hpp:9,
                       from bpl-subset/bpl_subset/libs/python/src/object/stl_iterator.cpp:10:
      /usr/include/c++/11/bits/unique_ptr.h:57:28: note: declared here
         57 |   template<typename> class auto_ptr;
            |                            ^~~~~~~~
      In file included from bpl-subset/bpl_subset/boost/mpl/aux_/na_assert.hpp:23,
                       from bpl-subset/bpl_subset/boost/mpl/arg.hpp:25,
                       from bpl-subset/bpl_subset/boost/mpl/placeholders.hpp:24,
                       from bpl-subset/bpl_subset/boost/mpl/apply.hpp:24,
                       from bpl-subset/bpl_subset/boost/python/object/pointer_holder.hpp:27,
                       from bpl-subset/bpl_subset/boost/python/to_python_indirect.hpp:10,
                       from bpl-subset/bpl_subset/boost/python/converter/arg_to_python.hpp:10,
                       from bpl-subset/bpl_subset/boost/python/call.hpp:15,
                       from bpl-subset/bpl_subset/boost/python/object_core.hpp:14,
                       from bpl-subset/bpl_subset/boost/python/object.hpp:9,
                       from bpl-subset/bpl_subset/libs/python/src/object/stl_iterator.cpp:10:
      bpl-subset/bpl_subset/boost/mpl/assert.hpp:154:21: warning: unnecessary parentheses in declaration of ‘assert_arg’ [-Wparentheses]
        154 | failed ************ (Pred::************
            |                     ^~~~~~~~~~~~~~~~~~~
        155 |       assert_arg( void (*)(Pred), typename assert_arg_pred<Pred>::type )
            |       ~~~~~~~~~~~~~~~~~~~~~~~~~~~~~~~~~~~~~~~~~~~~~~~~~~~~~~~~~~~~~~~~~~
        156 |     );
            |     ~
      bpl-subset/bpl_subset/boost/mpl/assert.hpp:154:21: note: remove parentheses
        154 | failed ************ (Pred::************
            |                     ^~~~~~~~~~~~~~~~~~~
            |                     -
        155 |       assert_arg( void (*)(Pred), typename assert_arg_pred<Pred>::type )
            |       ~~~~~~~~~~~~~~~~~~~~~~~~~~~~~~~~~~~~~~~~~~~~~~~~~~~~~~~~~~~~~~~~~~
        156 |     );
            |     ~
            |     -
      bpl-subset/bpl_subset/boost/mpl/assert.hpp:159:21: warning: unnecessary parentheses in declaration of ‘assert_not_arg’ [-Wparentheses]
        159 | failed ************ (boost::mpl::not_<Pred>::************
            |                     ^~~~~~~~~~~~~~~~~~~~~~~~~~~~~~~~~~~~~
        160 |       assert_not_arg( void (*)(Pred), typename assert_arg_pred_not<Pred>::type )
            |       ~~~~~~~~~~~~~~~~~~~~~~~~~~~~~~~~~~~~~~~~~~~~~~~~~~~~~~~~~~~~~~~~~~~~~~~~~~
        161 |     );
            |     ~
      bpl-subset/bpl_subset/boost/mpl/assert.hpp:159:21: note: remove parentheses
        159 | failed ************ (boost::mpl::not_<Pred>::************
            |                     ^~~~~~~~~~~~~~~~~~~~~~~~~~~~~~~~~~~~~
            |                     -
        160 |       assert_not_arg( void (*)(Pred), typename assert_arg_pred_not<Pred>::type )
            |       ~~~~~~~~~~~~~~~~~~~~~~~~~~~~~~~~~~~~~~~~~~~~~~~~~~~~~~~~~~~~~~~~~~~~~~~~~~
        161 |     );
            |     ~
            |     -
      In file included from bpl-subset/bpl_subset/boost/python/refcount.hpp:9,
                       from bpl-subset/bpl_subset/boost/python/to_python_indirect.hpp:19,
                       from bpl-subset/bpl_subset/boost/python/converter/arg_to_python.hpp:10,
                       from bpl-subset/bpl_subset/boost/python/call.hpp:15,
                       from bpl-subset/bpl_subset/boost/python/object_core.hpp:14,
                       from bpl-subset/bpl_subset/boost/python/object.hpp:9,
                       from bpl-subset/bpl_subset/libs/python/src/object/stl_iterator.cpp:10:
      bpl-subset/bpl_subset/boost/python/cast.hpp: In function ‘void pycudaboost::python::detail::assert_castable(pycudaboost::type<T>*)’:
      bpl-subset/bpl_subset/boost/python/cast.hpp:73:20: warning: typedef ‘must_be_a_complete_type’ locally defined but not used [-Wunused-local-typedefs]
         73 |       typedef char must_be_a_complete_type[sizeof(T)];
            |                    ^~~~~~~~~~~~~~~~~~~~~~~
      In file included from bpl-subset/bpl_subset/boost/python/converter/arg_to_python.hpp:10,
                       from bpl-subset/bpl_subset/boost/python/call.hpp:15,
                       from bpl-subset/bpl_subset/boost/python/object_core.hpp:14,
                       from bpl-subset/bpl_subset/boost/python/object.hpp:9,
                       from bpl-subset/bpl_subset/libs/python/src/object/stl_iterator.cpp:10:
      bpl-subset/bpl_subset/boost/python/to_python_indirect.hpp: In static member function ‘static PyObject* pycudaboost::python::detail::make_owning_holder::execute(T*)’:
      bpl-subset/bpl_subset/boost/python/to_python_indirect.hpp:90:24: warning: ‘template<class> class std::auto_ptr’ is deprecated: use 'std::unique_ptr' instead [-Wdeprecated-declarations]
         90 |           typedef std::auto_ptr<T> smart_pointer;
            |                        ^~~~~~~~
      In file included from /usr/include/c++/11/memory:76,
                       from bpl-subset/bpl_subset/boost/config/no_tr1/memory.hpp:21,
                       from bpl-subset/bpl_subset/boost/get_pointer.hpp:12,
                       from bpl-subset/bpl_subset/boost/python/object/pointer_holder.hpp:11,
                       from bpl-subset/bpl_subset/boost/python/to_python_indirect.hpp:10,
                       from bpl-subset/bpl_subset/boost/python/converter/arg_to_python.hpp:10,
                       from bpl-subset/bpl_subset/boost/python/call.hpp:15,
                       from bpl-subset/bpl_subset/boost/python/object_core.hpp:14,
                       from bpl-subset/bpl_subset/boost/python/object.hpp:9,
                       from bpl-subset/bpl_subset/libs/python/src/object/stl_iterator.cpp:10:
      /usr/include/c++/11/bits/unique_ptr.h:57:28: note: declared here
         57 |   template<typename> class auto_ptr;
            |                            ^~~~~~~~
      In file included from bpl-subset/bpl_subset/boost/smart_ptr/shared_ptr.hpp:32,
                       from bpl-subset/bpl_subset/boost/shared_ptr.hpp:17,
                       from bpl-subset/bpl_subset/boost/python/converter/shared_ptr_to_python.hpp:10,
                       from bpl-subset/bpl_subset/boost/python/converter/arg_to_python.hpp:15,
                       from bpl-subset/bpl_subset/boost/python/call.hpp:15,
                       from bpl-subset/bpl_subset/boost/python/object_core.hpp:14,
                       from bpl-subset/bpl_subset/boost/python/object.hpp:9,
                       from bpl-subset/bpl_subset/libs/python/src/object/stl_iterator.cpp:10:
      bpl-subset/bpl_subset/boost/smart_ptr/detail/shared_count.hpp: At global scope:
      bpl-subset/bpl_subset/boost/smart_ptr/detail/shared_count.hpp:284:33: warning: ‘template<class> class std::auto_ptr’ is deprecated: use 'std::unique_ptr' instead [-Wdeprecated-declarations]
        284 |     explicit shared_count( std::auto_ptr<Y> & r ): pi_( new sp_counted_impl_p<Y>( r.get() ) )
            |                                 ^~~~~~~~
      In file included from /usr/include/c++/11/memory:76,
                       from bpl-subset/bpl_subset/boost/config/no_tr1/memory.hpp:21,
                       from bpl-subset/bpl_subset/boost/get_pointer.hpp:12,
                       from bpl-subset/bpl_subset/boost/python/object/pointer_holder.hpp:11,
                       from bpl-subset/bpl_subset/boost/python/to_python_indirect.hpp:10,
                       from bpl-subset/bpl_subset/boost/python/converter/arg_to_python.hpp:10,
                       from bpl-subset/bpl_subset/boost/python/call.hpp:15,
                       from bpl-subset/bpl_subset/boost/python/object_core.hpp:14,
                       from bpl-subset/bpl_subset/boost/python/object.hpp:9,
                       from bpl-subset/bpl_subset/libs/python/src/object/stl_iterator.cpp:10:
      /usr/include/c++/11/bits/unique_ptr.h:57:28: note: declared here
         57 |   template<typename> class auto_ptr;
            |                            ^~~~~~~~
      In file included from bpl-subset/bpl_subset/boost/shared_ptr.hpp:17,
                       from bpl-subset/bpl_subset/boost/python/converter/shared_ptr_to_python.hpp:10,
                       from bpl-subset/bpl_subset/boost/python/converter/arg_to_python.hpp:15,
                       from bpl-subset/bpl_subset/boost/python/call.hpp:15,
                       from bpl-subset/bpl_subset/boost/python/object_core.hpp:14,
                       from bpl-subset/bpl_subset/boost/python/object.hpp:9,
                       from bpl-subset/bpl_subset/libs/python/src/object/stl_iterator.cpp:10:
      bpl-subset/bpl_subset/boost/smart_ptr/shared_ptr.hpp:146:65: warning: ‘template<class> class std::auto_ptr’ is deprecated: use 'std::unique_ptr' instead [-Wdeprecated-declarations]
        146 | template< class T, class R > struct sp_enable_if_auto_ptr< std::auto_ptr< T >, R >
            |                                                                 ^~~~~~~~
      In file included from /usr/include/c++/11/memory:76,
                       from bpl-subset/bpl_subset/boost/config/no_tr1/memory.hpp:21,
                       from bpl-subset/bpl_subset/boost/get_pointer.hpp:12,
                       from bpl-subset/bpl_subset/boost/python/object/pointer_holder.hpp:11,
                       from bpl-subset/bpl_subset/boost/python/to_python_indirect.hpp:10,
                       from bpl-subset/bpl_subset/boost/python/converter/arg_to_python.hpp:10,
                       from bpl-subset/bpl_subset/boost/python/call.hpp:15,
                       from bpl-subset/bpl_subset/boost/python/object_core.hpp:14,
                       from bpl-subset/bpl_subset/boost/python/object.hpp:9,
                       from bpl-subset/bpl_subset/libs/python/src/object/stl_iterator.cpp:10:
      /usr/include/c++/11/bits/unique_ptr.h:57:28: note: declared here
         57 |   template<typename> class auto_ptr;
            |                            ^~~~~~~~
      In file included from bpl-subset/bpl_subset/boost/shared_ptr.hpp:17,
                       from bpl-subset/bpl_subset/boost/python/converter/shared_ptr_to_python.hpp:10,
                       from bpl-subset/bpl_subset/boost/python/converter/arg_to_python.hpp:15,
                       from bpl-subset/bpl_subset/boost/python/call.hpp:15,
                       from bpl-subset/bpl_subset/boost/python/object_core.hpp:14,
                       from bpl-subset/bpl_subset/boost/python/object.hpp:9,
                       from bpl-subset/bpl_subset/libs/python/src/object/stl_iterator.cpp:10:
      bpl-subset/bpl_subset/boost/smart_ptr/shared_ptr.hpp:285:30: warning: ‘template<class> class std::auto_ptr’ is deprecated: use 'std::unique_ptr' instead [-Wdeprecated-declarations]
        285 |     explicit shared_ptr(std::auto_ptr<Y> & r): px(r.get()), pn()
            |                              ^~~~~~~~
      In file included from /usr/include/c++/11/memory:76,
                       from bpl-subset/bpl_subset/boost/config/no_tr1/memory.hpp:21,
                       from bpl-subset/bpl_subset/boost/get_pointer.hpp:12,
                       from bpl-subset/bpl_subset/boost/python/object/pointer_holder.hpp:11,
                       from bpl-subset/bpl_subset/boost/python/to_python_indirect.hpp:10,
                       from bpl-subset/bpl_subset/boost/python/converter/arg_to_python.hpp:10,
                       from bpl-subset/bpl_subset/boost/python/call.hpp:15,
                       from bpl-subset/bpl_subset/boost/python/object_core.hpp:14,
                       from bpl-subset/bpl_subset/boost/python/object.hpp:9,
                       from bpl-subset/bpl_subset/libs/python/src/object/stl_iterator.cpp:10:
      /usr/include/c++/11/bits/unique_ptr.h:57:28: note: declared here
         57 |   template<typename> class auto_ptr;
            |                            ^~~~~~~~
      In file included from bpl-subset/bpl_subset/boost/shared_ptr.hpp:17,
                       from bpl-subset/bpl_subset/boost/python/converter/shared_ptr_to_python.hpp:10,
                       from bpl-subset/bpl_subset/boost/python/converter/arg_to_python.hpp:15,
                       from bpl-subset/bpl_subset/boost/python/call.hpp:15,
                       from bpl-subset/bpl_subset/boost/python/object_core.hpp:14,
                       from bpl-subset/bpl_subset/boost/python/object.hpp:9,
                       from bpl-subset/bpl_subset/libs/python/src/object/stl_iterator.cpp:10:
      bpl-subset/bpl_subset/boost/smart_ptr/shared_ptr.hpp:329:34: warning: ‘template<class> class std::auto_ptr’ is deprecated: use 'std::unique_ptr' instead [-Wdeprecated-declarations]
        329 |     shared_ptr & operator=( std::auto_ptr<Y> & r )
            |                                  ^~~~~~~~
      In file included from /usr/include/c++/11/memory:76,
                       from bpl-subset/bpl_subset/boost/config/no_tr1/memory.hpp:21,
                       from bpl-subset/bpl_subset/boost/get_pointer.hpp:12,
                       from bpl-subset/bpl_subset/boost/python/object/pointer_holder.hpp:11,
                       from bpl-subset/bpl_subset/boost/python/to_python_indirect.hpp:10,
                       from bpl-subset/bpl_subset/boost/python/converter/arg_to_python.hpp:10,
                       from bpl-subset/bpl_subset/boost/python/call.hpp:15,
                       from bpl-subset/bpl_subset/boost/python/object_core.hpp:14,
                       from bpl-subset/bpl_subset/boost/python/object.hpp:9,
                       from bpl-subset/bpl_subset/libs/python/src/object/stl_iterator.cpp:10:
      /usr/include/c++/11/bits/unique_ptr.h:57:28: note: declared here
         57 |   template<typename> class auto_ptr;
            |                            ^~~~~~~~
      In file included from bpl-subset/bpl_subset/boost/python/detail/invoke.hpp:21,
                       from bpl-subset/bpl_subset/boost/python/detail/caller.hpp:16,
                       from bpl-subset/bpl_subset/boost/python/object/function_handle.hpp:8,
                       from bpl-subset/bpl_subset/boost/python/converter/arg_to_python.hpp:19,
                       from bpl-subset/bpl_subset/boost/python/call.hpp:15,
                       from bpl-subset/bpl_subset/boost/python/object_core.hpp:14,
                       from bpl-subset/bpl_subset/boost/python/object.hpp:9,
                       from bpl-subset/bpl_subset/libs/python/src/object/stl_iterator.cpp:10:
      bpl-subset/bpl_subset/boost/python/to_python_value.hpp: In member function ‘PyObject* pycudaboost::python::detail::registry_to_python_value<T>::operator()(pycudaboost::python::detail::registry_to_python_value<T>::argument_type) const’:
      bpl-subset/bpl_subset/boost/python/to_python_value.hpp:150:52: warning: typedef ‘r’ locally defined but not used [-Wunused-local-typedefs]
        150 |       typedef converter::registered<argument_type> r;
            |                                                    ^
      In file included from bpl-subset/bpl_subset/boost/python/object/function_handle.hpp:10,
                       from bpl-subset/bpl_subset/boost/python/converter/arg_to_python.hpp:19,
                       from bpl-subset/bpl_subset/boost/python/call.hpp:15,
                       from bpl-subset/bpl_subset/boost/python/object_core.hpp:14,
                       from bpl-subset/bpl_subset/boost/python/object.hpp:9,
                       from bpl-subset/bpl_subset/libs/python/src/object/stl_iterator.cpp:10:
      bpl-subset/bpl_subset/boost/python/object/py_function.hpp: At global scope:
      bpl-subset/bpl_subset/boost/python/object/py_function.hpp:167:18: warning: ‘template<class> class std::auto_ptr’ is deprecated: use 'std::unique_ptr' instead [-Wdeprecated-declarations]
        167 |     mutable std::auto_ptr<py_function_impl_base> m_impl;
            |                  ^~~~~~~~
      In file included from /usr/include/c++/11/memory:76,
                       from bpl-subset/bpl_subset/boost/config/no_tr1/memory.hpp:21,
                       from bpl-subset/bpl_subset/boost/get_pointer.hpp:12,
                       from bpl-subset/bpl_subset/boost/python/object/pointer_holder.hpp:11,
                       from bpl-subset/bpl_subset/boost/python/to_python_indirect.hpp:10,
                       from bpl-subset/bpl_subset/boost/python/converter/arg_to_python.hpp:10,
                       from bpl-subset/bpl_subset/boost/python/call.hpp:15,
                       from bpl-subset/bpl_subset/boost/python/object_core.hpp:14,
                       from bpl-subset/bpl_subset/boost/python/object.hpp:9,
                       from bpl-subset/bpl_subset/libs/python/src/object/stl_iterator.cpp:10:
      /usr/include/c++/11/bits/unique_ptr.h:57:28: note: declared here
         57 |   template<typename> class auto_ptr;
            |                            ^~~~~~~~
      aarch64-linux-gnu-g++ -Wno-unused-result -Wsign-compare -fwrapv -Wall -O3 -DNDEBUG -fPIC -DBOOST_ALL_NO_LIB=1 -DBOOST_THREAD_BUILD_DLL=1 -DBOOST_MULTI_INDEX_DISABLE_SERIALIZATION=1 -DBOOST_PYTHON_SOURCE=1 -Dboost=pycudaboost -DBOOST_THREAD_DONT_USE_CHRONO=1 -DPYGPU_PACKAGE=pycuda -DPYGPU_PYCUDA=1 -DHAVE_CURAND=1 -Isrc/cpp -Ibpl-subset/bpl_subset -I/tmp/pip-build-env-fkcjx5ad/overlay/local/lib/python3.10/dist-packages/numpy/_core/include -I/usr/include/python3.10 -c bpl-subset/bpl_subset/libs/python/src/object_operators.cpp -o build/temp.linux-aarch64-cpython-310/bpl-subset/bpl_subset/libs/python/src/object_operators.o
      In file included from bpl-subset/bpl_subset/boost/python/object/pointer_holder.hpp:11,
                       from bpl-subset/bpl_subset/boost/python/to_python_indirect.hpp:10,
                       from bpl-subset/bpl_subset/boost/python/converter/arg_to_python.hpp:10,
                       from bpl-subset/bpl_subset/boost/python/call.hpp:15,
                       from bpl-subset/bpl_subset/boost/python/object_core.hpp:14,
                       from bpl-subset/bpl_subset/boost/python/object_operators.hpp:10,
                       from bpl-subset/bpl_subset/libs/python/src/object_operators.cpp:6:
      bpl-subset/bpl_subset/boost/get_pointer.hpp:25:40: warning: ‘template<class> class std::auto_ptr’ is deprecated: use 'std::unique_ptr' instead [-Wdeprecated-declarations]
         25 | template<class T> T * get_pointer(std::auto_ptr<T> const& p)
            |                                        ^~~~~~~~
      In file included from /usr/include/c++/11/memory:76,
                       from bpl-subset/bpl_subset/boost/config/no_tr1/memory.hpp:21,
                       from bpl-subset/bpl_subset/boost/get_pointer.hpp:12,
                       from bpl-subset/bpl_subset/boost/python/object/pointer_holder.hpp:11,
                       from bpl-subset/bpl_subset/boost/python/to_python_indirect.hpp:10,
                       from bpl-subset/bpl_subset/boost/python/converter/arg_to_python.hpp:10,
                       from bpl-subset/bpl_subset/boost/python/call.hpp:15,
                       from bpl-subset/bpl_subset/boost/python/object_core.hpp:14,
                       from bpl-subset/bpl_subset/boost/python/object_operators.hpp:10,
                       from bpl-subset/bpl_subset/libs/python/src/object_operators.cpp:6:
      /usr/include/c++/11/bits/unique_ptr.h:57:28: note: declared here
         57 |   template<typename> class auto_ptr;
            |                            ^~~~~~~~
      In file included from bpl-subset/bpl_subset/boost/python/detail/is_xxx.hpp:8,
                       from bpl-subset/bpl_subset/boost/python/detail/is_auto_ptr.hpp:9,
                       from bpl-subset/bpl_subset/boost/python/detail/copy_ctor_mutates_rhs.hpp:8,
                       from bpl-subset/bpl_subset/boost/python/detail/value_arg.hpp:7,
                       from bpl-subset/bpl_subset/boost/python/object/forward.hpp:13,
                       from bpl-subset/bpl_subset/boost/python/object/pointer_holder.hpp:16,
                       from bpl-subset/bpl_subset/boost/python/to_python_indirect.hpp:10,
                       from bpl-subset/bpl_subset/boost/python/converter/arg_to_python.hpp:10,
                       from bpl-subset/bpl_subset/boost/python/call.hpp:15,
                       from bpl-subset/bpl_subset/boost/python/object_core.hpp:14,
                       from bpl-subset/bpl_subset/boost/python/object_operators.hpp:10,
                       from bpl-subset/bpl_subset/libs/python/src/object_operators.cpp:6:
      bpl-subset/bpl_subset/boost/python/detail/is_auto_ptr.hpp:17:40: warning: ‘template<class> class std::auto_ptr’ is deprecated: use 'std::unique_ptr' instead [-Wdeprecated-declarations]
         17 | BOOST_PYTHON_IS_XXX_DEF(auto_ptr, std::auto_ptr, 1)
            |                                        ^~~~~~~~
      bpl-subset/bpl_subset/boost/detail/is_xxx.hpp:53:4: note: in definition of macro ‘BOOST_DETAIL_IS_XXX_DEF’
         53 |    qualified_name< BOOST_PP_ENUM_PARAMS_Z(1, nargs, T) >        \
            |    ^~~~~~~~~~~~~~
      bpl-subset/bpl_subset/boost/python/detail/is_auto_ptr.hpp:17:1: note: in expansion of macro ‘BOOST_PYTHON_IS_XXX_DEF’
         17 | BOOST_PYTHON_IS_XXX_DEF(auto_ptr, std::auto_ptr, 1)
            | ^~~~~~~~~~~~~~~~~~~~~~~
      In file included from /usr/include/c++/11/memory:76,
                       from bpl-subset/bpl_subset/boost/config/no_tr1/memory.hpp:21,
                       from bpl-subset/bpl_subset/boost/get_pointer.hpp:12,
                       from bpl-subset/bpl_subset/boost/python/object/pointer_holder.hpp:11,
                       from bpl-subset/bpl_subset/boost/python/to_python_indirect.hpp:10,
                       from bpl-subset/bpl_subset/boost/python/converter/arg_to_python.hpp:10,
                       from bpl-subset/bpl_subset/boost/python/call.hpp:15,
                       from bpl-subset/bpl_subset/boost/python/object_core.hpp:14,
                       from bpl-subset/bpl_subset/boost/python/object_operators.hpp:10,
                       from bpl-subset/bpl_subset/libs/python/src/object_operators.cpp:6:
      /usr/include/c++/11/bits/unique_ptr.h:57:28: note: declared here
         57 |   template<typename> class auto_ptr;
            |                            ^~~~~~~~
      In file included from bpl-subset/bpl_subset/boost/mpl/aux_/na_assert.hpp:23,
                       from bpl-subset/bpl_subset/boost/mpl/arg.hpp:25,
                       from bpl-subset/bpl_subset/boost/mpl/placeholders.hpp:24,
                       from bpl-subset/bpl_subset/boost/mpl/apply.hpp:24,
                       from bpl-subset/bpl_subset/boost/python/object/pointer_holder.hpp:27,
                       from bpl-subset/bpl_subset/boost/python/to_python_indirect.hpp:10,
                       from bpl-subset/bpl_subset/boost/python/converter/arg_to_python.hpp:10,
                       from bpl-subset/bpl_subset/boost/python/call.hpp:15,
                       from bpl-subset/bpl_subset/boost/python/object_core.hpp:14,
                       from bpl-subset/bpl_subset/boost/python/object_operators.hpp:10,
                       from bpl-subset/bpl_subset/libs/python/src/object_operators.cpp:6:
      bpl-subset/bpl_subset/boost/mpl/assert.hpp:154:21: warning: unnecessary parentheses in declaration of ‘assert_arg’ [-Wparentheses]
        154 | failed ************ (Pred::************
            |                     ^~~~~~~~~~~~~~~~~~~
        155 |       assert_arg( void (*)(Pred), typename assert_arg_pred<Pred>::type )
            |       ~~~~~~~~~~~~~~~~~~~~~~~~~~~~~~~~~~~~~~~~~~~~~~~~~~~~~~~~~~~~~~~~~~
        156 |     );
            |     ~
      bpl-subset/bpl_subset/boost/mpl/assert.hpp:154:21: note: remove parentheses
        154 | failed ************ (Pred::************
            |                     ^~~~~~~~~~~~~~~~~~~
            |                     -
        155 |       assert_arg( void (*)(Pred), typename assert_arg_pred<Pred>::type )
            |       ~~~~~~~~~~~~~~~~~~~~~~~~~~~~~~~~~~~~~~~~~~~~~~~~~~~~~~~~~~~~~~~~~~
        156 |     );
            |     ~
            |     -
      bpl-subset/bpl_subset/boost/mpl/assert.hpp:159:21: warning: unnecessary parentheses in declaration of ‘assert_not_arg’ [-Wparentheses]
        159 | failed ************ (boost::mpl::not_<Pred>::************
            |                     ^~~~~~~~~~~~~~~~~~~~~~~~~~~~~~~~~~~~~
        160 |       assert_not_arg( void (*)(Pred), typename assert_arg_pred_not<Pred>::type )
            |       ~~~~~~~~~~~~~~~~~~~~~~~~~~~~~~~~~~~~~~~~~~~~~~~~~~~~~~~~~~~~~~~~~~~~~~~~~~
        161 |     );
            |     ~
      bpl-subset/bpl_subset/boost/mpl/assert.hpp:159:21: note: remove parentheses
        159 | failed ************ (boost::mpl::not_<Pred>::************
            |                     ^~~~~~~~~~~~~~~~~~~~~~~~~~~~~~~~~~~~~
            |                     -
        160 |       assert_not_arg( void (*)(Pred), typename assert_arg_pred_not<Pred>::type )
            |       ~~~~~~~~~~~~~~~~~~~~~~~~~~~~~~~~~~~~~~~~~~~~~~~~~~~~~~~~~~~~~~~~~~~~~~~~~~
        161 |     );
            |     ~
            |     -
      In file included from bpl-subset/bpl_subset/boost/python/refcount.hpp:9,
                       from bpl-subset/bpl_subset/boost/python/to_python_indirect.hpp:19,
                       from bpl-subset/bpl_subset/boost/python/converter/arg_to_python.hpp:10,
                       from bpl-subset/bpl_subset/boost/python/call.hpp:15,
                       from bpl-subset/bpl_subset/boost/python/object_core.hpp:14,
                       from bpl-subset/bpl_subset/boost/python/object_operators.hpp:10,
                       from bpl-subset/bpl_subset/libs/python/src/object_operators.cpp:6:
      bpl-subset/bpl_subset/boost/python/cast.hpp: In function ‘void pycudaboost::python::detail::assert_castable(pycudaboost::type<T>*)’:
      bpl-subset/bpl_subset/boost/python/cast.hpp:73:20: warning: typedef ‘must_be_a_complete_type’ locally defined but not used [-Wunused-local-typedefs]
         73 |       typedef char must_be_a_complete_type[sizeof(T)];
            |                    ^~~~~~~~~~~~~~~~~~~~~~~
      In file included from bpl-subset/bpl_subset/boost/python/converter/arg_to_python.hpp:10,
                       from bpl-subset/bpl_subset/boost/python/call.hpp:15,
                       from bpl-subset/bpl_subset/boost/python/object_core.hpp:14,
                       from bpl-subset/bpl_subset/boost/python/object_operators.hpp:10,
                       from bpl-subset/bpl_subset/libs/python/src/object_operators.cpp:6:
      bpl-subset/bpl_subset/boost/python/to_python_indirect.hpp: In static member function ‘static PyObject* pycudaboost::python::detail::make_owning_holder::execute(T*)’:
      bpl-subset/bpl_subset/boost/python/to_python_indirect.hpp:90:24: warning: ‘template<class> class std::auto_ptr’ is deprecated: use 'std::unique_ptr' instead [-Wdeprecated-declarations]
         90 |           typedef std::auto_ptr<T> smart_pointer;
            |                        ^~~~~~~~
      In file included from /usr/include/c++/11/memory:76,
                       from bpl-subset/bpl_subset/boost/config/no_tr1/memory.hpp:21,
                       from bpl-subset/bpl_subset/boost/get_pointer.hpp:12,
                       from bpl-subset/bpl_subset/boost/python/object/pointer_holder.hpp:11,
                       from bpl-subset/bpl_subset/boost/python/to_python_indirect.hpp:10,
                       from bpl-subset/bpl_subset/boost/python/converter/arg_to_python.hpp:10,
                       from bpl-subset/bpl_subset/boost/python/call.hpp:15,
                       from bpl-subset/bpl_subset/boost/python/object_core.hpp:14,
                       from bpl-subset/bpl_subset/boost/python/object_operators.hpp:10,
                       from bpl-subset/bpl_subset/libs/python/src/object_operators.cpp:6:
      /usr/include/c++/11/bits/unique_ptr.h:57:28: note: declared here
         57 |   template<typename> class auto_ptr;
            |                            ^~~~~~~~
      In file included from bpl-subset/bpl_subset/boost/smart_ptr/shared_ptr.hpp:32,
                       from bpl-subset/bpl_subset/boost/shared_ptr.hpp:17,
                       from bpl-subset/bpl_subset/boost/python/converter/shared_ptr_to_python.hpp:10,
                       from bpl-subset/bpl_subset/boost/python/converter/arg_to_python.hpp:15,
                       from bpl-subset/bpl_subset/boost/python/call.hpp:15,
                       from bpl-subset/bpl_subset/boost/python/object_core.hpp:14,
                       from bpl-subset/bpl_subset/boost/python/object_operators.hpp:10,
                       from bpl-subset/bpl_subset/libs/python/src/object_operators.cpp:6:
      bpl-subset/bpl_subset/boost/smart_ptr/detail/shared_count.hpp: At global scope:
      bpl-subset/bpl_subset/boost/smart_ptr/detail/shared_count.hpp:284:33: warning: ‘template<class> class std::auto_ptr’ is deprecated: use 'std::unique_ptr' instead [-Wdeprecated-declarations]
        284 |     explicit shared_count( std::auto_ptr<Y> & r ): pi_( new sp_counted_impl_p<Y>( r.get() ) )
            |                                 ^~~~~~~~
      In file included from /usr/include/c++/11/memory:76,
                       from bpl-subset/bpl_subset/boost/config/no_tr1/memory.hpp:21,
                       from bpl-subset/bpl_subset/boost/get_pointer.hpp:12,
                       from bpl-subset/bpl_subset/boost/python/object/pointer_holder.hpp:11,
                       from bpl-subset/bpl_subset/boost/python/to_python_indirect.hpp:10,
                       from bpl-subset/bpl_subset/boost/python/converter/arg_to_python.hpp:10,
                       from bpl-subset/bpl_subset/boost/python/call.hpp:15,
                       from bpl-subset/bpl_subset/boost/python/object_core.hpp:14,
                       from bpl-subset/bpl_subset/boost/python/object_operators.hpp:10,
                       from bpl-subset/bpl_subset/libs/python/src/object_operators.cpp:6:
      /usr/include/c++/11/bits/unique_ptr.h:57:28: note: declared here
         57 |   template<typename> class auto_ptr;
            |                            ^~~~~~~~
      In file included from bpl-subset/bpl_subset/boost/shared_ptr.hpp:17,
                       from bpl-subset/bpl_subset/boost/python/converter/shared_ptr_to_python.hpp:10,
                       from bpl-subset/bpl_subset/boost/python/converter/arg_to_python.hpp:15,
                       from bpl-subset/bpl_subset/boost/python/call.hpp:15,
                       from bpl-subset/bpl_subset/boost/python/object_core.hpp:14,
                       from bpl-subset/bpl_subset/boost/python/object_operators.hpp:10,
                       from bpl-subset/bpl_subset/libs/python/src/object_operators.cpp:6:
      bpl-subset/bpl_subset/boost/smart_ptr/shared_ptr.hpp:146:65: warning: ‘template<class> class std::auto_ptr’ is deprecated: use 'std::unique_ptr' instead [-Wdeprecated-declarations]
        146 | template< class T, class R > struct sp_enable_if_auto_ptr< std::auto_ptr< T >, R >
            |                                                                 ^~~~~~~~
      In file included from /usr/include/c++/11/memory:76,
                       from bpl-subset/bpl_subset/boost/config/no_tr1/memory.hpp:21,
                       from bpl-subset/bpl_subset/boost/get_pointer.hpp:12,
                       from bpl-subset/bpl_subset/boost/python/object/pointer_holder.hpp:11,
                       from bpl-subset/bpl_subset/boost/python/to_python_indirect.hpp:10,
                       from bpl-subset/bpl_subset/boost/python/converter/arg_to_python.hpp:10,
                       from bpl-subset/bpl_subset/boost/python/call.hpp:15,
                       from bpl-subset/bpl_subset/boost/python/object_core.hpp:14,
                       from bpl-subset/bpl_subset/boost/python/object_operators.hpp:10,
                       from bpl-subset/bpl_subset/libs/python/src/object_operators.cpp:6:
      /usr/include/c++/11/bits/unique_ptr.h:57:28: note: declared here
         57 |   template<typename> class auto_ptr;
            |                            ^~~~~~~~
      In file included from bpl-subset/bpl_subset/boost/shared_ptr.hpp:17,
                       from bpl-subset/bpl_subset/boost/python/converter/shared_ptr_to_python.hpp:10,
                       from bpl-subset/bpl_subset/boost/python/converter/arg_to_python.hpp:15,
                       from bpl-subset/bpl_subset/boost/python/call.hpp:15,
                       from bpl-subset/bpl_subset/boost/python/object_core.hpp:14,
                       from bpl-subset/bpl_subset/boost/python/object_operators.hpp:10,
                       from bpl-subset/bpl_subset/libs/python/src/object_operators.cpp:6:
      bpl-subset/bpl_subset/boost/smart_ptr/shared_ptr.hpp:285:30: warning: ‘template<class> class std::auto_ptr’ is deprecated: use 'std::unique_ptr' instead [-Wdeprecated-declarations]
        285 |     explicit shared_ptr(std::auto_ptr<Y> & r): px(r.get()), pn()
            |                              ^~~~~~~~
      In file included from /usr/include/c++/11/memory:76,
                       from bpl-subset/bpl_subset/boost/config/no_tr1/memory.hpp:21,
                       from bpl-subset/bpl_subset/boost/get_pointer.hpp:12,
                       from bpl-subset/bpl_subset/boost/python/object/pointer_holder.hpp:11,
                       from bpl-subset/bpl_subset/boost/python/to_python_indirect.hpp:10,
                       from bpl-subset/bpl_subset/boost/python/converter/arg_to_python.hpp:10,
                       from bpl-subset/bpl_subset/boost/python/call.hpp:15,
                       from bpl-subset/bpl_subset/boost/python/object_core.hpp:14,
                       from bpl-subset/bpl_subset/boost/python/object_operators.hpp:10,
                       from bpl-subset/bpl_subset/libs/python/src/object_operators.cpp:6:
      /usr/include/c++/11/bits/unique_ptr.h:57:28: note: declared here
         57 |   template<typename> class auto_ptr;
            |                            ^~~~~~~~
      In file included from bpl-subset/bpl_subset/boost/shared_ptr.hpp:17,
                       from bpl-subset/bpl_subset/boost/python/converter/shared_ptr_to_python.hpp:10,
                       from bpl-subset/bpl_subset/boost/python/converter/arg_to_python.hpp:15,
                       from bpl-subset/bpl_subset/boost/python/call.hpp:15,
                       from bpl-subset/bpl_subset/boost/python/object_core.hpp:14,
                       from bpl-subset/bpl_subset/boost/python/object_operators.hpp:10,
                       from bpl-subset/bpl_subset/libs/python/src/object_operators.cpp:6:
      bpl-subset/bpl_subset/boost/smart_ptr/shared_ptr.hpp:329:34: warning: ‘template<class> class std::auto_ptr’ is deprecated: use 'std::unique_ptr' instead [-Wdeprecated-declarations]
        329 |     shared_ptr & operator=( std::auto_ptr<Y> & r )
            |                                  ^~~~~~~~
      In file included from /usr/include/c++/11/memory:76,
                       from bpl-subset/bpl_subset/boost/config/no_tr1/memory.hpp:21,
                       from bpl-subset/bpl_subset/boost/get_pointer.hpp:12,
                       from bpl-subset/bpl_subset/boost/python/object/pointer_holder.hpp:11,
                       from bpl-subset/bpl_subset/boost/python/to_python_indirect.hpp:10,
                       from bpl-subset/bpl_subset/boost/python/converter/arg_to_python.hpp:10,
                       from bpl-subset/bpl_subset/boost/python/call.hpp:15,
                       from bpl-subset/bpl_subset/boost/python/object_core.hpp:14,
                       from bpl-subset/bpl_subset/boost/python/object_operators.hpp:10,
                       from bpl-subset/bpl_subset/libs/python/src/object_operators.cpp:6:
      /usr/include/c++/11/bits/unique_ptr.h:57:28: note: declared here
         57 |   template<typename> class auto_ptr;
            |                            ^~~~~~~~
      In file included from bpl-subset/bpl_subset/boost/python/detail/invoke.hpp:21,
                       from bpl-subset/bpl_subset/boost/python/detail/caller.hpp:16,
                       from bpl-subset/bpl_subset/boost/python/object/function_handle.hpp:8,
                       from bpl-subset/bpl_subset/boost/python/converter/arg_to_python.hpp:19,
                       from bpl-subset/bpl_subset/boost/python/call.hpp:15,
                       from bpl-subset/bpl_subset/boost/python/object_core.hpp:14,
                       from bpl-subset/bpl_subset/boost/python/object_operators.hpp:10,
                       from bpl-subset/bpl_subset/libs/python/src/object_operators.cpp:6:
      bpl-subset/bpl_subset/boost/python/to_python_value.hpp: In member function ‘PyObject* pycudaboost::python::detail::registry_to_python_value<T>::operator()(pycudaboost::python::detail::registry_to_python_value<T>::argument_type) const’:
      bpl-subset/bpl_subset/boost/python/to_python_value.hpp:150:52: warning: typedef ‘r’ locally defined but not used [-Wunused-local-typedefs]
        150 |       typedef converter::registered<argument_type> r;
            |                                                    ^
      In file included from bpl-subset/bpl_subset/boost/python/object/function_handle.hpp:10,
                       from bpl-subset/bpl_subset/boost/python/converter/arg_to_python.hpp:19,
                       from bpl-subset/bpl_subset/boost/python/call.hpp:15,
                       from bpl-subset/bpl_subset/boost/python/object_core.hpp:14,
                       from bpl-subset/bpl_subset/boost/python/object_operators.hpp:10,
                       from bpl-subset/bpl_subset/libs/python/src/object_operators.cpp:6:
      bpl-subset/bpl_subset/boost/python/object/py_function.hpp: At global scope:
      bpl-subset/bpl_subset/boost/python/object/py_function.hpp:167:18: warning: ‘template<class> class std::auto_ptr’ is deprecated: use 'std::unique_ptr' instead [-Wdeprecated-declarations]
        167 |     mutable std::auto_ptr<py_function_impl_base> m_impl;
            |                  ^~~~~~~~
      In file included from /usr/include/c++/11/memory:76,
                       from bpl-subset/bpl_subset/boost/config/no_tr1/memory.hpp:21,
                       from bpl-subset/bpl_subset/boost/get_pointer.hpp:12,
                       from bpl-subset/bpl_subset/boost/python/object/pointer_holder.hpp:11,
                       from bpl-subset/bpl_subset/boost/python/to_python_indirect.hpp:10,
                       from bpl-subset/bpl_subset/boost/python/converter/arg_to_python.hpp:10,
                       from bpl-subset/bpl_subset/boost/python/call.hpp:15,
                       from bpl-subset/bpl_subset/boost/python/object_core.hpp:14,
                       from bpl-subset/bpl_subset/boost/python/object_operators.hpp:10,
                       from bpl-subset/bpl_subset/libs/python/src/object_operators.cpp:6:
      /usr/include/c++/11/bits/unique_ptr.h:57:28: note: declared here
         57 |   template<typename> class auto_ptr;
            |                            ^~~~~~~~
      aarch64-linux-gnu-g++ -Wno-unused-result -Wsign-compare -fwrapv -Wall -O3 -DNDEBUG -fPIC -DBOOST_ALL_NO_LIB=1 -DBOOST_THREAD_BUILD_DLL=1 -DBOOST_MULTI_INDEX_DISABLE_SERIALIZATION=1 -DBOOST_PYTHON_SOURCE=1 -Dboost=pycudaboost -DBOOST_THREAD_DONT_USE_CHRONO=1 -DPYGPU_PACKAGE=pycuda -DPYGPU_PYCUDA=1 -DHAVE_CURAND=1 -Isrc/cpp -Ibpl-subset/bpl_subset -I/tmp/pip-build-env-fkcjx5ad/overlay/local/lib/python3.10/dist-packages/numpy/_core/include -I/usr/include/python3.10 -c bpl-subset/bpl_subset/libs/python/src/object_protocol.cpp -o build/temp.linux-aarch64-cpython-310/bpl-subset/bpl_subset/libs/python/src/object_protocol.o
      In file included from bpl-subset/bpl_subset/boost/python/object/pointer_holder.hpp:11,
                       from bpl-subset/bpl_subset/boost/python/to_python_indirect.hpp:10,
                       from bpl-subset/bpl_subset/boost/python/converter/arg_to_python.hpp:10,
                       from bpl-subset/bpl_subset/boost/python/call.hpp:15,
                       from bpl-subset/bpl_subset/boost/python/object_core.hpp:14,
                       from bpl-subset/bpl_subset/boost/python/object_protocol.hpp:11,
                       from bpl-subset/bpl_subset/libs/python/src/object_protocol.cpp:6:
      bpl-subset/bpl_subset/boost/get_pointer.hpp:25:40: warning: ‘template<class> class std::auto_ptr’ is deprecated: use 'std::unique_ptr' instead [-Wdeprecated-declarations]
         25 | template<class T> T * get_pointer(std::auto_ptr<T> const& p)
            |                                        ^~~~~~~~
      In file included from /usr/include/c++/11/memory:76,
                       from bpl-subset/bpl_subset/boost/config/no_tr1/memory.hpp:21,
                       from bpl-subset/bpl_subset/boost/get_pointer.hpp:12,
                       from bpl-subset/bpl_subset/boost/python/object/pointer_holder.hpp:11,
                       from bpl-subset/bpl_subset/boost/python/to_python_indirect.hpp:10,
                       from bpl-subset/bpl_subset/boost/python/converter/arg_to_python.hpp:10,
                       from bpl-subset/bpl_subset/boost/python/call.hpp:15,
                       from bpl-subset/bpl_subset/boost/python/object_core.hpp:14,
                       from bpl-subset/bpl_subset/boost/python/object_protocol.hpp:11,
                       from bpl-subset/bpl_subset/libs/python/src/object_protocol.cpp:6:
      /usr/include/c++/11/bits/unique_ptr.h:57:28: note: declared here
         57 |   template<typename> class auto_ptr;
            |                            ^~~~~~~~
      In file included from bpl-subset/bpl_subset/boost/python/detail/is_xxx.hpp:8,
                       from bpl-subset/bpl_subset/boost/python/detail/is_auto_ptr.hpp:9,
                       from bpl-subset/bpl_subset/boost/python/detail/copy_ctor_mutates_rhs.hpp:8,
                       from bpl-subset/bpl_subset/boost/python/detail/value_arg.hpp:7,
                       from bpl-subset/bpl_subset/boost/python/object/forward.hpp:13,
                       from bpl-subset/bpl_subset/boost/python/object/pointer_holder.hpp:16,
                       from bpl-subset/bpl_subset/boost/python/to_python_indirect.hpp:10,
                       from bpl-subset/bpl_subset/boost/python/converter/arg_to_python.hpp:10,
                       from bpl-subset/bpl_subset/boost/python/call.hpp:15,
                       from bpl-subset/bpl_subset/boost/python/object_core.hpp:14,
                       from bpl-subset/bpl_subset/boost/python/object_protocol.hpp:11,
                       from bpl-subset/bpl_subset/libs/python/src/object_protocol.cpp:6:
      bpl-subset/bpl_subset/boost/python/detail/is_auto_ptr.hpp:17:40: warning: ‘template<class> class std::auto_ptr’ is deprecated: use 'std::unique_ptr' instead [-Wdeprecated-declarations]
         17 | BOOST_PYTHON_IS_XXX_DEF(auto_ptr, std::auto_ptr, 1)
            |                                        ^~~~~~~~
      bpl-subset/bpl_subset/boost/detail/is_xxx.hpp:53:4: note: in definition of macro ‘BOOST_DETAIL_IS_XXX_DEF’
         53 |    qualified_name< BOOST_PP_ENUM_PARAMS_Z(1, nargs, T) >        \
            |    ^~~~~~~~~~~~~~
      bpl-subset/bpl_subset/boost/python/detail/is_auto_ptr.hpp:17:1: note: in expansion of macro ‘BOOST_PYTHON_IS_XXX_DEF’
         17 | BOOST_PYTHON_IS_XXX_DEF(auto_ptr, std::auto_ptr, 1)
            | ^~~~~~~~~~~~~~~~~~~~~~~
      In file included from /usr/include/c++/11/memory:76,
                       from bpl-subset/bpl_subset/boost/config/no_tr1/memory.hpp:21,
                       from bpl-subset/bpl_subset/boost/get_pointer.hpp:12,
                       from bpl-subset/bpl_subset/boost/python/object/pointer_holder.hpp:11,
                       from bpl-subset/bpl_subset/boost/python/to_python_indirect.hpp:10,
                       from bpl-subset/bpl_subset/boost/python/converter/arg_to_python.hpp:10,
                       from bpl-subset/bpl_subset/boost/python/call.hpp:15,
                       from bpl-subset/bpl_subset/boost/python/object_core.hpp:14,
                       from bpl-subset/bpl_subset/boost/python/object_protocol.hpp:11,
                       from bpl-subset/bpl_subset/libs/python/src/object_protocol.cpp:6:
      /usr/include/c++/11/bits/unique_ptr.h:57:28: note: declared here
         57 |   template<typename> class auto_ptr;
            |                            ^~~~~~~~
      In file included from bpl-subset/bpl_subset/boost/mpl/aux_/na_assert.hpp:23,
                       from bpl-subset/bpl_subset/boost/mpl/arg.hpp:25,
                       from bpl-subset/bpl_subset/boost/mpl/placeholders.hpp:24,
                       from bpl-subset/bpl_subset/boost/mpl/apply.hpp:24,
                       from bpl-subset/bpl_subset/boost/python/object/pointer_holder.hpp:27,
                       from bpl-subset/bpl_subset/boost/python/to_python_indirect.hpp:10,
                       from bpl-subset/bpl_subset/boost/python/converter/arg_to_python.hpp:10,
                       from bpl-subset/bpl_subset/boost/python/call.hpp:15,
                       from bpl-subset/bpl_subset/boost/python/object_core.hpp:14,
                       from bpl-subset/bpl_subset/boost/python/object_protocol.hpp:11,
                       from bpl-subset/bpl_subset/libs/python/src/object_protocol.cpp:6:
      bpl-subset/bpl_subset/boost/mpl/assert.hpp:154:21: warning: unnecessary parentheses in declaration of ‘assert_arg’ [-Wparentheses]
        154 | failed ************ (Pred::************
            |                     ^~~~~~~~~~~~~~~~~~~
        155 |       assert_arg( void (*)(Pred), typename assert_arg_pred<Pred>::type )
            |       ~~~~~~~~~~~~~~~~~~~~~~~~~~~~~~~~~~~~~~~~~~~~~~~~~~~~~~~~~~~~~~~~~~
        156 |     );
            |     ~
      bpl-subset/bpl_subset/boost/mpl/assert.hpp:154:21: note: remove parentheses
        154 | failed ************ (Pred::************
            |                     ^~~~~~~~~~~~~~~~~~~
            |                     -
        155 |       assert_arg( void (*)(Pred), typename assert_arg_pred<Pred>::type )
            |       ~~~~~~~~~~~~~~~~~~~~~~~~~~~~~~~~~~~~~~~~~~~~~~~~~~~~~~~~~~~~~~~~~~
        156 |     );
            |     ~
            |     -
      bpl-subset/bpl_subset/boost/mpl/assert.hpp:159:21: warning: unnecessary parentheses in declaration of ‘assert_not_arg’ [-Wparentheses]
        159 | failed ************ (boost::mpl::not_<Pred>::************
            |                     ^~~~~~~~~~~~~~~~~~~~~~~~~~~~~~~~~~~~~
        160 |       assert_not_arg( void (*)(Pred), typename assert_arg_pred_not<Pred>::type )
            |       ~~~~~~~~~~~~~~~~~~~~~~~~~~~~~~~~~~~~~~~~~~~~~~~~~~~~~~~~~~~~~~~~~~~~~~~~~~
        161 |     );
            |     ~
      bpl-subset/bpl_subset/boost/mpl/assert.hpp:159:21: note: remove parentheses
        159 | failed ************ (boost::mpl::not_<Pred>::************
            |                     ^~~~~~~~~~~~~~~~~~~~~~~~~~~~~~~~~~~~~
            |                     -
        160 |       assert_not_arg( void (*)(Pred), typename assert_arg_pred_not<Pred>::type )
            |       ~~~~~~~~~~~~~~~~~~~~~~~~~~~~~~~~~~~~~~~~~~~~~~~~~~~~~~~~~~~~~~~~~~~~~~~~~~
        161 |     );
            |     ~
            |     -
      In file included from bpl-subset/bpl_subset/boost/python/refcount.hpp:9,
                       from bpl-subset/bpl_subset/boost/python/to_python_indirect.hpp:19,
                       from bpl-subset/bpl_subset/boost/python/converter/arg_to_python.hpp:10,
                       from bpl-subset/bpl_subset/boost/python/call.hpp:15,
                       from bpl-subset/bpl_subset/boost/python/object_core.hpp:14,
                       from bpl-subset/bpl_subset/boost/python/object_protocol.hpp:11,
                       from bpl-subset/bpl_subset/libs/python/src/object_protocol.cpp:6:
      bpl-subset/bpl_subset/boost/python/cast.hpp: In function ‘void pycudaboost::python::detail::assert_castable(pycudaboost::type<T>*)’:
      bpl-subset/bpl_subset/boost/python/cast.hpp:73:20: warning: typedef ‘must_be_a_complete_type’ locally defined but not used [-Wunused-local-typedefs]
         73 |       typedef char must_be_a_complete_type[sizeof(T)];
            |                    ^~~~~~~~~~~~~~~~~~~~~~~
      In file included from bpl-subset/bpl_subset/boost/python/converter/arg_to_python.hpp:10,
                       from bpl-subset/bpl_subset/boost/python/call.hpp:15,
                       from bpl-subset/bpl_subset/boost/python/object_core.hpp:14,
                       from bpl-subset/bpl_subset/boost/python/object_protocol.hpp:11,
                       from bpl-subset/bpl_subset/libs/python/src/object_protocol.cpp:6:
      bpl-subset/bpl_subset/boost/python/to_python_indirect.hpp: In static member function ‘static PyObject* pycudaboost::python::detail::make_owning_holder::execute(T*)’:
      bpl-subset/bpl_subset/boost/python/to_python_indirect.hpp:90:24: warning: ‘template<class> class std::auto_ptr’ is deprecated: use 'std::unique_ptr' instead [-Wdeprecated-declarations]
         90 |           typedef std::auto_ptr<T> smart_pointer;
            |                        ^~~~~~~~
      In file included from /usr/include/c++/11/memory:76,
                       from bpl-subset/bpl_subset/boost/config/no_tr1/memory.hpp:21,
                       from bpl-subset/bpl_subset/boost/get_pointer.hpp:12,
                       from bpl-subset/bpl_subset/boost/python/object/pointer_holder.hpp:11,
                       from bpl-subset/bpl_subset/boost/python/to_python_indirect.hpp:10,
                       from bpl-subset/bpl_subset/boost/python/converter/arg_to_python.hpp:10,
                       from bpl-subset/bpl_subset/boost/python/call.hpp:15,
                       from bpl-subset/bpl_subset/boost/python/object_core.hpp:14,
                       from bpl-subset/bpl_subset/boost/python/object_protocol.hpp:11,
                       from bpl-subset/bpl_subset/libs/python/src/object_protocol.cpp:6:
      /usr/include/c++/11/bits/unique_ptr.h:57:28: note: declared here
         57 |   template<typename> class auto_ptr;
            |                            ^~~~~~~~
      In file included from bpl-subset/bpl_subset/boost/smart_ptr/shared_ptr.hpp:32,
                       from bpl-subset/bpl_subset/boost/shared_ptr.hpp:17,
                       from bpl-subset/bpl_subset/boost/python/converter/shared_ptr_to_python.hpp:10,
                       from bpl-subset/bpl_subset/boost/python/converter/arg_to_python.hpp:15,
                       from bpl-subset/bpl_subset/boost/python/call.hpp:15,
                       from bpl-subset/bpl_subset/boost/python/object_core.hpp:14,
                       from bpl-subset/bpl_subset/boost/python/object_protocol.hpp:11,
                       from bpl-subset/bpl_subset/libs/python/src/object_protocol.cpp:6:
      bpl-subset/bpl_subset/boost/smart_ptr/detail/shared_count.hpp: At global scope:
      bpl-subset/bpl_subset/boost/smart_ptr/detail/shared_count.hpp:284:33: warning: ‘template<class> class std::auto_ptr’ is deprecated: use 'std::unique_ptr' instead [-Wdeprecated-declarations]
        284 |     explicit shared_count( std::auto_ptr<Y> & r ): pi_( new sp_counted_impl_p<Y>( r.get() ) )
            |                                 ^~~~~~~~
      In file included from /usr/include/c++/11/memory:76,
                       from bpl-subset/bpl_subset/boost/config/no_tr1/memory.hpp:21,
                       from bpl-subset/bpl_subset/boost/get_pointer.hpp:12,
                       from bpl-subset/bpl_subset/boost/python/object/pointer_holder.hpp:11,
                       from bpl-subset/bpl_subset/boost/python/to_python_indirect.hpp:10,
                       from bpl-subset/bpl_subset/boost/python/converter/arg_to_python.hpp:10,
                       from bpl-subset/bpl_subset/boost/python/call.hpp:15,
                       from bpl-subset/bpl_subset/boost/python/object_core.hpp:14,
                       from bpl-subset/bpl_subset/boost/python/object_protocol.hpp:11,
                       from bpl-subset/bpl_subset/libs/python/src/object_protocol.cpp:6:
      /usr/include/c++/11/bits/unique_ptr.h:57:28: note: declared here
         57 |   template<typename> class auto_ptr;
            |                            ^~~~~~~~
      In file included from bpl-subset/bpl_subset/boost/shared_ptr.hpp:17,
                       from bpl-subset/bpl_subset/boost/python/converter/shared_ptr_to_python.hpp:10,
                       from bpl-subset/bpl_subset/boost/python/converter/arg_to_python.hpp:15,
                       from bpl-subset/bpl_subset/boost/python/call.hpp:15,
                       from bpl-subset/bpl_subset/boost/python/object_core.hpp:14,
                       from bpl-subset/bpl_subset/boost/python/object_protocol.hpp:11,
                       from bpl-subset/bpl_subset/libs/python/src/object_protocol.cpp:6:
      bpl-subset/bpl_subset/boost/smart_ptr/shared_ptr.hpp:146:65: warning: ‘template<class> class std::auto_ptr’ is deprecated: use 'std::unique_ptr' instead [-Wdeprecated-declarations]
        146 | template< class T, class R > struct sp_enable_if_auto_ptr< std::auto_ptr< T >, R >
            |                                                                 ^~~~~~~~
      In file included from /usr/include/c++/11/memory:76,
                       from bpl-subset/bpl_subset/boost/config/no_tr1/memory.hpp:21,
                       from bpl-subset/bpl_subset/boost/get_pointer.hpp:12,
                       from bpl-subset/bpl_subset/boost/python/object/pointer_holder.hpp:11,
                       from bpl-subset/bpl_subset/boost/python/to_python_indirect.hpp:10,
                       from bpl-subset/bpl_subset/boost/python/converter/arg_to_python.hpp:10,
                       from bpl-subset/bpl_subset/boost/python/call.hpp:15,
                       from bpl-subset/bpl_subset/boost/python/object_core.hpp:14,
                       from bpl-subset/bpl_subset/boost/python/object_protocol.hpp:11,
                       from bpl-subset/bpl_subset/libs/python/src/object_protocol.cpp:6:
      /usr/include/c++/11/bits/unique_ptr.h:57:28: note: declared here
         57 |   template<typename> class auto_ptr;
            |                            ^~~~~~~~
      In file included from bpl-subset/bpl_subset/boost/shared_ptr.hpp:17,
                       from bpl-subset/bpl_subset/boost/python/converter/shared_ptr_to_python.hpp:10,
                       from bpl-subset/bpl_subset/boost/python/converter/arg_to_python.hpp:15,
                       from bpl-subset/bpl_subset/boost/python/call.hpp:15,
                       from bpl-subset/bpl_subset/boost/python/object_core.hpp:14,
                       from bpl-subset/bpl_subset/boost/python/object_protocol.hpp:11,
                       from bpl-subset/bpl_subset/libs/python/src/object_protocol.cpp:6:
      bpl-subset/bpl_subset/boost/smart_ptr/shared_ptr.hpp:285:30: warning: ‘template<class> class std::auto_ptr’ is deprecated: use 'std::unique_ptr' instead [-Wdeprecated-declarations]
        285 |     explicit shared_ptr(std::auto_ptr<Y> & r): px(r.get()), pn()
            |                              ^~~~~~~~
      In file included from /usr/include/c++/11/memory:76,
                       from bpl-subset/bpl_subset/boost/config/no_tr1/memory.hpp:21,
                       from bpl-subset/bpl_subset/boost/get_pointer.hpp:12,
                       from bpl-subset/bpl_subset/boost/python/object/pointer_holder.hpp:11,
                       from bpl-subset/bpl_subset/boost/python/to_python_indirect.hpp:10,
                       from bpl-subset/bpl_subset/boost/python/converter/arg_to_python.hpp:10,
                       from bpl-subset/bpl_subset/boost/python/call.hpp:15,
                       from bpl-subset/bpl_subset/boost/python/object_core.hpp:14,
                       from bpl-subset/bpl_subset/boost/python/object_protocol.hpp:11,
                       from bpl-subset/bpl_subset/libs/python/src/object_protocol.cpp:6:
      /usr/include/c++/11/bits/unique_ptr.h:57:28: note: declared here
         57 |   template<typename> class auto_ptr;
            |                            ^~~~~~~~
      In file included from bpl-subset/bpl_subset/boost/shared_ptr.hpp:17,
                       from bpl-subset/bpl_subset/boost/python/converter/shared_ptr_to_python.hpp:10,
                       from bpl-subset/bpl_subset/boost/python/converter/arg_to_python.hpp:15,
                       from bpl-subset/bpl_subset/boost/python/call.hpp:15,
                       from bpl-subset/bpl_subset/boost/python/object_core.hpp:14,
                       from bpl-subset/bpl_subset/boost/python/object_protocol.hpp:11,
                       from bpl-subset/bpl_subset/libs/python/src/object_protocol.cpp:6:
      bpl-subset/bpl_subset/boost/smart_ptr/shared_ptr.hpp:329:34: warning: ‘template<class> class std::auto_ptr’ is deprecated: use 'std::unique_ptr' instead [-Wdeprecated-declarations]
        329 |     shared_ptr & operator=( std::auto_ptr<Y> & r )
            |                                  ^~~~~~~~
      In file included from /usr/include/c++/11/memory:76,
                       from bpl-subset/bpl_subset/boost/config/no_tr1/memory.hpp:21,
                       from bpl-subset/bpl_subset/boost/get_pointer.hpp:12,
                       from bpl-subset/bpl_subset/boost/python/object/pointer_holder.hpp:11,
                       from bpl-subset/bpl_subset/boost/python/to_python_indirect.hpp:10,
                       from bpl-subset/bpl_subset/boost/python/converter/arg_to_python.hpp:10,
                       from bpl-subset/bpl_subset/boost/python/call.hpp:15,
                       from bpl-subset/bpl_subset/boost/python/object_core.hpp:14,
                       from bpl-subset/bpl_subset/boost/python/object_protocol.hpp:11,
                       from bpl-subset/bpl_subset/libs/python/src/object_protocol.cpp:6:
      /usr/include/c++/11/bits/unique_ptr.h:57:28: note: declared here
         57 |   template<typename> class auto_ptr;
            |                            ^~~~~~~~
      In file included from bpl-subset/bpl_subset/boost/python/detail/invoke.hpp:21,
                       from bpl-subset/bpl_subset/boost/python/detail/caller.hpp:16,
                       from bpl-subset/bpl_subset/boost/python/object/function_handle.hpp:8,
                       from bpl-subset/bpl_subset/boost/python/converter/arg_to_python.hpp:19,
                       from bpl-subset/bpl_subset/boost/python/call.hpp:15,
                       from bpl-subset/bpl_subset/boost/python/object_core.hpp:14,
                       from bpl-subset/bpl_subset/boost/python/object_protocol.hpp:11,
                       from bpl-subset/bpl_subset/libs/python/src/object_protocol.cpp:6:
      bpl-subset/bpl_subset/boost/python/to_python_value.hpp: In member function ‘PyObject* pycudaboost::python::detail::registry_to_python_value<T>::operator()(pycudaboost::python::detail::registry_to_python_value<T>::argument_type) const’:
      bpl-subset/bpl_subset/boost/python/to_python_value.hpp:150:52: warning: typedef ‘r’ locally defined but not used [-Wunused-local-typedefs]
        150 |       typedef converter::registered<argument_type> r;
            |                                                    ^
      In file included from bpl-subset/bpl_subset/boost/python/object/function_handle.hpp:10,
                       from bpl-subset/bpl_subset/boost/python/converter/arg_to_python.hpp:19,
                       from bpl-subset/bpl_subset/boost/python/call.hpp:15,
                       from bpl-subset/bpl_subset/boost/python/object_core.hpp:14,
                       from bpl-subset/bpl_subset/boost/python/object_protocol.hpp:11,
                       from bpl-subset/bpl_subset/libs/python/src/object_protocol.cpp:6:
      bpl-subset/bpl_subset/boost/python/object/py_function.hpp: At global scope:
      bpl-subset/bpl_subset/boost/python/object/py_function.hpp:167:18: warning: ‘template<class> class std::auto_ptr’ is deprecated: use 'std::unique_ptr' instead [-Wdeprecated-declarations]
        167 |     mutable std::auto_ptr<py_function_impl_base> m_impl;
            |                  ^~~~~~~~
      In file included from /usr/include/c++/11/memory:76,
                       from bpl-subset/bpl_subset/boost/config/no_tr1/memory.hpp:21,
                       from bpl-subset/bpl_subset/boost/get_pointer.hpp:12,
                       from bpl-subset/bpl_subset/boost/python/object/pointer_holder.hpp:11,
                       from bpl-subset/bpl_subset/boost/python/to_python_indirect.hpp:10,
                       from bpl-subset/bpl_subset/boost/python/converter/arg_to_python.hpp:10,
                       from bpl-subset/bpl_subset/boost/python/call.hpp:15,
                       from bpl-subset/bpl_subset/boost/python/object_core.hpp:14,
                       from bpl-subset/bpl_subset/boost/python/object_protocol.hpp:11,
                       from bpl-subset/bpl_subset/libs/python/src/object_protocol.cpp:6:
      /usr/include/c++/11/bits/unique_ptr.h:57:28: note: declared here
         57 |   template<typename> class auto_ptr;
            |                            ^~~~~~~~
      aarch64-linux-gnu-g++ -Wno-unused-result -Wsign-compare -fwrapv -Wall -O3 -DNDEBUG -fPIC -DBOOST_ALL_NO_LIB=1 -DBOOST_THREAD_BUILD_DLL=1 -DBOOST_MULTI_INDEX_DISABLE_SERIALIZATION=1 -DBOOST_PYTHON_SOURCE=1 -Dboost=pycudaboost -DBOOST_THREAD_DONT_USE_CHRONO=1 -DPYGPU_PACKAGE=pycuda -DPYGPU_PYCUDA=1 -DHAVE_CURAND=1 -Isrc/cpp -Ibpl-subset/bpl_subset -I/tmp/pip-build-env-fkcjx5ad/overlay/local/lib/python3.10/dist-packages/numpy/_core/include -I/usr/include/python3.10 -c bpl-subset/bpl_subset/libs/python/src/slice.cpp -o build/temp.linux-aarch64-cpython-310/bpl-subset/bpl_subset/libs/python/src/slice.o
      In file included from bpl-subset/bpl_subset/boost/python/object/pointer_holder.hpp:11,
                       from bpl-subset/bpl_subset/boost/python/to_python_indirect.hpp:10,
                       from bpl-subset/bpl_subset/boost/python/converter/arg_to_python.hpp:10,
                       from bpl-subset/bpl_subset/boost/python/call.hpp:15,
                       from bpl-subset/bpl_subset/boost/python/object_core.hpp:14,
                       from bpl-subset/bpl_subset/boost/python/object.hpp:9,
                       from bpl-subset/bpl_subset/boost/python/slice.hpp:11,
                       from bpl-subset/bpl_subset/libs/python/src/slice.cpp:1:
      bpl-subset/bpl_subset/boost/get_pointer.hpp:25:40: warning: ‘template<class> class std::auto_ptr’ is deprecated: use 'std::unique_ptr' instead [-Wdeprecated-declarations]
         25 | template<class T> T * get_pointer(std::auto_ptr<T> const& p)
            |                                        ^~~~~~~~
      In file included from /usr/include/c++/11/memory:76,
                       from bpl-subset/bpl_subset/boost/config/no_tr1/memory.hpp:21,
                       from bpl-subset/bpl_subset/boost/get_pointer.hpp:12,
                       from bpl-subset/bpl_subset/boost/python/object/pointer_holder.hpp:11,
                       from bpl-subset/bpl_subset/boost/python/to_python_indirect.hpp:10,
                       from bpl-subset/bpl_subset/boost/python/converter/arg_to_python.hpp:10,
                       from bpl-subset/bpl_subset/boost/python/call.hpp:15,
                       from bpl-subset/bpl_subset/boost/python/object_core.hpp:14,
                       from bpl-subset/bpl_subset/boost/python/object.hpp:9,
                       from bpl-subset/bpl_subset/boost/python/slice.hpp:11,
                       from bpl-subset/bpl_subset/libs/python/src/slice.cpp:1:
      /usr/include/c++/11/bits/unique_ptr.h:57:28: note: declared here
         57 |   template<typename> class auto_ptr;
            |                            ^~~~~~~~
      In file included from bpl-subset/bpl_subset/boost/python/detail/is_xxx.hpp:8,
                       from bpl-subset/bpl_subset/boost/python/detail/is_auto_ptr.hpp:9,
                       from bpl-subset/bpl_subset/boost/python/detail/copy_ctor_mutates_rhs.hpp:8,
                       from bpl-subset/bpl_subset/boost/python/detail/value_arg.hpp:7,
                       from bpl-subset/bpl_subset/boost/python/object/forward.hpp:13,
                       from bpl-subset/bpl_subset/boost/python/object/pointer_holder.hpp:16,
                       from bpl-subset/bpl_subset/boost/python/to_python_indirect.hpp:10,
                       from bpl-subset/bpl_subset/boost/python/converter/arg_to_python.hpp:10,
                       from bpl-subset/bpl_subset/boost/python/call.hpp:15,
                       from bpl-subset/bpl_subset/boost/python/object_core.hpp:14,
                       from bpl-subset/bpl_subset/boost/python/object.hpp:9,
                       from bpl-subset/bpl_subset/boost/python/slice.hpp:11,
                       from bpl-subset/bpl_subset/libs/python/src/slice.cpp:1:
      bpl-subset/bpl_subset/boost/python/detail/is_auto_ptr.hpp:17:40: warning: ‘template<class> class std::auto_ptr’ is deprecated: use 'std::unique_ptr' instead [-Wdeprecated-declarations]
         17 | BOOST_PYTHON_IS_XXX_DEF(auto_ptr, std::auto_ptr, 1)
            |                                        ^~~~~~~~
      bpl-subset/bpl_subset/boost/detail/is_xxx.hpp:53:4: note: in definition of macro ‘BOOST_DETAIL_IS_XXX_DEF’
         53 |    qualified_name< BOOST_PP_ENUM_PARAMS_Z(1, nargs, T) >        \
            |    ^~~~~~~~~~~~~~
      bpl-subset/bpl_subset/boost/python/detail/is_auto_ptr.hpp:17:1: note: in expansion of macro ‘BOOST_PYTHON_IS_XXX_DEF’
         17 | BOOST_PYTHON_IS_XXX_DEF(auto_ptr, std::auto_ptr, 1)
            | ^~~~~~~~~~~~~~~~~~~~~~~
      In file included from /usr/include/c++/11/memory:76,
                       from bpl-subset/bpl_subset/boost/config/no_tr1/memory.hpp:21,
                       from bpl-subset/bpl_subset/boost/get_pointer.hpp:12,
                       from bpl-subset/bpl_subset/boost/python/object/pointer_holder.hpp:11,
                       from bpl-subset/bpl_subset/boost/python/to_python_indirect.hpp:10,
                       from bpl-subset/bpl_subset/boost/python/converter/arg_to_python.hpp:10,
                       from bpl-subset/bpl_subset/boost/python/call.hpp:15,
                       from bpl-subset/bpl_subset/boost/python/object_core.hpp:14,
                       from bpl-subset/bpl_subset/boost/python/object.hpp:9,
                       from bpl-subset/bpl_subset/boost/python/slice.hpp:11,
                       from bpl-subset/bpl_subset/libs/python/src/slice.cpp:1:
      /usr/include/c++/11/bits/unique_ptr.h:57:28: note: declared here
         57 |   template<typename> class auto_ptr;
            |                            ^~~~~~~~
      In file included from bpl-subset/bpl_subset/boost/mpl/aux_/na_assert.hpp:23,
                       from bpl-subset/bpl_subset/boost/mpl/arg.hpp:25,
                       from bpl-subset/bpl_subset/boost/mpl/placeholders.hpp:24,
                       from bpl-subset/bpl_subset/boost/mpl/apply.hpp:24,
                       from bpl-subset/bpl_subset/boost/python/object/pointer_holder.hpp:27,
                       from bpl-subset/bpl_subset/boost/python/to_python_indirect.hpp:10,
                       from bpl-subset/bpl_subset/boost/python/converter/arg_to_python.hpp:10,
                       from bpl-subset/bpl_subset/boost/python/call.hpp:15,
                       from bpl-subset/bpl_subset/boost/python/object_core.hpp:14,
                       from bpl-subset/bpl_subset/boost/python/object.hpp:9,
                       from bpl-subset/bpl_subset/boost/python/slice.hpp:11,
                       from bpl-subset/bpl_subset/libs/python/src/slice.cpp:1:
      bpl-subset/bpl_subset/boost/mpl/assert.hpp:154:21: warning: unnecessary parentheses in declaration of ‘assert_arg’ [-Wparentheses]
        154 | failed ************ (Pred::************
            |                     ^~~~~~~~~~~~~~~~~~~
        155 |       assert_arg( void (*)(Pred), typename assert_arg_pred<Pred>::type )
            |       ~~~~~~~~~~~~~~~~~~~~~~~~~~~~~~~~~~~~~~~~~~~~~~~~~~~~~~~~~~~~~~~~~~
        156 |     );
            |     ~
      bpl-subset/bpl_subset/boost/mpl/assert.hpp:154:21: note: remove parentheses
        154 | failed ************ (Pred::************
            |                     ^~~~~~~~~~~~~~~~~~~
            |                     -
        155 |       assert_arg( void (*)(Pred), typename assert_arg_pred<Pred>::type )
            |       ~~~~~~~~~~~~~~~~~~~~~~~~~~~~~~~~~~~~~~~~~~~~~~~~~~~~~~~~~~~~~~~~~~
        156 |     );
            |     ~
            |     -
      bpl-subset/bpl_subset/boost/mpl/assert.hpp:159:21: warning: unnecessary parentheses in declaration of ‘assert_not_arg’ [-Wparentheses]
        159 | failed ************ (boost::mpl::not_<Pred>::************
            |                     ^~~~~~~~~~~~~~~~~~~~~~~~~~~~~~~~~~~~~
        160 |       assert_not_arg( void (*)(Pred), typename assert_arg_pred_not<Pred>::type )
            |       ~~~~~~~~~~~~~~~~~~~~~~~~~~~~~~~~~~~~~~~~~~~~~~~~~~~~~~~~~~~~~~~~~~~~~~~~~~
        161 |     );
            |     ~
      bpl-subset/bpl_subset/boost/mpl/assert.hpp:159:21: note: remove parentheses
        159 | failed ************ (boost::mpl::not_<Pred>::************
            |                     ^~~~~~~~~~~~~~~~~~~~~~~~~~~~~~~~~~~~~
            |                     -
        160 |       assert_not_arg( void (*)(Pred), typename assert_arg_pred_not<Pred>::type )
            |       ~~~~~~~~~~~~~~~~~~~~~~~~~~~~~~~~~~~~~~~~~~~~~~~~~~~~~~~~~~~~~~~~~~~~~~~~~~
        161 |     );
            |     ~
            |     -
      In file included from bpl-subset/bpl_subset/boost/python/refcount.hpp:9,
                       from bpl-subset/bpl_subset/boost/python/to_python_indirect.hpp:19,
                       from bpl-subset/bpl_subset/boost/python/converter/arg_to_python.hpp:10,
                       from bpl-subset/bpl_subset/boost/python/call.hpp:15,
                       from bpl-subset/bpl_subset/boost/python/object_core.hpp:14,
                       from bpl-subset/bpl_subset/boost/python/object.hpp:9,
                       from bpl-subset/bpl_subset/boost/python/slice.hpp:11,
                       from bpl-subset/bpl_subset/libs/python/src/slice.cpp:1:
      bpl-subset/bpl_subset/boost/python/cast.hpp: In function ‘void pycudaboost::python::detail::assert_castable(pycudaboost::type<T>*)’:
      bpl-subset/bpl_subset/boost/python/cast.hpp:73:20: warning: typedef ‘must_be_a_complete_type’ locally defined but not used [-Wunused-local-typedefs]
         73 |       typedef char must_be_a_complete_type[sizeof(T)];
            |                    ^~~~~~~~~~~~~~~~~~~~~~~
      In file included from bpl-subset/bpl_subset/boost/python/converter/arg_to_python.hpp:10,
                       from bpl-subset/bpl_subset/boost/python/call.hpp:15,
                       from bpl-subset/bpl_subset/boost/python/object_core.hpp:14,
                       from bpl-subset/bpl_subset/boost/python/object.hpp:9,
                       from bpl-subset/bpl_subset/boost/python/slice.hpp:11,
                       from bpl-subset/bpl_subset/libs/python/src/slice.cpp:1:
      bpl-subset/bpl_subset/boost/python/to_python_indirect.hpp: In static member function ‘static PyObject* pycudaboost::python::detail::make_owning_holder::execute(T*)’:
      bpl-subset/bpl_subset/boost/python/to_python_indirect.hpp:90:24: warning: ‘template<class> class std::auto_ptr’ is deprecated: use 'std::unique_ptr' instead [-Wdeprecated-declarations]
         90 |           typedef std::auto_ptr<T> smart_pointer;
            |                        ^~~~~~~~
      In file included from /usr/include/c++/11/memory:76,
                       from bpl-subset/bpl_subset/boost/config/no_tr1/memory.hpp:21,
                       from bpl-subset/bpl_subset/boost/get_pointer.hpp:12,
                       from bpl-subset/bpl_subset/boost/python/object/pointer_holder.hpp:11,
                       from bpl-subset/bpl_subset/boost/python/to_python_indirect.hpp:10,
                       from bpl-subset/bpl_subset/boost/python/converter/arg_to_python.hpp:10,
                       from bpl-subset/bpl_subset/boost/python/call.hpp:15,
                       from bpl-subset/bpl_subset/boost/python/object_core.hpp:14,
                       from bpl-subset/bpl_subset/boost/python/object.hpp:9,
                       from bpl-subset/bpl_subset/boost/python/slice.hpp:11,
                       from bpl-subset/bpl_subset/libs/python/src/slice.cpp:1:
      /usr/include/c++/11/bits/unique_ptr.h:57:28: note: declared here
         57 |   template<typename> class auto_ptr;
            |                            ^~~~~~~~
      In file included from bpl-subset/bpl_subset/boost/smart_ptr/shared_ptr.hpp:32,
                       from bpl-subset/bpl_subset/boost/shared_ptr.hpp:17,
                       from bpl-subset/bpl_subset/boost/python/converter/shared_ptr_to_python.hpp:10,
                       from bpl-subset/bpl_subset/boost/python/converter/arg_to_python.hpp:15,
                       from bpl-subset/bpl_subset/boost/python/call.hpp:15,
                       from bpl-subset/bpl_subset/boost/python/object_core.hpp:14,
                       from bpl-subset/bpl_subset/boost/python/object.hpp:9,
                       from bpl-subset/bpl_subset/boost/python/slice.hpp:11,
                       from bpl-subset/bpl_subset/libs/python/src/slice.cpp:1:
      bpl-subset/bpl_subset/boost/smart_ptr/detail/shared_count.hpp: At global scope:
      bpl-subset/bpl_subset/boost/smart_ptr/detail/shared_count.hpp:284:33: warning: ‘template<class> class std::auto_ptr’ is deprecated: use 'std::unique_ptr' instead [-Wdeprecated-declarations]
        284 |     explicit shared_count( std::auto_ptr<Y> & r ): pi_( new sp_counted_impl_p<Y>( r.get() ) )
            |                                 ^~~~~~~~
      In file included from /usr/include/c++/11/memory:76,
                       from bpl-subset/bpl_subset/boost/config/no_tr1/memory.hpp:21,
                       from bpl-subset/bpl_subset/boost/get_pointer.hpp:12,
                       from bpl-subset/bpl_subset/boost/python/object/pointer_holder.hpp:11,
                       from bpl-subset/bpl_subset/boost/python/to_python_indirect.hpp:10,
                       from bpl-subset/bpl_subset/boost/python/converter/arg_to_python.hpp:10,
                       from bpl-subset/bpl_subset/boost/python/call.hpp:15,
                       from bpl-subset/bpl_subset/boost/python/object_core.hpp:14,
                       from bpl-subset/bpl_subset/boost/python/object.hpp:9,
                       from bpl-subset/bpl_subset/boost/python/slice.hpp:11,
                       from bpl-subset/bpl_subset/libs/python/src/slice.cpp:1:
      /usr/include/c++/11/bits/unique_ptr.h:57:28: note: declared here
         57 |   template<typename> class auto_ptr;
            |                            ^~~~~~~~
      In file included from bpl-subset/bpl_subset/boost/shared_ptr.hpp:17,
                       from bpl-subset/bpl_subset/boost/python/converter/shared_ptr_to_python.hpp:10,
                       from bpl-subset/bpl_subset/boost/python/converter/arg_to_python.hpp:15,
                       from bpl-subset/bpl_subset/boost/python/call.hpp:15,
                       from bpl-subset/bpl_subset/boost/python/object_core.hpp:14,
                       from bpl-subset/bpl_subset/boost/python/object.hpp:9,
                       from bpl-subset/bpl_subset/boost/python/slice.hpp:11,
                       from bpl-subset/bpl_subset/libs/python/src/slice.cpp:1:
      bpl-subset/bpl_subset/boost/smart_ptr/shared_ptr.hpp:146:65: warning: ‘template<class> class std::auto_ptr’ is deprecated: use 'std::unique_ptr' instead [-Wdeprecated-declarations]
        146 | template< class T, class R > struct sp_enable_if_auto_ptr< std::auto_ptr< T >, R >
            |                                                                 ^~~~~~~~
      In file included from /usr/include/c++/11/memory:76,
                       from bpl-subset/bpl_subset/boost/config/no_tr1/memory.hpp:21,
                       from bpl-subset/bpl_subset/boost/get_pointer.hpp:12,
                       from bpl-subset/bpl_subset/boost/python/object/pointer_holder.hpp:11,
                       from bpl-subset/bpl_subset/boost/python/to_python_indirect.hpp:10,
                       from bpl-subset/bpl_subset/boost/python/converter/arg_to_python.hpp:10,
                       from bpl-subset/bpl_subset/boost/python/call.hpp:15,
                       from bpl-subset/bpl_subset/boost/python/object_core.hpp:14,
                       from bpl-subset/bpl_subset/boost/python/object.hpp:9,
                       from bpl-subset/bpl_subset/boost/python/slice.hpp:11,
                       from bpl-subset/bpl_subset/libs/python/src/slice.cpp:1:
      /usr/include/c++/11/bits/unique_ptr.h:57:28: note: declared here
         57 |   template<typename> class auto_ptr;
            |                            ^~~~~~~~
      In file included from bpl-subset/bpl_subset/boost/shared_ptr.hpp:17,
                       from bpl-subset/bpl_subset/boost/python/converter/shared_ptr_to_python.hpp:10,
                       from bpl-subset/bpl_subset/boost/python/converter/arg_to_python.hpp:15,
                       from bpl-subset/bpl_subset/boost/python/call.hpp:15,
                       from bpl-subset/bpl_subset/boost/python/object_core.hpp:14,
                       from bpl-subset/bpl_subset/boost/python/object.hpp:9,
                       from bpl-subset/bpl_subset/boost/python/slice.hpp:11,
                       from bpl-subset/bpl_subset/libs/python/src/slice.cpp:1:
      bpl-subset/bpl_subset/boost/smart_ptr/shared_ptr.hpp:285:30: warning: ‘template<class> class std::auto_ptr’ is deprecated: use 'std::unique_ptr' instead [-Wdeprecated-declarations]
        285 |     explicit shared_ptr(std::auto_ptr<Y> & r): px(r.get()), pn()
            |                              ^~~~~~~~
      In file included from /usr/include/c++/11/memory:76,
                       from bpl-subset/bpl_subset/boost/config/no_tr1/memory.hpp:21,
                       from bpl-subset/bpl_subset/boost/get_pointer.hpp:12,
                       from bpl-subset/bpl_subset/boost/python/object/pointer_holder.hpp:11,
                       from bpl-subset/bpl_subset/boost/python/to_python_indirect.hpp:10,
                       from bpl-subset/bpl_subset/boost/python/converter/arg_to_python.hpp:10,
                       from bpl-subset/bpl_subset/boost/python/call.hpp:15,
                       from bpl-subset/bpl_subset/boost/python/object_core.hpp:14,
                       from bpl-subset/bpl_subset/boost/python/object.hpp:9,
                       from bpl-subset/bpl_subset/boost/python/slice.hpp:11,
                       from bpl-subset/bpl_subset/libs/python/src/slice.cpp:1:
      /usr/include/c++/11/bits/unique_ptr.h:57:28: note: declared here
         57 |   template<typename> class auto_ptr;
            |                            ^~~~~~~~
      In file included from bpl-subset/bpl_subset/boost/shared_ptr.hpp:17,
                       from bpl-subset/bpl_subset/boost/python/converter/shared_ptr_to_python.hpp:10,
                       from bpl-subset/bpl_subset/boost/python/converter/arg_to_python.hpp:15,
                       from bpl-subset/bpl_subset/boost/python/call.hpp:15,
                       from bpl-subset/bpl_subset/boost/python/object_core.hpp:14,
                       from bpl-subset/bpl_subset/boost/python/object.hpp:9,
                       from bpl-subset/bpl_subset/boost/python/slice.hpp:11,
                       from bpl-subset/bpl_subset/libs/python/src/slice.cpp:1:
      bpl-subset/bpl_subset/boost/smart_ptr/shared_ptr.hpp:329:34: warning: ‘template<class> class std::auto_ptr’ is deprecated: use 'std::unique_ptr' instead [-Wdeprecated-declarations]
        329 |     shared_ptr & operator=( std::auto_ptr<Y> & r )
            |                                  ^~~~~~~~
      In file included from /usr/include/c++/11/memory:76,
                       from bpl-subset/bpl_subset/boost/config/no_tr1/memory.hpp:21,
                       from bpl-subset/bpl_subset/boost/get_pointer.hpp:12,
                       from bpl-subset/bpl_subset/boost/python/object/pointer_holder.hpp:11,
                       from bpl-subset/bpl_subset/boost/python/to_python_indirect.hpp:10,
                       from bpl-subset/bpl_subset/boost/python/converter/arg_to_python.hpp:10,
                       from bpl-subset/bpl_subset/boost/python/call.hpp:15,
                       from bpl-subset/bpl_subset/boost/python/object_core.hpp:14,
                       from bpl-subset/bpl_subset/boost/python/object.hpp:9,
                       from bpl-subset/bpl_subset/boost/python/slice.hpp:11,
                       from bpl-subset/bpl_subset/libs/python/src/slice.cpp:1:
      /usr/include/c++/11/bits/unique_ptr.h:57:28: note: declared here
         57 |   template<typename> class auto_ptr;
            |                            ^~~~~~~~
      In file included from bpl-subset/bpl_subset/boost/python/detail/invoke.hpp:21,
                       from bpl-subset/bpl_subset/boost/python/detail/caller.hpp:16,
                       from bpl-subset/bpl_subset/boost/python/object/function_handle.hpp:8,
                       from bpl-subset/bpl_subset/boost/python/converter/arg_to_python.hpp:19,
                       from bpl-subset/bpl_subset/boost/python/call.hpp:15,
                       from bpl-subset/bpl_subset/boost/python/object_core.hpp:14,
                       from bpl-subset/bpl_subset/boost/python/object.hpp:9,
                       from bpl-subset/bpl_subset/boost/python/slice.hpp:11,
                       from bpl-subset/bpl_subset/libs/python/src/slice.cpp:1:
      bpl-subset/bpl_subset/boost/python/to_python_value.hpp: In member function ‘PyObject* pycudaboost::python::detail::registry_to_python_value<T>::operator()(pycudaboost::python::detail::registry_to_python_value<T>::argument_type) const’:
      bpl-subset/bpl_subset/boost/python/to_python_value.hpp:150:52: warning: typedef ‘r’ locally defined but not used [-Wunused-local-typedefs]
        150 |       typedef converter::registered<argument_type> r;
            |                                                    ^
      In file included from bpl-subset/bpl_subset/boost/python/object/function_handle.hpp:10,
                       from bpl-subset/bpl_subset/boost/python/converter/arg_to_python.hpp:19,
                       from bpl-subset/bpl_subset/boost/python/call.hpp:15,
                       from bpl-subset/bpl_subset/boost/python/object_core.hpp:14,
                       from bpl-subset/bpl_subset/boost/python/object.hpp:9,
                       from bpl-subset/bpl_subset/boost/python/slice.hpp:11,
                       from bpl-subset/bpl_subset/libs/python/src/slice.cpp:1:
      bpl-subset/bpl_subset/boost/python/object/py_function.hpp: At global scope:
      bpl-subset/bpl_subset/boost/python/object/py_function.hpp:167:18: warning: ‘template<class> class std::auto_ptr’ is deprecated: use 'std::unique_ptr' instead [-Wdeprecated-declarations]
        167 |     mutable std::auto_ptr<py_function_impl_base> m_impl;
            |                  ^~~~~~~~
      In file included from /usr/include/c++/11/memory:76,
                       from bpl-subset/bpl_subset/boost/config/no_tr1/memory.hpp:21,
                       from bpl-subset/bpl_subset/boost/get_pointer.hpp:12,
                       from bpl-subset/bpl_subset/boost/python/object/pointer_holder.hpp:11,
                       from bpl-subset/bpl_subset/boost/python/to_python_indirect.hpp:10,
                       from bpl-subset/bpl_subset/boost/python/converter/arg_to_python.hpp:10,
                       from bpl-subset/bpl_subset/boost/python/call.hpp:15,
                       from bpl-subset/bpl_subset/boost/python/object_core.hpp:14,
                       from bpl-subset/bpl_subset/boost/python/object.hpp:9,
                       from bpl-subset/bpl_subset/boost/python/slice.hpp:11,
                       from bpl-subset/bpl_subset/libs/python/src/slice.cpp:1:
      /usr/include/c++/11/bits/unique_ptr.h:57:28: note: declared here
         57 |   template<typename> class auto_ptr;
            |                            ^~~~~~~~
      aarch64-linux-gnu-g++ -Wno-unused-result -Wsign-compare -fwrapv -Wall -O3 -DNDEBUG -fPIC -DBOOST_ALL_NO_LIB=1 -DBOOST_THREAD_BUILD_DLL=1 -DBOOST_MULTI_INDEX_DISABLE_SERIALIZATION=1 -DBOOST_PYTHON_SOURCE=1 -Dboost=pycudaboost -DBOOST_THREAD_DONT_USE_CHRONO=1 -DPYGPU_PACKAGE=pycuda -DPYGPU_PYCUDA=1 -DHAVE_CURAND=1 -Isrc/cpp -Ibpl-subset/bpl_subset -I/tmp/pip-build-env-fkcjx5ad/overlay/local/lib/python3.10/dist-packages/numpy/_core/include -I/usr/include/python3.10 -c bpl-subset/bpl_subset/libs/python/src/str.cpp -o build/temp.linux-aarch64-cpython-310/bpl-subset/bpl_subset/libs/python/src/str.o
      In file included from bpl-subset/bpl_subset/boost/python/object/pointer_holder.hpp:11,
                       from bpl-subset/bpl_subset/boost/python/to_python_indirect.hpp:10,
                       from bpl-subset/bpl_subset/boost/python/converter/arg_to_python.hpp:10,
                       from bpl-subset/bpl_subset/boost/python/call.hpp:15,
                       from bpl-subset/bpl_subset/boost/python/object_core.hpp:14,
                       from bpl-subset/bpl_subset/boost/python/object.hpp:9,
                       from bpl-subset/bpl_subset/boost/python/str.hpp:10,
                       from bpl-subset/bpl_subset/libs/python/src/str.cpp:4:
      bpl-subset/bpl_subset/boost/get_pointer.hpp:25:40: warning: ‘template<class> class std::auto_ptr’ is deprecated: use 'std::unique_ptr' instead [-Wdeprecated-declarations]
         25 | template<class T> T * get_pointer(std::auto_ptr<T> const& p)
            |                                        ^~~~~~~~
      In file included from /usr/include/c++/11/memory:76,
                       from bpl-subset/bpl_subset/boost/config/no_tr1/memory.hpp:21,
                       from bpl-subset/bpl_subset/boost/get_pointer.hpp:12,
                       from bpl-subset/bpl_subset/boost/python/object/pointer_holder.hpp:11,
                       from bpl-subset/bpl_subset/boost/python/to_python_indirect.hpp:10,
                       from bpl-subset/bpl_subset/boost/python/converter/arg_to_python.hpp:10,
                       from bpl-subset/bpl_subset/boost/python/call.hpp:15,
                       from bpl-subset/bpl_subset/boost/python/object_core.hpp:14,
                       from bpl-subset/bpl_subset/boost/python/object.hpp:9,
                       from bpl-subset/bpl_subset/boost/python/str.hpp:10,
                       from bpl-subset/bpl_subset/libs/python/src/str.cpp:4:
      /usr/include/c++/11/bits/unique_ptr.h:57:28: note: declared here
         57 |   template<typename> class auto_ptr;
            |                            ^~~~~~~~
      In file included from bpl-subset/bpl_subset/boost/python/detail/is_xxx.hpp:8,
                       from bpl-subset/bpl_subset/boost/python/detail/is_auto_ptr.hpp:9,
                       from bpl-subset/bpl_subset/boost/python/detail/copy_ctor_mutates_rhs.hpp:8,
                       from bpl-subset/bpl_subset/boost/python/detail/value_arg.hpp:7,
                       from bpl-subset/bpl_subset/boost/python/object/forward.hpp:13,
                       from bpl-subset/bpl_subset/boost/python/object/pointer_holder.hpp:16,
                       from bpl-subset/bpl_subset/boost/python/to_python_indirect.hpp:10,
                       from bpl-subset/bpl_subset/boost/python/converter/arg_to_python.hpp:10,
                       from bpl-subset/bpl_subset/boost/python/call.hpp:15,
                       from bpl-subset/bpl_subset/boost/python/object_core.hpp:14,
                       from bpl-subset/bpl_subset/boost/python/object.hpp:9,
                       from bpl-subset/bpl_subset/boost/python/str.hpp:10,
                       from bpl-subset/bpl_subset/libs/python/src/str.cpp:4:
      bpl-subset/bpl_subset/boost/python/detail/is_auto_ptr.hpp:17:40: warning: ‘template<class> class std::auto_ptr’ is deprecated: use 'std::unique_ptr' instead [-Wdeprecated-declarations]
         17 | BOOST_PYTHON_IS_XXX_DEF(auto_ptr, std::auto_ptr, 1)
            |                                        ^~~~~~~~
      bpl-subset/bpl_subset/boost/detail/is_xxx.hpp:53:4: note: in definition of macro ‘BOOST_DETAIL_IS_XXX_DEF’
         53 |    qualified_name< BOOST_PP_ENUM_PARAMS_Z(1, nargs, T) >        \
            |    ^~~~~~~~~~~~~~
      bpl-subset/bpl_subset/boost/python/detail/is_auto_ptr.hpp:17:1: note: in expansion of macro ‘BOOST_PYTHON_IS_XXX_DEF’
         17 | BOOST_PYTHON_IS_XXX_DEF(auto_ptr, std::auto_ptr, 1)
            | ^~~~~~~~~~~~~~~~~~~~~~~
      In file included from /usr/include/c++/11/memory:76,
                       from bpl-subset/bpl_subset/boost/config/no_tr1/memory.hpp:21,
                       from bpl-subset/bpl_subset/boost/get_pointer.hpp:12,
                       from bpl-subset/bpl_subset/boost/python/object/pointer_holder.hpp:11,
                       from bpl-subset/bpl_subset/boost/python/to_python_indirect.hpp:10,
                       from bpl-subset/bpl_subset/boost/python/converter/arg_to_python.hpp:10,
                       from bpl-subset/bpl_subset/boost/python/call.hpp:15,
                       from bpl-subset/bpl_subset/boost/python/object_core.hpp:14,
                       from bpl-subset/bpl_subset/boost/python/object.hpp:9,
                       from bpl-subset/bpl_subset/boost/python/str.hpp:10,
                       from bpl-subset/bpl_subset/libs/python/src/str.cpp:4:
      /usr/include/c++/11/bits/unique_ptr.h:57:28: note: declared here
         57 |   template<typename> class auto_ptr;
            |                            ^~~~~~~~
      In file included from bpl-subset/bpl_subset/boost/mpl/aux_/na_assert.hpp:23,
                       from bpl-subset/bpl_subset/boost/mpl/arg.hpp:25,
                       from bpl-subset/bpl_subset/boost/mpl/placeholders.hpp:24,
                       from bpl-subset/bpl_subset/boost/mpl/apply.hpp:24,
                       from bpl-subset/bpl_subset/boost/python/object/pointer_holder.hpp:27,
                       from bpl-subset/bpl_subset/boost/python/to_python_indirect.hpp:10,
                       from bpl-subset/bpl_subset/boost/python/converter/arg_to_python.hpp:10,
                       from bpl-subset/bpl_subset/boost/python/call.hpp:15,
                       from bpl-subset/bpl_subset/boost/python/object_core.hpp:14,
                       from bpl-subset/bpl_subset/boost/python/object.hpp:9,
                       from bpl-subset/bpl_subset/boost/python/str.hpp:10,
                       from bpl-subset/bpl_subset/libs/python/src/str.cpp:4:
      bpl-subset/bpl_subset/boost/mpl/assert.hpp:154:21: warning: unnecessary parentheses in declaration of ‘assert_arg’ [-Wparentheses]
        154 | failed ************ (Pred::************
            |                     ^~~~~~~~~~~~~~~~~~~
        155 |       assert_arg( void (*)(Pred), typename assert_arg_pred<Pred>::type )
            |       ~~~~~~~~~~~~~~~~~~~~~~~~~~~~~~~~~~~~~~~~~~~~~~~~~~~~~~~~~~~~~~~~~~
        156 |     );
            |     ~
      bpl-subset/bpl_subset/boost/mpl/assert.hpp:154:21: note: remove parentheses
        154 | failed ************ (Pred::************
            |                     ^~~~~~~~~~~~~~~~~~~
            |                     -
        155 |       assert_arg( void (*)(Pred), typename assert_arg_pred<Pred>::type )
            |       ~~~~~~~~~~~~~~~~~~~~~~~~~~~~~~~~~~~~~~~~~~~~~~~~~~~~~~~~~~~~~~~~~~
        156 |     );
            |     ~
            |     -
      bpl-subset/bpl_subset/boost/mpl/assert.hpp:159:21: warning: unnecessary parentheses in declaration of ‘assert_not_arg’ [-Wparentheses]
        159 | failed ************ (boost::mpl::not_<Pred>::************
            |                     ^~~~~~~~~~~~~~~~~~~~~~~~~~~~~~~~~~~~~
        160 |       assert_not_arg( void (*)(Pred), typename assert_arg_pred_not<Pred>::type )
            |       ~~~~~~~~~~~~~~~~~~~~~~~~~~~~~~~~~~~~~~~~~~~~~~~~~~~~~~~~~~~~~~~~~~~~~~~~~~
        161 |     );
            |     ~
      bpl-subset/bpl_subset/boost/mpl/assert.hpp:159:21: note: remove parentheses
        159 | failed ************ (boost::mpl::not_<Pred>::************
            |                     ^~~~~~~~~~~~~~~~~~~~~~~~~~~~~~~~~~~~~
            |                     -
        160 |       assert_not_arg( void (*)(Pred), typename assert_arg_pred_not<Pred>::type )
            |       ~~~~~~~~~~~~~~~~~~~~~~~~~~~~~~~~~~~~~~~~~~~~~~~~~~~~~~~~~~~~~~~~~~~~~~~~~~
        161 |     );
            |     ~
            |     -
      In file included from bpl-subset/bpl_subset/boost/python/refcount.hpp:9,
                       from bpl-subset/bpl_subset/boost/python/to_python_indirect.hpp:19,
                       from bpl-subset/bpl_subset/boost/python/converter/arg_to_python.hpp:10,
                       from bpl-subset/bpl_subset/boost/python/call.hpp:15,
                       from bpl-subset/bpl_subset/boost/python/object_core.hpp:14,
                       from bpl-subset/bpl_subset/boost/python/object.hpp:9,
                       from bpl-subset/bpl_subset/boost/python/str.hpp:10,
                       from bpl-subset/bpl_subset/libs/python/src/str.cpp:4:
      bpl-subset/bpl_subset/boost/python/cast.hpp: In function ‘void pycudaboost::python::detail::assert_castable(pycudaboost::type<T>*)’:
      bpl-subset/bpl_subset/boost/python/cast.hpp:73:20: warning: typedef ‘must_be_a_complete_type’ locally defined but not used [-Wunused-local-typedefs]
         73 |       typedef char must_be_a_complete_type[sizeof(T)];
            |                    ^~~~~~~~~~~~~~~~~~~~~~~
      In file included from bpl-subset/bpl_subset/boost/python/converter/arg_to_python.hpp:10,
                       from bpl-subset/bpl_subset/boost/python/call.hpp:15,
                       from bpl-subset/bpl_subset/boost/python/object_core.hpp:14,
                       from bpl-subset/bpl_subset/boost/python/object.hpp:9,
                       from bpl-subset/bpl_subset/boost/python/str.hpp:10,
                       from bpl-subset/bpl_subset/libs/python/src/str.cpp:4:
      bpl-subset/bpl_subset/boost/python/to_python_indirect.hpp: In static member function ‘static PyObject* pycudaboost::python::detail::make_owning_holder::execute(T*)’:
      bpl-subset/bpl_subset/boost/python/to_python_indirect.hpp:90:24: warning: ‘template<class> class std::auto_ptr’ is deprecated: use 'std::unique_ptr' instead [-Wdeprecated-declarations]
         90 |           typedef std::auto_ptr<T> smart_pointer;
            |                        ^~~~~~~~
      In file included from /usr/include/c++/11/memory:76,
                       from bpl-subset/bpl_subset/boost/config/no_tr1/memory.hpp:21,
                       from bpl-subset/bpl_subset/boost/get_pointer.hpp:12,
                       from bpl-subset/bpl_subset/boost/python/object/pointer_holder.hpp:11,
                       from bpl-subset/bpl_subset/boost/python/to_python_indirect.hpp:10,
                       from bpl-subset/bpl_subset/boost/python/converter/arg_to_python.hpp:10,
                       from bpl-subset/bpl_subset/boost/python/call.hpp:15,
                       from bpl-subset/bpl_subset/boost/python/object_core.hpp:14,
                       from bpl-subset/bpl_subset/boost/python/object.hpp:9,
                       from bpl-subset/bpl_subset/boost/python/str.hpp:10,
                       from bpl-subset/bpl_subset/libs/python/src/str.cpp:4:
      /usr/include/c++/11/bits/unique_ptr.h:57:28: note: declared here
         57 |   template<typename> class auto_ptr;
            |                            ^~~~~~~~
      In file included from bpl-subset/bpl_subset/boost/smart_ptr/shared_ptr.hpp:32,
                       from bpl-subset/bpl_subset/boost/shared_ptr.hpp:17,
                       from bpl-subset/bpl_subset/boost/python/converter/shared_ptr_to_python.hpp:10,
                       from bpl-subset/bpl_subset/boost/python/converter/arg_to_python.hpp:15,
                       from bpl-subset/bpl_subset/boost/python/call.hpp:15,
                       from bpl-subset/bpl_subset/boost/python/object_core.hpp:14,
                       from bpl-subset/bpl_subset/boost/python/object.hpp:9,
                       from bpl-subset/bpl_subset/boost/python/str.hpp:10,
                       from bpl-subset/bpl_subset/libs/python/src/str.cpp:4:
      bpl-subset/bpl_subset/boost/smart_ptr/detail/shared_count.hpp: At global scope:
      bpl-subset/bpl_subset/boost/smart_ptr/detail/shared_count.hpp:284:33: warning: ‘template<class> class std::auto_ptr’ is deprecated: use 'std::unique_ptr' instead [-Wdeprecated-declarations]
        284 |     explicit shared_count( std::auto_ptr<Y> & r ): pi_( new sp_counted_impl_p<Y>( r.get() ) )
            |                                 ^~~~~~~~
      In file included from /usr/include/c++/11/memory:76,
                       from bpl-subset/bpl_subset/boost/config/no_tr1/memory.hpp:21,
                       from bpl-subset/bpl_subset/boost/get_pointer.hpp:12,
                       from bpl-subset/bpl_subset/boost/python/object/pointer_holder.hpp:11,
                       from bpl-subset/bpl_subset/boost/python/to_python_indirect.hpp:10,
                       from bpl-subset/bpl_subset/boost/python/converter/arg_to_python.hpp:10,
                       from bpl-subset/bpl_subset/boost/python/call.hpp:15,
                       from bpl-subset/bpl_subset/boost/python/object_core.hpp:14,
                       from bpl-subset/bpl_subset/boost/python/object.hpp:9,
                       from bpl-subset/bpl_subset/boost/python/str.hpp:10,
                       from bpl-subset/bpl_subset/libs/python/src/str.cpp:4:
      /usr/include/c++/11/bits/unique_ptr.h:57:28: note: declared here
         57 |   template<typename> class auto_ptr;
            |                            ^~~~~~~~
      In file included from bpl-subset/bpl_subset/boost/shared_ptr.hpp:17,
                       from bpl-subset/bpl_subset/boost/python/converter/shared_ptr_to_python.hpp:10,
                       from bpl-subset/bpl_subset/boost/python/converter/arg_to_python.hpp:15,
                       from bpl-subset/bpl_subset/boost/python/call.hpp:15,
                       from bpl-subset/bpl_subset/boost/python/object_core.hpp:14,
                       from bpl-subset/bpl_subset/boost/python/object.hpp:9,
                       from bpl-subset/bpl_subset/boost/python/str.hpp:10,
                       from bpl-subset/bpl_subset/libs/python/src/str.cpp:4:
      bpl-subset/bpl_subset/boost/smart_ptr/shared_ptr.hpp:146:65: warning: ‘template<class> class std::auto_ptr’ is deprecated: use 'std::unique_ptr' instead [-Wdeprecated-declarations]
        146 | template< class T, class R > struct sp_enable_if_auto_ptr< std::auto_ptr< T >, R >
            |                                                                 ^~~~~~~~
      In file included from /usr/include/c++/11/memory:76,
                       from bpl-subset/bpl_subset/boost/config/no_tr1/memory.hpp:21,
                       from bpl-subset/bpl_subset/boost/get_pointer.hpp:12,
                       from bpl-subset/bpl_subset/boost/python/object/pointer_holder.hpp:11,
                       from bpl-subset/bpl_subset/boost/python/to_python_indirect.hpp:10,
                       from bpl-subset/bpl_subset/boost/python/converter/arg_to_python.hpp:10,
                       from bpl-subset/bpl_subset/boost/python/call.hpp:15,
                       from bpl-subset/bpl_subset/boost/python/object_core.hpp:14,
                       from bpl-subset/bpl_subset/boost/python/object.hpp:9,
                       from bpl-subset/bpl_subset/boost/python/str.hpp:10,
                       from bpl-subset/bpl_subset/libs/python/src/str.cpp:4:
      /usr/include/c++/11/bits/unique_ptr.h:57:28: note: declared here
         57 |   template<typename> class auto_ptr;
            |                            ^~~~~~~~
      In file included from bpl-subset/bpl_subset/boost/shared_ptr.hpp:17,
                       from bpl-subset/bpl_subset/boost/python/converter/shared_ptr_to_python.hpp:10,
                       from bpl-subset/bpl_subset/boost/python/converter/arg_to_python.hpp:15,
                       from bpl-subset/bpl_subset/boost/python/call.hpp:15,
                       from bpl-subset/bpl_subset/boost/python/object_core.hpp:14,
                       from bpl-subset/bpl_subset/boost/python/object.hpp:9,
                       from bpl-subset/bpl_subset/boost/python/str.hpp:10,
                       from bpl-subset/bpl_subset/libs/python/src/str.cpp:4:
      bpl-subset/bpl_subset/boost/smart_ptr/shared_ptr.hpp:285:30: warning: ‘template<class> class std::auto_ptr’ is deprecated: use 'std::unique_ptr' instead [-Wdeprecated-declarations]
        285 |     explicit shared_ptr(std::auto_ptr<Y> & r): px(r.get()), pn()
            |                              ^~~~~~~~
      In file included from /usr/include/c++/11/memory:76,
                       from bpl-subset/bpl_subset/boost/config/no_tr1/memory.hpp:21,
                       from bpl-subset/bpl_subset/boost/get_pointer.hpp:12,
                       from bpl-subset/bpl_subset/boost/python/object/pointer_holder.hpp:11,
                       from bpl-subset/bpl_subset/boost/python/to_python_indirect.hpp:10,
                       from bpl-subset/bpl_subset/boost/python/converter/arg_to_python.hpp:10,
                       from bpl-subset/bpl_subset/boost/python/call.hpp:15,
                       from bpl-subset/bpl_subset/boost/python/object_core.hpp:14,
                       from bpl-subset/bpl_subset/boost/python/object.hpp:9,
                       from bpl-subset/bpl_subset/boost/python/str.hpp:10,
                       from bpl-subset/bpl_subset/libs/python/src/str.cpp:4:
      /usr/include/c++/11/bits/unique_ptr.h:57:28: note: declared here
         57 |   template<typename> class auto_ptr;
            |                            ^~~~~~~~
      In file included from bpl-subset/bpl_subset/boost/shared_ptr.hpp:17,
                       from bpl-subset/bpl_subset/boost/python/converter/shared_ptr_to_python.hpp:10,
                       from bpl-subset/bpl_subset/boost/python/converter/arg_to_python.hpp:15,
                       from bpl-subset/bpl_subset/boost/python/call.hpp:15,
                       from bpl-subset/bpl_subset/boost/python/object_core.hpp:14,
                       from bpl-subset/bpl_subset/boost/python/object.hpp:9,
                       from bpl-subset/bpl_subset/boost/python/str.hpp:10,
                       from bpl-subset/bpl_subset/libs/python/src/str.cpp:4:
      bpl-subset/bpl_subset/boost/smart_ptr/shared_ptr.hpp:329:34: warning: ‘template<class> class std::auto_ptr’ is deprecated: use 'std::unique_ptr' instead [-Wdeprecated-declarations]
        329 |     shared_ptr & operator=( std::auto_ptr<Y> & r )
            |                                  ^~~~~~~~
      In file included from /usr/include/c++/11/memory:76,
                       from bpl-subset/bpl_subset/boost/config/no_tr1/memory.hpp:21,
                       from bpl-subset/bpl_subset/boost/get_pointer.hpp:12,
                       from bpl-subset/bpl_subset/boost/python/object/pointer_holder.hpp:11,
                       from bpl-subset/bpl_subset/boost/python/to_python_indirect.hpp:10,
                       from bpl-subset/bpl_subset/boost/python/converter/arg_to_python.hpp:10,
                       from bpl-subset/bpl_subset/boost/python/call.hpp:15,
                       from bpl-subset/bpl_subset/boost/python/object_core.hpp:14,
                       from bpl-subset/bpl_subset/boost/python/object.hpp:9,
                       from bpl-subset/bpl_subset/boost/python/str.hpp:10,
                       from bpl-subset/bpl_subset/libs/python/src/str.cpp:4:
      /usr/include/c++/11/bits/unique_ptr.h:57:28: note: declared here
         57 |   template<typename> class auto_ptr;
            |                            ^~~~~~~~
      In file included from bpl-subset/bpl_subset/boost/python/detail/invoke.hpp:21,
                       from bpl-subset/bpl_subset/boost/python/detail/caller.hpp:16,
                       from bpl-subset/bpl_subset/boost/python/object/function_handle.hpp:8,
                       from bpl-subset/bpl_subset/boost/python/converter/arg_to_python.hpp:19,
                       from bpl-subset/bpl_subset/boost/python/call.hpp:15,
                       from bpl-subset/bpl_subset/boost/python/object_core.hpp:14,
                       from bpl-subset/bpl_subset/boost/python/object.hpp:9,
                       from bpl-subset/bpl_subset/boost/python/str.hpp:10,
                       from bpl-subset/bpl_subset/libs/python/src/str.cpp:4:
      bpl-subset/bpl_subset/boost/python/to_python_value.hpp: In member function ‘PyObject* pycudaboost::python::detail::registry_to_python_value<T>::operator()(pycudaboost::python::detail::registry_to_python_value<T>::argument_type) const’:
      bpl-subset/bpl_subset/boost/python/to_python_value.hpp:150:52: warning: typedef ‘r’ locally defined but not used [-Wunused-local-typedefs]
        150 |       typedef converter::registered<argument_type> r;
            |                                                    ^
      In file included from bpl-subset/bpl_subset/boost/python/object/function_handle.hpp:10,
                       from bpl-subset/bpl_subset/boost/python/converter/arg_to_python.hpp:19,
                       from bpl-subset/bpl_subset/boost/python/call.hpp:15,
                       from bpl-subset/bpl_subset/boost/python/object_core.hpp:14,
                       from bpl-subset/bpl_subset/boost/python/object.hpp:9,
                       from bpl-subset/bpl_subset/boost/python/str.hpp:10,
                       from bpl-subset/bpl_subset/libs/python/src/str.cpp:4:
      bpl-subset/bpl_subset/boost/python/object/py_function.hpp: At global scope:
      bpl-subset/bpl_subset/boost/python/object/py_function.hpp:167:18: warning: ‘template<class> class std::auto_ptr’ is deprecated: use 'std::unique_ptr' instead [-Wdeprecated-declarations]
        167 |     mutable std::auto_ptr<py_function_impl_base> m_impl;
            |                  ^~~~~~~~
      In file included from /usr/include/c++/11/memory:76,
                       from bpl-subset/bpl_subset/boost/config/no_tr1/memory.hpp:21,
                       from bpl-subset/bpl_subset/boost/get_pointer.hpp:12,
                       from bpl-subset/bpl_subset/boost/python/object/pointer_holder.hpp:11,
                       from bpl-subset/bpl_subset/boost/python/to_python_indirect.hpp:10,
                       from bpl-subset/bpl_subset/boost/python/converter/arg_to_python.hpp:10,
                       from bpl-subset/bpl_subset/boost/python/call.hpp:15,
                       from bpl-subset/bpl_subset/boost/python/object_core.hpp:14,
                       from bpl-subset/bpl_subset/boost/python/object.hpp:9,
                       from bpl-subset/bpl_subset/boost/python/str.hpp:10,
                       from bpl-subset/bpl_subset/libs/python/src/str.cpp:4:
      /usr/include/c++/11/bits/unique_ptr.h:57:28: note: declared here
         57 |   template<typename> class auto_ptr;
            |                            ^~~~~~~~
      aarch64-linux-gnu-g++ -Wno-unused-result -Wsign-compare -fwrapv -Wall -O3 -DNDEBUG -fPIC -DBOOST_ALL_NO_LIB=1 -DBOOST_THREAD_BUILD_DLL=1 -DBOOST_MULTI_INDEX_DISABLE_SERIALIZATION=1 -DBOOST_PYTHON_SOURCE=1 -Dboost=pycudaboost -DBOOST_THREAD_DONT_USE_CHRONO=1 -DPYGPU_PACKAGE=pycuda -DPYGPU_PYCUDA=1 -DHAVE_CURAND=1 -Isrc/cpp -Ibpl-subset/bpl_subset -I/tmp/pip-build-env-fkcjx5ad/overlay/local/lib/python3.10/dist-packages/numpy/_core/include -I/usr/include/python3.10 -c bpl-subset/bpl_subset/libs/python/src/tuple.cpp -o build/temp.linux-aarch64-cpython-310/bpl-subset/bpl_subset/libs/python/src/tuple.o
      In file included from bpl-subset/bpl_subset/boost/python/object/pointer_holder.hpp:11,
                       from bpl-subset/bpl_subset/boost/python/to_python_indirect.hpp:10,
                       from bpl-subset/bpl_subset/boost/python/converter/arg_to_python.hpp:10,
                       from bpl-subset/bpl_subset/boost/python/call.hpp:15,
                       from bpl-subset/bpl_subset/boost/python/object_core.hpp:14,
                       from bpl-subset/bpl_subset/boost/python/object.hpp:9,
                       from bpl-subset/bpl_subset/boost/python/tuple.hpp:10,
                       from bpl-subset/bpl_subset/libs/python/src/tuple.cpp:5:
      bpl-subset/bpl_subset/boost/get_pointer.hpp:25:40: warning: ‘template<class> class std::auto_ptr’ is deprecated: use 'std::unique_ptr' instead [-Wdeprecated-declarations]
         25 | template<class T> T * get_pointer(std::auto_ptr<T> const& p)
            |                                        ^~~~~~~~
      In file included from /usr/include/c++/11/memory:76,
                       from bpl-subset/bpl_subset/boost/config/no_tr1/memory.hpp:21,
                       from bpl-subset/bpl_subset/boost/get_pointer.hpp:12,
                       from bpl-subset/bpl_subset/boost/python/object/pointer_holder.hpp:11,
                       from bpl-subset/bpl_subset/boost/python/to_python_indirect.hpp:10,
                       from bpl-subset/bpl_subset/boost/python/converter/arg_to_python.hpp:10,
                       from bpl-subset/bpl_subset/boost/python/call.hpp:15,
                       from bpl-subset/bpl_subset/boost/python/object_core.hpp:14,
                       from bpl-subset/bpl_subset/boost/python/object.hpp:9,
                       from bpl-subset/bpl_subset/boost/python/tuple.hpp:10,
                       from bpl-subset/bpl_subset/libs/python/src/tuple.cpp:5:
      /usr/include/c++/11/bits/unique_ptr.h:57:28: note: declared here
         57 |   template<typename> class auto_ptr;
            |                            ^~~~~~~~
      In file included from bpl-subset/bpl_subset/boost/python/detail/is_xxx.hpp:8,
                       from bpl-subset/bpl_subset/boost/python/detail/is_auto_ptr.hpp:9,
                       from bpl-subset/bpl_subset/boost/python/detail/copy_ctor_mutates_rhs.hpp:8,
                       from bpl-subset/bpl_subset/boost/python/detail/value_arg.hpp:7,
                       from bpl-subset/bpl_subset/boost/python/object/forward.hpp:13,
                       from bpl-subset/bpl_subset/boost/python/object/pointer_holder.hpp:16,
                       from bpl-subset/bpl_subset/boost/python/to_python_indirect.hpp:10,
                       from bpl-subset/bpl_subset/boost/python/converter/arg_to_python.hpp:10,
                       from bpl-subset/bpl_subset/boost/python/call.hpp:15,
                       from bpl-subset/bpl_subset/boost/python/object_core.hpp:14,
                       from bpl-subset/bpl_subset/boost/python/object.hpp:9,
                       from bpl-subset/bpl_subset/boost/python/tuple.hpp:10,
                       from bpl-subset/bpl_subset/libs/python/src/tuple.cpp:5:
      bpl-subset/bpl_subset/boost/python/detail/is_auto_ptr.hpp:17:40: warning: ‘template<class> class std::auto_ptr’ is deprecated: use 'std::unique_ptr' instead [-Wdeprecated-declarations]
         17 | BOOST_PYTHON_IS_XXX_DEF(auto_ptr, std::auto_ptr, 1)
            |                                        ^~~~~~~~
      bpl-subset/bpl_subset/boost/detail/is_xxx.hpp:53:4: note: in definition of macro ‘BOOST_DETAIL_IS_XXX_DEF’
         53 |    qualified_name< BOOST_PP_ENUM_PARAMS_Z(1, nargs, T) >        \
            |    ^~~~~~~~~~~~~~
      bpl-subset/bpl_subset/boost/python/detail/is_auto_ptr.hpp:17:1: note: in expansion of macro ‘BOOST_PYTHON_IS_XXX_DEF’
         17 | BOOST_PYTHON_IS_XXX_DEF(auto_ptr, std::auto_ptr, 1)
            | ^~~~~~~~~~~~~~~~~~~~~~~
      In file included from /usr/include/c++/11/memory:76,
                       from bpl-subset/bpl_subset/boost/config/no_tr1/memory.hpp:21,
                       from bpl-subset/bpl_subset/boost/get_pointer.hpp:12,
                       from bpl-subset/bpl_subset/boost/python/object/pointer_holder.hpp:11,
                       from bpl-subset/bpl_subset/boost/python/to_python_indirect.hpp:10,
                       from bpl-subset/bpl_subset/boost/python/converter/arg_to_python.hpp:10,
                       from bpl-subset/bpl_subset/boost/python/call.hpp:15,
                       from bpl-subset/bpl_subset/boost/python/object_core.hpp:14,
                       from bpl-subset/bpl_subset/boost/python/object.hpp:9,
                       from bpl-subset/bpl_subset/boost/python/tuple.hpp:10,
                       from bpl-subset/bpl_subset/libs/python/src/tuple.cpp:5:
      /usr/include/c++/11/bits/unique_ptr.h:57:28: note: declared here
         57 |   template<typename> class auto_ptr;
            |                            ^~~~~~~~
      In file included from bpl-subset/bpl_subset/boost/mpl/aux_/na_assert.hpp:23,
                       from bpl-subset/bpl_subset/boost/mpl/arg.hpp:25,
                       from bpl-subset/bpl_subset/boost/mpl/placeholders.hpp:24,
                       from bpl-subset/bpl_subset/boost/mpl/apply.hpp:24,
                       from bpl-subset/bpl_subset/boost/python/object/pointer_holder.hpp:27,
                       from bpl-subset/bpl_subset/boost/python/to_python_indirect.hpp:10,
                       from bpl-subset/bpl_subset/boost/python/converter/arg_to_python.hpp:10,
                       from bpl-subset/bpl_subset/boost/python/call.hpp:15,
                       from bpl-subset/bpl_subset/boost/python/object_core.hpp:14,
                       from bpl-subset/bpl_subset/boost/python/object.hpp:9,
                       from bpl-subset/bpl_subset/boost/python/tuple.hpp:10,
                       from bpl-subset/bpl_subset/libs/python/src/tuple.cpp:5:
      bpl-subset/bpl_subset/boost/mpl/assert.hpp:154:21: warning: unnecessary parentheses in declaration of ‘assert_arg’ [-Wparentheses]
        154 | failed ************ (Pred::************
            |                     ^~~~~~~~~~~~~~~~~~~
        155 |       assert_arg( void (*)(Pred), typename assert_arg_pred<Pred>::type )
            |       ~~~~~~~~~~~~~~~~~~~~~~~~~~~~~~~~~~~~~~~~~~~~~~~~~~~~~~~~~~~~~~~~~~
        156 |     );
            |     ~
      bpl-subset/bpl_subset/boost/mpl/assert.hpp:154:21: note: remove parentheses
        154 | failed ************ (Pred::************
            |                     ^~~~~~~~~~~~~~~~~~~
            |                     -
        155 |       assert_arg( void (*)(Pred), typename assert_arg_pred<Pred>::type )
            |       ~~~~~~~~~~~~~~~~~~~~~~~~~~~~~~~~~~~~~~~~~~~~~~~~~~~~~~~~~~~~~~~~~~
        156 |     );
            |     ~
            |     -
      bpl-subset/bpl_subset/boost/mpl/assert.hpp:159:21: warning: unnecessary parentheses in declaration of ‘assert_not_arg’ [-Wparentheses]
        159 | failed ************ (boost::mpl::not_<Pred>::************
            |                     ^~~~~~~~~~~~~~~~~~~~~~~~~~~~~~~~~~~~~
        160 |       assert_not_arg( void (*)(Pred), typename assert_arg_pred_not<Pred>::type )
            |       ~~~~~~~~~~~~~~~~~~~~~~~~~~~~~~~~~~~~~~~~~~~~~~~~~~~~~~~~~~~~~~~~~~~~~~~~~~
        161 |     );
            |     ~
      bpl-subset/bpl_subset/boost/mpl/assert.hpp:159:21: note: remove parentheses
        159 | failed ************ (boost::mpl::not_<Pred>::************
            |                     ^~~~~~~~~~~~~~~~~~~~~~~~~~~~~~~~~~~~~
            |                     -
        160 |       assert_not_arg( void (*)(Pred), typename assert_arg_pred_not<Pred>::type )
            |       ~~~~~~~~~~~~~~~~~~~~~~~~~~~~~~~~~~~~~~~~~~~~~~~~~~~~~~~~~~~~~~~~~~~~~~~~~~
        161 |     );
            |     ~
            |     -
      In file included from bpl-subset/bpl_subset/boost/python/refcount.hpp:9,
                       from bpl-subset/bpl_subset/boost/python/to_python_indirect.hpp:19,
                       from bpl-subset/bpl_subset/boost/python/converter/arg_to_python.hpp:10,
                       from bpl-subset/bpl_subset/boost/python/call.hpp:15,
                       from bpl-subset/bpl_subset/boost/python/object_core.hpp:14,
                       from bpl-subset/bpl_subset/boost/python/object.hpp:9,
                       from bpl-subset/bpl_subset/boost/python/tuple.hpp:10,
                       from bpl-subset/bpl_subset/libs/python/src/tuple.cpp:5:
      bpl-subset/bpl_subset/boost/python/cast.hpp: In function ‘void pycudaboost::python::detail::assert_castable(pycudaboost::type<T>*)’:
      bpl-subset/bpl_subset/boost/python/cast.hpp:73:20: warning: typedef ‘must_be_a_complete_type’ locally defined but not used [-Wunused-local-typedefs]
         73 |       typedef char must_be_a_complete_type[sizeof(T)];
            |                    ^~~~~~~~~~~~~~~~~~~~~~~
      In file included from bpl-subset/bpl_subset/boost/python/converter/arg_to_python.hpp:10,
                       from bpl-subset/bpl_subset/boost/python/call.hpp:15,
                       from bpl-subset/bpl_subset/boost/python/object_core.hpp:14,
                       from bpl-subset/bpl_subset/boost/python/object.hpp:9,
                       from bpl-subset/bpl_subset/boost/python/tuple.hpp:10,
                       from bpl-subset/bpl_subset/libs/python/src/tuple.cpp:5:
      bpl-subset/bpl_subset/boost/python/to_python_indirect.hpp: In static member function ‘static PyObject* pycudaboost::python::detail::make_owning_holder::execute(T*)’:
      bpl-subset/bpl_subset/boost/python/to_python_indirect.hpp:90:24: warning: ‘template<class> class std::auto_ptr’ is deprecated: use 'std::unique_ptr' instead [-Wdeprecated-declarations]
         90 |           typedef std::auto_ptr<T> smart_pointer;
            |                        ^~~~~~~~
      In file included from /usr/include/c++/11/memory:76,
                       from bpl-subset/bpl_subset/boost/config/no_tr1/memory.hpp:21,
                       from bpl-subset/bpl_subset/boost/get_pointer.hpp:12,
                       from bpl-subset/bpl_subset/boost/python/object/pointer_holder.hpp:11,
                       from bpl-subset/bpl_subset/boost/python/to_python_indirect.hpp:10,
                       from bpl-subset/bpl_subset/boost/python/converter/arg_to_python.hpp:10,
                       from bpl-subset/bpl_subset/boost/python/call.hpp:15,
                       from bpl-subset/bpl_subset/boost/python/object_core.hpp:14,
                       from bpl-subset/bpl_subset/boost/python/object.hpp:9,
                       from bpl-subset/bpl_subset/boost/python/tuple.hpp:10,
                       from bpl-subset/bpl_subset/libs/python/src/tuple.cpp:5:
      /usr/include/c++/11/bits/unique_ptr.h:57:28: note: declared here
         57 |   template<typename> class auto_ptr;
            |                            ^~~~~~~~
      In file included from bpl-subset/bpl_subset/boost/smart_ptr/shared_ptr.hpp:32,
                       from bpl-subset/bpl_subset/boost/shared_ptr.hpp:17,
                       from bpl-subset/bpl_subset/boost/python/converter/shared_ptr_to_python.hpp:10,
                       from bpl-subset/bpl_subset/boost/python/converter/arg_to_python.hpp:15,
                       from bpl-subset/bpl_subset/boost/python/call.hpp:15,
                       from bpl-subset/bpl_subset/boost/python/object_core.hpp:14,
                       from bpl-subset/bpl_subset/boost/python/object.hpp:9,
                       from bpl-subset/bpl_subset/boost/python/tuple.hpp:10,
                       from bpl-subset/bpl_subset/libs/python/src/tuple.cpp:5:
      bpl-subset/bpl_subset/boost/smart_ptr/detail/shared_count.hpp: At global scope:
      bpl-subset/bpl_subset/boost/smart_ptr/detail/shared_count.hpp:284:33: warning: ‘template<class> class std::auto_ptr’ is deprecated: use 'std::unique_ptr' instead [-Wdeprecated-declarations]
        284 |     explicit shared_count( std::auto_ptr<Y> & r ): pi_( new sp_counted_impl_p<Y>( r.get() ) )
            |                                 ^~~~~~~~
      In file included from /usr/include/c++/11/memory:76,
                       from bpl-subset/bpl_subset/boost/config/no_tr1/memory.hpp:21,
                       from bpl-subset/bpl_subset/boost/get_pointer.hpp:12,
                       from bpl-subset/bpl_subset/boost/python/object/pointer_holder.hpp:11,
                       from bpl-subset/bpl_subset/boost/python/to_python_indirect.hpp:10,
                       from bpl-subset/bpl_subset/boost/python/converter/arg_to_python.hpp:10,
                       from bpl-subset/bpl_subset/boost/python/call.hpp:15,
                       from bpl-subset/bpl_subset/boost/python/object_core.hpp:14,
                       from bpl-subset/bpl_subset/boost/python/object.hpp:9,
                       from bpl-subset/bpl_subset/boost/python/tuple.hpp:10,
                       from bpl-subset/bpl_subset/libs/python/src/tuple.cpp:5:
      /usr/include/c++/11/bits/unique_ptr.h:57:28: note: declared here
         57 |   template<typename> class auto_ptr;
            |                            ^~~~~~~~
      In file included from bpl-subset/bpl_subset/boost/shared_ptr.hpp:17,
                       from bpl-subset/bpl_subset/boost/python/converter/shared_ptr_to_python.hpp:10,
                       from bpl-subset/bpl_subset/boost/python/converter/arg_to_python.hpp:15,
                       from bpl-subset/bpl_subset/boost/python/call.hpp:15,
                       from bpl-subset/bpl_subset/boost/python/object_core.hpp:14,
                       from bpl-subset/bpl_subset/boost/python/object.hpp:9,
                       from bpl-subset/bpl_subset/boost/python/tuple.hpp:10,
                       from bpl-subset/bpl_subset/libs/python/src/tuple.cpp:5:
      bpl-subset/bpl_subset/boost/smart_ptr/shared_ptr.hpp:146:65: warning: ‘template<class> class std::auto_ptr’ is deprecated: use 'std::unique_ptr' instead [-Wdeprecated-declarations]
        146 | template< class T, class R > struct sp_enable_if_auto_ptr< std::auto_ptr< T >, R >
            |                                                                 ^~~~~~~~
      In file included from /usr/include/c++/11/memory:76,
                       from bpl-subset/bpl_subset/boost/config/no_tr1/memory.hpp:21,
                       from bpl-subset/bpl_subset/boost/get_pointer.hpp:12,
                       from bpl-subset/bpl_subset/boost/python/object/pointer_holder.hpp:11,
                       from bpl-subset/bpl_subset/boost/python/to_python_indirect.hpp:10,
                       from bpl-subset/bpl_subset/boost/python/converter/arg_to_python.hpp:10,
                       from bpl-subset/bpl_subset/boost/python/call.hpp:15,
                       from bpl-subset/bpl_subset/boost/python/object_core.hpp:14,
                       from bpl-subset/bpl_subset/boost/python/object.hpp:9,
                       from bpl-subset/bpl_subset/boost/python/tuple.hpp:10,
                       from bpl-subset/bpl_subset/libs/python/src/tuple.cpp:5:
      /usr/include/c++/11/bits/unique_ptr.h:57:28: note: declared here
         57 |   template<typename> class auto_ptr;
            |                            ^~~~~~~~
      In file included from bpl-subset/bpl_subset/boost/shared_ptr.hpp:17,
                       from bpl-subset/bpl_subset/boost/python/converter/shared_ptr_to_python.hpp:10,
                       from bpl-subset/bpl_subset/boost/python/converter/arg_to_python.hpp:15,
                       from bpl-subset/bpl_subset/boost/python/call.hpp:15,
                       from bpl-subset/bpl_subset/boost/python/object_core.hpp:14,
                       from bpl-subset/bpl_subset/boost/python/object.hpp:9,
                       from bpl-subset/bpl_subset/boost/python/tuple.hpp:10,
                       from bpl-subset/bpl_subset/libs/python/src/tuple.cpp:5:
      bpl-subset/bpl_subset/boost/smart_ptr/shared_ptr.hpp:285:30: warning: ‘template<class> class std::auto_ptr’ is deprecated: use 'std::unique_ptr' instead [-Wdeprecated-declarations]
        285 |     explicit shared_ptr(std::auto_ptr<Y> & r): px(r.get()), pn()
            |                              ^~~~~~~~
      In file included from /usr/include/c++/11/memory:76,
                       from bpl-subset/bpl_subset/boost/config/no_tr1/memory.hpp:21,
                       from bpl-subset/bpl_subset/boost/get_pointer.hpp:12,
                       from bpl-subset/bpl_subset/boost/python/object/pointer_holder.hpp:11,
                       from bpl-subset/bpl_subset/boost/python/to_python_indirect.hpp:10,
                       from bpl-subset/bpl_subset/boost/python/converter/arg_to_python.hpp:10,
                       from bpl-subset/bpl_subset/boost/python/call.hpp:15,
                       from bpl-subset/bpl_subset/boost/python/object_core.hpp:14,
                       from bpl-subset/bpl_subset/boost/python/object.hpp:9,
                       from bpl-subset/bpl_subset/boost/python/tuple.hpp:10,
                       from bpl-subset/bpl_subset/libs/python/src/tuple.cpp:5:
      /usr/include/c++/11/bits/unique_ptr.h:57:28: note: declared here
         57 |   template<typename> class auto_ptr;
            |                            ^~~~~~~~
      In file included from bpl-subset/bpl_subset/boost/shared_ptr.hpp:17,
                       from bpl-subset/bpl_subset/boost/python/converter/shared_ptr_to_python.hpp:10,
                       from bpl-subset/bpl_subset/boost/python/converter/arg_to_python.hpp:15,
                       from bpl-subset/bpl_subset/boost/python/call.hpp:15,
                       from bpl-subset/bpl_subset/boost/python/object_core.hpp:14,
                       from bpl-subset/bpl_subset/boost/python/object.hpp:9,
                       from bpl-subset/bpl_subset/boost/python/tuple.hpp:10,
                       from bpl-subset/bpl_subset/libs/python/src/tuple.cpp:5:
      bpl-subset/bpl_subset/boost/smart_ptr/shared_ptr.hpp:329:34: warning: ‘template<class> class std::auto_ptr’ is deprecated: use 'std::unique_ptr' instead [-Wdeprecated-declarations]
        329 |     shared_ptr & operator=( std::auto_ptr<Y> & r )
            |                                  ^~~~~~~~
      In file included from /usr/include/c++/11/memory:76,
                       from bpl-subset/bpl_subset/boost/config/no_tr1/memory.hpp:21,
                       from bpl-subset/bpl_subset/boost/get_pointer.hpp:12,
                       from bpl-subset/bpl_subset/boost/python/object/pointer_holder.hpp:11,
                       from bpl-subset/bpl_subset/boost/python/to_python_indirect.hpp:10,
                       from bpl-subset/bpl_subset/boost/python/converter/arg_to_python.hpp:10,
                       from bpl-subset/bpl_subset/boost/python/call.hpp:15,
                       from bpl-subset/bpl_subset/boost/python/object_core.hpp:14,
                       from bpl-subset/bpl_subset/boost/python/object.hpp:9,
                       from bpl-subset/bpl_subset/boost/python/tuple.hpp:10,
                       from bpl-subset/bpl_subset/libs/python/src/tuple.cpp:5:
      /usr/include/c++/11/bits/unique_ptr.h:57:28: note: declared here
         57 |   template<typename> class auto_ptr;
            |                            ^~~~~~~~
      In file included from bpl-subset/bpl_subset/boost/python/detail/invoke.hpp:21,
                       from bpl-subset/bpl_subset/boost/python/detail/caller.hpp:16,
                       from bpl-subset/bpl_subset/boost/python/object/function_handle.hpp:8,
                       from bpl-subset/bpl_subset/boost/python/converter/arg_to_python.hpp:19,
                       from bpl-subset/bpl_subset/boost/python/call.hpp:15,
                       from bpl-subset/bpl_subset/boost/python/object_core.hpp:14,
                       from bpl-subset/bpl_subset/boost/python/object.hpp:9,
                       from bpl-subset/bpl_subset/boost/python/tuple.hpp:10,
                       from bpl-subset/bpl_subset/libs/python/src/tuple.cpp:5:
      bpl-subset/bpl_subset/boost/python/to_python_value.hpp: In member function ‘PyObject* pycudaboost::python::detail::registry_to_python_value<T>::operator()(pycudaboost::python::detail::registry_to_python_value<T>::argument_type) const’:
      bpl-subset/bpl_subset/boost/python/to_python_value.hpp:150:52: warning: typedef ‘r’ locally defined but not used [-Wunused-local-typedefs]
        150 |       typedef converter::registered<argument_type> r;
            |                                                    ^
      In file included from bpl-subset/bpl_subset/boost/python/object/function_handle.hpp:10,
                       from bpl-subset/bpl_subset/boost/python/converter/arg_to_python.hpp:19,
                       from bpl-subset/bpl_subset/boost/python/call.hpp:15,
                       from bpl-subset/bpl_subset/boost/python/object_core.hpp:14,
                       from bpl-subset/bpl_subset/boost/python/object.hpp:9,
                       from bpl-subset/bpl_subset/boost/python/tuple.hpp:10,
                       from bpl-subset/bpl_subset/libs/python/src/tuple.cpp:5:
      bpl-subset/bpl_subset/boost/python/object/py_function.hpp: At global scope:
      bpl-subset/bpl_subset/boost/python/object/py_function.hpp:167:18: warning: ‘template<class> class std::auto_ptr’ is deprecated: use 'std::unique_ptr' instead [-Wdeprecated-declarations]
        167 |     mutable std::auto_ptr<py_function_impl_base> m_impl;
            |                  ^~~~~~~~
      In file included from /usr/include/c++/11/memory:76,
                       from bpl-subset/bpl_subset/boost/config/no_tr1/memory.hpp:21,
                       from bpl-subset/bpl_subset/boost/get_pointer.hpp:12,
                       from bpl-subset/bpl_subset/boost/python/object/pointer_holder.hpp:11,
                       from bpl-subset/bpl_subset/boost/python/to_python_indirect.hpp:10,
                       from bpl-subset/bpl_subset/boost/python/converter/arg_to_python.hpp:10,
                       from bpl-subset/bpl_subset/boost/python/call.hpp:15,
                       from bpl-subset/bpl_subset/boost/python/object_core.hpp:14,
                       from bpl-subset/bpl_subset/boost/python/object.hpp:9,
                       from bpl-subset/bpl_subset/boost/python/tuple.hpp:10,
                       from bpl-subset/bpl_subset/libs/python/src/tuple.cpp:5:
      /usr/include/c++/11/bits/unique_ptr.h:57:28: note: declared here
         57 |   template<typename> class auto_ptr;
            |                            ^~~~~~~~
      aarch64-linux-gnu-g++ -Wno-unused-result -Wsign-compare -fwrapv -Wall -O3 -DNDEBUG -fPIC -DBOOST_ALL_NO_LIB=1 -DBOOST_THREAD_BUILD_DLL=1 -DBOOST_MULTI_INDEX_DISABLE_SERIALIZATION=1 -DBOOST_PYTHON_SOURCE=1 -Dboost=pycudaboost -DBOOST_THREAD_DONT_USE_CHRONO=1 -DPYGPU_PACKAGE=pycuda -DPYGPU_PYCUDA=1 -DHAVE_CURAND=1 -Isrc/cpp -Ibpl-subset/bpl_subset -I/tmp/pip-build-env-fkcjx5ad/overlay/local/lib/python3.10/dist-packages/numpy/_core/include -I/usr/include/python3.10 -c bpl-subset/bpl_subset/libs/python/src/wrapper.cpp -o build/temp.linux-aarch64-cpython-310/bpl-subset/bpl_subset/libs/python/src/wrapper.o
      In file included from bpl-subset/bpl_subset/boost/python/handle.hpp:10,
                       from bpl-subset/bpl_subset/boost/python/converter/object_manager.hpp:8,
                       from bpl-subset/bpl_subset/boost/python/converter/return_from_python.hpp:12,
                       from bpl-subset/bpl_subset/boost/python/override.hpp:11,
                       from bpl-subset/bpl_subset/boost/python/wrapper.hpp:8,
                       from bpl-subset/bpl_subset/libs/python/src/wrapper.cpp:5:
      bpl-subset/bpl_subset/boost/python/cast.hpp: In function ‘void pycudaboost::python::detail::assert_castable(pycudaboost::type<T>*)’:
      bpl-subset/bpl_subset/boost/python/cast.hpp:73:20: warning: typedef ‘must_be_a_complete_type’ locally defined but not used [-Wunused-local-typedefs]
         73 |       typedef char must_be_a_complete_type[sizeof(T)];
            |                    ^~~~~~~~~~~~~~~~~~~~~~~
      In file included from bpl-subset/bpl_subset/boost/bind/mem_fn.hpp:25,
                       from bpl-subset/bpl_subset/boost/mem_fn.hpp:22,
                       from bpl-subset/bpl_subset/boost/function/detail/prologue.hpp:18,
                       from bpl-subset/bpl_subset/boost/function/function_template.hpp:13,
                       from bpl-subset/bpl_subset/boost/function/detail/maybe_include.hpp:13,
                       from bpl-subset/bpl_subset/boost/function/function0.hpp:11,
                       from bpl-subset/bpl_subset/boost/python/errors.hpp:13,
                       from bpl-subset/bpl_subset/boost/python/handle.hpp:11,
                       from bpl-subset/bpl_subset/boost/python/converter/object_manager.hpp:8,
                       from bpl-subset/bpl_subset/boost/python/converter/return_from_python.hpp:12,
                       from bpl-subset/bpl_subset/boost/python/override.hpp:11,
                       from bpl-subset/bpl_subset/boost/python/wrapper.hpp:8,
                       from bpl-subset/bpl_subset/libs/python/src/wrapper.cpp:5:
      bpl-subset/bpl_subset/boost/get_pointer.hpp: At global scope:
      bpl-subset/bpl_subset/boost/get_pointer.hpp:25:40: warning: ‘template<class> class std::auto_ptr’ is deprecated: use 'std::unique_ptr' instead [-Wdeprecated-declarations]
         25 | template<class T> T * get_pointer(std::auto_ptr<T> const& p)
            |                                        ^~~~~~~~
      In file included from /usr/include/c++/11/memory:76,
                       from bpl-subset/bpl_subset/boost/function/function_base.hpp:16,
                       from bpl-subset/bpl_subset/boost/function/detail/prologue.hpp:17,
                       from bpl-subset/bpl_subset/boost/function/function_template.hpp:13,
                       from bpl-subset/bpl_subset/boost/function/detail/maybe_include.hpp:13,
                       from bpl-subset/bpl_subset/boost/function/function0.hpp:11,
                       from bpl-subset/bpl_subset/boost/python/errors.hpp:13,
                       from bpl-subset/bpl_subset/boost/python/handle.hpp:11,
                       from bpl-subset/bpl_subset/boost/python/converter/object_manager.hpp:8,
                       from bpl-subset/bpl_subset/boost/python/converter/return_from_python.hpp:12,
                       from bpl-subset/bpl_subset/boost/python/override.hpp:11,
                       from bpl-subset/bpl_subset/boost/python/wrapper.hpp:8,
                       from bpl-subset/bpl_subset/libs/python/src/wrapper.cpp:5:
      /usr/include/c++/11/bits/unique_ptr.h:57:28: note: declared here
         57 |   template<typename> class auto_ptr;
            |                            ^~~~~~~~
      In file included from bpl-subset/bpl_subset/boost/python/detail/is_xxx.hpp:8,
                       from bpl-subset/bpl_subset/boost/python/detail/is_auto_ptr.hpp:9,
                       from bpl-subset/bpl_subset/boost/python/detail/copy_ctor_mutates_rhs.hpp:8,
                       from bpl-subset/bpl_subset/boost/python/detail/value_arg.hpp:7,
                       from bpl-subset/bpl_subset/boost/python/object/forward.hpp:13,
                       from bpl-subset/bpl_subset/boost/python/object/pointer_holder.hpp:16,
                       from bpl-subset/bpl_subset/boost/python/to_python_indirect.hpp:10,
                       from bpl-subset/bpl_subset/boost/python/converter/arg_to_python.hpp:10,
                       from bpl-subset/bpl_subset/boost/python/call.hpp:15,
                       from bpl-subset/bpl_subset/boost/python/object_core.hpp:14,
                       from bpl-subset/bpl_subset/boost/python/extract.hpp:16,
                       from bpl-subset/bpl_subset/boost/python/override.hpp:13,
                       from bpl-subset/bpl_subset/boost/python/wrapper.hpp:8,
                       from bpl-subset/bpl_subset/libs/python/src/wrapper.cpp:5:
      bpl-subset/bpl_subset/boost/python/detail/is_auto_ptr.hpp:17:40: warning: ‘template<class> class std::auto_ptr’ is deprecated: use 'std::unique_ptr' instead [-Wdeprecated-declarations]
         17 | BOOST_PYTHON_IS_XXX_DEF(auto_ptr, std::auto_ptr, 1)
            |                                        ^~~~~~~~
      bpl-subset/bpl_subset/boost/detail/is_xxx.hpp:53:4: note: in definition of macro ‘BOOST_DETAIL_IS_XXX_DEF’
         53 |    qualified_name< BOOST_PP_ENUM_PARAMS_Z(1, nargs, T) >        \
            |    ^~~~~~~~~~~~~~
      bpl-subset/bpl_subset/boost/python/detail/is_auto_ptr.hpp:17:1: note: in expansion of macro ‘BOOST_PYTHON_IS_XXX_DEF’
         17 | BOOST_PYTHON_IS_XXX_DEF(auto_ptr, std::auto_ptr, 1)
            | ^~~~~~~~~~~~~~~~~~~~~~~
      In file included from /usr/include/c++/11/memory:76,
                       from bpl-subset/bpl_subset/boost/function/function_base.hpp:16,
                       from bpl-subset/bpl_subset/boost/function/detail/prologue.hpp:17,
                       from bpl-subset/bpl_subset/boost/function/function_template.hpp:13,
                       from bpl-subset/bpl_subset/boost/function/detail/maybe_include.hpp:13,
                       from bpl-subset/bpl_subset/boost/function/function0.hpp:11,
                       from bpl-subset/bpl_subset/boost/python/errors.hpp:13,
                       from bpl-subset/bpl_subset/boost/python/handle.hpp:11,
                       from bpl-subset/bpl_subset/boost/python/converter/object_manager.hpp:8,
                       from bpl-subset/bpl_subset/boost/python/converter/return_from_python.hpp:12,
                       from bpl-subset/bpl_subset/boost/python/override.hpp:11,
                       from bpl-subset/bpl_subset/boost/python/wrapper.hpp:8,
                       from bpl-subset/bpl_subset/libs/python/src/wrapper.cpp:5:
      /usr/include/c++/11/bits/unique_ptr.h:57:28: note: declared here
         57 |   template<typename> class auto_ptr;
            |                            ^~~~~~~~
      In file included from bpl-subset/bpl_subset/boost/mpl/aux_/na_assert.hpp:23,
                       from bpl-subset/bpl_subset/boost/mpl/arg.hpp:25,
                       from bpl-subset/bpl_subset/boost/mpl/placeholders.hpp:24,
                       from bpl-subset/bpl_subset/boost/mpl/apply.hpp:24,
                       from bpl-subset/bpl_subset/boost/python/object/pointer_holder.hpp:27,
                       from bpl-subset/bpl_subset/boost/python/to_python_indirect.hpp:10,
                       from bpl-subset/bpl_subset/boost/python/converter/arg_to_python.hpp:10,
                       from bpl-subset/bpl_subset/boost/python/call.hpp:15,
                       from bpl-subset/bpl_subset/boost/python/object_core.hpp:14,
                       from bpl-subset/bpl_subset/boost/python/extract.hpp:16,
                       from bpl-subset/bpl_subset/boost/python/override.hpp:13,
                       from bpl-subset/bpl_subset/boost/python/wrapper.hpp:8,
                       from bpl-subset/bpl_subset/libs/python/src/wrapper.cpp:5:
      bpl-subset/bpl_subset/boost/mpl/assert.hpp:154:21: warning: unnecessary parentheses in declaration of ‘assert_arg’ [-Wparentheses]
        154 | failed ************ (Pred::************
            |                     ^~~~~~~~~~~~~~~~~~~
        155 |       assert_arg( void (*)(Pred), typename assert_arg_pred<Pred>::type )
            |       ~~~~~~~~~~~~~~~~~~~~~~~~~~~~~~~~~~~~~~~~~~~~~~~~~~~~~~~~~~~~~~~~~~
        156 |     );
            |     ~
      bpl-subset/bpl_subset/boost/mpl/assert.hpp:154:21: note: remove parentheses
        154 | failed ************ (Pred::************
            |                     ^~~~~~~~~~~~~~~~~~~
            |                     -
        155 |       assert_arg( void (*)(Pred), typename assert_arg_pred<Pred>::type )
            |       ~~~~~~~~~~~~~~~~~~~~~~~~~~~~~~~~~~~~~~~~~~~~~~~~~~~~~~~~~~~~~~~~~~
        156 |     );
            |     ~
            |     -
      bpl-subset/bpl_subset/boost/mpl/assert.hpp:159:21: warning: unnecessary parentheses in declaration of ‘assert_not_arg’ [-Wparentheses]
        159 | failed ************ (boost::mpl::not_<Pred>::************
            |                     ^~~~~~~~~~~~~~~~~~~~~~~~~~~~~~~~~~~~~
        160 |       assert_not_arg( void (*)(Pred), typename assert_arg_pred_not<Pred>::type )
            |       ~~~~~~~~~~~~~~~~~~~~~~~~~~~~~~~~~~~~~~~~~~~~~~~~~~~~~~~~~~~~~~~~~~~~~~~~~~
        161 |     );
            |     ~
      bpl-subset/bpl_subset/boost/mpl/assert.hpp:159:21: note: remove parentheses
        159 | failed ************ (boost::mpl::not_<Pred>::************
            |                     ^~~~~~~~~~~~~~~~~~~~~~~~~~~~~~~~~~~~~
            |                     -
        160 |       assert_not_arg( void (*)(Pred), typename assert_arg_pred_not<Pred>::type )
            |       ~~~~~~~~~~~~~~~~~~~~~~~~~~~~~~~~~~~~~~~~~~~~~~~~~~~~~~~~~~~~~~~~~~~~~~~~~~
        161 |     );
            |     ~
            |     -
      In file included from bpl-subset/bpl_subset/boost/python/converter/arg_to_python.hpp:10,
                       from bpl-subset/bpl_subset/boost/python/call.hpp:15,
                       from bpl-subset/bpl_subset/boost/python/object_core.hpp:14,
                       from bpl-subset/bpl_subset/boost/python/extract.hpp:16,
                       from bpl-subset/bpl_subset/boost/python/override.hpp:13,
                       from bpl-subset/bpl_subset/boost/python/wrapper.hpp:8,
                       from bpl-subset/bpl_subset/libs/python/src/wrapper.cpp:5:
      bpl-subset/bpl_subset/boost/python/to_python_indirect.hpp: In static member function ‘static PyObject* pycudaboost::python::detail::make_owning_holder::execute(T*)’:
      bpl-subset/bpl_subset/boost/python/to_python_indirect.hpp:90:24: warning: ‘template<class> class std::auto_ptr’ is deprecated: use 'std::unique_ptr' instead [-Wdeprecated-declarations]
         90 |           typedef std::auto_ptr<T> smart_pointer;
            |                        ^~~~~~~~
      In file included from /usr/include/c++/11/memory:76,
                       from bpl-subset/bpl_subset/boost/function/function_base.hpp:16,
                       from bpl-subset/bpl_subset/boost/function/detail/prologue.hpp:17,
                       from bpl-subset/bpl_subset/boost/function/function_template.hpp:13,
                       from bpl-subset/bpl_subset/boost/function/detail/maybe_include.hpp:13,
                       from bpl-subset/bpl_subset/boost/function/function0.hpp:11,
                       from bpl-subset/bpl_subset/boost/python/errors.hpp:13,
                       from bpl-subset/bpl_subset/boost/python/handle.hpp:11,
                       from bpl-subset/bpl_subset/boost/python/converter/object_manager.hpp:8,
                       from bpl-subset/bpl_subset/boost/python/converter/return_from_python.hpp:12,
                       from bpl-subset/bpl_subset/boost/python/override.hpp:11,
                       from bpl-subset/bpl_subset/boost/python/wrapper.hpp:8,
                       from bpl-subset/bpl_subset/libs/python/src/wrapper.cpp:5:
      /usr/include/c++/11/bits/unique_ptr.h:57:28: note: declared here
         57 |   template<typename> class auto_ptr;
            |                            ^~~~~~~~
      In file included from bpl-subset/bpl_subset/boost/smart_ptr/shared_ptr.hpp:32,
                       from bpl-subset/bpl_subset/boost/shared_ptr.hpp:17,
                       from bpl-subset/bpl_subset/boost/python/converter/shared_ptr_to_python.hpp:10,
                       from bpl-subset/bpl_subset/boost/python/converter/arg_to_python.hpp:15,
                       from bpl-subset/bpl_subset/boost/python/call.hpp:15,
                       from bpl-subset/bpl_subset/boost/python/object_core.hpp:14,
                       from bpl-subset/bpl_subset/boost/python/extract.hpp:16,
                       from bpl-subset/bpl_subset/boost/python/override.hpp:13,
                       from bpl-subset/bpl_subset/boost/python/wrapper.hpp:8,
                       from bpl-subset/bpl_subset/libs/python/src/wrapper.cpp:5:
      bpl-subset/bpl_subset/boost/smart_ptr/detail/shared_count.hpp: At global scope:
      bpl-subset/bpl_subset/boost/smart_ptr/detail/shared_count.hpp:284:33: warning: ‘template<class> class std::auto_ptr’ is deprecated: use 'std::unique_ptr' instead [-Wdeprecated-declarations]
        284 |     explicit shared_count( std::auto_ptr<Y> & r ): pi_( new sp_counted_impl_p<Y>( r.get() ) )
            |                                 ^~~~~~~~
      In file included from /usr/include/c++/11/memory:76,
                       from bpl-subset/bpl_subset/boost/function/function_base.hpp:16,
                       from bpl-subset/bpl_subset/boost/function/detail/prologue.hpp:17,
                       from bpl-subset/bpl_subset/boost/function/function_template.hpp:13,
                       from bpl-subset/bpl_subset/boost/function/detail/maybe_include.hpp:13,
                       from bpl-subset/bpl_subset/boost/function/function0.hpp:11,
                       from bpl-subset/bpl_subset/boost/python/errors.hpp:13,
                       from bpl-subset/bpl_subset/boost/python/handle.hpp:11,
                       from bpl-subset/bpl_subset/boost/python/converter/object_manager.hpp:8,
                       from bpl-subset/bpl_subset/boost/python/converter/return_from_python.hpp:12,
                       from bpl-subset/bpl_subset/boost/python/override.hpp:11,
                       from bpl-subset/bpl_subset/boost/python/wrapper.hpp:8,
                       from bpl-subset/bpl_subset/libs/python/src/wrapper.cpp:5:
      /usr/include/c++/11/bits/unique_ptr.h:57:28: note: declared here
         57 |   template<typename> class auto_ptr;
            |                            ^~~~~~~~
      In file included from bpl-subset/bpl_subset/boost/shared_ptr.hpp:17,
                       from bpl-subset/bpl_subset/boost/python/converter/shared_ptr_to_python.hpp:10,
                       from bpl-subset/bpl_subset/boost/python/converter/arg_to_python.hpp:15,
                       from bpl-subset/bpl_subset/boost/python/call.hpp:15,
                       from bpl-subset/bpl_subset/boost/python/object_core.hpp:14,
                       from bpl-subset/bpl_subset/boost/python/extract.hpp:16,
                       from bpl-subset/bpl_subset/boost/python/override.hpp:13,
                       from bpl-subset/bpl_subset/boost/python/wrapper.hpp:8,
                       from bpl-subset/bpl_subset/libs/python/src/wrapper.cpp:5:
      bpl-subset/bpl_subset/boost/smart_ptr/shared_ptr.hpp:146:65: warning: ‘template<class> class std::auto_ptr’ is deprecated: use 'std::unique_ptr' instead [-Wdeprecated-declarations]
        146 | template< class T, class R > struct sp_enable_if_auto_ptr< std::auto_ptr< T >, R >
            |                                                                 ^~~~~~~~
      In file included from /usr/include/c++/11/memory:76,
                       from bpl-subset/bpl_subset/boost/function/function_base.hpp:16,
                       from bpl-subset/bpl_subset/boost/function/detail/prologue.hpp:17,
                       from bpl-subset/bpl_subset/boost/function/function_template.hpp:13,
                       from bpl-subset/bpl_subset/boost/function/detail/maybe_include.hpp:13,
                       from bpl-subset/bpl_subset/boost/function/function0.hpp:11,
                       from bpl-subset/bpl_subset/boost/python/errors.hpp:13,
                       from bpl-subset/bpl_subset/boost/python/handle.hpp:11,
                       from bpl-subset/bpl_subset/boost/python/converter/object_manager.hpp:8,
                       from bpl-subset/bpl_subset/boost/python/converter/return_from_python.hpp:12,
                       from bpl-subset/bpl_subset/boost/python/override.hpp:11,
                       from bpl-subset/bpl_subset/boost/python/wrapper.hpp:8,
                       from bpl-subset/bpl_subset/libs/python/src/wrapper.cpp:5:
      /usr/include/c++/11/bits/unique_ptr.h:57:28: note: declared here
         57 |   template<typename> class auto_ptr;
            |                            ^~~~~~~~
      In file included from bpl-subset/bpl_subset/boost/shared_ptr.hpp:17,
                       from bpl-subset/bpl_subset/boost/python/converter/shared_ptr_to_python.hpp:10,
                       from bpl-subset/bpl_subset/boost/python/converter/arg_to_python.hpp:15,
                       from bpl-subset/bpl_subset/boost/python/call.hpp:15,
                       from bpl-subset/bpl_subset/boost/python/object_core.hpp:14,
                       from bpl-subset/bpl_subset/boost/python/extract.hpp:16,
                       from bpl-subset/bpl_subset/boost/python/override.hpp:13,
                       from bpl-subset/bpl_subset/boost/python/wrapper.hpp:8,
                       from bpl-subset/bpl_subset/libs/python/src/wrapper.cpp:5:
      bpl-subset/bpl_subset/boost/smart_ptr/shared_ptr.hpp:285:30: warning: ‘template<class> class std::auto_ptr’ is deprecated: use 'std::unique_ptr' instead [-Wdeprecated-declarations]
        285 |     explicit shared_ptr(std::auto_ptr<Y> & r): px(r.get()), pn()
            |                              ^~~~~~~~
      In file included from /usr/include/c++/11/memory:76,
                       from bpl-subset/bpl_subset/boost/function/function_base.hpp:16,
                       from bpl-subset/bpl_subset/boost/function/detail/prologue.hpp:17,
                       from bpl-subset/bpl_subset/boost/function/function_template.hpp:13,
                       from bpl-subset/bpl_subset/boost/function/detail/maybe_include.hpp:13,
                       from bpl-subset/bpl_subset/boost/function/function0.hpp:11,
                       from bpl-subset/bpl_subset/boost/python/errors.hpp:13,
                       from bpl-subset/bpl_subset/boost/python/handle.hpp:11,
                       from bpl-subset/bpl_subset/boost/python/converter/object_manager.hpp:8,
                       from bpl-subset/bpl_subset/boost/python/converter/return_from_python.hpp:12,
                       from bpl-subset/bpl_subset/boost/python/override.hpp:11,
                       from bpl-subset/bpl_subset/boost/python/wrapper.hpp:8,
                       from bpl-subset/bpl_subset/libs/python/src/wrapper.cpp:5:
      /usr/include/c++/11/bits/unique_ptr.h:57:28: note: declared here
         57 |   template<typename> class auto_ptr;
            |                            ^~~~~~~~
      In file included from bpl-subset/bpl_subset/boost/shared_ptr.hpp:17,
                       from bpl-subset/bpl_subset/boost/python/converter/shared_ptr_to_python.hpp:10,
                       from bpl-subset/bpl_subset/boost/python/converter/arg_to_python.hpp:15,
                       from bpl-subset/bpl_subset/boost/python/call.hpp:15,
                       from bpl-subset/bpl_subset/boost/python/object_core.hpp:14,
                       from bpl-subset/bpl_subset/boost/python/extract.hpp:16,
                       from bpl-subset/bpl_subset/boost/python/override.hpp:13,
                       from bpl-subset/bpl_subset/boost/python/wrapper.hpp:8,
                       from bpl-subset/bpl_subset/libs/python/src/wrapper.cpp:5:
      bpl-subset/bpl_subset/boost/smart_ptr/shared_ptr.hpp:329:34: warning: ‘template<class> class std::auto_ptr’ is deprecated: use 'std::unique_ptr' instead [-Wdeprecated-declarations]
        329 |     shared_ptr & operator=( std::auto_ptr<Y> & r )
            |                                  ^~~~~~~~
      In file included from /usr/include/c++/11/memory:76,
                       from bpl-subset/bpl_subset/boost/function/function_base.hpp:16,
                       from bpl-subset/bpl_subset/boost/function/detail/prologue.hpp:17,
                       from bpl-subset/bpl_subset/boost/function/function_template.hpp:13,
                       from bpl-subset/bpl_subset/boost/function/detail/maybe_include.hpp:13,
                       from bpl-subset/bpl_subset/boost/function/function0.hpp:11,
                       from bpl-subset/bpl_subset/boost/python/errors.hpp:13,
                       from bpl-subset/bpl_subset/boost/python/handle.hpp:11,
                       from bpl-subset/bpl_subset/boost/python/converter/object_manager.hpp:8,
                       from bpl-subset/bpl_subset/boost/python/converter/return_from_python.hpp:12,
                       from bpl-subset/bpl_subset/boost/python/override.hpp:11,
                       from bpl-subset/bpl_subset/boost/python/wrapper.hpp:8,
                       from bpl-subset/bpl_subset/libs/python/src/wrapper.cpp:5:
      /usr/include/c++/11/bits/unique_ptr.h:57:28: note: declared here
         57 |   template<typename> class auto_ptr;
            |                            ^~~~~~~~
      In file included from bpl-subset/bpl_subset/boost/python/detail/invoke.hpp:21,
                       from bpl-subset/bpl_subset/boost/python/detail/caller.hpp:16,
                       from bpl-subset/bpl_subset/boost/python/object/function_handle.hpp:8,
                       from bpl-subset/bpl_subset/boost/python/converter/arg_to_python.hpp:19,
                       from bpl-subset/bpl_subset/boost/python/call.hpp:15,
                       from bpl-subset/bpl_subset/boost/python/object_core.hpp:14,
                       from bpl-subset/bpl_subset/boost/python/extract.hpp:16,
                       from bpl-subset/bpl_subset/boost/python/override.hpp:13,
                       from bpl-subset/bpl_subset/boost/python/wrapper.hpp:8,
                       from bpl-subset/bpl_subset/libs/python/src/wrapper.cpp:5:
      bpl-subset/bpl_subset/boost/python/to_python_value.hpp: In member function ‘PyObject* pycudaboost::python::detail::registry_to_python_value<T>::operator()(pycudaboost::python::detail::registry_to_python_value<T>::argument_type) const’:
      bpl-subset/bpl_subset/boost/python/to_python_value.hpp:150:52: warning: typedef ‘r’ locally defined but not used [-Wunused-local-typedefs]
        150 |       typedef converter::registered<argument_type> r;
            |                                                    ^
      In file included from bpl-subset/bpl_subset/boost/python/object/function_handle.hpp:10,
                       from bpl-subset/bpl_subset/boost/python/converter/arg_to_python.hpp:19,
                       from bpl-subset/bpl_subset/boost/python/call.hpp:15,
                       from bpl-subset/bpl_subset/boost/python/object_core.hpp:14,
                       from bpl-subset/bpl_subset/boost/python/extract.hpp:16,
                       from bpl-subset/bpl_subset/boost/python/override.hpp:13,
                       from bpl-subset/bpl_subset/boost/python/wrapper.hpp:8,
                       from bpl-subset/bpl_subset/libs/python/src/wrapper.cpp:5:
      bpl-subset/bpl_subset/boost/python/object/py_function.hpp: At global scope:
      bpl-subset/bpl_subset/boost/python/object/py_function.hpp:167:18: warning: ‘template<class> class std::auto_ptr’ is deprecated: use 'std::unique_ptr' instead [-Wdeprecated-declarations]
        167 |     mutable std::auto_ptr<py_function_impl_base> m_impl;
            |                  ^~~~~~~~
      In file included from /usr/include/c++/11/memory:76,
                       from bpl-subset/bpl_subset/boost/function/function_base.hpp:16,
                       from bpl-subset/bpl_subset/boost/function/detail/prologue.hpp:17,
                       from bpl-subset/bpl_subset/boost/function/function_template.hpp:13,
                       from bpl-subset/bpl_subset/boost/function/detail/maybe_include.hpp:13,
                       from bpl-subset/bpl_subset/boost/function/function0.hpp:11,
                       from bpl-subset/bpl_subset/boost/python/errors.hpp:13,
                       from bpl-subset/bpl_subset/boost/python/handle.hpp:11,
                       from bpl-subset/bpl_subset/boost/python/converter/object_manager.hpp:8,
                       from bpl-subset/bpl_subset/boost/python/converter/return_from_python.hpp:12,
                       from bpl-subset/bpl_subset/boost/python/override.hpp:11,
                       from bpl-subset/bpl_subset/boost/python/wrapper.hpp:8,
                       from bpl-subset/bpl_subset/libs/python/src/wrapper.cpp:5:
      /usr/include/c++/11/bits/unique_ptr.h:57:28: note: declared here
         57 |   template<typename> class auto_ptr;
            |                            ^~~~~~~~
      aarch64-linux-gnu-g++ -Wno-unused-result -Wsign-compare -fwrapv -Wall -O3 -DNDEBUG -fPIC -DBOOST_ALL_NO_LIB=1 -DBOOST_THREAD_BUILD_DLL=1 -DBOOST_MULTI_INDEX_DISABLE_SERIALIZATION=1 -DBOOST_PYTHON_SOURCE=1 -Dboost=pycudaboost -DBOOST_THREAD_DONT_USE_CHRONO=1 -DPYGPU_PACKAGE=pycuda -DPYGPU_PYCUDA=1 -DHAVE_CURAND=1 -Isrc/cpp -Ibpl-subset/bpl_subset -I/tmp/pip-build-env-fkcjx5ad/overlay/local/lib/python3.10/dist-packages/numpy/_core/include -I/usr/include/python3.10 -c bpl-subset/bpl_subset/libs/smart_ptr/src/sp_collector.cpp -o build/temp.linux-aarch64-cpython-310/bpl-subset/bpl_subset/libs/smart_ptr/src/sp_collector.o
      aarch64-linux-gnu-g++ -Wno-unused-result -Wsign-compare -fwrapv -Wall -O3 -DNDEBUG -fPIC -DBOOST_ALL_NO_LIB=1 -DBOOST_THREAD_BUILD_DLL=1 -DBOOST_MULTI_INDEX_DISABLE_SERIALIZATION=1 -DBOOST_PYTHON_SOURCE=1 -Dboost=pycudaboost -DBOOST_THREAD_DONT_USE_CHRONO=1 -DPYGPU_PACKAGE=pycuda -DPYGPU_PYCUDA=1 -DHAVE_CURAND=1 -Isrc/cpp -Ibpl-subset/bpl_subset -I/tmp/pip-build-env-fkcjx5ad/overlay/local/lib/python3.10/dist-packages/numpy/_core/include -I/usr/include/python3.10 -c bpl-subset/bpl_subset/libs/smart_ptr/src/sp_debug_hooks.cpp -o build/temp.linux-aarch64-cpython-310/bpl-subset/bpl_subset/libs/smart_ptr/src/sp_debug_hooks.o
      aarch64-linux-gnu-g++ -Wno-unused-result -Wsign-compare -fwrapv -Wall -O3 -DNDEBUG -fPIC -DBOOST_ALL_NO_LIB=1 -DBOOST_THREAD_BUILD_DLL=1 -DBOOST_MULTI_INDEX_DISABLE_SERIALIZATION=1 -DBOOST_PYTHON_SOURCE=1 -Dboost=pycudaboost -DBOOST_THREAD_DONT_USE_CHRONO=1 -DPYGPU_PACKAGE=pycuda -DPYGPU_PYCUDA=1 -DHAVE_CURAND=1 -Isrc/cpp -Ibpl-subset/bpl_subset -I/tmp/pip-build-env-fkcjx5ad/overlay/local/lib/python3.10/dist-packages/numpy/_core/include -I/usr/include/python3.10 -c bpl-subset/bpl_subset/libs/system/src/error_code.cpp -o build/temp.linux-aarch64-cpython-310/bpl-subset/bpl_subset/libs/system/src/error_code.o
      aarch64-linux-gnu-g++ -Wno-unused-result -Wsign-compare -fwrapv -Wall -O3 -DNDEBUG -fPIC -DBOOST_ALL_NO_LIB=1 -DBOOST_THREAD_BUILD_DLL=1 -DBOOST_MULTI_INDEX_DISABLE_SERIALIZATION=1 -DBOOST_PYTHON_SOURCE=1 -Dboost=pycudaboost -DBOOST_THREAD_DONT_USE_CHRONO=1 -DPYGPU_PACKAGE=pycuda -DPYGPU_PYCUDA=1 -DHAVE_CURAND=1 -Isrc/cpp -Ibpl-subset/bpl_subset -I/tmp/pip-build-env-fkcjx5ad/overlay/local/lib/python3.10/dist-packages/numpy/_core/include -I/usr/include/python3.10 -c bpl-subset/bpl_subset/libs/thread/src/pthread/once.cpp -o build/temp.linux-aarch64-cpython-310/bpl-subset/bpl_subset/libs/thread/src/pthread/once.o
      aarch64-linux-gnu-g++ -Wno-unused-result -Wsign-compare -fwrapv -Wall -O3 -DNDEBUG -fPIC -DBOOST_ALL_NO_LIB=1 -DBOOST_THREAD_BUILD_DLL=1 -DBOOST_MULTI_INDEX_DISABLE_SERIALIZATION=1 -DBOOST_PYTHON_SOURCE=1 -Dboost=pycudaboost -DBOOST_THREAD_DONT_USE_CHRONO=1 -DPYGPU_PACKAGE=pycuda -DPYGPU_PYCUDA=1 -DHAVE_CURAND=1 -Isrc/cpp -Ibpl-subset/bpl_subset -I/tmp/pip-build-env-fkcjx5ad/overlay/local/lib/python3.10/dist-packages/numpy/_core/include -I/usr/include/python3.10 -c bpl-subset/bpl_subset/libs/thread/src/pthread/thread.cpp -o build/temp.linux-aarch64-cpython-310/bpl-subset/bpl_subset/libs/thread/src/pthread/thread.o
      In file included from bpl-subset/bpl_subset/boost/smart_ptr/shared_ptr.hpp:32,
                       from bpl-subset/bpl_subset/boost/shared_ptr.hpp:17,
                       from bpl-subset/bpl_subset/boost/date_time/time_clock.hpp:17,
                       from bpl-subset/bpl_subset/boost/thread/thread_time.hpp:9,
                       from bpl-subset/bpl_subset/boost/thread/locks.hpp:14,
                       from bpl-subset/bpl_subset/boost/thread/pthread/thread_data.hpp:11,
                       from bpl-subset/bpl_subset/boost/thread/thread.hpp:17,
                       from bpl-subset/bpl_subset/libs/thread/src/pthread/thread.cpp:11:
      bpl-subset/bpl_subset/boost/smart_ptr/detail/shared_count.hpp:284:33: warning: ‘template<class> class std::auto_ptr’ is deprecated: use 'std::unique_ptr' instead [-Wdeprecated-declarations]
        284 |     explicit shared_count( std::auto_ptr<Y> & r ): pi_( new sp_counted_impl_p<Y>( r.get() ) )
            |                                 ^~~~~~~~
      In file included from /usr/include/c++/11/memory:76,
                       from bpl-subset/bpl_subset/boost/move/move.hpp:38,
                       from bpl-subset/bpl_subset/boost/thread/detail/move.hpp:20,
                       from bpl-subset/bpl_subset/boost/thread/locks.hpp:11,
                       from bpl-subset/bpl_subset/boost/thread/pthread/thread_data.hpp:11,
                       from bpl-subset/bpl_subset/boost/thread/thread.hpp:17,
                       from bpl-subset/bpl_subset/libs/thread/src/pthread/thread.cpp:11:
      /usr/include/c++/11/bits/unique_ptr.h:57:28: note: declared here
         57 |   template<typename> class auto_ptr;
            |                            ^~~~~~~~
      In file included from bpl-subset/bpl_subset/boost/shared_ptr.hpp:17,
                       from bpl-subset/bpl_subset/boost/date_time/time_clock.hpp:17,
                       from bpl-subset/bpl_subset/boost/thread/thread_time.hpp:9,
                       from bpl-subset/bpl_subset/boost/thread/locks.hpp:14,
                       from bpl-subset/bpl_subset/boost/thread/pthread/thread_data.hpp:11,
                       from bpl-subset/bpl_subset/boost/thread/thread.hpp:17,
                       from bpl-subset/bpl_subset/libs/thread/src/pthread/thread.cpp:11:
      bpl-subset/bpl_subset/boost/smart_ptr/shared_ptr.hpp:146:65: warning: ‘template<class> class std::auto_ptr’ is deprecated: use 'std::unique_ptr' instead [-Wdeprecated-declarations]
        146 | template< class T, class R > struct sp_enable_if_auto_ptr< std::auto_ptr< T >, R >
            |                                                                 ^~~~~~~~
      In file included from /usr/include/c++/11/memory:76,
                       from bpl-subset/bpl_subset/boost/move/move.hpp:38,
                       from bpl-subset/bpl_subset/boost/thread/detail/move.hpp:20,
                       from bpl-subset/bpl_subset/boost/thread/locks.hpp:11,
                       from bpl-subset/bpl_subset/boost/thread/pthread/thread_data.hpp:11,
                       from bpl-subset/bpl_subset/boost/thread/thread.hpp:17,
                       from bpl-subset/bpl_subset/libs/thread/src/pthread/thread.cpp:11:
      /usr/include/c++/11/bits/unique_ptr.h:57:28: note: declared here
         57 |   template<typename> class auto_ptr;
            |                            ^~~~~~~~
      In file included from bpl-subset/bpl_subset/boost/shared_ptr.hpp:17,
                       from bpl-subset/bpl_subset/boost/date_time/time_clock.hpp:17,
                       from bpl-subset/bpl_subset/boost/thread/thread_time.hpp:9,
                       from bpl-subset/bpl_subset/boost/thread/locks.hpp:14,
                       from bpl-subset/bpl_subset/boost/thread/pthread/thread_data.hpp:11,
                       from bpl-subset/bpl_subset/boost/thread/thread.hpp:17,
                       from bpl-subset/bpl_subset/libs/thread/src/pthread/thread.cpp:11:
      bpl-subset/bpl_subset/boost/smart_ptr/shared_ptr.hpp:285:30: warning: ‘template<class> class std::auto_ptr’ is deprecated: use 'std::unique_ptr' instead [-Wdeprecated-declarations]
        285 |     explicit shared_ptr(std::auto_ptr<Y> & r): px(r.get()), pn()
            |                              ^~~~~~~~
      In file included from /usr/include/c++/11/memory:76,
                       from bpl-subset/bpl_subset/boost/move/move.hpp:38,
                       from bpl-subset/bpl_subset/boost/thread/detail/move.hpp:20,
                       from bpl-subset/bpl_subset/boost/thread/locks.hpp:11,
                       from bpl-subset/bpl_subset/boost/thread/pthread/thread_data.hpp:11,
                       from bpl-subset/bpl_subset/boost/thread/thread.hpp:17,
                       from bpl-subset/bpl_subset/libs/thread/src/pthread/thread.cpp:11:
      /usr/include/c++/11/bits/unique_ptr.h:57:28: note: declared here
         57 |   template<typename> class auto_ptr;
            |                            ^~~~~~~~
      In file included from bpl-subset/bpl_subset/boost/shared_ptr.hpp:17,
                       from bpl-subset/bpl_subset/boost/date_time/time_clock.hpp:17,
                       from bpl-subset/bpl_subset/boost/thread/thread_time.hpp:9,
                       from bpl-subset/bpl_subset/boost/thread/locks.hpp:14,
                       from bpl-subset/bpl_subset/boost/thread/pthread/thread_data.hpp:11,
                       from bpl-subset/bpl_subset/boost/thread/thread.hpp:17,
                       from bpl-subset/bpl_subset/libs/thread/src/pthread/thread.cpp:11:
      bpl-subset/bpl_subset/boost/smart_ptr/shared_ptr.hpp:329:34: warning: ‘template<class> class std::auto_ptr’ is deprecated: use 'std::unique_ptr' instead [-Wdeprecated-declarations]
        329 |     shared_ptr & operator=( std::auto_ptr<Y> & r )
            |                                  ^~~~~~~~
      In file included from /usr/include/c++/11/memory:76,
                       from bpl-subset/bpl_subset/boost/move/move.hpp:38,
                       from bpl-subset/bpl_subset/boost/thread/detail/move.hpp:20,
                       from bpl-subset/bpl_subset/boost/thread/locks.hpp:11,
                       from bpl-subset/bpl_subset/boost/thread/pthread/thread_data.hpp:11,
                       from bpl-subset/bpl_subset/boost/thread/thread.hpp:17,
                       from bpl-subset/bpl_subset/libs/thread/src/pthread/thread.cpp:11:
      /usr/include/c++/11/bits/unique_ptr.h:57:28: note: declared here
         57 |   template<typename> class auto_ptr;
            |                            ^~~~~~~~
      In file included from bpl-subset/bpl_subset/boost/thread/thread.hpp:17,
                       from bpl-subset/bpl_subset/libs/thread/src/pthread/thread.cpp:11:
      bpl-subset/bpl_subset/boost/thread/pthread/thread_data.hpp: In member function ‘void pycudaboost::thread_attributes::set_stack_size(std::size_t)’:
      bpl-subset/bpl_subset/boost/thread/pthread/thread_data.hpp:49:19: warning: comparison of integer expressions of different signedness: ‘std::size_t’ {aka ‘long unsigned int’} and ‘long int’ [-Wsign-compare]
         49 |           if (size<PTHREAD_STACK_MIN) size=PTHREAD_STACK_MIN;
            |                   ^
      In file included from bpl-subset/bpl_subset/boost/bind/mem_fn.hpp:25,
                       from bpl-subset/bpl_subset/boost/mem_fn.hpp:22,
                       from bpl-subset/bpl_subset/boost/bind/bind.hpp:26,
                       from bpl-subset/bpl_subset/boost/bind.hpp:22,
                       from bpl-subset/bpl_subset/boost/thread/detail/thread.hpp:23,
                       from bpl-subset/bpl_subset/boost/thread/thread.hpp:22,
                       from bpl-subset/bpl_subset/libs/thread/src/pthread/thread.cpp:11:
      bpl-subset/bpl_subset/boost/get_pointer.hpp: At global scope:
      bpl-subset/bpl_subset/boost/get_pointer.hpp:25:40: warning: ‘template<class> class std::auto_ptr’ is deprecated: use 'std::unique_ptr' instead [-Wdeprecated-declarations]
         25 | template<class T> T * get_pointer(std::auto_ptr<T> const& p)
            |                                        ^~~~~~~~
      In file included from /usr/include/c++/11/memory:76,
                       from bpl-subset/bpl_subset/boost/move/move.hpp:38,
                       from bpl-subset/bpl_subset/boost/thread/detail/move.hpp:20,
                       from bpl-subset/bpl_subset/boost/thread/locks.hpp:11,
                       from bpl-subset/bpl_subset/boost/thread/pthread/thread_data.hpp:11,
                       from bpl-subset/bpl_subset/boost/thread/thread.hpp:17,
                       from bpl-subset/bpl_subset/libs/thread/src/pthread/thread.cpp:11:
      /usr/include/c++/11/bits/unique_ptr.h:57:28: note: declared here
         57 |   template<typename> class auto_ptr;
            |                            ^~~~~~~~
      In file included from bpl-subset/bpl_subset/boost/bind/bind.hpp:29,
                       from bpl-subset/bpl_subset/boost/bind.hpp:22,
                       from bpl-subset/bpl_subset/boost/thread/detail/thread.hpp:23,
                       from bpl-subset/bpl_subset/boost/thread/thread.hpp:22,
                       from bpl-subset/bpl_subset/libs/thread/src/pthread/thread.cpp:11:
      bpl-subset/bpl_subset/boost/bind/arg.hpp: In constructor ‘pycudaboost::arg<I>::arg(const T&)’:
      bpl-subset/bpl_subset/boost/bind/arg.hpp:37:22: warning: typedef ‘T_must_be_placeholder’ locally defined but not used [-Wunused-local-typedefs]
         37 |         typedef char T_must_be_placeholder[ I == is_placeholder<T>::value? 1: -1 ];
            |                      ^~~~~~~~~~~~~~~~~~~~~
      In file included from bpl-subset/bpl_subset/boost/thread/thread.hpp:24,
                       from bpl-subset/bpl_subset/libs/thread/src/pthread/thread.cpp:11:
      bpl-subset/bpl_subset/boost/thread/detail/thread_group.hpp: In member function ‘pycudaboost::thread* pycudaboost::thread_group::create_thread(F)’:
      bpl-subset/bpl_subset/boost/thread/detail/thread_group.hpp:42:18: warning: ‘template<class> class std::auto_ptr’ is deprecated: use 'std::unique_ptr' instead [-Wdeprecated-declarations]
         42 |             std::auto_ptr<thread> new_thread(new thread(threadfunc));
            |                  ^~~~~~~~
      In file included from /usr/include/c++/11/memory:76,
                       from bpl-subset/bpl_subset/boost/move/move.hpp:38,
                       from bpl-subset/bpl_subset/boost/thread/detail/move.hpp:20,
                       from bpl-subset/bpl_subset/boost/thread/locks.hpp:11,
                       from bpl-subset/bpl_subset/boost/thread/pthread/thread_data.hpp:11,
                       from bpl-subset/bpl_subset/boost/thread/thread.hpp:17,
                       from bpl-subset/bpl_subset/libs/thread/src/pthread/thread.cpp:11:
      /usr/include/c++/11/bits/unique_ptr.h:57:28: note: declared here
         57 |   template<typename> class auto_ptr;
            |                            ^~~~~~~~
      bpl-subset/bpl_subset/libs/thread/src/pthread/thread.cpp: In member function ‘bool pycudaboost::thread::do_try_join_until(const timespec&)’:
      bpl-subset/bpl_subset/libs/thread/src/pthread/thread.cpp:379:5: warning: control reaches end of non-void function [-Wreturn-type]
        379 |     }
            |     ^
      aarch64-linux-gnu-g++ -Wno-unused-result -Wsign-compare -fwrapv -Wall -O3 -DNDEBUG -fPIC -DBOOST_ALL_NO_LIB=1 -DBOOST_THREAD_BUILD_DLL=1 -DBOOST_MULTI_INDEX_DISABLE_SERIALIZATION=1 -DBOOST_PYTHON_SOURCE=1 -Dboost=pycudaboost -DBOOST_THREAD_DONT_USE_CHRONO=1 -DPYGPU_PACKAGE=pycuda -DPYGPU_PYCUDA=1 -DHAVE_CURAND=1 -Isrc/cpp -Ibpl-subset/bpl_subset -I/tmp/pip-build-env-fkcjx5ad/overlay/local/lib/python3.10/dist-packages/numpy/_core/include -I/usr/include/python3.10 -c src/cpp/bitlog.cpp -o build/temp.linux-aarch64-cpython-310/src/cpp/bitlog.o
      aarch64-linux-gnu-g++ -Wno-unused-result -Wsign-compare -fwrapv -Wall -O3 -DNDEBUG -fPIC -DBOOST_ALL_NO_LIB=1 -DBOOST_THREAD_BUILD_DLL=1 -DBOOST_MULTI_INDEX_DISABLE_SERIALIZATION=1 -DBOOST_PYTHON_SOURCE=1 -Dboost=pycudaboost -DBOOST_THREAD_DONT_USE_CHRONO=1 -DPYGPU_PACKAGE=pycuda -DPYGPU_PYCUDA=1 -DHAVE_CURAND=1 -Isrc/cpp -Ibpl-subset/bpl_subset -I/tmp/pip-build-env-fkcjx5ad/overlay/local/lib/python3.10/dist-packages/numpy/_core/include -I/usr/include/python3.10 -c src/cpp/cuda.cpp -o build/temp.linux-aarch64-cpython-310/src/cpp/cuda.o
      In file included from src/cpp/cuda.cpp:4:
      src/cpp/cuda.hpp:14:10: fatal error: cuda.h: No such file or directory
         14 | #include <cuda.h>
            |          ^~~~~~~~
      compilation terminated.
      error: command '/usr/bin/aarch64-linux-gnu-g++' failed with exit code 1
      [end of output]
  
  note: This error originates from a subprocess, and is likely not a problem with pip.
  ERROR: Failed building wheel for pycuda
Failed to build pycuda
ERROR: Failed to build installable wheels for some pyproject.toml based projects (pycuda)
